/usr/src/tensorrt/bin/trtexec --onnx=/home/user/Edge-ML/models/v4/LSTM/bs1/LSTM.onnx --saveEngine=/home/user/Edge-ML/models/v4/LSTM/bs1/LSTM_int8.engine --int8 --fp16 --exportLayerInfo=/home/user/Edge-ML/models/v4/LSTM/bs1/logs/quantisation_int8_layers.json --memPoolSize=workspace:4096MiB --tacticSources=+CUBLAS,+CUBLAS_LT,+CUDNN --noDataTransfers --calib=/home/user/Edge-ML/models/v4/LSTM/bs1/LSTM.cache

&&&& RUNNING TensorRT.trtexec [TensorRT v8502] # /usr/src/tensorrt/bin/trtexec --onnx=/home/user/Edge-ML/models/v4/LSTM/bs1/LSTM.onnx --saveEngine=/home/user/Edge-ML/models/v4/LSTM/bs1/LSTM_int8.engine --int8 --fp16 --exportLayerInfo=/home/user/Edge-ML/models/v4/LSTM/bs1/logs/quantisation_int8_layers.json --memPoolSize=workspace:4096MiB --tacticSources=+CUBLAS,+CUBLAS_LT,+CUDNN --noDataTransfers --calib=/home/user/Edge-ML/models/v4/LSTM/bs1/LSTM.cache
[02/27/2026-11:07:49] [I] === Model Options ===
[02/27/2026-11:07:49] [I] Format: ONNX
[02/27/2026-11:07:49] [I] Model: /home/user/Edge-ML/models/v4/LSTM/bs1/LSTM.onnx
[02/27/2026-11:07:49] [I] Output:
[02/27/2026-11:07:49] [I] === Build Options ===
[02/27/2026-11:07:49] [I] Max batch: explicit batch
[02/27/2026-11:07:49] [I] Memory Pools: workspace: 4096 MiB, dlaSRAM: default, dlaLocalDRAM: default, dlaGlobalDRAM: default
[02/27/2026-11:07:49] [I] minTiming: 1
[02/27/2026-11:07:49] [I] avgTiming: 8
[02/27/2026-11:07:49] [I] Precision: FP32+FP16+INT8
[02/27/2026-11:07:49] [I] LayerPrecisions: 
[02/27/2026-11:07:49] [I] Calibration: /home/user/Edge-ML/models/v4/LSTM/bs1/LSTM.cache
[02/27/2026-11:07:49] [I] Refit: Disabled
[02/27/2026-11:07:49] [I] Sparsity: Disabled
[02/27/2026-11:07:49] [I] Safe mode: Disabled
[02/27/2026-11:07:49] [I] DirectIO mode: Disabled
[02/27/2026-11:07:49] [I] Restricted mode: Disabled
[02/27/2026-11:07:49] [I] Build only: Disabled
[02/27/2026-11:07:49] [I] Save engine: /home/user/Edge-ML/models/v4/LSTM/bs1/LSTM_int8.engine
[02/27/2026-11:07:49] [I] Load engine: 
[02/27/2026-11:07:49] [I] Profiling verbosity: 0
[02/27/2026-11:07:49] [I] Tactic sources: cublas [ON], cublasLt [ON], cudnn [ON], 
[02/27/2026-11:07:49] [I] timingCacheMode: local
[02/27/2026-11:07:49] [I] timingCacheFile: 
[02/27/2026-11:07:49] [I] Heuristic: Disabled
[02/27/2026-11:07:49] [I] Preview Features: Use default preview flags.
[02/27/2026-11:07:49] [I] Input(s)s format: fp32:CHW
[02/27/2026-11:07:49] [I] Output(s)s format: fp32:CHW
[02/27/2026-11:07:49] [I] Input build shapes: model
[02/27/2026-11:07:49] [I] Input calibration shapes: model
[02/27/2026-11:07:49] [I] === System Options ===
[02/27/2026-11:07:49] [I] Device: 0
[02/27/2026-11:07:49] [I] DLACore: 
[02/27/2026-11:07:49] [I] Plugins:
[02/27/2026-11:07:49] [I] === Inference Options ===
[02/27/2026-11:07:49] [I] Batch: Explicit
[02/27/2026-11:07:49] [I] Input inference shapes: model
[02/27/2026-11:07:49] [I] Iterations: 10
[02/27/2026-11:07:49] [I] Duration: 3s (+ 200ms warm up)
[02/27/2026-11:07:49] [I] Sleep time: 0ms
[02/27/2026-11:07:49] [I] Idle time: 0ms
[02/27/2026-11:07:49] [I] Streams: 1
[02/27/2026-11:07:49] [I] ExposeDMA: Disabled
[02/27/2026-11:07:49] [I] Data transfers: Disabled
[02/27/2026-11:07:49] [I] Spin-wait: Disabled
[02/27/2026-11:07:49] [I] Multithreading: Disabled
[02/27/2026-11:07:49] [I] CUDA Graph: Disabled
[02/27/2026-11:07:49] [I] Separate profiling: Disabled
[02/27/2026-11:07:49] [I] Time Deserialize: Disabled
[02/27/2026-11:07:49] [I] Time Refit: Disabled
[02/27/2026-11:07:49] [I] NVTX verbosity: 0
[02/27/2026-11:07:49] [I] Persistent Cache Ratio: 0
[02/27/2026-11:07:49] [I] Inputs:
[02/27/2026-11:07:49] [I] === Reporting Options ===
[02/27/2026-11:07:49] [I] Verbose: Disabled
[02/27/2026-11:07:49] [I] Averages: 10 inferences
[02/27/2026-11:07:49] [I] Percentiles: 90,95,99
[02/27/2026-11:07:49] [I] Dump refittable layers:Disabled
[02/27/2026-11:07:49] [I] Dump output: Disabled
[02/27/2026-11:07:49] [I] Profile: Disabled
[02/27/2026-11:07:49] [I] Export timing to JSON file: 
[02/27/2026-11:07:49] [I] Export output to JSON file: 
[02/27/2026-11:07:49] [I] Export profile to JSON file: 
[02/27/2026-11:07:49] [I] 
[02/27/2026-11:07:49] [I] === Device Information ===
[02/27/2026-11:07:49] [I] Selected Device: Orin
[02/27/2026-11:07:49] [I] Compute Capability: 8.7
[02/27/2026-11:07:49] [I] SMs: 4
[02/27/2026-11:07:49] [I] Compute Clock Rate: 0.624 GHz
[02/27/2026-11:07:49] [I] Device Global Memory: 3425 MiB
[02/27/2026-11:07:49] [I] Shared Memory per SM: 164 KiB
[02/27/2026-11:07:49] [I] Memory Bus Width: 128 bits (ECC disabled)
[02/27/2026-11:07:49] [I] Memory Clock Rate: 0.624 GHz
[02/27/2026-11:07:49] [I] 
[02/27/2026-11:07:49] [I] TensorRT version: 8.5.2
[02/27/2026-11:07:49] [I] [TRT] [MemUsageChange] Init CUDA: CPU +220, GPU +0, now: CPU 249, GPU 1639 (MiB)
[02/27/2026-11:07:52] [I] [TRT] [MemUsageChange] Init builder kernel library: CPU +302, GPU +200, now: CPU 574, GPU 1859 (MiB)
[02/27/2026-11:07:52] [I] Start parsing network model
[02/27/2026-11:07:52] [I] [TRT] ----------------------------------------------------------------
[02/27/2026-11:07:52] [I] [TRT] Input filename:   /home/user/Edge-ML/models/v4/LSTM/bs1/LSTM.onnx
[02/27/2026-11:07:52] [I] [TRT] ONNX IR version:  0.0.7
[02/27/2026-11:07:52] [I] [TRT] Opset version:    12
[02/27/2026-11:07:52] [I] [TRT] Producer name:    pytorch
[02/27/2026-11:07:52] [I] [TRT] Producer version: 2.5.1
[02/27/2026-11:07:52] [I] [TRT] Domain:           
[02/27/2026-11:07:52] [I] [TRT] Model version:    0
[02/27/2026-11:07:52] [I] [TRT] Doc string:       
[02/27/2026-11:07:52] [I] [TRT] ----------------------------------------------------------------
[02/27/2026-11:07:52] [W] [TRT] onnx2trt_utils.cpp:375: Your ONNX model has been generated with INT64 weights, while TensorRT does not natively support INT64. Attempting to cast down to INT32.
[02/27/2026-11:07:52] [I] Finish parsing network model
[02/27/2026-11:07:52] [I] [TRT] Reading Calibration Cache for calibrator: EntropyCalibration2
[02/27/2026-11:07:52] [I] [TRT] Generated calibration scales using calibration cache. Make sure that calibration cache has latest scales.
[02/27/2026-11:07:52] [I] [TRT] To regenerate calibration cache, please delete the existing one. TensorRT will generate a new calibration cache.
[02/27/2026-11:07:52] [W] [TRT] Missing scale and zero-point for tensor (Unnamed Layer* 9) [Constant]_output, expect fall back to non-int8 implementation for any layer consuming or producing given tensor
[02/27/2026-11:07:52] [W] [TRT] Missing scale and zero-point for tensor /lstm/Expand_output_0, expect fall back to non-int8 implementation for any layer consuming or producing given tensor
[02/27/2026-11:07:52] [W] [TRT] Missing scale and zero-point for tensor (Unnamed Layer* 24) [Constant]_output, expect fall back to non-int8 implementation for any layer consuming or producing given tensor
[02/27/2026-11:07:52] [W] [TRT] Missing scale and zero-point for tensor /lstm/Expand_1_output_0, expect fall back to non-int8 implementation for any layer consuming or producing given tensor
[02/27/2026-11:07:52] [W] [TRT] Missing scale and zero-point for tensor (Unnamed Layer* 32) [Constant]_output, expect fall back to non-int8 implementation for any layer consuming or producing given tensor
[02/27/2026-11:07:52] [W] [TRT] Missing scale and zero-point for tensor (Unnamed Layer* 33) [Constant]_output, expect fall back to non-int8 implementation for any layer consuming or producing given tensor
[02/27/2026-11:07:52] [W] [TRT] Missing scale and zero-point for tensor (Unnamed Layer* 41) [Constant]_output, expect fall back to non-int8 implementation for any layer consuming or producing given tensor
[02/27/2026-11:07:52] [W] [TRT] Missing scale and zero-point for tensor (Unnamed Layer* 43) [Iterator]_output, expect fall back to non-int8 implementation for any layer consuming or producing given tensor
[02/27/2026-11:07:52] [W] [TRT] Missing scale and zero-point for tensor (Unnamed Layer* 44) [Shuffle]_output, expect fall back to non-int8 implementation for any layer consuming or producing given tensor
[02/27/2026-11:07:52] [W] [TRT] Missing scale and zero-point for tensor (Unnamed Layer* 45) [Recurrence]_output, expect fall back to non-int8 implementation for any layer consuming or producing given tensor
[02/27/2026-11:07:52] [W] [TRT] Missing scale and zero-point for tensor (Unnamed Layer* 46) [Recurrence]_output, expect fall back to non-int8 implementation for any layer consuming or producing given tensor
[02/27/2026-11:07:52] [W] [TRT] Missing scale and zero-point for tensor (Unnamed Layer* 47) [Matrix Multiply]_output, expect fall back to non-int8 implementation for any layer consuming or producing given tensor
[02/27/2026-11:07:52] [W] [TRT] Missing scale and zero-point for tensor (Unnamed Layer* 48) [Matrix Multiply]_output, expect fall back to non-int8 implementation for any layer consuming or producing given tensor
[02/27/2026-11:07:52] [W] [TRT] Missing scale and zero-point for tensor (Unnamed Layer* 49) [ElementWise]_output, expect fall back to non-int8 implementation for any layer consuming or producing given tensor
[02/27/2026-11:07:52] [W] [TRT] Missing scale and zero-point for tensor (Unnamed Layer* 50) [ElementWise]_output, expect fall back to non-int8 implementation for any layer consuming or producing given tensor
[02/27/2026-11:07:52] [W] [TRT] Missing scale and zero-point for tensor (Unnamed Layer* 51) [Slice]_output, expect fall back to non-int8 implementation for any layer consuming or producing given tensor
[02/27/2026-11:07:52] [W] [TRT] Missing scale and zero-point for tensor (Unnamed Layer* 53) [Activation]_output, expect fall back to non-int8 implementation for any layer consuming or producing given tensor
[02/27/2026-11:07:52] [W] [TRT] Missing scale and zero-point for tensor (Unnamed Layer* 54) [Slice]_output, expect fall back to non-int8 implementation for any layer consuming or producing given tensor
[02/27/2026-11:07:52] [W] [TRT] Missing scale and zero-point for tensor (Unnamed Layer* 56) [Activation]_output, expect fall back to non-int8 implementation for any layer consuming or producing given tensor
[02/27/2026-11:07:52] [W] [TRT] Missing scale and zero-point for tensor (Unnamed Layer* 57) [Slice]_output, expect fall back to non-int8 implementation for any layer consuming or producing given tensor
[02/27/2026-11:07:52] [W] [TRT] Missing scale and zero-point for tensor (Unnamed Layer* 59) [Activation]_output, expect fall back to non-int8 implementation for any layer consuming or producing given tensor
[02/27/2026-11:07:52] [W] [TRT] Missing scale and zero-point for tensor (Unnamed Layer* 60) [ElementWise]_output, expect fall back to non-int8 implementation for any layer consuming or producing given tensor
[02/27/2026-11:07:52] [W] [TRT] Missing scale and zero-point for tensor (Unnamed Layer* 61) [ElementWise]_output, expect fall back to non-int8 implementation for any layer consuming or producing given tensor
[02/27/2026-11:07:52] [W] [TRT] Missing scale and zero-point for tensor (Unnamed Layer* 62) [ElementWise]_output, expect fall back to non-int8 implementation for any layer consuming or producing given tensor
[02/27/2026-11:07:52] [W] [TRT] Missing scale and zero-point for tensor (Unnamed Layer* 65) [Slice]_output, expect fall back to non-int8 implementation for any layer consuming or producing given tensor
[02/27/2026-11:07:52] [W] [TRT] Missing scale and zero-point for tensor (Unnamed Layer* 67) [Activation]_output, expect fall back to non-int8 implementation for any layer consuming or producing given tensor
[02/27/2026-11:07:52] [W] [TRT] Missing scale and zero-point for tensor (Unnamed Layer* 68) [Activation]_output, expect fall back to non-int8 implementation for any layer consuming or producing given tensor
[02/27/2026-11:07:52] [W] [TRT] Missing scale and zero-point for tensor (Unnamed Layer* 69) [ElementWise]_output, expect fall back to non-int8 implementation for any layer consuming or producing given tensor
[02/27/2026-11:07:52] [W] [TRT] Missing scale and zero-point for tensor (Unnamed Layer* 82) [Constant]_output, expect fall back to non-int8 implementation for any layer consuming or producing given tensor
[02/27/2026-11:07:52] [W] [TRT] Missing scale and zero-point for tensor /lstm/Expand_2_output_0, expect fall back to non-int8 implementation for any layer consuming or producing given tensor
[02/27/2026-11:07:52] [W] [TRT] Missing scale and zero-point for tensor (Unnamed Layer* 97) [Constant]_output, expect fall back to non-int8 implementation for any layer consuming or producing given tensor
[02/27/2026-11:07:52] [W] [TRT] Missing scale and zero-point for tensor /lstm/Expand_3_output_0, expect fall back to non-int8 implementation for any layer consuming or producing given tensor
[02/27/2026-11:07:52] [W] [TRT] Missing scale and zero-point for tensor (Unnamed Layer* 105) [Constant]_output, expect fall back to non-int8 implementation for any layer consuming or producing given tensor
[02/27/2026-11:07:52] [W] [TRT] Missing scale and zero-point for tensor (Unnamed Layer* 106) [Constant]_output, expect fall back to non-int8 implementation for any layer consuming or producing given tensor
[02/27/2026-11:07:52] [W] [TRT] Missing scale and zero-point for tensor (Unnamed Layer* 114) [Constant]_output, expect fall back to non-int8 implementation for any layer consuming or producing given tensor
[02/27/2026-11:07:52] [W] [TRT] Missing scale and zero-point for tensor (Unnamed Layer* 116) [Iterator]_output, expect fall back to non-int8 implementation for any layer consuming or producing given tensor
[02/27/2026-11:07:52] [W] [TRT] Missing scale and zero-point for tensor (Unnamed Layer* 117) [Shuffle]_output, expect fall back to non-int8 implementation for any layer consuming or producing given tensor
[02/27/2026-11:07:52] [W] [TRT] Missing scale and zero-point for tensor (Unnamed Layer* 118) [Recurrence]_output, expect fall back to non-int8 implementation for any layer consuming or producing given tensor
[02/27/2026-11:07:52] [W] [TRT] Missing scale and zero-point for tensor (Unnamed Layer* 119) [Recurrence]_output, expect fall back to non-int8 implementation for any layer consuming or producing given tensor
[02/27/2026-11:07:52] [W] [TRT] Missing scale and zero-point for tensor (Unnamed Layer* 120) [Matrix Multiply]_output, expect fall back to non-int8 implementation for any layer consuming or producing given tensor
[02/27/2026-11:07:52] [W] [TRT] Missing scale and zero-point for tensor (Unnamed Layer* 121) [Matrix Multiply]_output, expect fall back to non-int8 implementation for any layer consuming or producing given tensor
[02/27/2026-11:07:52] [W] [TRT] Missing scale and zero-point for tensor (Unnamed Layer* 122) [ElementWise]_output, expect fall back to non-int8 implementation for any layer consuming or producing given tensor
[02/27/2026-11:07:52] [W] [TRT] Missing scale and zero-point for tensor (Unnamed Layer* 123) [ElementWise]_output, expect fall back to non-int8 implementation for any layer consuming or producing given tensor
[02/27/2026-11:07:52] [W] [TRT] Missing scale and zero-point for tensor (Unnamed Layer* 124) [Slice]_output, expect fall back to non-int8 implementation for any layer consuming or producing given tensor
[02/27/2026-11:07:52] [W] [TRT] Missing scale and zero-point for tensor (Unnamed Layer* 126) [Activation]_output, expect fall back to non-int8 implementation for any layer consuming or producing given tensor
[02/27/2026-11:07:52] [W] [TRT] Missing scale and zero-point for tensor (Unnamed Layer* 127) [Slice]_output, expect fall back to non-int8 implementation for any layer consuming or producing given tensor
[02/27/2026-11:07:52] [W] [TRT] Missing scale and zero-point for tensor (Unnamed Layer* 129) [Activation]_output, expect fall back to non-int8 implementation for any layer consuming or producing given tensor
[02/27/2026-11:07:52] [W] [TRT] Missing scale and zero-point for tensor (Unnamed Layer* 130) [Slice]_output, expect fall back to non-int8 implementation for any layer consuming or producing given tensor
[02/27/2026-11:07:52] [W] [TRT] Missing scale and zero-point for tensor (Unnamed Layer* 132) [Activation]_output, expect fall back to non-int8 implementation for any layer consuming or producing given tensor
[02/27/2026-11:07:52] [W] [TRT] Missing scale and zero-point for tensor (Unnamed Layer* 133) [ElementWise]_output, expect fall back to non-int8 implementation for any layer consuming or producing given tensor
[02/27/2026-11:07:52] [W] [TRT] Missing scale and zero-point for tensor (Unnamed Layer* 134) [ElementWise]_output, expect fall back to non-int8 implementation for any layer consuming or producing given tensor
[02/27/2026-11:07:52] [W] [TRT] Missing scale and zero-point for tensor (Unnamed Layer* 135) [ElementWise]_output, expect fall back to non-int8 implementation for any layer consuming or producing given tensor
[02/27/2026-11:07:52] [W] [TRT] Missing scale and zero-point for tensor (Unnamed Layer* 138) [Slice]_output, expect fall back to non-int8 implementation for any layer consuming or producing given tensor
[02/27/2026-11:07:52] [W] [TRT] Missing scale and zero-point for tensor (Unnamed Layer* 140) [Activation]_output, expect fall back to non-int8 implementation for any layer consuming or producing given tensor
[02/27/2026-11:07:52] [W] [TRT] Missing scale and zero-point for tensor (Unnamed Layer* 141) [Activation]_output, expect fall back to non-int8 implementation for any layer consuming or producing given tensor
[02/27/2026-11:07:52] [W] [TRT] Missing scale and zero-point for tensor (Unnamed Layer* 142) [ElementWise]_output, expect fall back to non-int8 implementation for any layer consuming or producing given tensor
[02/27/2026-11:07:52] [W] [TRT] Missing scale and zero-point for tensor (Unnamed Layer* 149) [Constant]_output, expect fall back to non-int8 implementation for any layer consuming or producing given tensor
[02/27/2026-11:07:52] [W] [TRT] Missing scale and zero-point for tensor capacity, expect fall back to non-int8 implementation for any layer consuming or producing given tensor
[02/27/2026-11:07:52] [I] [TRT] ---------- Layers Running on DLA ----------
[02/27/2026-11:07:52] [I] [TRT] ---------- Layers Running on GPU ----------
[02/27/2026-11:07:52] [I] [TRT] [GpuLayer] MYELIN: {ForeignNode[onnx::LSTM_209.../Squeeze]}
[02/27/2026-11:07:53] [I] [TRT] [MemUsageChange] Init cuBLAS/cuBLASLt: CPU +534, GPU +641, now: CPU 1109, GPU 2500 (MiB)
[02/27/2026-11:07:53] [I] [TRT] [MemUsageChange] Init cuDNN: CPU +82, GPU +127, now: CPU 1191, GPU 2627 (MiB)
[02/27/2026-11:07:53] [I] [TRT] Local timing cache in use. Profiling results in this builder pass will not be stored.
[02/27/2026-11:08:03] [I] [TRT] Total Activation Memory: 4294967296
[02/27/2026-11:08:03] [I] [TRT] Detected 1 inputs and 1 output network tensors.
[02/27/2026-11:08:03] [I] [TRT] Total Host Persistent Memory: 32
[02/27/2026-11:08:03] [I] [TRT] Total Device Persistent Memory: 0
[02/27/2026-11:08:03] [I] [TRT] Total Scratch Memory: 378368
[02/27/2026-11:08:03] [I] [TRT] [MemUsageStats] Peak memory usage of TRT CPU/GPU memory allocators: CPU 0 MiB, GPU 4 MiB
[02/27/2026-11:08:03] [I] [TRT] [BlockAssignment] Started assigning block shifts. This will take 1 steps to complete.
[02/27/2026-11:08:03] [I] [TRT] [BlockAssignment] Algorithm ShiftNTopDown took 0.016384ms to assign 1 blocks to 1 nodes requiring 378368 bytes.
[02/27/2026-11:08:03] [I] [TRT] Total Activation Memory: 378368
[02/27/2026-11:08:03] [W] [TRT] TensorRT encountered issues when converting weights between types and that could affect accuracy.
[02/27/2026-11:08:03] [W] [TRT] If this is not the desired behavior, please modify the weights or retrain with regularization to adjust the magnitude of the weights.
[02/27/2026-11:08:03] [W] [TRT] Check verbose logs for the list of affected weights.
[02/27/2026-11:08:03] [W] [TRT] - 3 weights are affected by this issue: Detected subnormal FP16 values.
[02/27/2026-11:08:03] [I] [TRT] [MemUsageChange] TensorRT-managed allocation in building engine: CPU +0, GPU +4, now: CPU 0, GPU 4 (MiB)
[02/27/2026-11:08:03] [I] Engine built in 13.9856 sec.
[02/27/2026-11:08:03] [I] [TRT] Loaded engine size: 0 MiB
[02/27/2026-11:08:03] [I] [TRT] [MemUsageChange] TensorRT-managed allocation in engine deserialization: CPU +0, GPU +0, now: CPU 0, GPU 0 (MiB)
[02/27/2026-11:08:03] [I] Engine deserialized in 0.00482998 sec.
[02/27/2026-11:08:03] [I] [TRT] [MemUsageChange] TensorRT-managed allocation in IExecutionContext creation: CPU +0, GPU +0, now: CPU 0, GPU 0 (MiB)
[02/27/2026-11:08:03] [I] Setting persistentCacheLimit to 0 bytes.
[02/27/2026-11:08:03] [I] Using random values for input input
[02/27/2026-11:08:03] [I] Created input binding for input with dimensions 1x120
[02/27/2026-11:08:03] [I] Using random values for output capacity
[02/27/2026-11:08:03] [I] Created output binding for capacity with dimensions 
[02/27/2026-11:08:03] [I] [TRT] The profiling verbosity was set to ProfilingVerbosity::kLAYER_NAMES_ONLY when the engine was built, so only the layer names will be returned. Rebuild the engine with ProfilingVerbosity::kDETAILED to get more verbose layer information.
[02/27/2026-11:08:03] [I] Starting inference
[02/27/2026-11:08:06] [I] Warmup completed 46 queries over 200 ms
[02/27/2026-11:08:06] [I] Timing trace has 684 queries over 3.00865 s
[02/27/2026-11:08:06] [I] 
[02/27/2026-11:08:06] [I] === Trace details ===
[02/27/2026-11:08:06] [I] Trace averages of 10 runs:
[02/27/2026-11:08:06] [I] Average on 10 runs - GPU latency: 4.38076 ms - Host latency: 4.38076 ms (enqueue 4.37228 ms)
[02/27/2026-11:08:06] [I] Average on 10 runs - GPU latency: 4.38537 ms - Host latency: 4.38537 ms (enqueue 4.37621 ms)
[02/27/2026-11:08:06] [I] Average on 10 runs - GPU latency: 4.3833 ms - Host latency: 4.3833 ms (enqueue 4.37481 ms)
[02/27/2026-11:08:06] [I] Average on 10 runs - GPU latency: 4.3908 ms - Host latency: 4.3908 ms (enqueue 4.38198 ms)
[02/27/2026-11:08:06] [I] Average on 10 runs - GPU latency: 4.41073 ms - Host latency: 4.41073 ms (enqueue 4.40138 ms)
[02/27/2026-11:08:06] [I] Average on 10 runs - GPU latency: 4.38503 ms - Host latency: 4.38503 ms (enqueue 4.37706 ms)
[02/27/2026-11:08:06] [I] Average on 10 runs - GPU latency: 4.38142 ms - Host latency: 4.38142 ms (enqueue 4.37276 ms)
[02/27/2026-11:08:06] [I] Average on 10 runs - GPU latency: 4.38008 ms - Host latency: 4.38008 ms (enqueue 4.3718 ms)
[02/27/2026-11:08:06] [I] Average on 10 runs - GPU latency: 4.38256 ms - Host latency: 4.38256 ms (enqueue 4.37482 ms)
[02/27/2026-11:08:06] [I] Average on 10 runs - GPU latency: 4.38199 ms - Host latency: 4.38199 ms (enqueue 4.37375 ms)
[02/27/2026-11:08:06] [I] Average on 10 runs - GPU latency: 4.38108 ms - Host latency: 4.38108 ms (enqueue 4.37322 ms)
[02/27/2026-11:08:06] [I] Average on 10 runs - GPU latency: 4.38342 ms - Host latency: 4.38342 ms (enqueue 4.37565 ms)
[02/27/2026-11:08:06] [I] Average on 10 runs - GPU latency: 4.38274 ms - Host latency: 4.38274 ms (enqueue 4.37516 ms)
[02/27/2026-11:08:06] [I] Average on 10 runs - GPU latency: 4.38016 ms - Host latency: 4.38016 ms (enqueue 4.37222 ms)
[02/27/2026-11:08:06] [I] Average on 10 runs - GPU latency: 4.37415 ms - Host latency: 4.37415 ms (enqueue 4.36611 ms)
[02/27/2026-11:08:06] [I] Average on 10 runs - GPU latency: 4.37653 ms - Host latency: 4.37653 ms (enqueue 4.36838 ms)
[02/27/2026-11:08:06] [I] Average on 10 runs - GPU latency: 4.3776 ms - Host latency: 4.3776 ms (enqueue 4.36931 ms)
[02/27/2026-11:08:06] [I] Average on 10 runs - GPU latency: 4.38534 ms - Host latency: 4.38534 ms (enqueue 4.37744 ms)
[02/27/2026-11:08:06] [I] Average on 10 runs - GPU latency: 4.38632 ms - Host latency: 4.38632 ms (enqueue 4.3778 ms)
[02/27/2026-11:08:06] [I] Average on 10 runs - GPU latency: 4.37986 ms - Host latency: 4.37986 ms (enqueue 4.37161 ms)
[02/27/2026-11:08:06] [I] Average on 10 runs - GPU latency: 4.4144 ms - Host latency: 4.4144 ms (enqueue 4.40491 ms)
[02/27/2026-11:08:06] [I] Average on 10 runs - GPU latency: 4.38358 ms - Host latency: 4.38358 ms (enqueue 4.3751 ms)
[02/27/2026-11:08:06] [I] Average on 10 runs - GPU latency: 4.38444 ms - Host latency: 4.38444 ms (enqueue 4.37687 ms)
[02/27/2026-11:08:06] [I] Average on 10 runs - GPU latency: 4.37831 ms - Host latency: 4.37831 ms (enqueue 4.36948 ms)
[02/27/2026-11:08:06] [I] Average on 10 runs - GPU latency: 4.38165 ms - Host latency: 4.38165 ms (enqueue 4.37329 ms)
[02/27/2026-11:08:06] [I] Average on 10 runs - GPU latency: 4.3821 ms - Host latency: 4.3821 ms (enqueue 4.37394 ms)
[02/27/2026-11:08:06] [I] Average on 10 runs - GPU latency: 4.37643 ms - Host latency: 4.37643 ms (enqueue 4.36836 ms)
[02/27/2026-11:08:06] [I] Average on 10 runs - GPU latency: 4.38568 ms - Host latency: 4.38568 ms (enqueue 4.37737 ms)
[02/27/2026-11:08:06] [I] Average on 10 runs - GPU latency: 4.38655 ms - Host latency: 4.38655 ms (enqueue 4.37871 ms)
[02/27/2026-11:08:06] [I] Average on 10 runs - GPU latency: 4.38308 ms - Host latency: 4.38308 ms (enqueue 4.37521 ms)
[02/27/2026-11:08:06] [I] Average on 10 runs - GPU latency: 4.37965 ms - Host latency: 4.37965 ms (enqueue 4.37086 ms)
[02/27/2026-11:08:06] [I] Average on 10 runs - GPU latency: 4.38513 ms - Host latency: 4.38513 ms (enqueue 4.37687 ms)
[02/27/2026-11:08:06] [I] Average on 10 runs - GPU latency: 4.4126 ms - Host latency: 4.4126 ms (enqueue 4.40328 ms)
[02/27/2026-11:08:06] [I] Average on 10 runs - GPU latency: 4.3813 ms - Host latency: 4.3813 ms (enqueue 4.37292 ms)
[02/27/2026-11:08:06] [I] Average on 10 runs - GPU latency: 4.38279 ms - Host latency: 4.38279 ms (enqueue 4.37406 ms)
[02/27/2026-11:08:06] [I] Average on 10 runs - GPU latency: 4.37637 ms - Host latency: 4.37637 ms (enqueue 4.36838 ms)
[02/27/2026-11:08:06] [I] Average on 10 runs - GPU latency: 4.37363 ms - Host latency: 4.37363 ms (enqueue 4.3661 ms)
[02/27/2026-11:08:06] [I] Average on 10 runs - GPU latency: 4.37903 ms - Host latency: 4.37903 ms (enqueue 4.37098 ms)
[02/27/2026-11:08:06] [I] Average on 10 runs - GPU latency: 4.38315 ms - Host latency: 4.38315 ms (enqueue 4.37473 ms)
[02/27/2026-11:08:06] [I] Average on 10 runs - GPU latency: 4.38926 ms - Host latency: 4.38926 ms (enqueue 4.38042 ms)
[02/27/2026-11:08:06] [I] Average on 10 runs - GPU latency: 4.38302 ms - Host latency: 4.38302 ms (enqueue 4.37468 ms)
[02/27/2026-11:08:06] [I] Average on 10 runs - GPU latency: 4.38931 ms - Host latency: 4.38931 ms (enqueue 4.38086 ms)
[02/27/2026-11:08:06] [I] Average on 10 runs - GPU latency: 4.3842 ms - Host latency: 4.3842 ms (enqueue 4.37583 ms)
[02/27/2026-11:08:06] [I] Average on 10 runs - GPU latency: 4.37507 ms - Host latency: 4.37507 ms (enqueue 4.36714 ms)
[02/27/2026-11:08:06] [I] Average on 10 runs - GPU latency: 4.38118 ms - Host latency: 4.38118 ms (enqueue 4.37312 ms)
[02/27/2026-11:08:06] [I] Average on 10 runs - GPU latency: 4.38831 ms - Host latency: 4.38831 ms (enqueue 4.38035 ms)
[02/27/2026-11:08:06] [I] Average on 10 runs - GPU latency: 4.38376 ms - Host latency: 4.38376 ms (enqueue 4.37605 ms)
[02/27/2026-11:08:06] [I] Average on 10 runs - GPU latency: 4.38633 ms - Host latency: 4.38633 ms (enqueue 4.37842 ms)
[02/27/2026-11:08:06] [I] Average on 10 runs - GPU latency: 4.38054 ms - Host latency: 4.38054 ms (enqueue 4.37275 ms)
[02/27/2026-11:08:06] [I] Average on 10 runs - GPU latency: 4.37603 ms - Host latency: 4.37603 ms (enqueue 4.3679 ms)
[02/27/2026-11:08:06] [I] Average on 10 runs - GPU latency: 4.38186 ms - Host latency: 4.38186 ms (enqueue 4.37354 ms)
[02/27/2026-11:08:06] [I] Average on 10 runs - GPU latency: 4.38623 ms - Host latency: 4.38623 ms (enqueue 4.37805 ms)
[02/27/2026-11:08:06] [I] Average on 10 runs - GPU latency: 4.38606 ms - Host latency: 4.38606 ms (enqueue 4.37744 ms)
[02/27/2026-11:08:06] [I] Average on 10 runs - GPU latency: 4.38271 ms - Host latency: 4.38271 ms (enqueue 4.37419 ms)
[02/27/2026-11:08:06] [I] Average on 10 runs - GPU latency: 4.3803 ms - Host latency: 4.3803 ms (enqueue 4.37249 ms)
[02/27/2026-11:08:06] [I] Average on 10 runs - GPU latency: 4.38669 ms - Host latency: 4.38669 ms (enqueue 4.37842 ms)
[02/27/2026-11:08:06] [I] Average on 10 runs - GPU latency: 4.39297 ms - Host latency: 4.39297 ms (enqueue 4.38416 ms)
[02/27/2026-11:08:06] [I] Average on 10 runs - GPU latency: 4.38289 ms - Host latency: 4.38289 ms (enqueue 4.40256 ms)
[02/27/2026-11:08:06] [I] Average on 10 runs - GPU latency: 4.38135 ms - Host latency: 4.38135 ms (enqueue 4.37373 ms)
[02/27/2026-11:08:06] [I] Average on 10 runs - GPU latency: 4.37891 ms - Host latency: 4.37891 ms (enqueue 4.37092 ms)
[02/27/2026-11:08:06] [I] Average on 10 runs - GPU latency: 4.38462 ms - Host latency: 4.38462 ms (enqueue 4.37656 ms)
[02/27/2026-11:08:06] [I] Average on 10 runs - GPU latency: 4.37949 ms - Host latency: 4.37949 ms (enqueue 4.37092 ms)
[02/27/2026-11:08:06] [I] Average on 10 runs - GPU latency: 4.38735 ms - Host latency: 4.38735 ms (enqueue 4.3793 ms)
[02/27/2026-11:08:06] [I] Average on 10 runs - GPU latency: 4.38745 ms - Host latency: 4.38745 ms (enqueue 4.37886 ms)
[02/27/2026-11:08:06] [I] Average on 10 runs - GPU latency: 4.377 ms - Host latency: 4.377 ms (enqueue 4.36951 ms)
[02/27/2026-11:08:06] [I] Average on 10 runs - GPU latency: 4.37937 ms - Host latency: 4.37937 ms (enqueue 4.37119 ms)
[02/27/2026-11:08:06] [I] Average on 10 runs - GPU latency: 4.38372 ms - Host latency: 4.38372 ms (enqueue 4.3759 ms)
[02/27/2026-11:08:06] [I] Average on 10 runs - GPU latency: 4.38245 ms - Host latency: 4.38245 ms (enqueue 4.37468 ms)
[02/27/2026-11:08:06] [I] 
[02/27/2026-11:08:06] [I] === Performance summary ===
[02/27/2026-11:08:06] [I] Throughput: 227.345 qps
[02/27/2026-11:08:06] [I] Latency: min = 4.34814 ms, max = 4.71716 ms, mean = 4.38379 ms, median = 4.38281 ms, percentile(90%) = 4.39429 ms, percentile(95%) = 4.39941 ms, percentile(99%) = 4.41504 ms
[02/27/2026-11:08:06] [I] Enqueue Time: min = 4.33997 ms, max = 4.63916 ms, mean = 4.37596 ms, median = 4.37469 ms, percentile(90%) = 4.38647 ms, percentile(95%) = 4.39197 ms, percentile(99%) = 4.41943 ms
[02/27/2026-11:08:06] [I] H2D Latency: min = 0 ms, max = 0 ms, mean = 0 ms, median = 0 ms, percentile(90%) = 0 ms, percentile(95%) = 0 ms, percentile(99%) = 0 ms
[02/27/2026-11:08:06] [I] GPU Compute Time: min = 4.34814 ms, max = 4.71716 ms, mean = 4.38379 ms, median = 4.38281 ms, percentile(90%) = 4.39429 ms, percentile(95%) = 4.39941 ms, percentile(99%) = 4.41504 ms
[02/27/2026-11:08:06] [I] D2H Latency: min = 0 ms, max = 0 ms, mean = 0 ms, median = 0 ms, percentile(90%) = 0 ms, percentile(95%) = 0 ms, percentile(99%) = 0 ms
[02/27/2026-11:08:06] [I] Total Host Walltime: 3.00865 s
[02/27/2026-11:08:06] [I] Total GPU Compute Time: 2.99851 s
[02/27/2026-11:08:06] [W] * Throughput may be bound by Enqueue Time rather than GPU Compute and the GPU may be under-utilized.
[02/27/2026-11:08:06] [W]   If not already in use, --useCudaGraph (utilize CUDA graphs where possible) may increase the throughput.
[02/27/2026-11:08:06] [I] Explanations of the performance metrics are printed in the verbose logs.
[02/27/2026-11:08:06] [I] 
&&&& PASSED TensorRT.trtexec [TensorRT v8502] # /usr/src/tensorrt/bin/trtexec --onnx=/home/user/Edge-ML/models/v4/LSTM/bs1/LSTM.onnx --saveEngine=/home/user/Edge-ML/models/v4/LSTM/bs1/LSTM_int8.engine --int8 --fp16 --exportLayerInfo=/home/user/Edge-ML/models/v4/LSTM/bs1/logs/quantisation_int8_layers.json --memPoolSize=workspace:4096MiB --tacticSources=+CUBLAS,+CUBLAS_LT,+CUDNN --noDataTransfers --calib=/home/user/Edge-ML/models/v4/LSTM/bs1/LSTM.cache
