/usr/src/tensorrt/bin/trtexec --onnx=/home/user/Edge-ML/models/v4/LSTM/bs1/LSTM.onnx --saveEngine=/home/user/Edge-ML/models/v4/LSTM/bs1/LSTM_fp16.engine --fp16 --exportLayerInfo=/home/user/Edge-ML/models/v4/LSTM/bs1/logs/quantisation_fp16_layers.json --memPoolSize=workspace:4096MiB --tacticSources=+CUBLAS,+CUBLAS_LT,+CUDNN --noDataTransfers

&&&& RUNNING TensorRT.trtexec [TensorRT v8502] # /usr/src/tensorrt/bin/trtexec --onnx=/home/user/Edge-ML/models/v4/LSTM/bs1/LSTM.onnx --saveEngine=/home/user/Edge-ML/models/v4/LSTM/bs1/LSTM_fp16.engine --fp16 --exportLayerInfo=/home/user/Edge-ML/models/v4/LSTM/bs1/logs/quantisation_fp16_layers.json --memPoolSize=workspace:4096MiB --tacticSources=+CUBLAS,+CUBLAS_LT,+CUDNN --noDataTransfers
[02/27/2026-11:07:31] [I] === Model Options ===
[02/27/2026-11:07:31] [I] Format: ONNX
[02/27/2026-11:07:31] [I] Model: /home/user/Edge-ML/models/v4/LSTM/bs1/LSTM.onnx
[02/27/2026-11:07:31] [I] Output:
[02/27/2026-11:07:31] [I] === Build Options ===
[02/27/2026-11:07:31] [I] Max batch: explicit batch
[02/27/2026-11:07:31] [I] Memory Pools: workspace: 4096 MiB, dlaSRAM: default, dlaLocalDRAM: default, dlaGlobalDRAM: default
[02/27/2026-11:07:31] [I] minTiming: 1
[02/27/2026-11:07:31] [I] avgTiming: 8
[02/27/2026-11:07:31] [I] Precision: FP32+FP16
[02/27/2026-11:07:31] [I] LayerPrecisions: 
[02/27/2026-11:07:31] [I] Calibration: 
[02/27/2026-11:07:31] [I] Refit: Disabled
[02/27/2026-11:07:31] [I] Sparsity: Disabled
[02/27/2026-11:07:31] [I] Safe mode: Disabled
[02/27/2026-11:07:31] [I] DirectIO mode: Disabled
[02/27/2026-11:07:31] [I] Restricted mode: Disabled
[02/27/2026-11:07:31] [I] Build only: Disabled
[02/27/2026-11:07:31] [I] Save engine: /home/user/Edge-ML/models/v4/LSTM/bs1/LSTM_fp16.engine
[02/27/2026-11:07:31] [I] Load engine: 
[02/27/2026-11:07:31] [I] Profiling verbosity: 0
[02/27/2026-11:07:31] [I] Tactic sources: cublas [ON], cublasLt [ON], cudnn [ON], 
[02/27/2026-11:07:31] [I] timingCacheMode: local
[02/27/2026-11:07:31] [I] timingCacheFile: 
[02/27/2026-11:07:31] [I] Heuristic: Disabled
[02/27/2026-11:07:31] [I] Preview Features: Use default preview flags.
[02/27/2026-11:07:31] [I] Input(s)s format: fp32:CHW
[02/27/2026-11:07:31] [I] Output(s)s format: fp32:CHW
[02/27/2026-11:07:31] [I] Input build shapes: model
[02/27/2026-11:07:31] [I] Input calibration shapes: model
[02/27/2026-11:07:31] [I] === System Options ===
[02/27/2026-11:07:31] [I] Device: 0
[02/27/2026-11:07:31] [I] DLACore: 
[02/27/2026-11:07:31] [I] Plugins:
[02/27/2026-11:07:31] [I] === Inference Options ===
[02/27/2026-11:07:31] [I] Batch: Explicit
[02/27/2026-11:07:31] [I] Input inference shapes: model
[02/27/2026-11:07:31] [I] Iterations: 10
[02/27/2026-11:07:31] [I] Duration: 3s (+ 200ms warm up)
[02/27/2026-11:07:31] [I] Sleep time: 0ms
[02/27/2026-11:07:31] [I] Idle time: 0ms
[02/27/2026-11:07:31] [I] Streams: 1
[02/27/2026-11:07:31] [I] ExposeDMA: Disabled
[02/27/2026-11:07:31] [I] Data transfers: Disabled
[02/27/2026-11:07:31] [I] Spin-wait: Disabled
[02/27/2026-11:07:31] [I] Multithreading: Disabled
[02/27/2026-11:07:31] [I] CUDA Graph: Disabled
[02/27/2026-11:07:31] [I] Separate profiling: Disabled
[02/27/2026-11:07:31] [I] Time Deserialize: Disabled
[02/27/2026-11:07:31] [I] Time Refit: Disabled
[02/27/2026-11:07:31] [I] NVTX verbosity: 0
[02/27/2026-11:07:31] [I] Persistent Cache Ratio: 0
[02/27/2026-11:07:31] [I] Inputs:
[02/27/2026-11:07:31] [I] === Reporting Options ===
[02/27/2026-11:07:31] [I] Verbose: Disabled
[02/27/2026-11:07:31] [I] Averages: 10 inferences
[02/27/2026-11:07:31] [I] Percentiles: 90,95,99
[02/27/2026-11:07:31] [I] Dump refittable layers:Disabled
[02/27/2026-11:07:31] [I] Dump output: Disabled
[02/27/2026-11:07:31] [I] Profile: Disabled
[02/27/2026-11:07:31] [I] Export timing to JSON file: 
[02/27/2026-11:07:31] [I] Export output to JSON file: 
[02/27/2026-11:07:31] [I] Export profile to JSON file: 
[02/27/2026-11:07:31] [I] 
[02/27/2026-11:07:31] [I] === Device Information ===
[02/27/2026-11:07:31] [I] Selected Device: Orin
[02/27/2026-11:07:31] [I] Compute Capability: 8.7
[02/27/2026-11:07:31] [I] SMs: 4
[02/27/2026-11:07:31] [I] Compute Clock Rate: 0.624 GHz
[02/27/2026-11:07:31] [I] Device Global Memory: 3425 MiB
[02/27/2026-11:07:31] [I] Shared Memory per SM: 164 KiB
[02/27/2026-11:07:31] [I] Memory Bus Width: 128 bits (ECC disabled)
[02/27/2026-11:07:31] [I] Memory Clock Rate: 0.624 GHz
[02/27/2026-11:07:31] [I] 
[02/27/2026-11:07:31] [I] TensorRT version: 8.5.2
[02/27/2026-11:07:31] [I] [TRT] [MemUsageChange] Init CUDA: CPU +220, GPU +0, now: CPU 249, GPU 1637 (MiB)
[02/27/2026-11:07:34] [I] [TRT] [MemUsageChange] Init builder kernel library: CPU +302, GPU +191, now: CPU 574, GPU 1850 (MiB)
[02/27/2026-11:07:34] [I] Start parsing network model
[02/27/2026-11:07:34] [I] [TRT] ----------------------------------------------------------------
[02/27/2026-11:07:34] [I] [TRT] Input filename:   /home/user/Edge-ML/models/v4/LSTM/bs1/LSTM.onnx
[02/27/2026-11:07:34] [I] [TRT] ONNX IR version:  0.0.7
[02/27/2026-11:07:34] [I] [TRT] Opset version:    12
[02/27/2026-11:07:34] [I] [TRT] Producer name:    pytorch
[02/27/2026-11:07:34] [I] [TRT] Producer version: 2.5.1
[02/27/2026-11:07:34] [I] [TRT] Domain:           
[02/27/2026-11:07:34] [I] [TRT] Model version:    0
[02/27/2026-11:07:34] [I] [TRT] Doc string:       
[02/27/2026-11:07:34] [I] [TRT] ----------------------------------------------------------------
[02/27/2026-11:07:34] [W] [TRT] onnx2trt_utils.cpp:375: Your ONNX model has been generated with INT64 weights, while TensorRT does not natively support INT64. Attempting to cast down to INT32.
[02/27/2026-11:07:34] [I] Finish parsing network model
[02/27/2026-11:07:34] [I] [TRT] ---------- Layers Running on DLA ----------
[02/27/2026-11:07:34] [I] [TRT] ---------- Layers Running on GPU ----------
[02/27/2026-11:07:34] [I] [TRT] [GpuLayer] MYELIN: {ForeignNode[onnx::LSTM_209.../Squeeze]}
[02/27/2026-11:07:35] [I] [TRT] [MemUsageChange] Init cuBLAS/cuBLASLt: CPU +535, GPU +648, now: CPU 1109, GPU 2498 (MiB)
[02/27/2026-11:07:35] [I] [TRT] [MemUsageChange] Init cuDNN: CPU +82, GPU +132, now: CPU 1191, GPU 2630 (MiB)
[02/27/2026-11:07:35] [I] [TRT] Local timing cache in use. Profiling results in this builder pass will not be stored.
[02/27/2026-11:07:45] [I] [TRT] Total Activation Memory: 4294967296
[02/27/2026-11:07:45] [I] [TRT] Detected 1 inputs and 1 output network tensors.
[02/27/2026-11:07:45] [I] [TRT] Total Host Persistent Memory: 32
[02/27/2026-11:07:45] [I] [TRT] Total Device Persistent Memory: 0
[02/27/2026-11:07:45] [I] [TRT] Total Scratch Memory: 378368
[02/27/2026-11:07:45] [I] [TRT] [MemUsageStats] Peak memory usage of TRT CPU/GPU memory allocators: CPU 0 MiB, GPU 4 MiB
[02/27/2026-11:07:45] [I] [TRT] [BlockAssignment] Started assigning block shifts. This will take 1 steps to complete.
[02/27/2026-11:07:45] [I] [TRT] [BlockAssignment] Algorithm ShiftNTopDown took 0.016384ms to assign 1 blocks to 1 nodes requiring 378368 bytes.
[02/27/2026-11:07:45] [I] [TRT] Total Activation Memory: 378368
[02/27/2026-11:07:45] [W] [TRT] TensorRT encountered issues when converting weights between types and that could affect accuracy.
[02/27/2026-11:07:45] [W] [TRT] If this is not the desired behavior, please modify the weights or retrain with regularization to adjust the magnitude of the weights.
[02/27/2026-11:07:45] [W] [TRT] Check verbose logs for the list of affected weights.
[02/27/2026-11:07:45] [W] [TRT] - 3 weights are affected by this issue: Detected subnormal FP16 values.
[02/27/2026-11:07:45] [I] [TRT] [MemUsageChange] TensorRT-managed allocation in building engine: CPU +0, GPU +4, now: CPU 0, GPU 4 (MiB)
[02/27/2026-11:07:45] [I] Engine built in 13.954 sec.
[02/27/2026-11:07:45] [I] [TRT] Loaded engine size: 0 MiB
[02/27/2026-11:07:45] [I] [TRT] [MemUsageChange] TensorRT-managed allocation in engine deserialization: CPU +0, GPU +0, now: CPU 0, GPU 0 (MiB)
[02/27/2026-11:07:45] [I] Engine deserialized in 0.00486186 sec.
[02/27/2026-11:07:45] [I] [TRT] [MemUsageChange] TensorRT-managed allocation in IExecutionContext creation: CPU +0, GPU +0, now: CPU 0, GPU 0 (MiB)
[02/27/2026-11:07:45] [I] Setting persistentCacheLimit to 0 bytes.
[02/27/2026-11:07:45] [I] Using random values for input input
[02/27/2026-11:07:45] [I] Created input binding for input with dimensions 1x120
[02/27/2026-11:07:45] [I] Using random values for output capacity
[02/27/2026-11:07:45] [I] Created output binding for capacity with dimensions 
[02/27/2026-11:07:45] [I] [TRT] The profiling verbosity was set to ProfilingVerbosity::kLAYER_NAMES_ONLY when the engine was built, so only the layer names will be returned. Rebuild the engine with ProfilingVerbosity::kDETAILED to get more verbose layer information.
[02/27/2026-11:07:45] [I] Starting inference
[02/27/2026-11:07:48] [I] Warmup completed 46 queries over 200 ms
[02/27/2026-11:07:48] [I] Timing trace has 685 queries over 3.00892 s
[02/27/2026-11:07:48] [I] 
[02/27/2026-11:07:48] [I] === Trace details ===
[02/27/2026-11:07:48] [I] Trace averages of 10 runs:
[02/27/2026-11:07:48] [I] Average on 10 runs - GPU latency: 4.37664 ms - Host latency: 4.37664 ms (enqueue 4.36951 ms)
[02/27/2026-11:07:48] [I] Average on 10 runs - GPU latency: 4.37232 ms - Host latency: 4.37232 ms (enqueue 4.36531 ms)
[02/27/2026-11:07:48] [I] Average on 10 runs - GPU latency: 4.38163 ms - Host latency: 4.38163 ms (enqueue 4.37475 ms)
[02/27/2026-11:07:48] [I] Average on 10 runs - GPU latency: 4.37026 ms - Host latency: 4.37026 ms (enqueue 4.36292 ms)
[02/27/2026-11:07:48] [I] Average on 10 runs - GPU latency: 4.37101 ms - Host latency: 4.37101 ms (enqueue 4.36411 ms)
[02/27/2026-11:07:48] [I] Average on 10 runs - GPU latency: 4.37426 ms - Host latency: 4.37426 ms (enqueue 4.36755 ms)
[02/27/2026-11:07:48] [I] Average on 10 runs - GPU latency: 4.36882 ms - Host latency: 4.36882 ms (enqueue 4.36194 ms)
[02/27/2026-11:07:48] [I] Average on 10 runs - GPU latency: 4.37466 ms - Host latency: 4.37466 ms (enqueue 4.36766 ms)
[02/27/2026-11:07:48] [I] Average on 10 runs - GPU latency: 4.37689 ms - Host latency: 4.37689 ms (enqueue 4.36994 ms)
[02/27/2026-11:07:48] [I] Average on 10 runs - GPU latency: 4.37405 ms - Host latency: 4.37405 ms (enqueue 4.36666 ms)
[02/27/2026-11:07:48] [I] Average on 10 runs - GPU latency: 4.3788 ms - Host latency: 4.3788 ms (enqueue 4.37169 ms)
[02/27/2026-11:07:48] [I] Average on 10 runs - GPU latency: 4.37198 ms - Host latency: 4.37198 ms (enqueue 4.36447 ms)
[02/27/2026-11:07:48] [I] Average on 10 runs - GPU latency: 4.3769 ms - Host latency: 4.3769 ms (enqueue 4.36941 ms)
[02/27/2026-11:07:48] [I] Average on 10 runs - GPU latency: 4.38065 ms - Host latency: 4.38065 ms (enqueue 4.37354 ms)
[02/27/2026-11:07:48] [I] Average on 10 runs - GPU latency: 4.37569 ms - Host latency: 4.37569 ms (enqueue 4.36913 ms)
[02/27/2026-11:07:48] [I] Average on 10 runs - GPU latency: 4.37505 ms - Host latency: 4.37505 ms (enqueue 4.3677 ms)
[02/27/2026-11:07:48] [I] Average on 10 runs - GPU latency: 4.38115 ms - Host latency: 4.38115 ms (enqueue 4.37425 ms)
[02/27/2026-11:07:48] [I] Average on 10 runs - GPU latency: 4.3744 ms - Host latency: 4.3744 ms (enqueue 4.36732 ms)
[02/27/2026-11:07:48] [I] Average on 10 runs - GPU latency: 4.37753 ms - Host latency: 4.37753 ms (enqueue 4.3697 ms)
[02/27/2026-11:07:48] [I] Average on 10 runs - GPU latency: 4.37854 ms - Host latency: 4.37854 ms (enqueue 4.37145 ms)
[02/27/2026-11:07:48] [I] Average on 10 runs - GPU latency: 4.37469 ms - Host latency: 4.37469 ms (enqueue 4.36763 ms)
[02/27/2026-11:07:48] [I] Average on 10 runs - GPU latency: 4.38428 ms - Host latency: 4.38428 ms (enqueue 4.37723 ms)
[02/27/2026-11:07:48] [I] Average on 10 runs - GPU latency: 4.41487 ms - Host latency: 4.41487 ms (enqueue 4.40575 ms)
[02/27/2026-11:07:48] [I] Average on 10 runs - GPU latency: 4.37765 ms - Host latency: 4.37765 ms (enqueue 4.36958 ms)
[02/27/2026-11:07:48] [I] Average on 10 runs - GPU latency: 4.3783 ms - Host latency: 4.3783 ms (enqueue 4.37059 ms)
[02/27/2026-11:07:48] [I] Average on 10 runs - GPU latency: 4.38551 ms - Host latency: 4.38551 ms (enqueue 4.37755 ms)
[02/27/2026-11:07:48] [I] Average on 10 runs - GPU latency: 4.37843 ms - Host latency: 4.37843 ms (enqueue 4.37061 ms)
[02/27/2026-11:07:48] [I] Average on 10 runs - GPU latency: 4.38489 ms - Host latency: 4.38489 ms (enqueue 4.37775 ms)
[02/27/2026-11:07:48] [I] Average on 10 runs - GPU latency: 4.37921 ms - Host latency: 4.37921 ms (enqueue 4.37181 ms)
[02/27/2026-11:07:48] [I] Average on 10 runs - GPU latency: 4.37949 ms - Host latency: 4.37949 ms (enqueue 4.37164 ms)
[02/27/2026-11:07:48] [I] Average on 10 runs - GPU latency: 4.37784 ms - Host latency: 4.37784 ms (enqueue 4.37031 ms)
[02/27/2026-11:07:48] [I] Average on 10 runs - GPU latency: 4.38018 ms - Host latency: 4.38018 ms (enqueue 4.37164 ms)
[02/27/2026-11:07:48] [I] Average on 10 runs - GPU latency: 4.3817 ms - Host latency: 4.3817 ms (enqueue 4.37415 ms)
[02/27/2026-11:07:48] [I] Average on 10 runs - GPU latency: 4.3796 ms - Host latency: 4.3796 ms (enqueue 4.37185 ms)
[02/27/2026-11:07:48] [I] Average on 10 runs - GPU latency: 4.37739 ms - Host latency: 4.37739 ms (enqueue 4.37029 ms)
[02/27/2026-11:07:48] [I] Average on 10 runs - GPU latency: 4.37907 ms - Host latency: 4.37907 ms (enqueue 4.37148 ms)
[02/27/2026-11:07:48] [I] Average on 10 runs - GPU latency: 4.37942 ms - Host latency: 4.37942 ms (enqueue 4.37213 ms)
[02/27/2026-11:07:48] [I] Average on 10 runs - GPU latency: 4.37422 ms - Host latency: 4.37422 ms (enqueue 4.36696 ms)
[02/27/2026-11:07:48] [I] Average on 10 runs - GPU latency: 4.37925 ms - Host latency: 4.37925 ms (enqueue 4.37205 ms)
[02/27/2026-11:07:48] [I] Average on 10 runs - GPU latency: 4.37603 ms - Host latency: 4.37603 ms (enqueue 4.36873 ms)
[02/27/2026-11:07:48] [I] Average on 10 runs - GPU latency: 4.37378 ms - Host latency: 4.37378 ms (enqueue 4.36724 ms)
[02/27/2026-11:07:48] [I] Average on 10 runs - GPU latency: 4.37722 ms - Host latency: 4.37722 ms (enqueue 4.37001 ms)
[02/27/2026-11:07:48] [I] Average on 10 runs - GPU latency: 4.38167 ms - Host latency: 4.38167 ms (enqueue 4.37421 ms)
[02/27/2026-11:07:48] [I] Average on 10 runs - GPU latency: 4.38657 ms - Host latency: 4.38657 ms (enqueue 4.37864 ms)
[02/27/2026-11:07:48] [I] Average on 10 runs - GPU latency: 4.37488 ms - Host latency: 4.37488 ms (enqueue 4.36768 ms)
[02/27/2026-11:07:48] [I] Average on 10 runs - GPU latency: 4.38093 ms - Host latency: 4.38093 ms (enqueue 4.37388 ms)
[02/27/2026-11:07:48] [I] Average on 10 runs - GPU latency: 4.38054 ms - Host latency: 4.38054 ms (enqueue 4.37275 ms)
[02/27/2026-11:07:48] [I] Average on 10 runs - GPU latency: 4.38154 ms - Host latency: 4.38154 ms (enqueue 4.37461 ms)
[02/27/2026-11:07:48] [I] Average on 10 runs - GPU latency: 4.38179 ms - Host latency: 4.38179 ms (enqueue 4.37493 ms)
[02/27/2026-11:07:48] [I] Average on 10 runs - GPU latency: 4.38516 ms - Host latency: 4.38516 ms (enqueue 4.37817 ms)
[02/27/2026-11:07:48] [I] Average on 10 runs - GPU latency: 4.38035 ms - Host latency: 4.38035 ms (enqueue 4.37361 ms)
[02/27/2026-11:07:48] [I] Average on 10 runs - GPU latency: 4.38208 ms - Host latency: 4.38208 ms (enqueue 4.37461 ms)
[02/27/2026-11:07:48] [I] Average on 10 runs - GPU latency: 4.38489 ms - Host latency: 4.38489 ms (enqueue 4.37737 ms)
[02/27/2026-11:07:48] [I] Average on 10 runs - GPU latency: 4.37935 ms - Host latency: 4.37935 ms (enqueue 4.37241 ms)
[02/27/2026-11:07:48] [I] Average on 10 runs - GPU latency: 4.37393 ms - Host latency: 4.37393 ms (enqueue 4.3666 ms)
[02/27/2026-11:07:48] [I] Average on 10 runs - GPU latency: 4.37974 ms - Host latency: 4.37974 ms (enqueue 4.37236 ms)
[02/27/2026-11:07:48] [I] Average on 10 runs - GPU latency: 4.37737 ms - Host latency: 4.37737 ms (enqueue 4.37075 ms)
[02/27/2026-11:07:48] [I] Average on 10 runs - GPU latency: 4.37983 ms - Host latency: 4.37983 ms (enqueue 4.37292 ms)
[02/27/2026-11:07:48] [I] Average on 10 runs - GPU latency: 4.38127 ms - Host latency: 4.38127 ms (enqueue 4.37373 ms)
[02/27/2026-11:07:48] [I] Average on 10 runs - GPU latency: 4.37908 ms - Host latency: 4.37908 ms (enqueue 4.3718 ms)
[02/27/2026-11:07:48] [I] Average on 10 runs - GPU latency: 4.38027 ms - Host latency: 4.38027 ms (enqueue 4.37231 ms)
[02/27/2026-11:07:48] [I] Average on 10 runs - GPU latency: 4.38086 ms - Host latency: 4.38086 ms (enqueue 4.37361 ms)
[02/27/2026-11:07:48] [I] Average on 10 runs - GPU latency: 4.37969 ms - Host latency: 4.37969 ms (enqueue 4.37292 ms)
[02/27/2026-11:07:48] [I] Average on 10 runs - GPU latency: 4.37954 ms - Host latency: 4.37954 ms (enqueue 4.37227 ms)
[02/27/2026-11:07:48] [I] Average on 10 runs - GPU latency: 4.3835 ms - Host latency: 4.3835 ms (enqueue 4.376 ms)
[02/27/2026-11:07:48] [I] Average on 10 runs - GPU latency: 4.37761 ms - Host latency: 4.37761 ms (enqueue 4.37053 ms)
[02/27/2026-11:07:48] [I] Average on 10 runs - GPU latency: 4.37947 ms - Host latency: 4.37947 ms (enqueue 4.37224 ms)
[02/27/2026-11:07:48] [I] Average on 10 runs - GPU latency: 4.37549 ms - Host latency: 4.37549 ms (enqueue 4.36829 ms)
[02/27/2026-11:07:48] [I] 
[02/27/2026-11:07:48] [I] === Performance summary ===
[02/27/2026-11:07:48] [I] Throughput: 227.656 qps
[02/27/2026-11:07:48] [I] Latency: min = 4.3414 ms, max = 4.70813 ms, mean = 4.37905 ms, median = 4.37891 ms, percentile(90%) = 4.39087 ms, percentile(95%) = 4.39502 ms, percentile(99%) = 4.40454 ms
[02/27/2026-11:07:48] [I] Enqueue Time: min = 4.33472 ms, max = 4.64795 ms, mean = 4.37175 ms, median = 4.37146 ms, percentile(90%) = 4.38367 ms, percentile(95%) = 4.38794 ms, percentile(99%) = 4.39807 ms
[02/27/2026-11:07:48] [I] H2D Latency: min = 0 ms, max = 0 ms, mean = 0 ms, median = 0 ms, percentile(90%) = 0 ms, percentile(95%) = 0 ms, percentile(99%) = 0 ms
[02/27/2026-11:07:48] [I] GPU Compute Time: min = 4.3414 ms, max = 4.70813 ms, mean = 4.37905 ms, median = 4.37891 ms, percentile(90%) = 4.39087 ms, percentile(95%) = 4.39502 ms, percentile(99%) = 4.40454 ms
[02/27/2026-11:07:48] [I] D2H Latency: min = 0 ms, max = 0 ms, mean = 0 ms, median = 0 ms, percentile(90%) = 0 ms, percentile(95%) = 0 ms, percentile(99%) = 0 ms
[02/27/2026-11:07:48] [I] Total Host Walltime: 3.00892 s
[02/27/2026-11:07:48] [I] Total GPU Compute Time: 2.99965 s
[02/27/2026-11:07:48] [W] * Throughput may be bound by Enqueue Time rather than GPU Compute and the GPU may be under-utilized.
[02/27/2026-11:07:48] [W]   If not already in use, --useCudaGraph (utilize CUDA graphs where possible) may increase the throughput.
[02/27/2026-11:07:48] [I] Explanations of the performance metrics are printed in the verbose logs.
[02/27/2026-11:07:48] [I] 
&&&& PASSED TensorRT.trtexec [TensorRT v8502] # /usr/src/tensorrt/bin/trtexec --onnx=/home/user/Edge-ML/models/v4/LSTM/bs1/LSTM.onnx --saveEngine=/home/user/Edge-ML/models/v4/LSTM/bs1/LSTM_fp16.engine --fp16 --exportLayerInfo=/home/user/Edge-ML/models/v4/LSTM/bs1/logs/quantisation_fp16_layers.json --memPoolSize=workspace:4096MiB --tacticSources=+CUBLAS,+CUBLAS_LT,+CUDNN --noDataTransfers
