/usr/src/tensorrt/bin/trtexec --onnx=/home/user/Edge-ML/models/v5/CNN-LSTM/bs96/CNN-LSTM.onnx --saveEngine=/home/user/Edge-ML/models/v5/CNN-LSTM/bs96/CNN-LSTM_int8.engine --int8 --fp16 --exportLayerInfo=/home/user/Edge-ML/models/v5/CNN-LSTM/bs96/logs/quantisation_int8_layers.json --memPoolSize=workspace:4096MiB --tacticSources=+CUBLAS,+CUBLAS_LT,+CUDNN --noDataTransfers --calib=/home/user/Edge-ML/models/v5/CNN-LSTM/bs96/CNN-LSTM.cache

&&&& RUNNING TensorRT.trtexec [TensorRT v8502] # /usr/src/tensorrt/bin/trtexec --onnx=/home/user/Edge-ML/models/v5/CNN-LSTM/bs96/CNN-LSTM.onnx --saveEngine=/home/user/Edge-ML/models/v5/CNN-LSTM/bs96/CNN-LSTM_int8.engine --int8 --fp16 --exportLayerInfo=/home/user/Edge-ML/models/v5/CNN-LSTM/bs96/logs/quantisation_int8_layers.json --memPoolSize=workspace:4096MiB --tacticSources=+CUBLAS,+CUBLAS_LT,+CUDNN --noDataTransfers --calib=/home/user/Edge-ML/models/v5/CNN-LSTM/bs96/CNN-LSTM.cache
[03/03/2026-10:57:55] [I] === Model Options ===
[03/03/2026-10:57:55] [I] Format: ONNX
[03/03/2026-10:57:55] [I] Model: /home/user/Edge-ML/models/v5/CNN-LSTM/bs96/CNN-LSTM.onnx
[03/03/2026-10:57:55] [I] Output:
[03/03/2026-10:57:55] [I] === Build Options ===
[03/03/2026-10:57:55] [I] Max batch: explicit batch
[03/03/2026-10:57:55] [I] Memory Pools: workspace: 4096 MiB, dlaSRAM: default, dlaLocalDRAM: default, dlaGlobalDRAM: default
[03/03/2026-10:57:55] [I] minTiming: 1
[03/03/2026-10:57:55] [I] avgTiming: 8
[03/03/2026-10:57:55] [I] Precision: FP32+FP16+INT8
[03/03/2026-10:57:55] [I] LayerPrecisions: 
[03/03/2026-10:57:55] [I] Calibration: /home/user/Edge-ML/models/v5/CNN-LSTM/bs96/CNN-LSTM.cache
[03/03/2026-10:57:55] [I] Refit: Disabled
[03/03/2026-10:57:55] [I] Sparsity: Disabled
[03/03/2026-10:57:55] [I] Safe mode: Disabled
[03/03/2026-10:57:55] [I] DirectIO mode: Disabled
[03/03/2026-10:57:55] [I] Restricted mode: Disabled
[03/03/2026-10:57:55] [I] Build only: Disabled
[03/03/2026-10:57:55] [I] Save engine: /home/user/Edge-ML/models/v5/CNN-LSTM/bs96/CNN-LSTM_int8.engine
[03/03/2026-10:57:55] [I] Load engine: 
[03/03/2026-10:57:55] [I] Profiling verbosity: 0
[03/03/2026-10:57:55] [I] Tactic sources: cublas [ON], cublasLt [ON], cudnn [ON], 
[03/03/2026-10:57:55] [I] timingCacheMode: local
[03/03/2026-10:57:55] [I] timingCacheFile: 
[03/03/2026-10:57:55] [I] Heuristic: Disabled
[03/03/2026-10:57:55] [I] Preview Features: Use default preview flags.
[03/03/2026-10:57:55] [I] Input(s)s format: fp32:CHW
[03/03/2026-10:57:55] [I] Output(s)s format: fp32:CHW
[03/03/2026-10:57:55] [I] Input build shapes: model
[03/03/2026-10:57:55] [I] Input calibration shapes: model
[03/03/2026-10:57:55] [I] === System Options ===
[03/03/2026-10:57:55] [I] Device: 0
[03/03/2026-10:57:55] [I] DLACore: 
[03/03/2026-10:57:55] [I] Plugins:
[03/03/2026-10:57:55] [I] === Inference Options ===
[03/03/2026-10:57:55] [I] Batch: Explicit
[03/03/2026-10:57:55] [I] Input inference shapes: model
[03/03/2026-10:57:55] [I] Iterations: 10
[03/03/2026-10:57:55] [I] Duration: 3s (+ 200ms warm up)
[03/03/2026-10:57:55] [I] Sleep time: 0ms
[03/03/2026-10:57:55] [I] Idle time: 0ms
[03/03/2026-10:57:55] [I] Streams: 1
[03/03/2026-10:57:55] [I] ExposeDMA: Disabled
[03/03/2026-10:57:55] [I] Data transfers: Disabled
[03/03/2026-10:57:55] [I] Spin-wait: Disabled
[03/03/2026-10:57:55] [I] Multithreading: Disabled
[03/03/2026-10:57:55] [I] CUDA Graph: Disabled
[03/03/2026-10:57:55] [I] Separate profiling: Disabled
[03/03/2026-10:57:55] [I] Time Deserialize: Disabled
[03/03/2026-10:57:55] [I] Time Refit: Disabled
[03/03/2026-10:57:55] [I] NVTX verbosity: 0
[03/03/2026-10:57:55] [I] Persistent Cache Ratio: 0
[03/03/2026-10:57:55] [I] Inputs:
[03/03/2026-10:57:55] [I] === Reporting Options ===
[03/03/2026-10:57:55] [I] Verbose: Disabled
[03/03/2026-10:57:55] [I] Averages: 10 inferences
[03/03/2026-10:57:55] [I] Percentiles: 90,95,99
[03/03/2026-10:57:55] [I] Dump refittable layers:Disabled
[03/03/2026-10:57:55] [I] Dump output: Disabled
[03/03/2026-10:57:55] [I] Profile: Disabled
[03/03/2026-10:57:55] [I] Export timing to JSON file: 
[03/03/2026-10:57:55] [I] Export output to JSON file: 
[03/03/2026-10:57:55] [I] Export profile to JSON file: 
[03/03/2026-10:57:55] [I] 
[03/03/2026-10:57:55] [I] === Device Information ===
[03/03/2026-10:57:55] [I] Selected Device: Orin
[03/03/2026-10:57:55] [I] Compute Capability: 8.7
[03/03/2026-10:57:55] [I] SMs: 4
[03/03/2026-10:57:55] [I] Compute Clock Rate: 0.624 GHz
[03/03/2026-10:57:55] [I] Device Global Memory: 3425 MiB
[03/03/2026-10:57:55] [I] Shared Memory per SM: 164 KiB
[03/03/2026-10:57:55] [I] Memory Bus Width: 128 bits (ECC disabled)
[03/03/2026-10:57:55] [I] Memory Clock Rate: 0.624 GHz
[03/03/2026-10:57:55] [I] 
[03/03/2026-10:57:55] [I] TensorRT version: 8.5.2
[03/03/2026-10:57:56] [I] [TRT] [MemUsageChange] Init CUDA: CPU +220, GPU +0, now: CPU 249, GPU 1538 (MiB)
[03/03/2026-10:57:58] [I] [TRT] [MemUsageChange] Init builder kernel library: CPU +302, GPU +162, now: CPU 574, GPU 1715 (MiB)
[03/03/2026-10:57:58] [I] Start parsing network model
[03/03/2026-10:57:58] [I] [TRT] ----------------------------------------------------------------
[03/03/2026-10:57:58] [I] [TRT] Input filename:   /home/user/Edge-ML/models/v5/CNN-LSTM/bs96/CNN-LSTM.onnx
[03/03/2026-10:57:58] [I] [TRT] ONNX IR version:  0.0.7
[03/03/2026-10:57:58] [I] [TRT] Opset version:    12
[03/03/2026-10:57:58] [I] [TRT] Producer name:    pytorch
[03/03/2026-10:57:58] [I] [TRT] Producer version: 2.5.1
[03/03/2026-10:57:58] [I] [TRT] Domain:           
[03/03/2026-10:57:58] [I] [TRT] Model version:    0
[03/03/2026-10:57:58] [I] [TRT] Doc string:       
[03/03/2026-10:57:58] [I] [TRT] ----------------------------------------------------------------
[03/03/2026-10:57:58] [W] [TRT] onnx2trt_utils.cpp:375: Your ONNX model has been generated with INT64 weights, while TensorRT does not natively support INT64. Attempting to cast down to INT32.
[03/03/2026-10:57:58] [I] Finish parsing network model
[03/03/2026-10:57:58] [I] [TRT] Reading Calibration Cache for calibrator: EntropyCalibration2
[03/03/2026-10:57:58] [I] [TRT] Generated calibration scales using calibration cache. Make sure that calibration cache has latest scales.
[03/03/2026-10:57:58] [I] [TRT] To regenerate calibration cache, please delete the existing one. TensorRT will generate a new calibration cache.
[03/03/2026-10:57:58] [W] [TRT] Missing scale and zero-point for tensor (Unnamed Layer* 21) [Constant]_output, expect fall back to non-int8 implementation for any layer consuming or producing given tensor
[03/03/2026-10:57:58] [W] [TRT] Missing scale and zero-point for tensor /lstm/Expand_output_0, expect fall back to non-int8 implementation for any layer consuming or producing given tensor
[03/03/2026-10:57:58] [W] [TRT] Missing scale and zero-point for tensor (Unnamed Layer* 36) [Constant]_output, expect fall back to non-int8 implementation for any layer consuming or producing given tensor
[03/03/2026-10:57:58] [W] [TRT] Missing scale and zero-point for tensor /lstm/Expand_1_output_0, expect fall back to non-int8 implementation for any layer consuming or producing given tensor
[03/03/2026-10:57:58] [W] [TRT] Missing scale and zero-point for tensor (Unnamed Layer* 44) [Constant]_output, expect fall back to non-int8 implementation for any layer consuming or producing given tensor
[03/03/2026-10:57:58] [W] [TRT] Missing scale and zero-point for tensor (Unnamed Layer* 45) [Constant]_output, expect fall back to non-int8 implementation for any layer consuming or producing given tensor
[03/03/2026-10:57:58] [W] [TRT] Missing scale and zero-point for tensor (Unnamed Layer* 53) [Constant]_output, expect fall back to non-int8 implementation for any layer consuming or producing given tensor
[03/03/2026-10:57:58] [W] [TRT] Missing scale and zero-point for tensor (Unnamed Layer* 55) [Iterator]_output, expect fall back to non-int8 implementation for any layer consuming or producing given tensor
[03/03/2026-10:57:58] [W] [TRT] Missing scale and zero-point for tensor (Unnamed Layer* 56) [Shuffle]_output, expect fall back to non-int8 implementation for any layer consuming or producing given tensor
[03/03/2026-10:57:58] [W] [TRT] Missing scale and zero-point for tensor (Unnamed Layer* 57) [Recurrence]_output, expect fall back to non-int8 implementation for any layer consuming or producing given tensor
[03/03/2026-10:57:58] [W] [TRT] Missing scale and zero-point for tensor (Unnamed Layer* 58) [Recurrence]_output, expect fall back to non-int8 implementation for any layer consuming or producing given tensor
[03/03/2026-10:57:58] [W] [TRT] Missing scale and zero-point for tensor (Unnamed Layer* 59) [Matrix Multiply]_output, expect fall back to non-int8 implementation for any layer consuming or producing given tensor
[03/03/2026-10:57:58] [W] [TRT] Missing scale and zero-point for tensor (Unnamed Layer* 60) [Matrix Multiply]_output, expect fall back to non-int8 implementation for any layer consuming or producing given tensor
[03/03/2026-10:57:58] [W] [TRT] Missing scale and zero-point for tensor (Unnamed Layer* 61) [ElementWise]_output, expect fall back to non-int8 implementation for any layer consuming or producing given tensor
[03/03/2026-10:57:58] [W] [TRT] Missing scale and zero-point for tensor (Unnamed Layer* 62) [ElementWise]_output, expect fall back to non-int8 implementation for any layer consuming or producing given tensor
[03/03/2026-10:57:58] [W] [TRT] Missing scale and zero-point for tensor (Unnamed Layer* 63) [Slice]_output, expect fall back to non-int8 implementation for any layer consuming or producing given tensor
[03/03/2026-10:57:58] [W] [TRT] Missing scale and zero-point for tensor (Unnamed Layer* 65) [Activation]_output, expect fall back to non-int8 implementation for any layer consuming or producing given tensor
[03/03/2026-10:57:58] [W] [TRT] Missing scale and zero-point for tensor (Unnamed Layer* 66) [Slice]_output, expect fall back to non-int8 implementation for any layer consuming or producing given tensor
[03/03/2026-10:57:58] [W] [TRT] Missing scale and zero-point for tensor (Unnamed Layer* 68) [Activation]_output, expect fall back to non-int8 implementation for any layer consuming or producing given tensor
[03/03/2026-10:57:58] [W] [TRT] Missing scale and zero-point for tensor (Unnamed Layer* 69) [Slice]_output, expect fall back to non-int8 implementation for any layer consuming or producing given tensor
[03/03/2026-10:57:58] [W] [TRT] Missing scale and zero-point for tensor (Unnamed Layer* 71) [Activation]_output, expect fall back to non-int8 implementation for any layer consuming or producing given tensor
[03/03/2026-10:57:58] [W] [TRT] Missing scale and zero-point for tensor (Unnamed Layer* 72) [ElementWise]_output, expect fall back to non-int8 implementation for any layer consuming or producing given tensor
[03/03/2026-10:57:58] [W] [TRT] Missing scale and zero-point for tensor (Unnamed Layer* 73) [ElementWise]_output, expect fall back to non-int8 implementation for any layer consuming or producing given tensor
[03/03/2026-10:57:58] [W] [TRT] Missing scale and zero-point for tensor (Unnamed Layer* 74) [ElementWise]_output, expect fall back to non-int8 implementation for any layer consuming or producing given tensor
[03/03/2026-10:57:58] [W] [TRT] Missing scale and zero-point for tensor (Unnamed Layer* 77) [Slice]_output, expect fall back to non-int8 implementation for any layer consuming or producing given tensor
[03/03/2026-10:57:58] [W] [TRT] Missing scale and zero-point for tensor (Unnamed Layer* 79) [Activation]_output, expect fall back to non-int8 implementation for any layer consuming or producing given tensor
[03/03/2026-10:57:58] [W] [TRT] Missing scale and zero-point for tensor (Unnamed Layer* 80) [Activation]_output, expect fall back to non-int8 implementation for any layer consuming or producing given tensor
[03/03/2026-10:57:58] [W] [TRT] Missing scale and zero-point for tensor (Unnamed Layer* 81) [ElementWise]_output, expect fall back to non-int8 implementation for any layer consuming or producing given tensor
[03/03/2026-10:57:58] [W] [TRT] Missing scale and zero-point for tensor (Unnamed Layer* 94) [Constant]_output, expect fall back to non-int8 implementation for any layer consuming or producing given tensor
[03/03/2026-10:57:58] [W] [TRT] Missing scale and zero-point for tensor /lstm/Expand_2_output_0, expect fall back to non-int8 implementation for any layer consuming or producing given tensor
[03/03/2026-10:57:58] [W] [TRT] Missing scale and zero-point for tensor (Unnamed Layer* 109) [Constant]_output, expect fall back to non-int8 implementation for any layer consuming or producing given tensor
[03/03/2026-10:57:58] [W] [TRT] Missing scale and zero-point for tensor /lstm/Expand_3_output_0, expect fall back to non-int8 implementation for any layer consuming or producing given tensor
[03/03/2026-10:57:58] [W] [TRT] Missing scale and zero-point for tensor (Unnamed Layer* 117) [Constant]_output, expect fall back to non-int8 implementation for any layer consuming or producing given tensor
[03/03/2026-10:57:58] [W] [TRT] Missing scale and zero-point for tensor (Unnamed Layer* 118) [Constant]_output, expect fall back to non-int8 implementation for any layer consuming or producing given tensor
[03/03/2026-10:57:58] [W] [TRT] Missing scale and zero-point for tensor (Unnamed Layer* 126) [Constant]_output, expect fall back to non-int8 implementation for any layer consuming or producing given tensor
[03/03/2026-10:57:58] [W] [TRT] Missing scale and zero-point for tensor (Unnamed Layer* 128) [Iterator]_output, expect fall back to non-int8 implementation for any layer consuming or producing given tensor
[03/03/2026-10:57:58] [W] [TRT] Missing scale and zero-point for tensor (Unnamed Layer* 129) [Shuffle]_output, expect fall back to non-int8 implementation for any layer consuming or producing given tensor
[03/03/2026-10:57:58] [W] [TRT] Missing scale and zero-point for tensor (Unnamed Layer* 130) [Recurrence]_output, expect fall back to non-int8 implementation for any layer consuming or producing given tensor
[03/03/2026-10:57:58] [W] [TRT] Missing scale and zero-point for tensor (Unnamed Layer* 131) [Recurrence]_output, expect fall back to non-int8 implementation for any layer consuming or producing given tensor
[03/03/2026-10:57:58] [W] [TRT] Missing scale and zero-point for tensor (Unnamed Layer* 132) [Matrix Multiply]_output, expect fall back to non-int8 implementation for any layer consuming or producing given tensor
[03/03/2026-10:57:58] [W] [TRT] Missing scale and zero-point for tensor (Unnamed Layer* 133) [Matrix Multiply]_output, expect fall back to non-int8 implementation for any layer consuming or producing given tensor
[03/03/2026-10:57:58] [W] [TRT] Missing scale and zero-point for tensor (Unnamed Layer* 134) [ElementWise]_output, expect fall back to non-int8 implementation for any layer consuming or producing given tensor
[03/03/2026-10:57:58] [W] [TRT] Missing scale and zero-point for tensor (Unnamed Layer* 135) [ElementWise]_output, expect fall back to non-int8 implementation for any layer consuming or producing given tensor
[03/03/2026-10:57:58] [W] [TRT] Missing scale and zero-point for tensor (Unnamed Layer* 136) [Slice]_output, expect fall back to non-int8 implementation for any layer consuming or producing given tensor
[03/03/2026-10:57:58] [W] [TRT] Missing scale and zero-point for tensor (Unnamed Layer* 138) [Activation]_output, expect fall back to non-int8 implementation for any layer consuming or producing given tensor
[03/03/2026-10:57:58] [W] [TRT] Missing scale and zero-point for tensor (Unnamed Layer* 139) [Slice]_output, expect fall back to non-int8 implementation for any layer consuming or producing given tensor
[03/03/2026-10:57:58] [W] [TRT] Missing scale and zero-point for tensor (Unnamed Layer* 141) [Activation]_output, expect fall back to non-int8 implementation for any layer consuming or producing given tensor
[03/03/2026-10:57:58] [W] [TRT] Missing scale and zero-point for tensor (Unnamed Layer* 142) [Slice]_output, expect fall back to non-int8 implementation for any layer consuming or producing given tensor
[03/03/2026-10:57:58] [W] [TRT] Missing scale and zero-point for tensor (Unnamed Layer* 144) [Activation]_output, expect fall back to non-int8 implementation for any layer consuming or producing given tensor
[03/03/2026-10:57:58] [W] [TRT] Missing scale and zero-point for tensor (Unnamed Layer* 145) [ElementWise]_output, expect fall back to non-int8 implementation for any layer consuming or producing given tensor
[03/03/2026-10:57:58] [W] [TRT] Missing scale and zero-point for tensor (Unnamed Layer* 146) [ElementWise]_output, expect fall back to non-int8 implementation for any layer consuming or producing given tensor
[03/03/2026-10:57:58] [W] [TRT] Missing scale and zero-point for tensor (Unnamed Layer* 147) [ElementWise]_output, expect fall back to non-int8 implementation for any layer consuming or producing given tensor
[03/03/2026-10:57:58] [W] [TRT] Missing scale and zero-point for tensor (Unnamed Layer* 150) [Slice]_output, expect fall back to non-int8 implementation for any layer consuming or producing given tensor
[03/03/2026-10:57:58] [W] [TRT] Missing scale and zero-point for tensor (Unnamed Layer* 152) [Activation]_output, expect fall back to non-int8 implementation for any layer consuming or producing given tensor
[03/03/2026-10:57:58] [W] [TRT] Missing scale and zero-point for tensor (Unnamed Layer* 153) [Activation]_output, expect fall back to non-int8 implementation for any layer consuming or producing given tensor
[03/03/2026-10:57:58] [W] [TRT] Missing scale and zero-point for tensor (Unnamed Layer* 154) [ElementWise]_output, expect fall back to non-int8 implementation for any layer consuming or producing given tensor
[03/03/2026-10:57:58] [W] [TRT] Missing scale and zero-point for tensor (Unnamed Layer* 161) [Constant]_output, expect fall back to non-int8 implementation for any layer consuming or producing given tensor
[03/03/2026-10:57:58] [I] [TRT] ---------- Layers Running on DLA ----------
[03/03/2026-10:57:58] [I] [TRT] ---------- Layers Running on GPU ----------
[03/03/2026-10:57:58] [I] [TRT] [GpuLayer] SHUFFLE: /Unsqueeze + (Unnamed Layer* 1) [Shuffle]
[03/03/2026-10:57:58] [I] [TRT] [GpuLayer] SHUFFLE: shuffle_between_(Unnamed Layer* 1) [Shuffle]_output_and_/cnn/cnn.0/Conv + /cnn/cnn.2/Relu
[03/03/2026-10:57:58] [I] [TRT] [GpuLayer] CONVOLUTION: /cnn/cnn.0/Conv + /cnn/cnn.2/Relu
[03/03/2026-10:57:58] [I] [TRT] [GpuLayer] SHUFFLE: shuffle_after_/cnn/cnn.2/Relu_out_tensor
[03/03/2026-10:57:58] [I] [TRT] [GpuLayer] SHUFFLE: shuffle_between_/cnn/cnn.2/Relu_out_tensor_and_/cnn/cnn.4/Conv + /cnn/cnn.6/Relu
[03/03/2026-10:57:58] [I] [TRT] [GpuLayer] CONVOLUTION: /cnn/cnn.4/Conv + /cnn/cnn.6/Relu
[03/03/2026-10:57:58] [I] [TRT] [GpuLayer] SHUFFLE: shuffle_after_/cnn/cnn.6/Relu_out_tensor
[03/03/2026-10:57:58] [I] [TRT] [GpuLayer] SHUFFLE: shuffle_between_/cnn/cnn.6/Relu_out_tensor_and_/cnn/cnn.8/Conv
[03/03/2026-10:57:58] [I] [TRT] [GpuLayer] CONVOLUTION: /cnn/cnn.8/Conv
[03/03/2026-10:57:58] [I] [TRT] [GpuLayer] SHUFFLE: shuffle_after_(Unnamed Layer* 10) [Convolution]_output
[03/03/2026-10:57:58] [I] [TRT] [GpuLayer] MYELIN: {ForeignNode[onnx::LSTM_252.../Squeeze]}
[03/03/2026-10:58:00] [I] [TRT] [MemUsageChange] Init cuBLAS/cuBLASLt: CPU +534, GPU +835, now: CPU 1109, GPU 2552 (MiB)
[03/03/2026-10:58:00] [I] [TRT] [MemUsageChange] Init cuDNN: CPU +83, GPU +120, now: CPU 1192, GPU 2672 (MiB)
[03/03/2026-10:58:00] [I] [TRT] Local timing cache in use. Profiling results in this builder pass will not be stored.
[03/03/2026-10:58:21] [W] [TRT] Tactic Device request: 392MB Available: 318MB. Device memory is insufficient to use tactic.
[03/03/2026-10:58:21] [W] [TRT] Skipping tactic 3 due to insufficient memory on requested size of 392 detected for tactic 0x0000000000000004.
Try decreasing the workspace size with IBuilderConfig::setMemoryPoolLimit().
[03/03/2026-10:58:21] [W] [TRT] Tactic Device request: 392MB Available: 318MB. Device memory is insufficient to use tactic.
[03/03/2026-10:58:21] [W] [TRT] Skipping tactic 8 due to insufficient memory on requested size of 392 detected for tactic 0x000000000000003c.
Try decreasing the workspace size with IBuilderConfig::setMemoryPoolLimit().
[03/03/2026-10:58:21] [W] [TRT] Tactic Device request: 392MB Available: 318MB. Device memory is insufficient to use tactic.
[03/03/2026-10:58:21] [W] [TRT] Skipping tactic 13 due to insufficient memory on requested size of 392 detected for tactic 0x0000000000000074.
Try decreasing the workspace size with IBuilderConfig::setMemoryPoolLimit().
[03/03/2026-10:58:21] [W] [TRT] Tactic Device request: 391MB Available: 318MB. Device memory is insufficient to use tactic.
[03/03/2026-10:58:21] [W] [TRT] Skipping tactic 3 due to insufficient memory on requested size of 391 detected for tactic 0x0000000000000004.
Try decreasing the workspace size with IBuilderConfig::setMemoryPoolLimit().
[03/03/2026-10:58:21] [W] [TRT] Tactic Device request: 391MB Available: 318MB. Device memory is insufficient to use tactic.
[03/03/2026-10:58:21] [W] [TRT] Skipping tactic 7 due to insufficient memory on requested size of 391 detected for tactic 0x000000000000003c.
Try decreasing the workspace size with IBuilderConfig::setMemoryPoolLimit().
[03/03/2026-10:58:23] [W] [TRT] Tactic Device request: 784MB Available: 306MB. Device memory is insufficient to use tactic.
[03/03/2026-10:58:23] [W] [TRT] Skipping tactic 3 due to insufficient memory on requested size of 784 detected for tactic 0x0000000000000004.
Try decreasing the workspace size with IBuilderConfig::setMemoryPoolLimit().
[03/03/2026-10:58:23] [W] [TRT] Tactic Device request: 784MB Available: 306MB. Device memory is insufficient to use tactic.
[03/03/2026-10:58:23] [W] [TRT] Skipping tactic 8 due to insufficient memory on requested size of 784 detected for tactic 0x000000000000003c.
Try decreasing the workspace size with IBuilderConfig::setMemoryPoolLimit().
[03/03/2026-10:58:23] [W] [TRT] Tactic Device request: 784MB Available: 306MB. Device memory is insufficient to use tactic.
[03/03/2026-10:58:23] [W] [TRT] Skipping tactic 13 due to insufficient memory on requested size of 784 detected for tactic 0x0000000000000074.
Try decreasing the workspace size with IBuilderConfig::setMemoryPoolLimit().
[03/03/2026-10:58:24] [W] [TRT] Tactic Device request: 782MB Available: 306MB. Device memory is insufficient to use tactic.
[03/03/2026-10:58:24] [W] [TRT] Skipping tactic 3 due to insufficient memory on requested size of 782 detected for tactic 0x0000000000000004.
Try decreasing the workspace size with IBuilderConfig::setMemoryPoolLimit().
[03/03/2026-10:58:24] [W] [TRT] Tactic Device request: 782MB Available: 306MB. Device memory is insufficient to use tactic.
[03/03/2026-10:58:24] [W] [TRT] Skipping tactic 7 due to insufficient memory on requested size of 782 detected for tactic 0x000000000000003c.
Try decreasing the workspace size with IBuilderConfig::setMemoryPoolLimit().
[03/03/2026-10:58:38] [I] [TRT] Total Activation Memory: 4297644032
[03/03/2026-10:58:38] [I] [TRT] Detected 1 inputs and 1 output network tensors.
[03/03/2026-10:58:38] [I] [TRT] Total Host Persistent Memory: 9568
[03/03/2026-10:58:38] [I] [TRT] Total Device Persistent Memory: 0
[03/03/2026-10:58:38] [I] [TRT] Total Scratch Memory: 10437632
[03/03/2026-10:58:38] [I] [TRT] [MemUsageStats] Peak memory usage of TRT CPU/GPU memory allocators: CPU 0 MiB, GPU 199 MiB
[03/03/2026-10:58:38] [I] [TRT] [BlockAssignment] Started assigning block shifts. This will take 13 steps to complete.
[03/03/2026-10:58:38] [I] [TRT] [BlockAssignment] Algorithm ShiftNTopDown took 0.359274ms to assign 4 blocks to 13 nodes requiring 11913216 bytes.
[03/03/2026-10:58:38] [I] [TRT] Total Activation Memory: 11913216
[03/03/2026-10:58:38] [W] [TRT] TensorRT encountered issues when converting weights between types and that could affect accuracy.
[03/03/2026-10:58:38] [W] [TRT] If this is not the desired behavior, please modify the weights or retrain with regularization to adjust the magnitude of the weights.
[03/03/2026-10:58:38] [W] [TRT] Check verbose logs for the list of affected weights.
[03/03/2026-10:58:38] [W] [TRT] - 6 weights are affected by this issue: Detected subnormal FP16 values.
[03/03/2026-10:58:38] [I] [TRT] [MemUsageChange] TensorRT-managed allocation in building engine: CPU +0, GPU +4, now: CPU 0, GPU 4 (MiB)
[03/03/2026-10:58:38] [I] Engine built in 42.6326 sec.
[03/03/2026-10:58:38] [I] [TRT] Loaded engine size: 0 MiB
[03/03/2026-10:58:38] [I] [TRT] [MemUsageChange] TensorRT-managed allocation in engine deserialization: CPU +0, GPU +0, now: CPU 0, GPU 0 (MiB)
[03/03/2026-10:58:38] [I] Engine deserialized in 0.00823758 sec.
[03/03/2026-10:58:38] [I] [TRT] [MemUsageChange] TensorRT-managed allocation in IExecutionContext creation: CPU +0, GPU +11, now: CPU 0, GPU 11 (MiB)
[03/03/2026-10:58:38] [I] Setting persistentCacheLimit to 0 bytes.
[03/03/2026-10:58:38] [I] Using random values for input input
[03/03/2026-10:58:38] [I] Created input binding for input with dimensions 96x120
[03/03/2026-10:58:38] [I] Using random values for output capacity
[03/03/2026-10:58:38] [I] Created output binding for capacity with dimensions 96
[03/03/2026-10:58:38] [I] [TRT] The profiling verbosity was set to ProfilingVerbosity::kLAYER_NAMES_ONLY when the engine was built, so only the layer names will be returned. Rebuild the engine with ProfilingVerbosity::kDETAILED to get more verbose layer information.
[03/03/2026-10:58:38] [I] Starting inference
[03/03/2026-10:58:42] [I] Warmup completed 27 queries over 200 ms
[03/03/2026-10:58:42] [I] Timing trace has 410 queries over 3.01585 s
[03/03/2026-10:58:42] [I] 
[03/03/2026-10:58:42] [I] === Trace details ===
[03/03/2026-10:58:42] [I] Trace averages of 10 runs:
[03/03/2026-10:58:42] [I] Average on 10 runs - GPU latency: 7.3252 ms - Host latency: 7.3252 ms (enqueue 7.3182 ms)
[03/03/2026-10:58:42] [I] Average on 10 runs - GPU latency: 7.33148 ms - Host latency: 7.33148 ms (enqueue 7.32467 ms)
[03/03/2026-10:58:42] [I] Average on 10 runs - GPU latency: 7.32835 ms - Host latency: 7.32835 ms (enqueue 7.32173 ms)
[03/03/2026-10:58:42] [I] Average on 10 runs - GPU latency: 7.3556 ms - Host latency: 7.3556 ms (enqueue 7.34736 ms)
[03/03/2026-10:58:42] [I] Average on 10 runs - GPU latency: 7.36553 ms - Host latency: 7.36553 ms (enqueue 7.35709 ms)
[03/03/2026-10:58:42] [I] Average on 10 runs - GPU latency: 7.32147 ms - Host latency: 7.32147 ms (enqueue 7.31466 ms)
[03/03/2026-10:58:42] [I] Average on 10 runs - GPU latency: 7.31962 ms - Host latency: 7.31962 ms (enqueue 7.34161 ms)
[03/03/2026-10:58:42] [I] Average on 10 runs - GPU latency: 7.31719 ms - Host latency: 7.31719 ms (enqueue 7.31014 ms)
[03/03/2026-10:58:42] [I] Average on 10 runs - GPU latency: 7.32268 ms - Host latency: 7.32268 ms (enqueue 7.31588 ms)
[03/03/2026-10:58:42] [I] Average on 10 runs - GPU latency: 7.31982 ms - Host latency: 7.31982 ms (enqueue 7.31301 ms)
[03/03/2026-10:58:42] [I] Average on 10 runs - GPU latency: 7.31915 ms - Host latency: 7.31915 ms (enqueue 7.31212 ms)
[03/03/2026-10:58:42] [I] Average on 10 runs - GPU latency: 7.32213 ms - Host latency: 7.32213 ms (enqueue 7.31512 ms)
[03/03/2026-10:58:42] [I] Average on 10 runs - GPU latency: 7.35596 ms - Host latency: 7.35596 ms (enqueue 7.34812 ms)
[03/03/2026-10:58:42] [I] Average on 10 runs - GPU latency: 7.383 ms - Host latency: 7.383 ms (enqueue 7.37355 ms)
[03/03/2026-10:58:42] [I] Average on 10 runs - GPU latency: 7.36144 ms - Host latency: 7.36144 ms (enqueue 7.35331 ms)
[03/03/2026-10:58:42] [I] Average on 10 runs - GPU latency: 7.39065 ms - Host latency: 7.39065 ms (enqueue 7.38113 ms)
[03/03/2026-10:58:42] [I] Average on 10 runs - GPU latency: 7.33192 ms - Host latency: 7.33192 ms (enqueue 7.32452 ms)
[03/03/2026-10:58:42] [I] Average on 10 runs - GPU latency: 7.32841 ms - Host latency: 7.32841 ms (enqueue 7.32196 ms)
[03/03/2026-10:58:42] [I] Average on 10 runs - GPU latency: 7.42647 ms - Host latency: 7.42647 ms (enqueue 7.41547 ms)
[03/03/2026-10:58:42] [I] Average on 10 runs - GPU latency: 7.31707 ms - Host latency: 7.31707 ms (enqueue 7.31013 ms)
[03/03/2026-10:58:42] [I] Average on 10 runs - GPU latency: 7.34932 ms - Host latency: 7.34932 ms (enqueue 7.34143 ms)
[03/03/2026-10:58:42] [I] Average on 10 runs - GPU latency: 7.32699 ms - Host latency: 7.32699 ms (enqueue 7.32019 ms)
[03/03/2026-10:58:42] [I] Average on 10 runs - GPU latency: 7.32495 ms - Host latency: 7.32495 ms (enqueue 7.31851 ms)
[03/03/2026-10:58:42] [I] Average on 10 runs - GPU latency: 7.36331 ms - Host latency: 7.36331 ms (enqueue 7.38491 ms)
[03/03/2026-10:58:42] [I] Average on 10 runs - GPU latency: 7.32998 ms - Host latency: 7.32998 ms (enqueue 7.32324 ms)
[03/03/2026-10:58:42] [I] Average on 10 runs - GPU latency: 7.32673 ms - Host latency: 7.32673 ms (enqueue 7.32007 ms)
[03/03/2026-10:58:42] [I] Average on 10 runs - GPU latency: 7.35264 ms - Host latency: 7.35264 ms (enqueue 7.34443 ms)
[03/03/2026-10:58:42] [I] Average on 10 runs - GPU latency: 7.32119 ms - Host latency: 7.32119 ms (enqueue 7.31421 ms)
[03/03/2026-10:58:42] [I] Average on 10 runs - GPU latency: 7.3186 ms - Host latency: 7.3186 ms (enqueue 7.34099 ms)
[03/03/2026-10:58:42] [I] Average on 10 runs - GPU latency: 7.31665 ms - Host latency: 7.31665 ms (enqueue 7.31001 ms)
[03/03/2026-10:58:42] [I] Average on 10 runs - GPU latency: 7.36208 ms - Host latency: 7.36208 ms (enqueue 7.35342 ms)
[03/03/2026-10:58:42] [I] Average on 10 runs - GPU latency: 7.35173 ms - Host latency: 7.35173 ms (enqueue 7.3145 ms)
[03/03/2026-10:58:42] [I] Average on 10 runs - GPU latency: 7.32065 ms - Host latency: 7.32065 ms (enqueue 7.34224 ms)
[03/03/2026-10:58:42] [I] Average on 10 runs - GPU latency: 7.31421 ms - Host latency: 7.31421 ms (enqueue 7.30745 ms)
[03/03/2026-10:58:42] [I] Average on 10 runs - GPU latency: 7.50864 ms - Host latency: 7.50864 ms (enqueue 7.49309 ms)
[03/03/2026-10:58:42] [I] Average on 10 runs - GPU latency: 7.33516 ms - Host latency: 7.33516 ms (enqueue 7.32805 ms)
[03/03/2026-10:58:42] [I] Average on 10 runs - GPU latency: 7.32854 ms - Host latency: 7.32854 ms (enqueue 7.3217 ms)
[03/03/2026-10:58:42] [I] Average on 10 runs - GPU latency: 7.32312 ms - Host latency: 7.32312 ms (enqueue 7.31609 ms)
[03/03/2026-10:58:42] [I] Average on 10 runs - GPU latency: 7.35798 ms - Host latency: 7.35798 ms (enqueue 7.32021 ms)
[03/03/2026-10:58:42] [I] Average on 10 runs - GPU latency: 7.32551 ms - Host latency: 7.32551 ms (enqueue 7.34783 ms)
[03/03/2026-10:58:42] [I] Average on 10 runs - GPU latency: 7.31572 ms - Host latency: 7.31572 ms (enqueue 7.30908 ms)
[03/03/2026-10:58:42] [I] 
[03/03/2026-10:58:42] [I] === Performance summary ===
[03/03/2026-10:58:42] [I] Throughput: 135.948 qps
[03/03/2026-10:58:42] [I] Latency: min = 7.28979 ms, max = 7.69946 ms, mean = 7.34188 ms, median = 7.32158 ms, percentile(90%) = 7.37085 ms, percentile(95%) = 7.60828 ms, percentile(99%) = 7.6582 ms
[03/03/2026-10:58:42] [I] Enqueue Time: min = 7.28369 ms, max = 7.69653 ms, mean = 7.33638 ms, median = 7.31445 ms, percentile(90%) = 7.36499 ms, percentile(95%) = 7.59863 ms, percentile(99%) = 7.63 ms
[03/03/2026-10:58:42] [I] H2D Latency: min = 0 ms, max = 0 ms, mean = 0 ms, median = 0 ms, percentile(90%) = 0 ms, percentile(95%) = 0 ms, percentile(99%) = 0 ms
[03/03/2026-10:58:42] [I] GPU Compute Time: min = 7.28979 ms, max = 7.69946 ms, mean = 7.34188 ms, median = 7.32158 ms, percentile(90%) = 7.37085 ms, percentile(95%) = 7.60828 ms, percentile(99%) = 7.6582 ms
[03/03/2026-10:58:42] [I] D2H Latency: min = 0 ms, max = 0 ms, mean = 0 ms, median = 0 ms, percentile(90%) = 0 ms, percentile(95%) = 0 ms, percentile(99%) = 0 ms
[03/03/2026-10:58:42] [I] Total Host Walltime: 3.01585 s
[03/03/2026-10:58:42] [I] Total GPU Compute Time: 3.01017 s
[03/03/2026-10:58:42] [W] * Throughput may be bound by Enqueue Time rather than GPU Compute and the GPU may be under-utilized.
[03/03/2026-10:58:42] [W]   If not already in use, --useCudaGraph (utilize CUDA graphs where possible) may increase the throughput.
[03/03/2026-10:58:42] [I] Explanations of the performance metrics are printed in the verbose logs.
[03/03/2026-10:58:42] [I] 
&&&& PASSED TensorRT.trtexec [TensorRT v8502] # /usr/src/tensorrt/bin/trtexec --onnx=/home/user/Edge-ML/models/v5/CNN-LSTM/bs96/CNN-LSTM.onnx --saveEngine=/home/user/Edge-ML/models/v5/CNN-LSTM/bs96/CNN-LSTM_int8.engine --int8 --fp16 --exportLayerInfo=/home/user/Edge-ML/models/v5/CNN-LSTM/bs96/logs/quantisation_int8_layers.json --memPoolSize=workspace:4096MiB --tacticSources=+CUBLAS,+CUBLAS_LT,+CUDNN --noDataTransfers --calib=/home/user/Edge-ML/models/v5/CNN-LSTM/bs96/CNN-LSTM.cache
