/usr/src/tensorrt/bin/trtexec --onnx=/home/user/Edge-ML/models/v5/CNN-LSTM/bs96/CNN-LSTM.onnx --saveEngine=/home/user/Edge-ML/models/v5/CNN-LSTM/bs96/CNN-LSTM_fp16.engine --fp16 --exportLayerInfo=/home/user/Edge-ML/models/v5/CNN-LSTM/bs96/logs/quantisation_fp16_layers.json --memPoolSize=workspace:4096MiB --tacticSources=+CUBLAS,+CUBLAS_LT,+CUDNN --noDataTransfers

&&&& RUNNING TensorRT.trtexec [TensorRT v8502] # /usr/src/tensorrt/bin/trtexec --onnx=/home/user/Edge-ML/models/v5/CNN-LSTM/bs96/CNN-LSTM.onnx --saveEngine=/home/user/Edge-ML/models/v5/CNN-LSTM/bs96/CNN-LSTM_fp16.engine --fp16 --exportLayerInfo=/home/user/Edge-ML/models/v5/CNN-LSTM/bs96/logs/quantisation_fp16_layers.json --memPoolSize=workspace:4096MiB --tacticSources=+CUBLAS,+CUBLAS_LT,+CUDNN --noDataTransfers
[03/03/2026-10:57:19] [I] === Model Options ===
[03/03/2026-10:57:19] [I] Format: ONNX
[03/03/2026-10:57:19] [I] Model: /home/user/Edge-ML/models/v5/CNN-LSTM/bs96/CNN-LSTM.onnx
[03/03/2026-10:57:19] [I] Output:
[03/03/2026-10:57:19] [I] === Build Options ===
[03/03/2026-10:57:19] [I] Max batch: explicit batch
[03/03/2026-10:57:19] [I] Memory Pools: workspace: 4096 MiB, dlaSRAM: default, dlaLocalDRAM: default, dlaGlobalDRAM: default
[03/03/2026-10:57:19] [I] minTiming: 1
[03/03/2026-10:57:19] [I] avgTiming: 8
[03/03/2026-10:57:19] [I] Precision: FP32+FP16
[03/03/2026-10:57:19] [I] LayerPrecisions: 
[03/03/2026-10:57:19] [I] Calibration: 
[03/03/2026-10:57:19] [I] Refit: Disabled
[03/03/2026-10:57:19] [I] Sparsity: Disabled
[03/03/2026-10:57:19] [I] Safe mode: Disabled
[03/03/2026-10:57:19] [I] DirectIO mode: Disabled
[03/03/2026-10:57:19] [I] Restricted mode: Disabled
[03/03/2026-10:57:19] [I] Build only: Disabled
[03/03/2026-10:57:19] [I] Save engine: /home/user/Edge-ML/models/v5/CNN-LSTM/bs96/CNN-LSTM_fp16.engine
[03/03/2026-10:57:19] [I] Load engine: 
[03/03/2026-10:57:19] [I] Profiling verbosity: 0
[03/03/2026-10:57:19] [I] Tactic sources: cublas [ON], cublasLt [ON], cudnn [ON], 
[03/03/2026-10:57:19] [I] timingCacheMode: local
[03/03/2026-10:57:19] [I] timingCacheFile: 
[03/03/2026-10:57:19] [I] Heuristic: Disabled
[03/03/2026-10:57:19] [I] Preview Features: Use default preview flags.
[03/03/2026-10:57:19] [I] Input(s)s format: fp32:CHW
[03/03/2026-10:57:19] [I] Output(s)s format: fp32:CHW
[03/03/2026-10:57:19] [I] Input build shapes: model
[03/03/2026-10:57:19] [I] Input calibration shapes: model
[03/03/2026-10:57:19] [I] === System Options ===
[03/03/2026-10:57:19] [I] Device: 0
[03/03/2026-10:57:19] [I] DLACore: 
[03/03/2026-10:57:19] [I] Plugins:
[03/03/2026-10:57:19] [I] === Inference Options ===
[03/03/2026-10:57:19] [I] Batch: Explicit
[03/03/2026-10:57:19] [I] Input inference shapes: model
[03/03/2026-10:57:19] [I] Iterations: 10
[03/03/2026-10:57:19] [I] Duration: 3s (+ 200ms warm up)
[03/03/2026-10:57:19] [I] Sleep time: 0ms
[03/03/2026-10:57:19] [I] Idle time: 0ms
[03/03/2026-10:57:19] [I] Streams: 1
[03/03/2026-10:57:19] [I] ExposeDMA: Disabled
[03/03/2026-10:57:19] [I] Data transfers: Disabled
[03/03/2026-10:57:19] [I] Spin-wait: Disabled
[03/03/2026-10:57:19] [I] Multithreading: Disabled
[03/03/2026-10:57:19] [I] CUDA Graph: Disabled
[03/03/2026-10:57:19] [I] Separate profiling: Disabled
[03/03/2026-10:57:19] [I] Time Deserialize: Disabled
[03/03/2026-10:57:19] [I] Time Refit: Disabled
[03/03/2026-10:57:19] [I] NVTX verbosity: 0
[03/03/2026-10:57:19] [I] Persistent Cache Ratio: 0
[03/03/2026-10:57:19] [I] Inputs:
[03/03/2026-10:57:19] [I] === Reporting Options ===
[03/03/2026-10:57:19] [I] Verbose: Disabled
[03/03/2026-10:57:19] [I] Averages: 10 inferences
[03/03/2026-10:57:19] [I] Percentiles: 90,95,99
[03/03/2026-10:57:19] [I] Dump refittable layers:Disabled
[03/03/2026-10:57:19] [I] Dump output: Disabled
[03/03/2026-10:57:19] [I] Profile: Disabled
[03/03/2026-10:57:19] [I] Export timing to JSON file: 
[03/03/2026-10:57:19] [I] Export output to JSON file: 
[03/03/2026-10:57:19] [I] Export profile to JSON file: 
[03/03/2026-10:57:19] [I] 
[03/03/2026-10:57:19] [I] === Device Information ===
[03/03/2026-10:57:19] [I] Selected Device: Orin
[03/03/2026-10:57:19] [I] Compute Capability: 8.7
[03/03/2026-10:57:19] [I] SMs: 4
[03/03/2026-10:57:19] [I] Compute Clock Rate: 0.624 GHz
[03/03/2026-10:57:19] [I] Device Global Memory: 3425 MiB
[03/03/2026-10:57:19] [I] Shared Memory per SM: 164 KiB
[03/03/2026-10:57:19] [I] Memory Bus Width: 128 bits (ECC disabled)
[03/03/2026-10:57:19] [I] Memory Clock Rate: 0.624 GHz
[03/03/2026-10:57:19] [I] 
[03/03/2026-10:57:19] [I] TensorRT version: 8.5.2
[03/03/2026-10:57:20] [I] [TRT] [MemUsageChange] Init CUDA: CPU +220, GPU +0, now: CPU 249, GPU 1576 (MiB)
[03/03/2026-10:57:22] [I] [TRT] [MemUsageChange] Init builder kernel library: CPU +302, GPU +165, now: CPU 574, GPU 1739 (MiB)
[03/03/2026-10:57:22] [I] Start parsing network model
[03/03/2026-10:57:22] [I] [TRT] ----------------------------------------------------------------
[03/03/2026-10:57:22] [I] [TRT] Input filename:   /home/user/Edge-ML/models/v5/CNN-LSTM/bs96/CNN-LSTM.onnx
[03/03/2026-10:57:22] [I] [TRT] ONNX IR version:  0.0.7
[03/03/2026-10:57:22] [I] [TRT] Opset version:    12
[03/03/2026-10:57:22] [I] [TRT] Producer name:    pytorch
[03/03/2026-10:57:22] [I] [TRT] Producer version: 2.5.1
[03/03/2026-10:57:22] [I] [TRT] Domain:           
[03/03/2026-10:57:22] [I] [TRT] Model version:    0
[03/03/2026-10:57:22] [I] [TRT] Doc string:       
[03/03/2026-10:57:22] [I] [TRT] ----------------------------------------------------------------
[03/03/2026-10:57:22] [W] [TRT] onnx2trt_utils.cpp:375: Your ONNX model has been generated with INT64 weights, while TensorRT does not natively support INT64. Attempting to cast down to INT32.
[03/03/2026-10:57:22] [I] Finish parsing network model
[03/03/2026-10:57:22] [I] [TRT] ---------- Layers Running on DLA ----------
[03/03/2026-10:57:22] [I] [TRT] ---------- Layers Running on GPU ----------
[03/03/2026-10:57:22] [I] [TRT] [GpuLayer] SHUFFLE: /Unsqueeze + (Unnamed Layer* 1) [Shuffle]
[03/03/2026-10:57:22] [I] [TRT] [GpuLayer] SHUFFLE: shuffle_between_(Unnamed Layer* 1) [Shuffle]_output_and_/cnn/cnn.0/Conv + /cnn/cnn.2/Relu
[03/03/2026-10:57:22] [I] [TRT] [GpuLayer] CONVOLUTION: /cnn/cnn.0/Conv + /cnn/cnn.2/Relu
[03/03/2026-10:57:22] [I] [TRT] [GpuLayer] SHUFFLE: shuffle_after_/cnn/cnn.2/Relu_out_tensor
[03/03/2026-10:57:22] [I] [TRT] [GpuLayer] SHUFFLE: shuffle_between_/cnn/cnn.2/Relu_out_tensor_and_/cnn/cnn.4/Conv + /cnn/cnn.6/Relu
[03/03/2026-10:57:22] [I] [TRT] [GpuLayer] CONVOLUTION: /cnn/cnn.4/Conv + /cnn/cnn.6/Relu
[03/03/2026-10:57:22] [I] [TRT] [GpuLayer] SHUFFLE: shuffle_after_/cnn/cnn.6/Relu_out_tensor
[03/03/2026-10:57:22] [I] [TRT] [GpuLayer] SHUFFLE: shuffle_between_/cnn/cnn.6/Relu_out_tensor_and_/cnn/cnn.8/Conv
[03/03/2026-10:57:22] [I] [TRT] [GpuLayer] CONVOLUTION: /cnn/cnn.8/Conv
[03/03/2026-10:57:22] [I] [TRT] [GpuLayer] SHUFFLE: shuffle_after_(Unnamed Layer* 10) [Convolution]_output
[03/03/2026-10:57:22] [I] [TRT] [GpuLayer] MYELIN: {ForeignNode[onnx::LSTM_252.../Squeeze]}
[03/03/2026-10:57:24] [I] [TRT] [MemUsageChange] Init cuBLAS/cuBLASLt: CPU +534, GPU +832, now: CPU 1109, GPU 2573 (MiB)
[03/03/2026-10:57:24] [I] [TRT] [MemUsageChange] Init cuDNN: CPU +83, GPU +22, now: CPU 1192, GPU 2595 (MiB)
[03/03/2026-10:57:24] [I] [TRT] Local timing cache in use. Profiling results in this builder pass will not be stored.
[03/03/2026-10:57:34] [W] [TRT] Tactic Device request: 392MB Available: 377MB. Device memory is insufficient to use tactic.
[03/03/2026-10:57:34] [W] [TRT] Skipping tactic 3 due to insufficient memory on requested size of 392 detected for tactic 0x0000000000000004.
Try decreasing the workspace size with IBuilderConfig::setMemoryPoolLimit().
[03/03/2026-10:57:34] [W] [TRT] Tactic Device request: 392MB Available: 376MB. Device memory is insufficient to use tactic.
[03/03/2026-10:57:34] [W] [TRT] Skipping tactic 8 due to insufficient memory on requested size of 392 detected for tactic 0x000000000000003c.
Try decreasing the workspace size with IBuilderConfig::setMemoryPoolLimit().
[03/03/2026-10:57:34] [W] [TRT] Tactic Device request: 392MB Available: 376MB. Device memory is insufficient to use tactic.
[03/03/2026-10:57:34] [W] [TRT] Skipping tactic 13 due to insufficient memory on requested size of 392 detected for tactic 0x0000000000000074.
Try decreasing the workspace size with IBuilderConfig::setMemoryPoolLimit().
[03/03/2026-10:57:35] [W] [TRT] Tactic Device request: 391MB Available: 376MB. Device memory is insufficient to use tactic.
[03/03/2026-10:57:35] [W] [TRT] Skipping tactic 3 due to insufficient memory on requested size of 391 detected for tactic 0x0000000000000004.
Try decreasing the workspace size with IBuilderConfig::setMemoryPoolLimit().
[03/03/2026-10:57:35] [W] [TRT] Tactic Device request: 391MB Available: 376MB. Device memory is insufficient to use tactic.
[03/03/2026-10:57:35] [W] [TRT] Skipping tactic 7 due to insufficient memory on requested size of 391 detected for tactic 0x000000000000003c.
Try decreasing the workspace size with IBuilderConfig::setMemoryPoolLimit().
[03/03/2026-10:57:36] [W] [TRT] Tactic Device request: 784MB Available: 476MB. Device memory is insufficient to use tactic.
[03/03/2026-10:57:36] [W] [TRT] Skipping tactic 3 due to insufficient memory on requested size of 784 detected for tactic 0x0000000000000004.
Try decreasing the workspace size with IBuilderConfig::setMemoryPoolLimit().
[03/03/2026-10:57:36] [W] [TRT] Tactic Device request: 784MB Available: 476MB. Device memory is insufficient to use tactic.
[03/03/2026-10:57:36] [W] [TRT] Skipping tactic 8 due to insufficient memory on requested size of 784 detected for tactic 0x000000000000003c.
Try decreasing the workspace size with IBuilderConfig::setMemoryPoolLimit().
[03/03/2026-10:57:36] [W] [TRT] Tactic Device request: 784MB Available: 476MB. Device memory is insufficient to use tactic.
[03/03/2026-10:57:36] [W] [TRT] Skipping tactic 13 due to insufficient memory on requested size of 784 detected for tactic 0x0000000000000074.
Try decreasing the workspace size with IBuilderConfig::setMemoryPoolLimit().
[03/03/2026-10:57:37] [W] [TRT] Tactic Device request: 782MB Available: 475MB. Device memory is insufficient to use tactic.
[03/03/2026-10:57:37] [W] [TRT] Skipping tactic 3 due to insufficient memory on requested size of 782 detected for tactic 0x0000000000000004.
Try decreasing the workspace size with IBuilderConfig::setMemoryPoolLimit().
[03/03/2026-10:57:37] [W] [TRT] Tactic Device request: 782MB Available: 475MB. Device memory is insufficient to use tactic.
[03/03/2026-10:57:37] [W] [TRT] Skipping tactic 7 due to insufficient memory on requested size of 782 detected for tactic 0x000000000000003c.
Try decreasing the workspace size with IBuilderConfig::setMemoryPoolLimit().
[03/03/2026-10:57:50] [I] [TRT] Total Activation Memory: 4297644032
[03/03/2026-10:57:50] [I] [TRT] Detected 1 inputs and 1 output network tensors.
[03/03/2026-10:57:50] [I] [TRT] Total Host Persistent Memory: 9568
[03/03/2026-10:57:50] [I] [TRT] Total Device Persistent Memory: 0
[03/03/2026-10:57:50] [I] [TRT] Total Scratch Memory: 10437632
[03/03/2026-10:57:50] [I] [TRT] [MemUsageStats] Peak memory usage of TRT CPU/GPU memory allocators: CPU 0 MiB, GPU 199 MiB
[03/03/2026-10:57:50] [I] [TRT] [BlockAssignment] Started assigning block shifts. This will take 13 steps to complete.
[03/03/2026-10:57:50] [I] [TRT] [BlockAssignment] Algorithm ShiftNTopDown took 0.248807ms to assign 4 blocks to 13 nodes requiring 11913216 bytes.
[03/03/2026-10:57:50] [I] [TRT] Total Activation Memory: 11913216
[03/03/2026-10:57:50] [W] [TRT] TensorRT encountered issues when converting weights between types and that could affect accuracy.
[03/03/2026-10:57:50] [W] [TRT] If this is not the desired behavior, please modify the weights or retrain with regularization to adjust the magnitude of the weights.
[03/03/2026-10:57:50] [W] [TRT] Check verbose logs for the list of affected weights.
[03/03/2026-10:57:50] [W] [TRT] - 6 weights are affected by this issue: Detected subnormal FP16 values.
[03/03/2026-10:57:50] [I] [TRT] [MemUsageChange] TensorRT-managed allocation in building engine: CPU +0, GPU +4, now: CPU 0, GPU 4 (MiB)
[03/03/2026-10:57:50] [I] Engine built in 31.5515 sec.
[03/03/2026-10:57:51] [I] [TRT] Loaded engine size: 0 MiB
[03/03/2026-10:57:51] [I] [TRT] [MemUsageChange] TensorRT-managed allocation in engine deserialization: CPU +0, GPU +0, now: CPU 0, GPU 0 (MiB)
[03/03/2026-10:57:51] [I] Engine deserialized in 0.00830253 sec.
[03/03/2026-10:57:51] [I] [TRT] [MemUsageChange] TensorRT-managed allocation in IExecutionContext creation: CPU +0, GPU +11, now: CPU 0, GPU 11 (MiB)
[03/03/2026-10:57:51] [I] Setting persistentCacheLimit to 0 bytes.
[03/03/2026-10:57:51] [I] Using random values for input input
[03/03/2026-10:57:51] [I] Created input binding for input with dimensions 96x120
[03/03/2026-10:57:51] [I] Using random values for output capacity
[03/03/2026-10:57:51] [I] Created output binding for capacity with dimensions 96
[03/03/2026-10:57:51] [I] [TRT] The profiling verbosity was set to ProfilingVerbosity::kLAYER_NAMES_ONLY when the engine was built, so only the layer names will be returned. Rebuild the engine with ProfilingVerbosity::kDETAILED to get more verbose layer information.
[03/03/2026-10:57:51] [I] Starting inference
[03/03/2026-10:57:54] [I] Warmup completed 27 queries over 200 ms
[03/03/2026-10:57:54] [I] Timing trace has 411 queries over 3.01985 s
[03/03/2026-10:57:54] [I] 
[03/03/2026-10:57:54] [I] === Trace details ===
[03/03/2026-10:57:54] [I] Trace averages of 10 runs:
[03/03/2026-10:57:54] [I] Average on 10 runs - GPU latency: 7.33258 ms - Host latency: 7.33258 ms (enqueue 7.32558 ms)
[03/03/2026-10:57:54] [I] Average on 10 runs - GPU latency: 7.33568 ms - Host latency: 7.33568 ms (enqueue 7.35823 ms)
[03/03/2026-10:57:54] [I] Average on 10 runs - GPU latency: 7.33022 ms - Host latency: 7.33022 ms (enqueue 7.32331 ms)
[03/03/2026-10:57:54] [I] Average on 10 runs - GPU latency: 7.33297 ms - Host latency: 7.33297 ms (enqueue 7.32565 ms)
[03/03/2026-10:57:54] [I] Average on 10 runs - GPU latency: 7.339 ms - Host latency: 7.339 ms (enqueue 7.33194 ms)
[03/03/2026-10:57:54] [I] Average on 10 runs - GPU latency: 7.33032 ms - Host latency: 7.33032 ms (enqueue 7.32367 ms)
[03/03/2026-10:57:54] [I] Average on 10 runs - GPU latency: 7.33769 ms - Host latency: 7.33769 ms (enqueue 7.33051 ms)
[03/03/2026-10:57:54] [I] Average on 10 runs - GPU latency: 7.33118 ms - Host latency: 7.33118 ms (enqueue 7.3246 ms)
[03/03/2026-10:57:54] [I] Average on 10 runs - GPU latency: 7.32941 ms - Host latency: 7.32941 ms (enqueue 7.3232 ms)
[03/03/2026-10:57:54] [I] Average on 10 runs - GPU latency: 7.33318 ms - Host latency: 7.33318 ms (enqueue 7.32686 ms)
[03/03/2026-10:57:54] [I] Average on 10 runs - GPU latency: 7.34181 ms - Host latency: 7.34181 ms (enqueue 7.33516 ms)
[03/03/2026-10:57:54] [I] Average on 10 runs - GPU latency: 7.33839 ms - Host latency: 7.33839 ms (enqueue 7.33204 ms)
[03/03/2026-10:57:54] [I] Average on 10 runs - GPU latency: 7.34092 ms - Host latency: 7.34092 ms (enqueue 7.33468 ms)
[03/03/2026-10:57:54] [I] Average on 10 runs - GPU latency: 7.33291 ms - Host latency: 7.33291 ms (enqueue 7.32661 ms)
[03/03/2026-10:57:54] [I] Average on 10 runs - GPU latency: 7.33236 ms - Host latency: 7.33236 ms (enqueue 7.32582 ms)
[03/03/2026-10:57:54] [I] Average on 10 runs - GPU latency: 7.33427 ms - Host latency: 7.33427 ms (enqueue 7.32797 ms)
[03/03/2026-10:57:54] [I] Average on 10 runs - GPU latency: 7.32869 ms - Host latency: 7.32869 ms (enqueue 7.32208 ms)
[03/03/2026-10:57:54] [I] Average on 10 runs - GPU latency: 7.33213 ms - Host latency: 7.33213 ms (enqueue 7.32551 ms)
[03/03/2026-10:57:54] [I] Average on 10 runs - GPU latency: 7.33389 ms - Host latency: 7.33389 ms (enqueue 7.32772 ms)
[03/03/2026-10:57:54] [I] Average on 10 runs - GPU latency: 7.32833 ms - Host latency: 7.32833 ms (enqueue 7.32202 ms)
[03/03/2026-10:57:54] [I] Average on 10 runs - GPU latency: 7.33473 ms - Host latency: 7.33473 ms (enqueue 7.32838 ms)
[03/03/2026-10:57:54] [I] Average on 10 runs - GPU latency: 7.33278 ms - Host latency: 7.33278 ms (enqueue 7.35446 ms)
[03/03/2026-10:57:54] [I] Average on 10 runs - GPU latency: 7.33107 ms - Host latency: 7.33107 ms (enqueue 7.32476 ms)
[03/03/2026-10:57:54] [I] Average on 10 runs - GPU latency: 7.32949 ms - Host latency: 7.32949 ms (enqueue 7.3231 ms)
[03/03/2026-10:57:54] [I] Average on 10 runs - GPU latency: 7.33626 ms - Host latency: 7.33626 ms (enqueue 7.3301 ms)
[03/03/2026-10:57:54] [I] Average on 10 runs - GPU latency: 7.337 ms - Host latency: 7.337 ms (enqueue 7.33055 ms)
[03/03/2026-10:57:54] [I] Average on 10 runs - GPU latency: 7.33369 ms - Host latency: 7.33369 ms (enqueue 7.32688 ms)
[03/03/2026-10:57:54] [I] Average on 10 runs - GPU latency: 7.3366 ms - Host latency: 7.3366 ms (enqueue 7.32996 ms)
[03/03/2026-10:57:54] [I] Average on 10 runs - GPU latency: 7.33784 ms - Host latency: 7.33784 ms (enqueue 7.32996 ms)
[03/03/2026-10:57:54] [I] Average on 10 runs - GPU latency: 7.33135 ms - Host latency: 7.33135 ms (enqueue 7.325 ms)
[03/03/2026-10:57:54] [I] Average on 10 runs - GPU latency: 7.33149 ms - Host latency: 7.33149 ms (enqueue 7.32478 ms)
[03/03/2026-10:57:54] [I] Average on 10 runs - GPU latency: 7.34099 ms - Host latency: 7.34099 ms (enqueue 7.3342 ms)
[03/03/2026-10:57:54] [I] Average on 10 runs - GPU latency: 7.33394 ms - Host latency: 7.33394 ms (enqueue 7.32727 ms)
[03/03/2026-10:57:54] [I] Average on 10 runs - GPU latency: 7.36091 ms - Host latency: 7.36091 ms (enqueue 7.35342 ms)
[03/03/2026-10:57:54] [I] Average on 10 runs - GPU latency: 7.32778 ms - Host latency: 7.32778 ms (enqueue 7.32136 ms)
[03/03/2026-10:57:54] [I] Average on 10 runs - GPU latency: 7.32766 ms - Host latency: 7.32766 ms (enqueue 7.32141 ms)
[03/03/2026-10:57:54] [I] Average on 10 runs - GPU latency: 7.33418 ms - Host latency: 7.33418 ms (enqueue 7.32795 ms)
[03/03/2026-10:57:54] [I] Average on 10 runs - GPU latency: 7.33064 ms - Host latency: 7.33064 ms (enqueue 7.32434 ms)
[03/03/2026-10:57:54] [I] Average on 10 runs - GPU latency: 7.33035 ms - Host latency: 7.33035 ms (enqueue 7.32395 ms)
[03/03/2026-10:57:54] [I] Average on 10 runs - GPU latency: 7.33115 ms - Host latency: 7.33115 ms (enqueue 7.32507 ms)
[03/03/2026-10:57:54] [I] Average on 10 runs - GPU latency: 7.33635 ms - Host latency: 7.33635 ms (enqueue 7.32996 ms)
[03/03/2026-10:57:54] [I] 
[03/03/2026-10:57:54] [I] === Performance summary ===
[03/03/2026-10:57:54] [I] Throughput: 136.1 qps
[03/03/2026-10:57:54] [I] Latency: min = 7.30383 ms, max = 7.62939 ms, mean = 7.33419 ms, median = 7.33313 ms, percentile(90%) = 7.34546 ms, percentile(95%) = 7.35083 ms, percentile(99%) = 7.36218 ms
[03/03/2026-10:57:54] [I] Enqueue Time: min = 7.29736 ms, max = 7.61777 ms, mean = 7.32901 ms, median = 7.32666 ms, percentile(90%) = 7.33899 ms, percentile(95%) = 7.34473 ms, percentile(99%) = 7.36475 ms
[03/03/2026-10:57:54] [I] H2D Latency: min = 0 ms, max = 0 ms, mean = 0 ms, median = 0 ms, percentile(90%) = 0 ms, percentile(95%) = 0 ms, percentile(99%) = 0 ms
[03/03/2026-10:57:54] [I] GPU Compute Time: min = 7.30383 ms, max = 7.62939 ms, mean = 7.33419 ms, median = 7.33313 ms, percentile(90%) = 7.34546 ms, percentile(95%) = 7.35083 ms, percentile(99%) = 7.36218 ms
[03/03/2026-10:57:54] [I] D2H Latency: min = 0 ms, max = 0 ms, mean = 0 ms, median = 0 ms, percentile(90%) = 0 ms, percentile(95%) = 0 ms, percentile(99%) = 0 ms
[03/03/2026-10:57:54] [I] Total Host Walltime: 3.01985 s
[03/03/2026-10:57:54] [I] Total GPU Compute Time: 3.01435 s
[03/03/2026-10:57:54] [W] * Throughput may be bound by Enqueue Time rather than GPU Compute and the GPU may be under-utilized.
[03/03/2026-10:57:54] [W]   If not already in use, --useCudaGraph (utilize CUDA graphs where possible) may increase the throughput.
[03/03/2026-10:57:54] [I] Explanations of the performance metrics are printed in the verbose logs.
[03/03/2026-10:57:54] [I] 
&&&& PASSED TensorRT.trtexec [TensorRT v8502] # /usr/src/tensorrt/bin/trtexec --onnx=/home/user/Edge-ML/models/v5/CNN-LSTM/bs96/CNN-LSTM.onnx --saveEngine=/home/user/Edge-ML/models/v5/CNN-LSTM/bs96/CNN-LSTM_fp16.engine --fp16 --exportLayerInfo=/home/user/Edge-ML/models/v5/CNN-LSTM/bs96/logs/quantisation_fp16_layers.json --memPoolSize=workspace:4096MiB --tacticSources=+CUBLAS,+CUBLAS_LT,+CUDNN --noDataTransfers
