/usr/src/tensorrt/bin/trtexec --onnx=/home/user/Edge-ML/models/v5/CNN-GRU/bs96/CNN-GRU.onnx --saveEngine=/home/user/Edge-ML/models/v5/CNN-GRU/bs96/CNN-GRU_int8.engine --int8 --fp16 --exportLayerInfo=/home/user/Edge-ML/models/v5/CNN-GRU/bs96/logs/quantisation_int8_layers.json --memPoolSize=workspace:4096MiB --tacticSources=+CUBLAS,+CUBLAS_LT,+CUDNN --noDataTransfers --calib=/home/user/Edge-ML/models/v5/CNN-GRU/bs96/CNN-GRU.cache

&&&& RUNNING TensorRT.trtexec [TensorRT v8502] # /usr/src/tensorrt/bin/trtexec --onnx=/home/user/Edge-ML/models/v5/CNN-GRU/bs96/CNN-GRU.onnx --saveEngine=/home/user/Edge-ML/models/v5/CNN-GRU/bs96/CNN-GRU_int8.engine --int8 --fp16 --exportLayerInfo=/home/user/Edge-ML/models/v5/CNN-GRU/bs96/logs/quantisation_int8_layers.json --memPoolSize=workspace:4096MiB --tacticSources=+CUBLAS,+CUBLAS_LT,+CUDNN --noDataTransfers --calib=/home/user/Edge-ML/models/v5/CNN-GRU/bs96/CNN-GRU.cache
[03/03/2026-10:52:50] [I] === Model Options ===
[03/03/2026-10:52:50] [I] Format: ONNX
[03/03/2026-10:52:50] [I] Model: /home/user/Edge-ML/models/v5/CNN-GRU/bs96/CNN-GRU.onnx
[03/03/2026-10:52:50] [I] Output:
[03/03/2026-10:52:50] [I] === Build Options ===
[03/03/2026-10:52:50] [I] Max batch: explicit batch
[03/03/2026-10:52:50] [I] Memory Pools: workspace: 4096 MiB, dlaSRAM: default, dlaLocalDRAM: default, dlaGlobalDRAM: default
[03/03/2026-10:52:50] [I] minTiming: 1
[03/03/2026-10:52:50] [I] avgTiming: 8
[03/03/2026-10:52:50] [I] Precision: FP32+FP16+INT8
[03/03/2026-10:52:50] [I] LayerPrecisions: 
[03/03/2026-10:52:50] [I] Calibration: /home/user/Edge-ML/models/v5/CNN-GRU/bs96/CNN-GRU.cache
[03/03/2026-10:52:50] [I] Refit: Disabled
[03/03/2026-10:52:50] [I] Sparsity: Disabled
[03/03/2026-10:52:50] [I] Safe mode: Disabled
[03/03/2026-10:52:50] [I] DirectIO mode: Disabled
[03/03/2026-10:52:50] [I] Restricted mode: Disabled
[03/03/2026-10:52:50] [I] Build only: Disabled
[03/03/2026-10:52:50] [I] Save engine: /home/user/Edge-ML/models/v5/CNN-GRU/bs96/CNN-GRU_int8.engine
[03/03/2026-10:52:50] [I] Load engine: 
[03/03/2026-10:52:50] [I] Profiling verbosity: 0
[03/03/2026-10:52:50] [I] Tactic sources: cublas [ON], cublasLt [ON], cudnn [ON], 
[03/03/2026-10:52:50] [I] timingCacheMode: local
[03/03/2026-10:52:50] [I] timingCacheFile: 
[03/03/2026-10:52:50] [I] Heuristic: Disabled
[03/03/2026-10:52:50] [I] Preview Features: Use default preview flags.
[03/03/2026-10:52:50] [I] Input(s)s format: fp32:CHW
[03/03/2026-10:52:50] [I] Output(s)s format: fp32:CHW
[03/03/2026-10:52:50] [I] Input build shapes: model
[03/03/2026-10:52:50] [I] Input calibration shapes: model
[03/03/2026-10:52:50] [I] === System Options ===
[03/03/2026-10:52:50] [I] Device: 0
[03/03/2026-10:52:50] [I] DLACore: 
[03/03/2026-10:52:50] [I] Plugins:
[03/03/2026-10:52:50] [I] === Inference Options ===
[03/03/2026-10:52:50] [I] Batch: Explicit
[03/03/2026-10:52:50] [I] Input inference shapes: model
[03/03/2026-10:52:50] [I] Iterations: 10
[03/03/2026-10:52:50] [I] Duration: 3s (+ 200ms warm up)
[03/03/2026-10:52:50] [I] Sleep time: 0ms
[03/03/2026-10:52:50] [I] Idle time: 0ms
[03/03/2026-10:52:50] [I] Streams: 1
[03/03/2026-10:52:50] [I] ExposeDMA: Disabled
[03/03/2026-10:52:50] [I] Data transfers: Disabled
[03/03/2026-10:52:50] [I] Spin-wait: Disabled
[03/03/2026-10:52:50] [I] Multithreading: Disabled
[03/03/2026-10:52:50] [I] CUDA Graph: Disabled
[03/03/2026-10:52:50] [I] Separate profiling: Disabled
[03/03/2026-10:52:50] [I] Time Deserialize: Disabled
[03/03/2026-10:52:50] [I] Time Refit: Disabled
[03/03/2026-10:52:50] [I] NVTX verbosity: 0
[03/03/2026-10:52:50] [I] Persistent Cache Ratio: 0
[03/03/2026-10:52:50] [I] Inputs:
[03/03/2026-10:52:50] [I] === Reporting Options ===
[03/03/2026-10:52:50] [I] Verbose: Disabled
[03/03/2026-10:52:50] [I] Averages: 10 inferences
[03/03/2026-10:52:50] [I] Percentiles: 90,95,99
[03/03/2026-10:52:50] [I] Dump refittable layers:Disabled
[03/03/2026-10:52:50] [I] Dump output: Disabled
[03/03/2026-10:52:50] [I] Profile: Disabled
[03/03/2026-10:52:50] [I] Export timing to JSON file: 
[03/03/2026-10:52:50] [I] Export output to JSON file: 
[03/03/2026-10:52:50] [I] Export profile to JSON file: 
[03/03/2026-10:52:50] [I] 
[03/03/2026-10:52:50] [I] === Device Information ===
[03/03/2026-10:52:50] [I] Selected Device: Orin
[03/03/2026-10:52:50] [I] Compute Capability: 8.7
[03/03/2026-10:52:50] [I] SMs: 4
[03/03/2026-10:52:50] [I] Compute Clock Rate: 0.624 GHz
[03/03/2026-10:52:50] [I] Device Global Memory: 3425 MiB
[03/03/2026-10:52:50] [I] Shared Memory per SM: 164 KiB
[03/03/2026-10:52:50] [I] Memory Bus Width: 128 bits (ECC disabled)
[03/03/2026-10:52:50] [I] Memory Clock Rate: 0.624 GHz
[03/03/2026-10:52:50] [I] 
[03/03/2026-10:52:50] [I] TensorRT version: 8.5.2
[03/03/2026-10:52:51] [I] [TRT] [MemUsageChange] Init CUDA: CPU +220, GPU +0, now: CPU 249, GPU 1545 (MiB)
[03/03/2026-10:52:53] [I] [TRT] [MemUsageChange] Init builder kernel library: CPU +302, GPU +283, now: CPU 574, GPU 1849 (MiB)
[03/03/2026-10:52:53] [I] Start parsing network model
[03/03/2026-10:52:53] [I] [TRT] ----------------------------------------------------------------
[03/03/2026-10:52:53] [I] [TRT] Input filename:   /home/user/Edge-ML/models/v5/CNN-GRU/bs96/CNN-GRU.onnx
[03/03/2026-10:52:53] [I] [TRT] ONNX IR version:  0.0.7
[03/03/2026-10:52:53] [I] [TRT] Opset version:    12
[03/03/2026-10:52:53] [I] [TRT] Producer name:    pytorch
[03/03/2026-10:52:53] [I] [TRT] Producer version: 2.5.1
[03/03/2026-10:52:53] [I] [TRT] Domain:           
[03/03/2026-10:52:53] [I] [TRT] Model version:    0
[03/03/2026-10:52:53] [I] [TRT] Doc string:       
[03/03/2026-10:52:53] [I] [TRT] ----------------------------------------------------------------
[03/03/2026-10:52:53] [W] [TRT] onnx2trt_utils.cpp:375: Your ONNX model has been generated with INT64 weights, while TensorRT does not natively support INT64. Attempting to cast down to INT32.
[03/03/2026-10:52:53] [I] Finish parsing network model
[03/03/2026-10:52:53] [I] [TRT] Reading Calibration Cache for calibrator: EntropyCalibration2
[03/03/2026-10:52:53] [I] [TRT] Generated calibration scales using calibration cache. Make sure that calibration cache has latest scales.
[03/03/2026-10:52:53] [I] [TRT] To regenerate calibration cache, please delete the existing one. TensorRT will generate a new calibration cache.
[03/03/2026-10:52:53] [W] [TRT] Missing scale and zero-point for tensor (Unnamed Layer* 21) [Constant]_output, expect fall back to non-int8 implementation for any layer consuming or producing given tensor
[03/03/2026-10:52:53] [W] [TRT] Missing scale and zero-point for tensor /gru/Expand_output_0, expect fall back to non-int8 implementation for any layer consuming or producing given tensor
[03/03/2026-10:52:53] [W] [TRT] Missing scale and zero-point for tensor (Unnamed Layer* 29) [Constant]_output, expect fall back to non-int8 implementation for any layer consuming or producing given tensor
[03/03/2026-10:52:53] [W] [TRT] Missing scale and zero-point for tensor (Unnamed Layer* 30) [Constant]_output, expect fall back to non-int8 implementation for any layer consuming or producing given tensor
[03/03/2026-10:52:53] [W] [TRT] Missing scale and zero-point for tensor (Unnamed Layer* 37) [Slice]_output, expect fall back to non-int8 implementation for any layer consuming or producing given tensor
[03/03/2026-10:52:53] [W] [TRT] Missing scale and zero-point for tensor (Unnamed Layer* 40) [Slice]_output, expect fall back to non-int8 implementation for any layer consuming or producing given tensor
[03/03/2026-10:52:53] [W] [TRT] Missing scale and zero-point for tensor (Unnamed Layer* 41) [Slice]_output, expect fall back to non-int8 implementation for any layer consuming or producing given tensor
[03/03/2026-10:52:53] [W] [TRT] Missing scale and zero-point for tensor (Unnamed Layer* 42) [Slice]_output, expect fall back to non-int8 implementation for any layer consuming or producing given tensor
[03/03/2026-10:52:53] [W] [TRT] Missing scale and zero-point for tensor (Unnamed Layer* 53) [Constant]_output, expect fall back to non-int8 implementation for any layer consuming or producing given tensor
[03/03/2026-10:52:53] [W] [TRT] Missing scale and zero-point for tensor (Unnamed Layer* 55) [Iterator]_output, expect fall back to non-int8 implementation for any layer consuming or producing given tensor
[03/03/2026-10:52:53] [W] [TRT] Missing scale and zero-point for tensor (Unnamed Layer* 56) [Shuffle]_output, expect fall back to non-int8 implementation for any layer consuming or producing given tensor
[03/03/2026-10:52:53] [W] [TRT] Missing scale and zero-point for tensor (Unnamed Layer* 57) [Recurrence]_output, expect fall back to non-int8 implementation for any layer consuming or producing given tensor
[03/03/2026-10:52:53] [W] [TRT] Missing scale and zero-point for tensor (Unnamed Layer* 58) [Matrix Multiply]_output, expect fall back to non-int8 implementation for any layer consuming or producing given tensor
[03/03/2026-10:52:53] [W] [TRT] Missing scale and zero-point for tensor (Unnamed Layer* 59) [Matrix Multiply]_output, expect fall back to non-int8 implementation for any layer consuming or producing given tensor
[03/03/2026-10:52:53] [W] [TRT] Missing scale and zero-point for tensor (Unnamed Layer* 60) [ElementWise]_output, expect fall back to non-int8 implementation for any layer consuming or producing given tensor
[03/03/2026-10:52:53] [W] [TRT] Missing scale and zero-point for tensor (Unnamed Layer* 61) [ElementWise]_output, expect fall back to non-int8 implementation for any layer consuming or producing given tensor
[03/03/2026-10:52:53] [W] [TRT] Missing scale and zero-point for tensor (Unnamed Layer* 62) [ElementWise]_output, expect fall back to non-int8 implementation for any layer consuming or producing given tensor
[03/03/2026-10:52:53] [W] [TRT] Missing scale and zero-point for tensor (Unnamed Layer* 63) [Activation]_output, expect fall back to non-int8 implementation for any layer consuming or producing given tensor
[03/03/2026-10:52:53] [W] [TRT] Missing scale and zero-point for tensor (Unnamed Layer* 64) [Slice]_output, expect fall back to non-int8 implementation for any layer consuming or producing given tensor
[03/03/2026-10:52:53] [W] [TRT] Missing scale and zero-point for tensor (Unnamed Layer* 66) [Slice]_output, expect fall back to non-int8 implementation for any layer consuming or producing given tensor
[03/03/2026-10:52:53] [W] [TRT] Missing scale and zero-point for tensor (Unnamed Layer* 68) [Matrix Multiply]_output, expect fall back to non-int8 implementation for any layer consuming or producing given tensor
[03/03/2026-10:52:53] [W] [TRT] Missing scale and zero-point for tensor (Unnamed Layer* 69) [Matrix Multiply]_output, expect fall back to non-int8 implementation for any layer consuming or producing given tensor
[03/03/2026-10:52:53] [W] [TRT] Missing scale and zero-point for tensor (Unnamed Layer* 70) [ElementWise]_output, expect fall back to non-int8 implementation for any layer consuming or producing given tensor
[03/03/2026-10:52:53] [W] [TRT] Missing scale and zero-point for tensor (Unnamed Layer* 71) [ElementWise]_output, expect fall back to non-int8 implementation for any layer consuming or producing given tensor
[03/03/2026-10:52:53] [W] [TRT] Missing scale and zero-point for tensor (Unnamed Layer* 72) [ElementWise]_output, expect fall back to non-int8 implementation for any layer consuming or producing given tensor
[03/03/2026-10:52:53] [W] [TRT] Missing scale and zero-point for tensor (Unnamed Layer* 73) [ElementWise]_output, expect fall back to non-int8 implementation for any layer consuming or producing given tensor
[03/03/2026-10:52:53] [W] [TRT] Missing scale and zero-point for tensor (Unnamed Layer* 74) [Activation]_output, expect fall back to non-int8 implementation for any layer consuming or producing given tensor
[03/03/2026-10:52:53] [W] [TRT] Missing scale and zero-point for tensor (Unnamed Layer* 75) [Constant]_output, expect fall back to non-int8 implementation for any layer consuming or producing given tensor
[03/03/2026-10:52:53] [W] [TRT] Missing scale and zero-point for tensor (Unnamed Layer* 76) [ElementWise]_output, expect fall back to non-int8 implementation for any layer consuming or producing given tensor
[03/03/2026-10:52:53] [W] [TRT] Missing scale and zero-point for tensor (Unnamed Layer* 77) [ElementWise]_output, expect fall back to non-int8 implementation for any layer consuming or producing given tensor
[03/03/2026-10:52:53] [W] [TRT] Missing scale and zero-point for tensor (Unnamed Layer* 78) [ElementWise]_output, expect fall back to non-int8 implementation for any layer consuming or producing given tensor
[03/03/2026-10:52:53] [W] [TRT] Missing scale and zero-point for tensor (Unnamed Layer* 79) [ElementWise]_output, expect fall back to non-int8 implementation for any layer consuming or producing given tensor
[03/03/2026-10:52:53] [W] [TRT] Missing scale and zero-point for tensor (Unnamed Layer* 93) [Constant]_output, expect fall back to non-int8 implementation for any layer consuming or producing given tensor
[03/03/2026-10:52:53] [W] [TRT] Missing scale and zero-point for tensor /gru/Expand_1_output_0, expect fall back to non-int8 implementation for any layer consuming or producing given tensor
[03/03/2026-10:52:53] [W] [TRT] Missing scale and zero-point for tensor (Unnamed Layer* 101) [Constant]_output, expect fall back to non-int8 implementation for any layer consuming or producing given tensor
[03/03/2026-10:52:53] [W] [TRT] Missing scale and zero-point for tensor (Unnamed Layer* 102) [Constant]_output, expect fall back to non-int8 implementation for any layer consuming or producing given tensor
[03/03/2026-10:52:53] [W] [TRT] Missing scale and zero-point for tensor (Unnamed Layer* 109) [Slice]_output, expect fall back to non-int8 implementation for any layer consuming or producing given tensor
[03/03/2026-10:52:53] [W] [TRT] Missing scale and zero-point for tensor (Unnamed Layer* 112) [Slice]_output, expect fall back to non-int8 implementation for any layer consuming or producing given tensor
[03/03/2026-10:52:53] [W] [TRT] Missing scale and zero-point for tensor (Unnamed Layer* 113) [Slice]_output, expect fall back to non-int8 implementation for any layer consuming or producing given tensor
[03/03/2026-10:52:53] [W] [TRT] Missing scale and zero-point for tensor (Unnamed Layer* 114) [Slice]_output, expect fall back to non-int8 implementation for any layer consuming or producing given tensor
[03/03/2026-10:52:53] [W] [TRT] Missing scale and zero-point for tensor (Unnamed Layer* 125) [Constant]_output, expect fall back to non-int8 implementation for any layer consuming or producing given tensor
[03/03/2026-10:52:53] [W] [TRT] Missing scale and zero-point for tensor (Unnamed Layer* 127) [Iterator]_output, expect fall back to non-int8 implementation for any layer consuming or producing given tensor
[03/03/2026-10:52:53] [W] [TRT] Missing scale and zero-point for tensor (Unnamed Layer* 128) [Shuffle]_output, expect fall back to non-int8 implementation for any layer consuming or producing given tensor
[03/03/2026-10:52:53] [W] [TRT] Missing scale and zero-point for tensor (Unnamed Layer* 129) [Recurrence]_output, expect fall back to non-int8 implementation for any layer consuming or producing given tensor
[03/03/2026-10:52:53] [W] [TRT] Missing scale and zero-point for tensor (Unnamed Layer* 130) [Matrix Multiply]_output, expect fall back to non-int8 implementation for any layer consuming or producing given tensor
[03/03/2026-10:52:53] [W] [TRT] Missing scale and zero-point for tensor (Unnamed Layer* 131) [Matrix Multiply]_output, expect fall back to non-int8 implementation for any layer consuming or producing given tensor
[03/03/2026-10:52:53] [W] [TRT] Missing scale and zero-point for tensor (Unnamed Layer* 132) [ElementWise]_output, expect fall back to non-int8 implementation for any layer consuming or producing given tensor
[03/03/2026-10:52:53] [W] [TRT] Missing scale and zero-point for tensor (Unnamed Layer* 133) [ElementWise]_output, expect fall back to non-int8 implementation for any layer consuming or producing given tensor
[03/03/2026-10:52:53] [W] [TRT] Missing scale and zero-point for tensor (Unnamed Layer* 134) [ElementWise]_output, expect fall back to non-int8 implementation for any layer consuming or producing given tensor
[03/03/2026-10:52:53] [W] [TRT] Missing scale and zero-point for tensor (Unnamed Layer* 135) [Activation]_output, expect fall back to non-int8 implementation for any layer consuming or producing given tensor
[03/03/2026-10:52:53] [W] [TRT] Missing scale and zero-point for tensor (Unnamed Layer* 136) [Slice]_output, expect fall back to non-int8 implementation for any layer consuming or producing given tensor
[03/03/2026-10:52:53] [W] [TRT] Missing scale and zero-point for tensor (Unnamed Layer* 138) [Slice]_output, expect fall back to non-int8 implementation for any layer consuming or producing given tensor
[03/03/2026-10:52:53] [W] [TRT] Missing scale and zero-point for tensor (Unnamed Layer* 140) [Matrix Multiply]_output, expect fall back to non-int8 implementation for any layer consuming or producing given tensor
[03/03/2026-10:52:53] [W] [TRT] Missing scale and zero-point for tensor (Unnamed Layer* 141) [Matrix Multiply]_output, expect fall back to non-int8 implementation for any layer consuming or producing given tensor
[03/03/2026-10:52:53] [W] [TRT] Missing scale and zero-point for tensor (Unnamed Layer* 142) [ElementWise]_output, expect fall back to non-int8 implementation for any layer consuming or producing given tensor
[03/03/2026-10:52:53] [W] [TRT] Missing scale and zero-point for tensor (Unnamed Layer* 143) [ElementWise]_output, expect fall back to non-int8 implementation for any layer consuming or producing given tensor
[03/03/2026-10:52:53] [W] [TRT] Missing scale and zero-point for tensor (Unnamed Layer* 144) [ElementWise]_output, expect fall back to non-int8 implementation for any layer consuming or producing given tensor
[03/03/2026-10:52:53] [W] [TRT] Missing scale and zero-point for tensor (Unnamed Layer* 145) [ElementWise]_output, expect fall back to non-int8 implementation for any layer consuming or producing given tensor
[03/03/2026-10:52:53] [W] [TRT] Missing scale and zero-point for tensor (Unnamed Layer* 146) [Activation]_output, expect fall back to non-int8 implementation for any layer consuming or producing given tensor
[03/03/2026-10:52:53] [W] [TRT] Missing scale and zero-point for tensor (Unnamed Layer* 147) [Constant]_output, expect fall back to non-int8 implementation for any layer consuming or producing given tensor
[03/03/2026-10:52:53] [W] [TRT] Missing scale and zero-point for tensor (Unnamed Layer* 148) [ElementWise]_output, expect fall back to non-int8 implementation for any layer consuming or producing given tensor
[03/03/2026-10:52:53] [W] [TRT] Missing scale and zero-point for tensor (Unnamed Layer* 149) [ElementWise]_output, expect fall back to non-int8 implementation for any layer consuming or producing given tensor
[03/03/2026-10:52:53] [W] [TRT] Missing scale and zero-point for tensor (Unnamed Layer* 150) [ElementWise]_output, expect fall back to non-int8 implementation for any layer consuming or producing given tensor
[03/03/2026-10:52:53] [W] [TRT] Missing scale and zero-point for tensor (Unnamed Layer* 151) [ElementWise]_output, expect fall back to non-int8 implementation for any layer consuming or producing given tensor
[03/03/2026-10:52:53] [W] [TRT] Missing scale and zero-point for tensor (Unnamed Layer* 159) [Constant]_output, expect fall back to non-int8 implementation for any layer consuming or producing given tensor
[03/03/2026-10:52:53] [I] [TRT] ---------- Layers Running on DLA ----------
[03/03/2026-10:52:53] [I] [TRT] ---------- Layers Running on GPU ----------
[03/03/2026-10:52:53] [I] [TRT] [GpuLayer] SHUFFLE: /Unsqueeze + (Unnamed Layer* 1) [Shuffle]
[03/03/2026-10:52:53] [I] [TRT] [GpuLayer] SHUFFLE: shuffle_between_(Unnamed Layer* 1) [Shuffle]_output_and_/cnn/cnn.0/Conv + /cnn/cnn.2/Relu
[03/03/2026-10:52:53] [I] [TRT] [GpuLayer] CONVOLUTION: /cnn/cnn.0/Conv + /cnn/cnn.2/Relu
[03/03/2026-10:52:53] [I] [TRT] [GpuLayer] SHUFFLE: shuffle_after_/cnn/cnn.2/Relu_out_tensor
[03/03/2026-10:52:53] [I] [TRT] [GpuLayer] SHUFFLE: shuffle_between_/cnn/cnn.2/Relu_out_tensor_and_/cnn/cnn.4/Conv + /cnn/cnn.6/Relu
[03/03/2026-10:52:53] [I] [TRT] [GpuLayer] CONVOLUTION: /cnn/cnn.4/Conv + /cnn/cnn.6/Relu
[03/03/2026-10:52:53] [I] [TRT] [GpuLayer] SHUFFLE: shuffle_after_/cnn/cnn.6/Relu_out_tensor
[03/03/2026-10:52:53] [I] [TRT] [GpuLayer] SHUFFLE: shuffle_between_/cnn/cnn.6/Relu_out_tensor_and_/cnn/cnn.8/Conv
[03/03/2026-10:52:53] [I] [TRT] [GpuLayer] CONVOLUTION: /cnn/cnn.8/Conv
[03/03/2026-10:52:53] [I] [TRT] [GpuLayer] SHUFFLE: shuffle_after_(Unnamed Layer* 10) [Convolution]_output
[03/03/2026-10:52:53] [I] [TRT] [GpuLayer] MYELIN: {ForeignNode[(Unnamed Layer* 53) [Constant].../Squeeze]}
[03/03/2026-10:52:55] [I] [TRT] [MemUsageChange] Init cuBLAS/cuBLASLt: CPU +534, GPU +699, now: CPU 1109, GPU 2550 (MiB)
[03/03/2026-10:52:55] [I] [TRT] [MemUsageChange] Init cuDNN: CPU +82, GPU +73, now: CPU 1191, GPU 2623 (MiB)
[03/03/2026-10:52:55] [I] [TRT] Local timing cache in use. Profiling results in this builder pass will not be stored.
[03/03/2026-10:53:16] [W] [TRT] Tactic Device request: 392MB Available: 344MB. Device memory is insufficient to use tactic.
[03/03/2026-10:53:16] [W] [TRT] Skipping tactic 3 due to insufficient memory on requested size of 392 detected for tactic 0x0000000000000004.
Try decreasing the workspace size with IBuilderConfig::setMemoryPoolLimit().
[03/03/2026-10:53:17] [W] [TRT] Tactic Device request: 392MB Available: 271MB. Device memory is insufficient to use tactic.
[03/03/2026-10:53:17] [W] [TRT] Skipping tactic 13 due to insufficient memory on requested size of 392 detected for tactic 0x0000000000000074.
Try decreasing the workspace size with IBuilderConfig::setMemoryPoolLimit().
[03/03/2026-10:53:18] [W] [TRT] Tactic Device request: 391MB Available: 270MB. Device memory is insufficient to use tactic.
[03/03/2026-10:53:18] [W] [TRT] Skipping tactic 3 due to insufficient memory on requested size of 391 detected for tactic 0x0000000000000004.
Try decreasing the workspace size with IBuilderConfig::setMemoryPoolLimit().
[03/03/2026-10:53:18] [W] [TRT] Tactic Device request: 391MB Available: 270MB. Device memory is insufficient to use tactic.
[03/03/2026-10:53:18] [W] [TRT] Skipping tactic 7 due to insufficient memory on requested size of 391 detected for tactic 0x000000000000003c.
Try decreasing the workspace size with IBuilderConfig::setMemoryPoolLimit().
[03/03/2026-10:53:19] [W] [TRT] Tactic Device request: 784MB Available: 336MB. Device memory is insufficient to use tactic.
[03/03/2026-10:53:19] [W] [TRT] Skipping tactic 3 due to insufficient memory on requested size of 784 detected for tactic 0x0000000000000004.
Try decreasing the workspace size with IBuilderConfig::setMemoryPoolLimit().
[03/03/2026-10:53:19] [W] [TRT] Tactic Device request: 784MB Available: 336MB. Device memory is insufficient to use tactic.
[03/03/2026-10:53:19] [W] [TRT] Skipping tactic 8 due to insufficient memory on requested size of 784 detected for tactic 0x000000000000003c.
Try decreasing the workspace size with IBuilderConfig::setMemoryPoolLimit().
[03/03/2026-10:53:19] [W] [TRT] Tactic Device request: 784MB Available: 336MB. Device memory is insufficient to use tactic.
[03/03/2026-10:53:19] [W] [TRT] Skipping tactic 13 due to insufficient memory on requested size of 784 detected for tactic 0x0000000000000074.
Try decreasing the workspace size with IBuilderConfig::setMemoryPoolLimit().
[03/03/2026-10:53:20] [W] [TRT] Tactic Device request: 782MB Available: 336MB. Device memory is insufficient to use tactic.
[03/03/2026-10:53:20] [W] [TRT] Skipping tactic 3 due to insufficient memory on requested size of 782 detected for tactic 0x0000000000000004.
Try decreasing the workspace size with IBuilderConfig::setMemoryPoolLimit().
[03/03/2026-10:53:20] [W] [TRT] Tactic Device request: 782MB Available: 336MB. Device memory is insufficient to use tactic.
[03/03/2026-10:53:20] [W] [TRT] Skipping tactic 7 due to insufficient memory on requested size of 782 detected for tactic 0x000000000000003c.
Try decreasing the workspace size with IBuilderConfig::setMemoryPoolLimit().
[03/03/2026-10:53:34] [I] [TRT] Total Activation Memory: 4297644032
[03/03/2026-10:53:34] [I] [TRT] Detected 1 inputs and 1 output network tensors.
[03/03/2026-10:53:35] [I] [TRT] Total Host Persistent Memory: 8928
[03/03/2026-10:53:35] [I] [TRT] Total Device Persistent Memory: 0
[03/03/2026-10:53:35] [I] [TRT] Total Scratch Memory: 11945472
[03/03/2026-10:53:35] [I] [TRT] [MemUsageStats] Peak memory usage of TRT CPU/GPU memory allocators: CPU 0 MiB, GPU 396 MiB
[03/03/2026-10:53:35] [I] [TRT] [BlockAssignment] Started assigning block shifts. This will take 13 steps to complete.
[03/03/2026-10:53:35] [I] [TRT] [BlockAssignment] Algorithm ShiftNTopDown took 0.252167ms to assign 4 blocks to 13 nodes requiring 13421056 bytes.
[03/03/2026-10:53:35] [I] [TRT] Total Activation Memory: 13421056
[03/03/2026-10:53:35] [W] [TRT] TensorRT encountered issues when converting weights between types and that could affect accuracy.
[03/03/2026-10:53:35] [W] [TRT] If this is not the desired behavior, please modify the weights or retrain with regularization to adjust the magnitude of the weights.
[03/03/2026-10:53:35] [W] [TRT] Check verbose logs for the list of affected weights.
[03/03/2026-10:53:35] [W] [TRT] - 7 weights are affected by this issue: Detected subnormal FP16 values.
[03/03/2026-10:53:35] [I] [TRT] [MemUsageChange] TensorRT-managed allocation in building engine: CPU +0, GPU +4, now: CPU 0, GPU 4 (MiB)
[03/03/2026-10:53:35] [I] Engine built in 44.7583 sec.
[03/03/2026-10:53:35] [I] [TRT] Loaded engine size: 0 MiB
[03/03/2026-10:53:35] [I] [TRT] [MemUsageChange] TensorRT-managed allocation in engine deserialization: CPU +0, GPU +0, now: CPU 0, GPU 0 (MiB)
[03/03/2026-10:53:35] [I] Engine deserialized in 0.00919574 sec.
[03/03/2026-10:53:35] [I] [TRT] [MemUsageChange] TensorRT-managed allocation in IExecutionContext creation: CPU +0, GPU +12, now: CPU 0, GPU 12 (MiB)
[03/03/2026-10:53:35] [I] Setting persistentCacheLimit to 0 bytes.
[03/03/2026-10:53:35] [I] Using random values for input input
[03/03/2026-10:53:35] [I] Created input binding for input with dimensions 96x120
[03/03/2026-10:53:35] [I] Using random values for output capacity
[03/03/2026-10:53:35] [I] Created output binding for capacity with dimensions 96
[03/03/2026-10:53:35] [I] [TRT] The profiling verbosity was set to ProfilingVerbosity::kLAYER_NAMES_ONLY when the engine was built, so only the layer names will be returned. Rebuild the engine with ProfilingVerbosity::kDETAILED to get more verbose layer information.
[03/03/2026-10:53:35] [I] Starting inference
[03/03/2026-10:53:38] [I] Warmup completed 25 queries over 200 ms
[03/03/2026-10:53:38] [I] Timing trace has 369 queries over 3.01351 s
[03/03/2026-10:53:38] [I] 
[03/03/2026-10:53:38] [I] === Trace details ===
[03/03/2026-10:53:38] [I] Trace averages of 10 runs:
[03/03/2026-10:53:38] [I] Average on 10 runs - GPU latency: 8.20042 ms - Host latency: 8.20042 ms (enqueue 8.19143 ms)
[03/03/2026-10:53:38] [I] Average on 10 runs - GPU latency: 8.1359 ms - Host latency: 8.1359 ms (enqueue 8.12905 ms)
[03/03/2026-10:53:38] [I] Average on 10 runs - GPU latency: 8.1345 ms - Host latency: 8.1345 ms (enqueue 8.12762 ms)
[03/03/2026-10:53:38] [I] Average on 10 runs - GPU latency: 8.1352 ms - Host latency: 8.1352 ms (enqueue 8.15694 ms)
[03/03/2026-10:53:38] [I] Average on 10 runs - GPU latency: 8.13631 ms - Host latency: 8.13631 ms (enqueue 8.12991 ms)
[03/03/2026-10:53:38] [I] Average on 10 runs - GPU latency: 8.14381 ms - Host latency: 8.14381 ms (enqueue 8.13527 ms)
[03/03/2026-10:53:38] [I] Average on 10 runs - GPU latency: 8.13776 ms - Host latency: 8.13776 ms (enqueue 8.13088 ms)
[03/03/2026-10:53:38] [I] Average on 10 runs - GPU latency: 8.19583 ms - Host latency: 8.19583 ms (enqueue 8.15988 ms)
[03/03/2026-10:53:38] [I] Average on 10 runs - GPU latency: 8.13585 ms - Host latency: 8.13585 ms (enqueue 8.15506 ms)
[03/03/2026-10:53:38] [I] Average on 10 runs - GPU latency: 8.13359 ms - Host latency: 8.13359 ms (enqueue 8.12725 ms)
[03/03/2026-10:53:38] [I] Average on 10 runs - GPU latency: 8.1743 ms - Host latency: 8.1743 ms (enqueue 8.16691 ms)
[03/03/2026-10:53:38] [I] Average on 10 runs - GPU latency: 8.14808 ms - Host latency: 8.14808 ms (enqueue 8.14149 ms)
[03/03/2026-10:53:38] [I] Average on 10 runs - GPU latency: 8.14362 ms - Host latency: 8.14362 ms (enqueue 8.13684 ms)
[03/03/2026-10:53:38] [I] Average on 10 runs - GPU latency: 8.17874 ms - Host latency: 8.17874 ms (enqueue 8.16985 ms)
[03/03/2026-10:53:38] [I] Average on 10 runs - GPU latency: 8.13453 ms - Host latency: 8.13453 ms (enqueue 8.12754 ms)
[03/03/2026-10:53:38] [I] Average on 10 runs - GPU latency: 8.19716 ms - Host latency: 8.19716 ms (enqueue 8.18774 ms)
[03/03/2026-10:53:38] [I] Average on 10 runs - GPU latency: 8.16797 ms - Host latency: 8.16797 ms (enqueue 8.15924 ms)
[03/03/2026-10:53:38] [I] Average on 10 runs - GPU latency: 8.16237 ms - Host latency: 8.16237 ms (enqueue 8.15465 ms)
[03/03/2026-10:53:38] [I] Average on 10 runs - GPU latency: 8.13127 ms - Host latency: 8.13127 ms (enqueue 8.12435 ms)
[03/03/2026-10:53:38] [I] Average on 10 runs - GPU latency: 8.13319 ms - Host latency: 8.13319 ms (enqueue 8.12627 ms)
[03/03/2026-10:53:38] [I] Average on 10 runs - GPU latency: 8.13483 ms - Host latency: 8.13483 ms (enqueue 8.12729 ms)
[03/03/2026-10:53:38] [I] Average on 10 runs - GPU latency: 8.1347 ms - Host latency: 8.1347 ms (enqueue 8.12767 ms)
[03/03/2026-10:53:38] [I] Average on 10 runs - GPU latency: 8.14522 ms - Host latency: 8.14522 ms (enqueue 8.13768 ms)
[03/03/2026-10:53:38] [I] Average on 10 runs - GPU latency: 8.17935 ms - Host latency: 8.17935 ms (enqueue 8.17148 ms)
[03/03/2026-10:53:38] [I] Average on 10 runs - GPU latency: 8.13076 ms - Host latency: 8.13076 ms (enqueue 8.15247 ms)
[03/03/2026-10:53:38] [I] Average on 10 runs - GPU latency: 8.16826 ms - Host latency: 8.16826 ms (enqueue 8.15972 ms)
[03/03/2026-10:53:38] [I] Average on 10 runs - GPU latency: 8.14465 ms - Host latency: 8.14465 ms (enqueue 8.13752 ms)
[03/03/2026-10:53:38] [I] Average on 10 runs - GPU latency: 8.20796 ms - Host latency: 8.20796 ms (enqueue 8.19858 ms)
[03/03/2026-10:53:38] [I] Average on 10 runs - GPU latency: 8.14268 ms - Host latency: 8.14268 ms (enqueue 8.13569 ms)
[03/03/2026-10:53:38] [I] Average on 10 runs - GPU latency: 8.12356 ms - Host latency: 8.12356 ms (enqueue 8.11675 ms)
[03/03/2026-10:53:38] [I] Average on 10 runs - GPU latency: 8.14761 ms - Host latency: 8.14761 ms (enqueue 8.1405 ms)
[03/03/2026-10:53:38] [I] Average on 10 runs - GPU latency: 8.1439 ms - Host latency: 8.1439 ms (enqueue 8.13701 ms)
[03/03/2026-10:53:38] [I] Average on 10 runs - GPU latency: 8.1717 ms - Host latency: 8.1717 ms (enqueue 8.16387 ms)
[03/03/2026-10:53:38] [I] Average on 10 runs - GPU latency: 8.16477 ms - Host latency: 8.16477 ms (enqueue 8.15671 ms)
[03/03/2026-10:53:38] [I] Average on 10 runs - GPU latency: 8.16755 ms - Host latency: 8.16755 ms (enqueue 8.18982 ms)
[03/03/2026-10:53:38] [I] Average on 10 runs - GPU latency: 8.13521 ms - Host latency: 8.13521 ms (enqueue 8.12786 ms)
[03/03/2026-10:53:38] [I] 
[03/03/2026-10:53:38] [I] === Performance summary ===
[03/03/2026-10:53:38] [I] Throughput: 122.449 qps
[03/03/2026-10:53:38] [I] Latency: min = 8.05884 ms, max = 8.49756 ms, mean = 8.15249 ms, median = 8.13867 ms, percentile(90%) = 8.17236 ms, percentile(95%) = 8.20044 ms, percentile(99%) = 8.46606 ms
[03/03/2026-10:53:38] [I] Enqueue Time: min = 8.05029 ms, max = 8.44864 ms, mean = 8.14732 ms, median = 8.13208 ms, percentile(90%) = 8.1665 ms, percentile(95%) = 8.39001 ms, percentile(99%) = 8.43994 ms
[03/03/2026-10:53:38] [I] H2D Latency: min = 0 ms, max = 0 ms, mean = 0 ms, median = 0 ms, percentile(90%) = 0 ms, percentile(95%) = 0 ms, percentile(99%) = 0 ms
[03/03/2026-10:53:38] [I] GPU Compute Time: min = 8.05884 ms, max = 8.49756 ms, mean = 8.15249 ms, median = 8.13867 ms, percentile(90%) = 8.17236 ms, percentile(95%) = 8.20044 ms, percentile(99%) = 8.46606 ms
[03/03/2026-10:53:38] [I] D2H Latency: min = 0 ms, max = 0 ms, mean = 0 ms, median = 0 ms, percentile(90%) = 0 ms, percentile(95%) = 0 ms, percentile(99%) = 0 ms
[03/03/2026-10:53:38] [I] Total Host Walltime: 3.01351 s
[03/03/2026-10:53:38] [I] Total GPU Compute Time: 3.00827 s
[03/03/2026-10:53:38] [W] * Throughput may be bound by Enqueue Time rather than GPU Compute and the GPU may be under-utilized.
[03/03/2026-10:53:38] [W]   If not already in use, --useCudaGraph (utilize CUDA graphs where possible) may increase the throughput.
[03/03/2026-10:53:38] [I] Explanations of the performance metrics are printed in the verbose logs.
[03/03/2026-10:53:38] [I] 
&&&& PASSED TensorRT.trtexec [TensorRT v8502] # /usr/src/tensorrt/bin/trtexec --onnx=/home/user/Edge-ML/models/v5/CNN-GRU/bs96/CNN-GRU.onnx --saveEngine=/home/user/Edge-ML/models/v5/CNN-GRU/bs96/CNN-GRU_int8.engine --int8 --fp16 --exportLayerInfo=/home/user/Edge-ML/models/v5/CNN-GRU/bs96/logs/quantisation_int8_layers.json --memPoolSize=workspace:4096MiB --tacticSources=+CUBLAS,+CUBLAS_LT,+CUDNN --noDataTransfers --calib=/home/user/Edge-ML/models/v5/CNN-GRU/bs96/CNN-GRU.cache
