/usr/src/tensorrt/bin/trtexec --onnx=/home/user/Edge-ML/models/v5/CNN-GRU/bs96/CNN-GRU.onnx --saveEngine=/home/user/Edge-ML/models/v5/CNN-GRU/bs96/CNN-GRU_fp16.engine --fp16 --exportLayerInfo=/home/user/Edge-ML/models/v5/CNN-GRU/bs96/logs/quantisation_fp16_layers.json --memPoolSize=workspace:4096MiB --tacticSources=+CUBLAS,+CUBLAS_LT,+CUDNN --noDataTransfers

&&&& RUNNING TensorRT.trtexec [TensorRT v8502] # /usr/src/tensorrt/bin/trtexec --onnx=/home/user/Edge-ML/models/v5/CNN-GRU/bs96/CNN-GRU.onnx --saveEngine=/home/user/Edge-ML/models/v5/CNN-GRU/bs96/CNN-GRU_fp16.engine --fp16 --exportLayerInfo=/home/user/Edge-ML/models/v5/CNN-GRU/bs96/logs/quantisation_fp16_layers.json --memPoolSize=workspace:4096MiB --tacticSources=+CUBLAS,+CUBLAS_LT,+CUDNN --noDataTransfers
[03/03/2026-10:52:11] [I] === Model Options ===
[03/03/2026-10:52:11] [I] Format: ONNX
[03/03/2026-10:52:11] [I] Model: /home/user/Edge-ML/models/v5/CNN-GRU/bs96/CNN-GRU.onnx
[03/03/2026-10:52:11] [I] Output:
[03/03/2026-10:52:11] [I] === Build Options ===
[03/03/2026-10:52:11] [I] Max batch: explicit batch
[03/03/2026-10:52:11] [I] Memory Pools: workspace: 4096 MiB, dlaSRAM: default, dlaLocalDRAM: default, dlaGlobalDRAM: default
[03/03/2026-10:52:11] [I] minTiming: 1
[03/03/2026-10:52:11] [I] avgTiming: 8
[03/03/2026-10:52:11] [I] Precision: FP32+FP16
[03/03/2026-10:52:11] [I] LayerPrecisions: 
[03/03/2026-10:52:11] [I] Calibration: 
[03/03/2026-10:52:11] [I] Refit: Disabled
[03/03/2026-10:52:11] [I] Sparsity: Disabled
[03/03/2026-10:52:11] [I] Safe mode: Disabled
[03/03/2026-10:52:11] [I] DirectIO mode: Disabled
[03/03/2026-10:52:11] [I] Restricted mode: Disabled
[03/03/2026-10:52:11] [I] Build only: Disabled
[03/03/2026-10:52:11] [I] Save engine: /home/user/Edge-ML/models/v5/CNN-GRU/bs96/CNN-GRU_fp16.engine
[03/03/2026-10:52:11] [I] Load engine: 
[03/03/2026-10:52:11] [I] Profiling verbosity: 0
[03/03/2026-10:52:11] [I] Tactic sources: cublas [ON], cublasLt [ON], cudnn [ON], 
[03/03/2026-10:52:11] [I] timingCacheMode: local
[03/03/2026-10:52:11] [I] timingCacheFile: 
[03/03/2026-10:52:11] [I] Heuristic: Disabled
[03/03/2026-10:52:11] [I] Preview Features: Use default preview flags.
[03/03/2026-10:52:11] [I] Input(s)s format: fp32:CHW
[03/03/2026-10:52:11] [I] Output(s)s format: fp32:CHW
[03/03/2026-10:52:11] [I] Input build shapes: model
[03/03/2026-10:52:11] [I] Input calibration shapes: model
[03/03/2026-10:52:11] [I] === System Options ===
[03/03/2026-10:52:11] [I] Device: 0
[03/03/2026-10:52:11] [I] DLACore: 
[03/03/2026-10:52:11] [I] Plugins:
[03/03/2026-10:52:11] [I] === Inference Options ===
[03/03/2026-10:52:11] [I] Batch: Explicit
[03/03/2026-10:52:11] [I] Input inference shapes: model
[03/03/2026-10:52:11] [I] Iterations: 10
[03/03/2026-10:52:11] [I] Duration: 3s (+ 200ms warm up)
[03/03/2026-10:52:11] [I] Sleep time: 0ms
[03/03/2026-10:52:11] [I] Idle time: 0ms
[03/03/2026-10:52:11] [I] Streams: 1
[03/03/2026-10:52:11] [I] ExposeDMA: Disabled
[03/03/2026-10:52:11] [I] Data transfers: Disabled
[03/03/2026-10:52:11] [I] Spin-wait: Disabled
[03/03/2026-10:52:11] [I] Multithreading: Disabled
[03/03/2026-10:52:11] [I] CUDA Graph: Disabled
[03/03/2026-10:52:11] [I] Separate profiling: Disabled
[03/03/2026-10:52:11] [I] Time Deserialize: Disabled
[03/03/2026-10:52:11] [I] Time Refit: Disabled
[03/03/2026-10:52:11] [I] NVTX verbosity: 0
[03/03/2026-10:52:11] [I] Persistent Cache Ratio: 0
[03/03/2026-10:52:11] [I] Inputs:
[03/03/2026-10:52:11] [I] === Reporting Options ===
[03/03/2026-10:52:11] [I] Verbose: Disabled
[03/03/2026-10:52:11] [I] Averages: 10 inferences
[03/03/2026-10:52:11] [I] Percentiles: 90,95,99
[03/03/2026-10:52:11] [I] Dump refittable layers:Disabled
[03/03/2026-10:52:11] [I] Dump output: Disabled
[03/03/2026-10:52:11] [I] Profile: Disabled
[03/03/2026-10:52:11] [I] Export timing to JSON file: 
[03/03/2026-10:52:11] [I] Export output to JSON file: 
[03/03/2026-10:52:11] [I] Export profile to JSON file: 
[03/03/2026-10:52:11] [I] 
[03/03/2026-10:52:11] [I] === Device Information ===
[03/03/2026-10:52:11] [I] Selected Device: Orin
[03/03/2026-10:52:11] [I] Compute Capability: 8.7
[03/03/2026-10:52:11] [I] SMs: 4
[03/03/2026-10:52:11] [I] Compute Clock Rate: 0.624 GHz
[03/03/2026-10:52:11] [I] Device Global Memory: 3425 MiB
[03/03/2026-10:52:11] [I] Shared Memory per SM: 164 KiB
[03/03/2026-10:52:11] [I] Memory Bus Width: 128 bits (ECC disabled)
[03/03/2026-10:52:11] [I] Memory Clock Rate: 0.624 GHz
[03/03/2026-10:52:11] [I] 
[03/03/2026-10:52:11] [I] TensorRT version: 8.5.2
[03/03/2026-10:52:12] [I] [TRT] [MemUsageChange] Init CUDA: CPU +220, GPU +0, now: CPU 249, GPU 1487 (MiB)
[03/03/2026-10:52:14] [I] [TRT] [MemUsageChange] Init builder kernel library: CPU +302, GPU +194, now: CPU 574, GPU 1701 (MiB)
[03/03/2026-10:52:14] [I] Start parsing network model
[03/03/2026-10:52:14] [I] [TRT] ----------------------------------------------------------------
[03/03/2026-10:52:14] [I] [TRT] Input filename:   /home/user/Edge-ML/models/v5/CNN-GRU/bs96/CNN-GRU.onnx
[03/03/2026-10:52:14] [I] [TRT] ONNX IR version:  0.0.7
[03/03/2026-10:52:14] [I] [TRT] Opset version:    12
[03/03/2026-10:52:14] [I] [TRT] Producer name:    pytorch
[03/03/2026-10:52:14] [I] [TRT] Producer version: 2.5.1
[03/03/2026-10:52:14] [I] [TRT] Domain:           
[03/03/2026-10:52:14] [I] [TRT] Model version:    0
[03/03/2026-10:52:14] [I] [TRT] Doc string:       
[03/03/2026-10:52:14] [I] [TRT] ----------------------------------------------------------------
[03/03/2026-10:52:14] [W] [TRT] onnx2trt_utils.cpp:375: Your ONNX model has been generated with INT64 weights, while TensorRT does not natively support INT64. Attempting to cast down to INT32.
[03/03/2026-10:52:14] [I] Finish parsing network model
[03/03/2026-10:52:14] [I] [TRT] ---------- Layers Running on DLA ----------
[03/03/2026-10:52:14] [I] [TRT] ---------- Layers Running on GPU ----------
[03/03/2026-10:52:14] [I] [TRT] [GpuLayer] SHUFFLE: /Unsqueeze + (Unnamed Layer* 1) [Shuffle]
[03/03/2026-10:52:14] [I] [TRT] [GpuLayer] SHUFFLE: shuffle_between_(Unnamed Layer* 1) [Shuffle]_output_and_/cnn/cnn.0/Conv + /cnn/cnn.2/Relu
[03/03/2026-10:52:14] [I] [TRT] [GpuLayer] CONVOLUTION: /cnn/cnn.0/Conv + /cnn/cnn.2/Relu
[03/03/2026-10:52:14] [I] [TRT] [GpuLayer] SHUFFLE: shuffle_after_/cnn/cnn.2/Relu_out_tensor
[03/03/2026-10:52:14] [I] [TRT] [GpuLayer] SHUFFLE: shuffle_between_/cnn/cnn.2/Relu_out_tensor_and_/cnn/cnn.4/Conv + /cnn/cnn.6/Relu
[03/03/2026-10:52:14] [I] [TRT] [GpuLayer] CONVOLUTION: /cnn/cnn.4/Conv + /cnn/cnn.6/Relu
[03/03/2026-10:52:14] [I] [TRT] [GpuLayer] SHUFFLE: shuffle_after_/cnn/cnn.6/Relu_out_tensor
[03/03/2026-10:52:14] [I] [TRT] [GpuLayer] SHUFFLE: shuffle_between_/cnn/cnn.6/Relu_out_tensor_and_/cnn/cnn.8/Conv
[03/03/2026-10:52:14] [I] [TRT] [GpuLayer] CONVOLUTION: /cnn/cnn.8/Conv
[03/03/2026-10:52:14] [I] [TRT] [GpuLayer] SHUFFLE: shuffle_after_(Unnamed Layer* 10) [Convolution]_output
[03/03/2026-10:52:14] [I] [TRT] [GpuLayer] MYELIN: {ForeignNode[(Unnamed Layer* 53) [Constant].../Squeeze]}
[03/03/2026-10:52:16] [I] [TRT] [MemUsageChange] Init cuBLAS/cuBLASLt: CPU +534, GPU +778, now: CPU 1109, GPU 2479 (MiB)
[03/03/2026-10:52:16] [I] [TRT] [MemUsageChange] Init cuDNN: CPU +82, GPU +126, now: CPU 1191, GPU 2605 (MiB)
[03/03/2026-10:52:16] [I] [TRT] Local timing cache in use. Profiling results in this builder pass will not be stored.
[03/03/2026-10:52:28] [W] [TRT] Tactic Device request: 392MB Available: 385MB. Device memory is insufficient to use tactic.
[03/03/2026-10:52:28] [W] [TRT] Skipping tactic 8 due to insufficient memory on requested size of 392 detected for tactic 0x000000000000003c.
Try decreasing the workspace size with IBuilderConfig::setMemoryPoolLimit().
[03/03/2026-10:52:28] [W] [TRT] Tactic Device request: 392MB Available: 386MB. Device memory is insufficient to use tactic.
[03/03/2026-10:52:28] [W] [TRT] Skipping tactic 13 due to insufficient memory on requested size of 392 detected for tactic 0x0000000000000074.
Try decreasing the workspace size with IBuilderConfig::setMemoryPoolLimit().
[03/03/2026-10:52:29] [W] [TRT] Tactic Device request: 391MB Available: 385MB. Device memory is insufficient to use tactic.
[03/03/2026-10:52:29] [W] [TRT] Skipping tactic 3 due to insufficient memory on requested size of 391 detected for tactic 0x0000000000000004.
Try decreasing the workspace size with IBuilderConfig::setMemoryPoolLimit().
[03/03/2026-10:52:29] [W] [TRT] Tactic Device request: 391MB Available: 385MB. Device memory is insufficient to use tactic.
[03/03/2026-10:52:29] [W] [TRT] Skipping tactic 7 due to insufficient memory on requested size of 391 detected for tactic 0x000000000000003c.
Try decreasing the workspace size with IBuilderConfig::setMemoryPoolLimit().
[03/03/2026-10:52:30] [W] [TRT] Tactic Device request: 784MB Available: 375MB. Device memory is insufficient to use tactic.
[03/03/2026-10:52:30] [W] [TRT] Skipping tactic 3 due to insufficient memory on requested size of 784 detected for tactic 0x0000000000000004.
Try decreasing the workspace size with IBuilderConfig::setMemoryPoolLimit().
[03/03/2026-10:52:30] [W] [TRT] Tactic Device request: 784MB Available: 375MB. Device memory is insufficient to use tactic.
[03/03/2026-10:52:30] [W] [TRT] Skipping tactic 8 due to insufficient memory on requested size of 784 detected for tactic 0x000000000000003c.
Try decreasing the workspace size with IBuilderConfig::setMemoryPoolLimit().
[03/03/2026-10:52:30] [W] [TRT] Tactic Device request: 784MB Available: 375MB. Device memory is insufficient to use tactic.
[03/03/2026-10:52:30] [W] [TRT] Skipping tactic 13 due to insufficient memory on requested size of 784 detected for tactic 0x0000000000000074.
Try decreasing the workspace size with IBuilderConfig::setMemoryPoolLimit().
[03/03/2026-10:52:31] [W] [TRT] Tactic Device request: 782MB Available: 375MB. Device memory is insufficient to use tactic.
[03/03/2026-10:52:31] [W] [TRT] Skipping tactic 3 due to insufficient memory on requested size of 782 detected for tactic 0x0000000000000004.
Try decreasing the workspace size with IBuilderConfig::setMemoryPoolLimit().
[03/03/2026-10:52:31] [W] [TRT] Tactic Device request: 782MB Available: 375MB. Device memory is insufficient to use tactic.
[03/03/2026-10:52:31] [W] [TRT] Skipping tactic 7 due to insufficient memory on requested size of 782 detected for tactic 0x000000000000003c.
Try decreasing the workspace size with IBuilderConfig::setMemoryPoolLimit().
[03/03/2026-10:52:44] [I] [TRT] Total Activation Memory: 4297644032
[03/03/2026-10:52:44] [I] [TRT] Detected 1 inputs and 1 output network tensors.
[03/03/2026-10:52:45] [I] [TRT] Total Host Persistent Memory: 9568
[03/03/2026-10:52:45] [I] [TRT] Total Device Persistent Memory: 0
[03/03/2026-10:52:45] [I] [TRT] Total Scratch Memory: 11945472
[03/03/2026-10:52:45] [I] [TRT] [MemUsageStats] Peak memory usage of TRT CPU/GPU memory allocators: CPU 0 MiB, GPU 396 MiB
[03/03/2026-10:52:45] [I] [TRT] [BlockAssignment] Started assigning block shifts. This will take 13 steps to complete.
[03/03/2026-10:52:45] [I] [TRT] [BlockAssignment] Algorithm ShiftNTopDown took 0.39249ms to assign 4 blocks to 13 nodes requiring 13421056 bytes.
[03/03/2026-10:52:45] [I] [TRT] Total Activation Memory: 13421056
[03/03/2026-10:52:45] [W] [TRT] TensorRT encountered issues when converting weights between types and that could affect accuracy.
[03/03/2026-10:52:45] [W] [TRT] If this is not the desired behavior, please modify the weights or retrain with regularization to adjust the magnitude of the weights.
[03/03/2026-10:52:45] [W] [TRT] Check verbose logs for the list of affected weights.
[03/03/2026-10:52:45] [W] [TRT] - 7 weights are affected by this issue: Detected subnormal FP16 values.
[03/03/2026-10:52:45] [I] [TRT] [MemUsageChange] TensorRT-managed allocation in building engine: CPU +0, GPU +4, now: CPU 0, GPU 4 (MiB)
[03/03/2026-10:52:45] [I] Engine built in 33.4016 sec.
[03/03/2026-10:52:45] [I] [TRT] Loaded engine size: 0 MiB
[03/03/2026-10:52:45] [I] [TRT] [MemUsageChange] TensorRT-managed allocation in engine deserialization: CPU +0, GPU +0, now: CPU 0, GPU 0 (MiB)
[03/03/2026-10:52:45] [I] Engine deserialized in 0.0084656 sec.
[03/03/2026-10:52:45] [I] [TRT] [MemUsageChange] TensorRT-managed allocation in IExecutionContext creation: CPU +0, GPU +12, now: CPU 0, GPU 12 (MiB)
[03/03/2026-10:52:45] [I] Setting persistentCacheLimit to 0 bytes.
[03/03/2026-10:52:45] [I] Using random values for input input
[03/03/2026-10:52:45] [I] Created input binding for input with dimensions 96x120
[03/03/2026-10:52:45] [I] Using random values for output capacity
[03/03/2026-10:52:45] [I] Created output binding for capacity with dimensions 96
[03/03/2026-10:52:45] [I] [TRT] The profiling verbosity was set to ProfilingVerbosity::kLAYER_NAMES_ONLY when the engine was built, so only the layer names will be returned. Rebuild the engine with ProfilingVerbosity::kDETAILED to get more verbose layer information.
[03/03/2026-10:52:45] [I] Starting inference
[03/03/2026-10:52:49] [I] Warmup completed 24 queries over 200 ms
[03/03/2026-10:52:49] [I] Timing trace has 367 queries over 3.02143 s
[03/03/2026-10:52:49] [I] 
[03/03/2026-10:52:49] [I] === Trace details ===
[03/03/2026-10:52:49] [I] Trace averages of 10 runs:
[03/03/2026-10:52:49] [I] Average on 10 runs - GPU latency: 8.2181 ms - Host latency: 8.2181 ms (enqueue 8.23488 ms)
[03/03/2026-10:52:49] [I] Average on 10 runs - GPU latency: 8.223 ms - Host latency: 8.223 ms (enqueue 8.21351 ms)
[03/03/2026-10:52:49] [I] Average on 10 runs - GPU latency: 8.20039 ms - Host latency: 8.20039 ms (enqueue 8.19166 ms)
[03/03/2026-10:52:49] [I] Average on 10 runs - GPU latency: 8.22184 ms - Host latency: 8.22184 ms (enqueue 8.24189 ms)
[03/03/2026-10:52:49] [I] Average on 10 runs - GPU latency: 8.22327 ms - Host latency: 8.22327 ms (enqueue 8.21434 ms)
[03/03/2026-10:52:49] [I] Average on 10 runs - GPU latency: 8.24974 ms - Host latency: 8.24974 ms (enqueue 8.23859 ms)
[03/03/2026-10:52:49] [I] Average on 10 runs - GPU latency: 8.22769 ms - Host latency: 8.22769 ms (enqueue 8.21864 ms)
[03/03/2026-10:52:49] [I] Average on 10 runs - GPU latency: 8.28566 ms - Host latency: 8.28566 ms (enqueue 8.27432 ms)
[03/03/2026-10:52:49] [I] Average on 10 runs - GPU latency: 8.19743 ms - Host latency: 8.19743 ms (enqueue 8.21804 ms)
[03/03/2026-10:52:49] [I] Average on 10 runs - GPU latency: 8.17001 ms - Host latency: 8.17001 ms (enqueue 8.16317 ms)
[03/03/2026-10:52:49] [I] Average on 10 runs - GPU latency: 8.22615 ms - Host latency: 8.22615 ms (enqueue 8.21705 ms)
[03/03/2026-10:52:49] [I] Average on 10 runs - GPU latency: 8.22272 ms - Host latency: 8.22272 ms (enqueue 8.21372 ms)
[03/03/2026-10:52:49] [I] Average on 10 runs - GPU latency: 8.27645 ms - Host latency: 8.27645 ms (enqueue 8.26562 ms)
[03/03/2026-10:52:49] [I] Average on 10 runs - GPU latency: 8.25791 ms - Host latency: 8.25791 ms (enqueue 8.22011 ms)
[03/03/2026-10:52:49] [I] Average on 10 runs - GPU latency: 8.19497 ms - Host latency: 8.19497 ms (enqueue 8.21371 ms)
[03/03/2026-10:52:49] [I] Average on 10 runs - GPU latency: 8.18481 ms - Host latency: 8.18481 ms (enqueue 8.17705 ms)
[03/03/2026-10:52:49] [I] Average on 10 runs - GPU latency: 8.31061 ms - Host latency: 8.31061 ms (enqueue 8.29706 ms)
[03/03/2026-10:52:49] [I] Average on 10 runs - GPU latency: 8.2553 ms - Host latency: 8.2553 ms (enqueue 8.21742 ms)
[03/03/2026-10:52:49] [I] Average on 10 runs - GPU latency: 8.19591 ms - Host latency: 8.19591 ms (enqueue 8.21571 ms)
[03/03/2026-10:52:49] [I] Average on 10 runs - GPU latency: 8.20311 ms - Host latency: 8.20311 ms (enqueue 8.19484 ms)
[03/03/2026-10:52:49] [I] Average on 10 runs - GPU latency: 8.18873 ms - Host latency: 8.18873 ms (enqueue 8.18015 ms)
[03/03/2026-10:52:49] [I] Average on 10 runs - GPU latency: 8.16813 ms - Host latency: 8.16813 ms (enqueue 8.16116 ms)
[03/03/2026-10:52:49] [I] Average on 10 runs - GPU latency: 8.15773 ms - Host latency: 8.15773 ms (enqueue 8.15063 ms)
[03/03/2026-10:52:49] [I] Average on 10 runs - GPU latency: 8.24495 ms - Host latency: 8.24495 ms (enqueue 8.23252 ms)
[03/03/2026-10:52:49] [I] Average on 10 runs - GPU latency: 8.21997 ms - Host latency: 8.21997 ms (enqueue 8.18125 ms)
[03/03/2026-10:52:49] [I] Average on 10 runs - GPU latency: 8.18948 ms - Host latency: 8.18948 ms (enqueue 8.21062 ms)
[03/03/2026-10:52:49] [I] Average on 10 runs - GPU latency: 8.29001 ms - Host latency: 8.29001 ms (enqueue 8.2783 ms)
[03/03/2026-10:52:49] [I] Average on 10 runs - GPU latency: 8.26306 ms - Host latency: 8.26306 ms (enqueue 8.25273 ms)
[03/03/2026-10:52:49] [I] Average on 10 runs - GPU latency: 8.29844 ms - Host latency: 8.29844 ms (enqueue 8.25913 ms)
[03/03/2026-10:52:49] [I] Average on 10 runs - GPU latency: 8.29309 ms - Host latency: 8.29309 ms (enqueue 8.27905 ms)
[03/03/2026-10:52:49] [I] Average on 10 runs - GPU latency: 8.19443 ms - Host latency: 8.19443 ms (enqueue 8.2156 ms)
[03/03/2026-10:52:49] [I] Average on 10 runs - GPU latency: 8.16367 ms - Host latency: 8.16367 ms (enqueue 8.15657 ms)
[03/03/2026-10:52:49] [I] Average on 10 runs - GPU latency: 8.19417 ms - Host latency: 8.19417 ms (enqueue 8.18623 ms)
[03/03/2026-10:52:49] [I] Average on 10 runs - GPU latency: 8.16658 ms - Host latency: 8.16658 ms (enqueue 8.15974 ms)
[03/03/2026-10:52:49] [I] Average on 10 runs - GPU latency: 8.16199 ms - Host latency: 8.16199 ms (enqueue 8.18418 ms)
[03/03/2026-10:52:49] [I] Average on 10 runs - GPU latency: 8.16611 ms - Host latency: 8.16611 ms (enqueue 8.15935 ms)
[03/03/2026-10:52:49] [I] 
[03/03/2026-10:52:49] [I] === Performance summary ===
[03/03/2026-10:52:49] [I] Throughput: 121.466 qps
[03/03/2026-10:52:49] [I] Latency: min = 8.11722 ms, max = 8.51959 ms, mean = 8.21959 ms, median = 8.17407 ms, percentile(90%) = 8.45605 ms, percentile(95%) = 8.47974 ms, percentile(99%) = 8.50781 ms
[03/03/2026-10:52:49] [I] Enqueue Time: min = 8.1109 ms, max = 8.51025 ms, mean = 8.2135 ms, median = 8.16931 ms, percentile(90%) = 8.42993 ms, percentile(95%) = 8.45081 ms, percentile(99%) = 8.47656 ms
[03/03/2026-10:52:49] [I] H2D Latency: min = 0 ms, max = 0 ms, mean = 0 ms, median = 0 ms, percentile(90%) = 0 ms, percentile(95%) = 0 ms, percentile(99%) = 0 ms
[03/03/2026-10:52:49] [I] GPU Compute Time: min = 8.11722 ms, max = 8.51959 ms, mean = 8.21959 ms, median = 8.17407 ms, percentile(90%) = 8.45605 ms, percentile(95%) = 8.47974 ms, percentile(99%) = 8.50781 ms
[03/03/2026-10:52:49] [I] D2H Latency: min = 0 ms, max = 0 ms, mean = 0 ms, median = 0 ms, percentile(90%) = 0 ms, percentile(95%) = 0 ms, percentile(99%) = 0 ms
[03/03/2026-10:52:49] [I] Total Host Walltime: 3.02143 s
[03/03/2026-10:52:49] [I] Total GPU Compute Time: 3.01659 s
[03/03/2026-10:52:49] [W] * Throughput may be bound by Enqueue Time rather than GPU Compute and the GPU may be under-utilized.
[03/03/2026-10:52:49] [W]   If not already in use, --useCudaGraph (utilize CUDA graphs where possible) may increase the throughput.
[03/03/2026-10:52:49] [W] * GPU compute time is unstable, with coefficient of variance = 1.42278%.
[03/03/2026-10:52:49] [W]   If not already in use, locking GPU clock frequency or adding --useSpinWait may improve the stability.
[03/03/2026-10:52:49] [I] Explanations of the performance metrics are printed in the verbose logs.
[03/03/2026-10:52:49] [I] 
&&&& PASSED TensorRT.trtexec [TensorRT v8502] # /usr/src/tensorrt/bin/trtexec --onnx=/home/user/Edge-ML/models/v5/CNN-GRU/bs96/CNN-GRU.onnx --saveEngine=/home/user/Edge-ML/models/v5/CNN-GRU/bs96/CNN-GRU_fp16.engine --fp16 --exportLayerInfo=/home/user/Edge-ML/models/v5/CNN-GRU/bs96/logs/quantisation_fp16_layers.json --memPoolSize=workspace:4096MiB --tacticSources=+CUBLAS,+CUBLAS_LT,+CUDNN --noDataTransfers
