03-03-2026 15:28:16 RAM 1820/3425MB (lfb 51x1MB) SWAP 219/1713MB (cached 4MB) CPU [0%@806,0%@806,60%@806,0%@806,off,off] EMC_FREQ 0% GR3D_FREQ 91%@[0] CV0@-256C CPU@50.281C SOC2@49.812C SOC0@47.75C CV1@-256C GPU@50.406C tj@50.968C SOC1@50.968C CV2@-256C
03-03-2026 15:28:16 RAM 1820/3425MB (lfb 51x1MB) SWAP 219/1713MB (cached 4MB) CPU [16%@806,0%@806,50%@806,0%@806,off,off] EMC_FREQ 0% GR3D_FREQ 91%@[0] CV0@-256C CPU@50C SOC2@49.937C SOC0@47.968C CV1@-256C GPU@50.406C tj@50.843C SOC1@50.843C CV2@-256C
03-03-2026 15:28:16 RAM 1820/3425MB (lfb 51x1MB) SWAP 219/1713MB (cached 4MB) CPU [0%@806,0%@806,50%@806,0%@806,off,off] EMC_FREQ 0% GR3D_FREQ 92%@[0] CV0@-256C CPU@50.281C SOC2@49.843C SOC0@47.875C CV1@-256C GPU@50.312C tj@50.812C SOC1@50.812C CV2@-256C
03-03-2026 15:28:16 RAM 1820/3425MB (lfb 51x1MB) SWAP 219/1713MB (cached 4MB) CPU [0%@806,0%@806,66%@806,0%@806,off,off] EMC_FREQ 0% GR3D_FREQ 92%@[0] CV0@-256C CPU@50C SOC2@49.843C SOC0@48C CV1@-256C GPU@50.406C tj@51.031C SOC1@51.031C CV2@-256C
03-03-2026 15:28:17 RAM 1820/3425MB (lfb 51x1MB) SWAP 219/1713MB (cached 4MB) CPU [0%@806,0%@806,50%@806,0%@806,off,off] EMC_FREQ 0% GR3D_FREQ 92%@[0] CV0@-256C CPU@50.468C SOC2@49.875C SOC0@47.843C CV1@-256C GPU@50.406C tj@50.812C SOC1@50.812C CV2@-256C
03-03-2026 15:28:17 RAM 1820/3425MB (lfb 51x1MB) SWAP 219/1713MB (cached 4MB) CPU [0%@806,0%@806,50%@806,0%@806,off,off] EMC_FREQ 0% GR3D_FREQ 91%@[0] CV0@-256C CPU@50.218C SOC2@49.906C SOC0@47.843C CV1@-256C GPU@50.437C tj@50.937C SOC1@50.937C CV2@-256C
03-03-2026 15:28:17 RAM 1820/3425MB (lfb 51x1MB) SWAP 219/1713MB (cached 4MB) CPU [0%@806,0%@806,60%@806,0%@806,off,off] EMC_FREQ 0% GR3D_FREQ 92%@[0] CV0@-256C CPU@50.031C SOC2@49.906C SOC0@47.906C CV1@-256C GPU@50.375C tj@50.843C SOC1@50.843C CV2@-256C
03-03-2026 15:28:17 RAM 1820/3425MB (lfb 51x1MB) SWAP 219/1713MB (cached 4MB) CPU [0%@806,0%@806,50%@806,0%@806,off,off] EMC_FREQ 0% GR3D_FREQ 92%@[0] CV0@-256C CPU@50.375C SOC2@49.781C SOC0@47.843C CV1@-256C GPU@50.437C tj@50.843C SOC1@50.843C CV2@-256C
03-03-2026 15:28:17 RAM 1820/3425MB (lfb 51x1MB) SWAP 219/1713MB (cached 4MB) CPU [0%@806,14%@806,60%@806,0%@806,off,off] EMC_FREQ 0% GR3D_FREQ 92%@[0] CV0@-256C CPU@50C SOC2@49.843C SOC0@47.812C CV1@-256C GPU@50.562C tj@50.875C SOC1@50.875C CV2@-256C
03-03-2026 15:28:17 RAM 1820/3425MB (lfb 51x1MB) SWAP 219/1713MB (cached 4MB) CPU [0%@806,0%@806,60%@806,0%@806,off,off] EMC_FREQ 0% GR3D_FREQ 92%@[0] CV0@-256C CPU@50.5C SOC2@49.937C SOC0@47.875C CV1@-256C GPU@50.625C tj@50.875C SOC1@50.875C CV2@-256C
03-03-2026 15:28:17 RAM 1820/3425MB (lfb 51x1MB) SWAP 219/1713MB (cached 4MB) CPU [0%@806,0%@806,50%@806,0%@806,off,off] EMC_FREQ 0% GR3D_FREQ 92%@[0] CV0@-256C CPU@50.031C SOC2@49.843C SOC0@47.812C CV1@-256C GPU@50.406C tj@50.968C SOC1@50.968C CV2@-256C
03-03-2026 15:28:17 RAM 1820/3425MB (lfb 51x1MB) SWAP 219/1713MB (cached 4MB) CPU [0%@806,0%@806,60%@806,0%@806,off,off] EMC_FREQ 0% GR3D_FREQ 91%@[0] CV0@-256C CPU@50.156C SOC2@49.968C SOC0@47.906C CV1@-256C GPU@50.437C tj@50.812C SOC1@50.812C CV2@-256C
03-03-2026 15:28:17 RAM 1820/3425MB (lfb 51x1MB) SWAP 219/1713MB (cached 4MB) CPU [0%@806,0%@806,60%@806,0%@806,off,off] EMC_FREQ 0% GR3D_FREQ 91%@[0] CV0@-256C CPU@50.375C SOC2@49.875C SOC0@47.906C CV1@-256C GPU@50.593C tj@50.75C SOC1@50.75C CV2@-256C
03-03-2026 15:28:17 RAM 1820/3425MB (lfb 51x1MB) SWAP 219/1713MB (cached 4MB) CPU [16%@806,0%@806,50%@806,0%@806,off,off] EMC_FREQ 0% GR3D_FREQ 91%@[0] CV0@-256C CPU@50.031C SOC2@49.812C SOC0@47.968C CV1@-256C GPU@50.718C tj@50.875C SOC1@50.875C CV2@-256C
03-03-2026 15:28:17 RAM 1820/3425MB (lfb 51x1MB) SWAP 219/1713MB (cached 4MB) CPU [0%@806,0%@806,50%@806,0%@806,off,off] EMC_FREQ 0% GR3D_FREQ 92%@[0] CV0@-256C CPU@50.031C SOC2@49.781C SOC0@47.968C CV1@-256C GPU@50.468C tj@50.812C SOC1@50.812C CV2@-256C
03-03-2026 15:28:17 RAM 1820/3425MB (lfb 51x1MB) SWAP 219/1713MB (cached 4MB) CPU [0%@806,0%@806,50%@806,0%@806,off,off] EMC_FREQ 0% GR3D_FREQ 92%@[0] CV0@-256C CPU@50C SOC2@49.781C SOC0@47.781C CV1@-256C GPU@50.593C tj@51C SOC1@51C CV2@-256C
03-03-2026 15:28:17 RAM 1820/3425MB (lfb 51x1MB) SWAP 219/1713MB (cached 4MB) CPU [0%@806,0%@806,60%@806,0%@806,off,off] EMC_FREQ 0% GR3D_FREQ 92%@[0] CV0@-256C CPU@50.156C SOC2@49.937C SOC0@47.937C CV1@-256C GPU@50.718C tj@50.75C SOC1@50.75C CV2@-256C
03-03-2026 15:28:17 RAM 1820/3425MB (lfb 51x1MB) SWAP 219/1713MB (cached 4MB) CPU [0%@806,0%@806,50%@806,0%@806,off,off] EMC_FREQ 0% GR3D_FREQ 92%@[0] CV0@-256C CPU@50.062C SOC2@49.906C SOC0@47.812C CV1@-256C GPU@50.937C tj@50.937C SOC1@50.718C CV2@-256C
03-03-2026 15:28:17 RAM 1820/3425MB (lfb 51x1MB) SWAP 219/1713MB (cached 4MB) CPU [0%@806,0%@806,50%@806,0%@806,off,off] EMC_FREQ 0% GR3D_FREQ 91%@[0] CV0@-256C CPU@50.031C SOC2@49.968C SOC0@48.062C CV1@-256C GPU@50.625C tj@50.875C SOC1@50.875C CV2@-256C
03-03-2026 15:28:17 RAM 1820/3425MB (lfb 51x1MB) SWAP 219/1713MB (cached 4MB) CPU [0%@806,0%@806,60%@806,0%@806,off,off] EMC_FREQ 0% GR3D_FREQ 91%@[0] CV0@-256C CPU@50C SOC2@49.875C SOC0@47.843C CV1@-256C GPU@50.625C tj@50.687C SOC1@50.687C CV2@-256C
03-03-2026 15:28:17 RAM 1820/3425MB (lfb 51x1MB) SWAP 219/1713MB (cached 4MB) CPU [0%@806,0%@806,40%@806,0%@806,off,off] EMC_FREQ 0% GR3D_FREQ 91%@[0] CV0@-256C CPU@50C SOC2@49.843C SOC0@47.843C CV1@-256C GPU@50.937C tj@50.937C SOC1@50.937C CV2@-256C
03-03-2026 15:28:17 RAM 1820/3425MB (lfb 51x1MB) SWAP 219/1713MB (cached 4MB) CPU [0%@806,0%@806,60%@806,0%@806,off,off] EMC_FREQ 0% GR3D_FREQ 92%@[0] CV0@-256C CPU@50.156C SOC2@49.906C SOC0@47.906C CV1@-256C GPU@50.375C tj@50.843C SOC1@50.843C CV2@-256C
03-03-2026 15:28:17 RAM 1820/3425MB (lfb 51x1MB) SWAP 219/1713MB (cached 4MB) CPU [0%@806,0%@806,60%@806,0%@806,off,off] EMC_FREQ 0% GR3D_FREQ 92%@[0] CV0@-256C CPU@50.062C SOC2@49.843C SOC0@47.812C CV1@-256C GPU@50.718C tj@51.062C SOC1@51.062C CV2@-256C
03-03-2026 15:28:18 RAM 1820/3425MB (lfb 51x1MB) SWAP 219/1713MB (cached 4MB) CPU [0%@806,16%@806,50%@806,0%@806,off,off] EMC_FREQ 0% GR3D_FREQ 91%@[0] CV0@-256C CPU@50C SOC2@49.968C SOC0@48C CV1@-256C GPU@50.875C tj@50.875C SOC1@50.843C CV2@-256C
03-03-2026 15:28:18 RAM 1820/3425MB (lfb 51x1MB) SWAP 219/1713MB (cached 4MB) CPU [0%@806,0%@806,60%@806,0%@806,off,off] EMC_FREQ 0% GR3D_FREQ 91%@[0] CV0@-256C CPU@50.125C SOC2@49.781C SOC0@47.875C CV1@-256C GPU@50.312C tj@50.812C SOC1@50.812C CV2@-256C
03-03-2026 15:28:18 RAM 1820/3425MB (lfb 51x1MB) SWAP 219/1713MB (cached 4MB) CPU [0%@806,0%@806,50%@806,0%@806,off,off] EMC_FREQ 0% GR3D_FREQ 92%@[0] CV0@-256C CPU@50.031C SOC2@49.843C SOC0@47.781C CV1@-256C GPU@50.406C tj@50.875C SOC1@50.875C CV2@-256C
03-03-2026 15:28:18 RAM 1820/3425MB (lfb 51x1MB) SWAP 219/1713MB (cached 4MB) CPU [0%@806,0%@806,50%@806,0%@806,off,off] EMC_FREQ 0% GR3D_FREQ 92%@[0] CV0@-256C CPU@50C SOC2@49.906C SOC0@47.875C CV1@-256C GPU@50.843C tj@50.843C SOC1@50.781C CV2@-256C
03-03-2026 15:28:18 RAM 1820/3425MB (lfb 51x1MB) SWAP 219/1713MB (cached 4MB) CPU [0%@806,0%@806,60%@806,0%@806,off,off] EMC_FREQ 0% GR3D_FREQ 92%@[0] CV0@-256C CPU@50.062C SOC2@49.812C SOC0@47.781C CV1@-256C GPU@50.343C tj@51.062C SOC1@51.062C CV2@-256C
03-03-2026 15:28:18 RAM 1820/3425MB (lfb 51x1MB) SWAP 219/1713MB (cached 4MB) CPU [0%@806,0%@806,50%@806,0%@806,off,off] EMC_FREQ 0% GR3D_FREQ 92%@[0] CV0@-256C CPU@50.031C SOC2@49.968C SOC0@48.062C CV1@-256C GPU@50.5C tj@50.75C SOC1@50.75C CV2@-256C
03-03-2026 15:28:18 RAM 1820/3425MB (lfb 51x1MB) SWAP 219/1713MB (cached 4MB) CPU [0%@806,16%@806,50%@806,0%@806,off,off] EMC_FREQ 0% GR3D_FREQ 91%@[0] CV0@-256C CPU@50.187C SOC2@49.875C SOC0@47.812C CV1@-256C GPU@50.468C tj@50.687C SOC1@50.687C CV2@-256C
03-03-2026 15:28:18 RAM 1820/3425MB (lfb 51x1MB) SWAP 219/1713MB (cached 4MB) CPU [0%@806,0%@806,60%@806,0%@806,off,off] EMC_FREQ 0% GR3D_FREQ 92%@[0] CV0@-256C CPU@50.062C SOC2@49.875C SOC0@47.937C CV1@-256C GPU@50.375C tj@50.875C SOC1@50.875C CV2@-256C
03-03-2026 15:28:18 RAM 1820/3425MB (lfb 51x1MB) SWAP 219/1713MB (cached 4MB) CPU [0%@806,0%@806,50%@806,0%@806,off,off] EMC_FREQ 0% GR3D_FREQ 92%@[0] CV0@-256C CPU@50.156C SOC2@49.906C SOC0@47.906C CV1@-256C GPU@50.406C tj@50.781C SOC1@50.781C CV2@-256C
03-03-2026 15:28:18 RAM 1820/3425MB (lfb 51x1MB) SWAP 219/1713MB (cached 4MB) CPU [0%@806,16%@806,50%@806,0%@806,off,off] EMC_FREQ 0% GR3D_FREQ 92%@[0] CV0@-256C CPU@50.093C SOC2@49.843C SOC0@47.781C CV1@-256C GPU@50.406C tj@50.937C SOC1@50.937C CV2@-256C
03-03-2026 15:28:18 RAM 1820/3425MB (lfb 51x1MB) SWAP 219/1713MB (cached 4MB) CPU [0%@806,0%@806,57%@806,0%@806,off,off] EMC_FREQ 0% GR3D_FREQ 92%@[0] CV0@-256C CPU@50.156C SOC2@49.875C SOC0@48C CV1@-256C GPU@50.5C tj@50.875C SOC1@50.875C CV2@-256C
03-03-2026 15:28:18 RAM 1820/3425MB (lfb 51x1MB) SWAP 219/1713MB (cached 4MB) CPU [0%@806,0%@806,60%@806,0%@806,off,off] EMC_FREQ 0% GR3D_FREQ 91%@[0] CV0@-256C CPU@50.125C SOC2@49.843C SOC0@47.843C CV1@-256C GPU@50.375C tj@50.75C SOC1@50.75C CV2@-256C
03-03-2026 15:28:18 RAM 1820/3425MB (lfb 51x1MB) SWAP 219/1713MB (cached 4MB) CPU [0%@806,0%@806,66%@806,0%@806,off,off] EMC_FREQ 0% GR3D_FREQ 92%@[0] CV0@-256C CPU@50.031C SOC2@49.812C SOC0@48.062C CV1@-256C GPU@50.406C tj@50.812C SOC1@50.812C CV2@-256C
03-03-2026 15:28:18 RAM 1820/3425MB (lfb 51x1MB) SWAP 219/1713MB (cached 4MB) CPU [0%@806,0%@806,50%@806,0%@806,off,off] EMC_FREQ 0% GR3D_FREQ 92%@[0] CV0@-256C CPU@50.312C SOC2@49.843C SOC0@47.875C CV1@-256C GPU@50.531C tj@50.687C SOC1@50.687C CV2@-256C
03-03-2026 15:28:18 RAM 1820/3425MB (lfb 51x1MB) SWAP 219/1713MB (cached 4MB) CPU [0%@806,0%@806,50%@806,0%@806,off,off] EMC_FREQ 0% GR3D_FREQ 91%@[0] CV0@-256C CPU@50.125C SOC2@49.843C SOC0@47.781C CV1@-256C GPU@50.718C tj@51C SOC1@51C CV2@-256C
03-03-2026 15:28:18 RAM 1820/3425MB (lfb 51x1MB) SWAP 219/1713MB (cached 4MB) CPU [0%@806,0%@806,60%@806,0%@806,off,off] EMC_FREQ 0% GR3D_FREQ 91%@[0] CV0@-256C CPU@50.375C SOC2@49.906C SOC0@47.875C CV1@-256C GPU@50.375C tj@50.781C SOC1@50.781C CV2@-256C
03-03-2026 15:28:18 RAM 1820/3425MB (lfb 51x1MB) SWAP 219/1713MB (cached 4MB) CPU [0%@806,0%@806,50%@806,0%@806,off,off] EMC_FREQ 0% GR3D_FREQ 92%@[0] CV0@-256C CPU@50.187C SOC2@49.781C SOC0@47.843C CV1@-256C GPU@50.531C tj@51.156C SOC1@51.156C CV2@-256C
03-03-2026 15:28:18 RAM 1820/3425MB (lfb 51x1MB) SWAP 219/1713MB (cached 4MB) CPU [0%@806,0%@806,50%@806,0%@806,off,off] EMC_FREQ 0% GR3D_FREQ 92%@[0] CV0@-256C CPU@50C SOC2@49.968C SOC0@48.125C CV1@-256C GPU@50.656C tj@50.843C SOC1@50.843C CV2@-256C
03-03-2026 15:28:18 RAM 1820/3425MB (lfb 51x1MB) SWAP 219/1713MB (cached 4MB) CPU [0%@806,0%@806,60%@806,0%@806,off,off] EMC_FREQ 0% GR3D_FREQ 92%@[0] CV0@-256C CPU@50.312C SOC2@49.843C SOC0@47.875C CV1@-256C GPU@50.875C tj@50.875C SOC1@50.718C CV2@-256C
03-03-2026 15:28:19 RAM 1820/3425MB (lfb 51x1MB) SWAP 219/1713MB (cached 4MB) CPU [16%@806,0%@806,50%@806,0%@806,off,off] EMC_FREQ 0% GR3D_FREQ 92%@[0] CV0@-256C CPU@50.125C SOC2@49.843C SOC0@47.781C CV1@-256C GPU@50.25C tj@50.937C SOC1@50.937C CV2@-256C
03-03-2026 15:28:19 RAM 1820/3425MB (lfb 51x1MB) SWAP 219/1713MB (cached 4MB) CPU [0%@806,0%@806,60%@806,0%@806,off,off] EMC_FREQ 0% GR3D_FREQ 91%@[0] CV0@-256C CPU@50.5C SOC2@49.875C SOC0@47.875C CV1@-256C GPU@50.656C tj@50.843C SOC1@50.843C CV2@-256C
03-03-2026 15:28:19 RAM 1820/3425MB (lfb 51x1MB) SWAP 219/1713MB (cached 4MB) CPU [0%@806,0%@806,50%@806,0%@806,off,off] EMC_FREQ 0% GR3D_FREQ 91%@[0] CV0@-256C CPU@50.25C SOC2@49.812C SOC0@47.843C CV1@-256C GPU@50.812C tj@50.812C SOC1@50.75C CV2@-256C
03-03-2026 15:28:19 RAM 1820/3425MB (lfb 51x1MB) SWAP 219/1713MB (cached 4MB) CPU [0%@806,0%@806,40%@806,0%@806,off,off] EMC_FREQ 0% GR3D_FREQ 91%@[0] CV0@-256C CPU@49.968C SOC2@49.906C SOC0@48C CV1@-256C GPU@50.312C tj@50.781C SOC1@50.781C CV2@-256C
03-03-2026 15:28:19 RAM 1820/3425MB (lfb 51x1MB) SWAP 219/1713MB (cached 4MB) CPU [0%@806,0%@806,60%@806,0%@806,off,off] EMC_FREQ 0% GR3D_FREQ 92%@[0] CV0@-256C CPU@50.375C SOC2@49.843C SOC0@47.843C CV1@-256C GPU@50.281C tj@50.687C SOC1@50.687C CV2@-256C
03-03-2026 15:28:19 RAM 1820/3425MB (lfb 51x1MB) SWAP 219/1713MB (cached 4MB) CPU [0%@806,0%@806,66%@806,0%@806,off,off] EMC_FREQ 0% GR3D_FREQ 92%@[0] CV0@-256C CPU@50C SOC2@49.812C SOC0@47.875C CV1@-256C GPU@50.812C tj@50.906C SOC1@50.906C CV2@-256C
03-03-2026 15:28:19 RAM 1820/3425MB (lfb 51x1MB) SWAP 219/1713MB (cached 4MB) CPU [0%@806,0%@806,50%@806,0%@806,off,off] EMC_FREQ 0% GR3D_FREQ 92%@[0] CV0@-256C CPU@50.437C SOC2@49.875C SOC0@47.906C CV1@-256C GPU@50.281C tj@50.718C SOC1@50.718C CV2@-256C
03-03-2026 15:28:19 RAM 1820/3425MB (lfb 51x1MB) SWAP 219/1713MB (cached 4MB) CPU [0%@806,0%@806,50%@806,0%@806,off,off] EMC_FREQ 0% GR3D_FREQ 91%@[0] CV0@-256C CPU@50.25C SOC2@49.875C SOC0@47.781C CV1@-256C GPU@50.468C tj@51C SOC1@51C CV2@-256C
03-03-2026 15:28:19 RAM 1820/3425MB (lfb 51x1MB) SWAP 219/1713MB (cached 4MB) CPU [0%@806,0%@806,50%@806,0%@806,off,off] EMC_FREQ 0% GR3D_FREQ 91%@[0] CV0@-256C CPU@50.093C SOC2@49.906C SOC0@48C CV1@-256C GPU@50.437C tj@50.75C SOC1@50.75C CV2@-256C
03-03-2026 15:28:19 RAM 1820/3425MB (lfb 51x1MB) SWAP 219/1713MB (cached 4MB) CPU [0%@806,16%@806,60%@806,0%@806,off,off] EMC_FREQ 0% GR3D_FREQ 92%@[0] CV0@-256C CPU@50.375C SOC2@49.843C SOC0@47.812C CV1@-256C GPU@50.343C tj@50.75C SOC1@50.75C CV2@-256C
03-03-2026 15:28:19 RAM 1820/3425MB (lfb 51x1MB) SWAP 219/1713MB (cached 4MB) CPU [0%@806,0%@806,60%@806,0%@806,off,off] EMC_FREQ 0% GR3D_FREQ 92%@[0] CV0@-256C CPU@50C SOC2@49.781C SOC0@48C CV1@-256C GPU@50.375C tj@50.843C SOC1@50.843C CV2@-256C
03-03-2026 15:28:19 RAM 1820/3425MB (lfb 51x1MB) SWAP 219/1713MB (cached 4MB) CPU [0%@806,0%@806,50%@806,0%@806,off,off] EMC_FREQ 0% GR3D_FREQ 92%@[0] CV0@-256C CPU@50C SOC2@49.843C SOC0@47.906C CV1@-256C GPU@50.375C tj@50.718C SOC1@50.718C CV2@-256C
03-03-2026 15:28:19 RAM 1820/3425MB (lfb 51x1MB) SWAP 219/1713MB (cached 4MB) CPU [0%@806,0%@806,50%@806,0%@806,off,off] EMC_FREQ 0% GR3D_FREQ 91%@[0] CV0@-256C CPU@50C SOC2@49.781C SOC0@47.781C CV1@-256C GPU@50.531C tj@51.031C SOC1@51.031C CV2@-256C
03-03-2026 15:28:19 RAM 1820/3425MB (lfb 51x1MB) SWAP 219/1713MB (cached 4MB) CPU [0%@806,0%@806,50%@806,0%@806,off,off] EMC_FREQ 0% GR3D_FREQ 91%@[0] CV0@-256C CPU@50.218C SOC2@49.875C SOC0@48.062C CV1@-256C GPU@50.312C tj@50.781C SOC1@50.781C CV2@-256C
03-03-2026 15:28:19 RAM 1820/3425MB (lfb 51x1MB) SWAP 219/1713MB (cached 4MB) CPU [0%@806,0%@806,60%@806,0%@806,off,off] EMC_FREQ 0% GR3D_FREQ 92%@[0] CV0@-256C CPU@50.406C SOC2@49.937C SOC0@47.843C CV1@-256C GPU@50.437C tj@50.687C SOC1@50.687C CV2@-256C
03-03-2026 15:28:19 RAM 1820/3425MB (lfb 51x1MB) SWAP 219/1713MB (cached 4MB) CPU [0%@806,0%@806,60%@806,0%@806,off,off] EMC_FREQ 0% GR3D_FREQ 92%@[0] CV0@-256C CPU@50C SOC2@49.812C SOC0@48C CV1@-256C GPU@50.562C tj@50.875C SOC1@50.875C CV2@-256C
03-03-2026 15:28:19 RAM 1820/3425MB (lfb 51x1MB) SWAP 219/1713MB (cached 4MB) CPU [0%@806,0%@806,40%@806,0%@806,off,off] EMC_FREQ 0% GR3D_FREQ 92%@[0] CV0@-256C CPU@50.031C SOC2@49.875C SOC0@47.937C CV1@-256C GPU@50.562C tj@50.687C SOC1@50.812C CV2@-256C
03-03-2026 15:28:19 RAM 1820/3425MB (lfb 51x1MB) SWAP 219/1713MB (cached 4MB) CPU [0%@806,0%@806,60%@806,0%@806,off,off] EMC_FREQ 0% GR3D_FREQ 92%@[0] CV0@-256C CPU@50.031C SOC2@49.812C SOC0@47.75C CV1@-256C GPU@50.437C tj@50.937C SOC1@50.937C CV2@-256C
03-03-2026 15:28:19 RAM 1820/3425MB (lfb 51x1MB) SWAP 219/1713MB (cached 4MB) CPU [0%@806,0%@806,66%@806,0%@806,off,off] EMC_FREQ 0% GR3D_FREQ 91%@[0] CV0@-256C CPU@50.031C SOC2@49.875C SOC0@47.937C CV1@-256C GPU@50.5C tj@50.781C SOC1@50.781C CV2@-256C
03-03-2026 15:28:20 RAM 1820/3425MB (lfb 51x1MB) SWAP 219/1713MB (cached 4MB) CPU [0%@806,0%@806,40%@806,0%@806,off,off] EMC_FREQ 0% GR3D_FREQ 91%@[0] CV0@-256C CPU@50C SOC2@49.812C SOC0@47.906C CV1@-256C GPU@50.593C tj@50.718C SOC1@50.718C CV2@-256C
03-03-2026 15:28:20 RAM 1820/3425MB (lfb 51x1MB) SWAP 219/1713MB (cached 4MB) CPU [0%@806,0%@806,60%@806,0%@806,off,off] EMC_FREQ 0% GR3D_FREQ 91%@[0] CV0@-256C CPU@50.031C SOC2@49.937C SOC0@48.031C CV1@-256C GPU@50.718C tj@50.875C SOC1@50.875C CV2@-256C
03-03-2026 15:28:20 RAM 1820/3425MB (lfb 51x1MB) SWAP 219/1713MB (cached 4MB) CPU [0%@806,0%@806,50%@806,0%@806,off,off] EMC_FREQ 0% GR3D_FREQ 92%@[0] CV0@-256C CPU@50.125C SOC2@49.875C SOC0@47.812C CV1@-256C GPU@50.406C tj@50.687C SOC1@50.687C CV2@-256C
03-03-2026 15:28:20 RAM 1820/3425MB (lfb 51x1MB) SWAP 219/1713MB (cached 4MB) CPU [0%@806,0%@806,60%@806,0%@806,off,off] EMC_FREQ 0% GR3D_FREQ 92%@[0] CV0@-256C CPU@50.031C SOC2@49.812C SOC0@47.812C CV1@-256C GPU@50.531C tj@51C SOC1@51C CV2@-256C
03-03-2026 15:28:20 RAM 1820/3425MB (lfb 51x1MB) SWAP 219/1713MB (cached 4MB) CPU [0%@806,0%@806,50%@806,0%@806,off,off] EMC_FREQ 0% GR3D_FREQ 92%@[0] CV0@-256C CPU@50C SOC2@49.906C SOC0@47.875C CV1@-256C GPU@50.687C tj@50.781C SOC1@50.781C CV2@-256C
03-03-2026 15:28:20 RAM 1820/3425MB (lfb 51x1MB) SWAP 219/1713MB (cached 4MB) CPU [0%@806,0%@806,50%@806,0%@806,off,off] EMC_FREQ 0% GR3D_FREQ 92%@[0] CV0@-256C CPU@50.062C SOC2@49.937C SOC0@47.812C CV1@-256C GPU@50.968C tj@51.093C SOC1@51.093C CV2@-256C
03-03-2026 15:28:20 RAM 1820/3425MB (lfb 51x1MB) SWAP 219/1713MB (cached 4MB) CPU [16%@806,0%@806,66%@806,0%@806,off,off] EMC_FREQ 0% GR3D_FREQ 91%@[0] CV0@-256C CPU@50.031C SOC2@49.906C SOC0@47.968C CV1@-256C GPU@50.562C tj@50.875C SOC1@50.875C CV2@-256C
03-03-2026 15:28:20 RAM 1820/3425MB (lfb 51x1MB) SWAP 219/1713MB (cached 4MB) CPU [0%@806,0%@806,50%@806,0%@806,off,off] EMC_FREQ 0% GR3D_FREQ 92%@[0] CV0@-256C CPU@50.187C SOC2@49.906C SOC0@47.812C CV1@-256C GPU@50.687C tj@50.687C SOC1@50.781C CV2@-256C
03-03-2026 15:28:20 RAM 1820/3425MB (lfb 51x1MB) SWAP 219/1713MB (cached 4MB) CPU [0%@806,16%@806,40%@806,0%@806,off,off] EMC_FREQ 0% GR3D_FREQ 92%@[0] CV0@-256C CPU@50.031C SOC2@49.781C SOC0@47.781C CV1@-256C GPU@50.906C tj@50.906C SOC1@50.843C CV2@-256C
03-03-2026 15:28:20 RAM 1820/3425MB (lfb 51x1MB) SWAP 219/1713MB (cached 4MB) CPU [0%@806,0%@806,66%@806,0%@806,off,off] EMC_FREQ 0% GR3D_FREQ 92%@[0] CV0@-256C CPU@50.031C SOC2@49.906C SOC0@47.875C CV1@-256C GPU@50.281C tj@50.75C SOC1@50.75C CV2@-256C
03-03-2026 15:28:20 RAM 1820/3425MB (lfb 51x1MB) SWAP 219/1713MB (cached 4MB) CPU [0%@806,0%@806,50%@806,0%@806,off,off] EMC_FREQ 0% GR3D_FREQ 92%@[0] CV0@-256C CPU@50.125C SOC2@49.875C SOC0@47.843C CV1@-256C GPU@50.718C tj@50.718C SOC1@50.687C CV2@-256C
03-03-2026 15:28:20 RAM 1820/3425MB (lfb 51x1MB) SWAP 219/1713MB (cached 4MB) CPU [0%@806,0%@806,50%@806,0%@806,off,off] EMC_FREQ 0% GR3D_FREQ 91%@[0] CV0@-256C CPU@50.062C SOC2@50.031C SOC0@48C CV1@-256C GPU@50.843C tj@50.843C SOC1@50.843C CV2@-256C
03-03-2026 15:28:20 RAM 1820/3425MB (lfb 51x1MB) SWAP 219/1713MB (cached 4MB) CPU [0%@806,0%@806,60%@806,0%@806,off,off] EMC_FREQ 0% GR3D_FREQ 92%@[0] CV0@-256C CPU@50.218C SOC2@49.812C SOC0@47.906C CV1@-256C GPU@50.25C tj@50.812C SOC1@50.812C CV2@-256C
03-03-2026 15:28:20 RAM 1820/3425MB (lfb 51x1MB) SWAP 219/1713MB (cached 4MB) CPU [0%@806,0%@806,50%@806,0%@806,off,off] EMC_FREQ 0% GR3D_FREQ 91%@[0] CV0@-256C CPU@50.156C SOC2@49.75C SOC0@47.687C CV1@-256C GPU@50.343C tj@50.968C SOC1@50.968C CV2@-256C
03-03-2026 15:28:20 RAM 1820/3425MB (lfb 51x1MB) SWAP 219/1713MB (cached 4MB) CPU [0%@806,0%@806,60%@806,0%@806,off,off] EMC_FREQ 0% GR3D_FREQ 91%@[0] CV0@-256C CPU@50.25C SOC2@49.875C SOC0@47.906C CV1@-256C GPU@50.906C tj@50.906C SOC1@50.687C CV2@-256C
03-03-2026 15:28:20 RAM 1820/3425MB (lfb 51x1MB) SWAP 219/1713MB (cached 4MB) CPU [0%@806,0%@806,60%@806,0%@806,off,off] EMC_FREQ 0% GR3D_FREQ 91%@[0] CV0@-256C CPU@50.125C SOC2@49.875C SOC0@47.781C CV1@-256C GPU@50.343C tj@50.937C SOC1@50.937C CV2@-256C
03-03-2026 15:28:20 RAM 1820/3425MB (lfb 51x1MB) SWAP 219/1713MB (cached 4MB) CPU [0%@806,0%@806,40%@806,0%@806,off,off] EMC_FREQ 0% GR3D_FREQ 92%@[0] CV0@-256C CPU@50.375C SOC2@49.906C SOC0@48C CV1@-256C GPU@50.375C tj@50.781C SOC1@50.781C CV2@-256C
03-03-2026 15:28:20 RAM 1820/3425MB (lfb 51x1MB) SWAP 219/1713MB (cached 4MB) CPU [0%@806,0%@806,60%@806,0%@806,off,off] EMC_FREQ 0% GR3D_FREQ 92%@[0] CV0@-256C CPU@50.218C SOC2@49.812C SOC0@47.812C CV1@-256C GPU@50.375C tj@50.687C SOC1@50.687C CV2@-256C
03-03-2026 15:28:20 RAM 1820/3425MB (lfb 51x1MB) SWAP 219/1713MB (cached 4MB) CPU [0%@806,0%@806,60%@806,0%@806,off,off] EMC_FREQ 0% GR3D_FREQ 92%@[0] CV0@-256C CPU@50.031C SOC2@49.75C SOC0@47.968C CV1@-256C GPU@50.593C tj@50.843C SOC1@50.843C CV2@-256C
03-03-2026 15:28:21 RAM 1820/3425MB (lfb 51x1MB) SWAP 219/1713MB (cached 4MB) CPU [0%@806,0%@806,50%@806,0%@806,off,off] EMC_FREQ 0% GR3D_FREQ 92%@[0] CV0@-256C CPU@50.375C SOC2@49.875C SOC0@47.906C CV1@-256C GPU@50.437C tj@50.718C SOC1@50.718C CV2@-256C
03-03-2026 15:28:21 RAM 1820/3425MB (lfb 51x1MB) SWAP 219/1713MB (cached 4MB) CPU [0%@806,0%@806,60%@806,0%@806,off,off] EMC_FREQ 0% GR3D_FREQ 91%@[0] CV0@-256C CPU@50.125C SOC2@49.812C SOC0@47.75C CV1@-256C GPU@50.437C tj@51.031C SOC1@51.031C CV2@-256C
03-03-2026 15:28:21 RAM 1820/3425MB (lfb 51x1MB) SWAP 219/1713MB (cached 4MB) CPU [0%@806,0%@806,60%@806,0%@806,off,off] EMC_FREQ 0% GR3D_FREQ 92%@[0] CV0@-256C CPU@50.531C SOC2@49.906C SOC0@47.937C CV1@-256C GPU@50.5C tj@50.843C SOC1@50.843C CV2@-256C
03-03-2026 15:28:21 RAM 1820/3425MB (lfb 51x1MB) SWAP 219/1713MB (cached 4MB) CPU [0%@806,0%@806,40%@806,0%@806,off,off] EMC_FREQ 0% GR3D_FREQ 92%@[0] CV0@-256C CPU@50.25C SOC2@49.812C SOC0@47.718C CV1@-256C GPU@50.625C tj@50.718C SOC1@50.718C CV2@-256C
03-03-2026 15:28:21 RAM 1820/3425MB (lfb 51x1MB) SWAP 219/1713MB (cached 4MB) CPU [0%@806,0%@806,60%@806,0%@806,off,off] EMC_FREQ 0% GR3D_FREQ 92%@[0] CV0@-256C CPU@49.968C SOC2@49.812C SOC0@48.062C CV1@-256C GPU@50.343C tj@50.781C SOC1@50.781C CV2@-256C
03-03-2026 15:28:21 RAM 1820/3425MB (lfb 51x1MB) SWAP 219/1713MB (cached 4MB) CPU [0%@806,0%@806,50%@806,0%@806,off,off] EMC_FREQ 0% GR3D_FREQ 92%@[0] CV0@-256C CPU@50.343C SOC2@49.812C SOC0@47.812C CV1@-256C GPU@50.562C tj@50.687C SOC1@50.687C CV2@-256C
03-03-2026 15:28:21 RAM 1820/3425MB (lfb 51x1MB) SWAP 219/1713MB (cached 4MB) CPU [0%@806,0%@806,60%@806,0%@806,off,off] EMC_FREQ 0% GR3D_FREQ 91%@[0] CV0@-256C CPU@50.187C SOC2@49.781C SOC0@47.781C CV1@-256C GPU@50.656C tj@51C SOC1@51C CV2@-256C
03-03-2026 15:28:21 RAM 1820/3425MB (lfb 51x1MB) SWAP 219/1713MB (cached 4MB) CPU [0%@806,0%@806,60%@806,0%@806,off,off] EMC_FREQ 0% GR3D_FREQ 91%@[0] CV0@-256C CPU@50.437C SOC2@49.937C SOC0@47.875C CV1@-256C GPU@50.781C tj@50.843C SOC1@50.843C CV2@-256C
03-03-2026 15:28:21 RAM 1820/3425MB (lfb 51x1MB) SWAP 219/1713MB (cached 4MB) CPU [0%@806,16%@806,40%@806,0%@806,off,off] EMC_FREQ 0% GR3D_FREQ 91%@[0] CV0@-256C CPU@50.187C SOC2@49.843C SOC0@47.812C CV1@-256C GPU@50.531C tj@51C SOC1@51C CV2@-256C
03-03-2026 15:28:21 RAM 1820/3425MB (lfb 51x1MB) SWAP 219/1713MB (cached 4MB) CPU [0%@806,0%@806,60%@806,0%@806,off,off] EMC_FREQ 0% GR3D_FREQ 92%@[0] CV0@-256C CPU@49.937C SOC2@49.968C SOC0@48C CV1@-256C GPU@50.656C tj@50.843C SOC1@50.843C CV2@-256C
03-03-2026 15:28:21 RAM 1820/3425MB (lfb 51x1MB) SWAP 219/1713MB (cached 4MB) CPU [0%@806,0%@806,60%@806,0%@806,off,off] EMC_FREQ 0% GR3D_FREQ 92%@[0] CV0@-256C CPU@50.343C SOC2@49.875C SOC0@47.843C CV1@-256C GPU@50.875C tj@50.875C SOC1@50.781C CV2@-256C
03-03-2026 15:28:21 RAM 1820/3425MB (lfb 51x1MB) SWAP 219/1713MB (cached 4MB) CPU [0%@806,0%@806,50%@806,0%@806,off,off] EMC_FREQ 0% GR3D_FREQ 92%@[0] CV0@-256C CPU@50C SOC2@49.812C SOC0@47.781C CV1@-256C GPU@50.25C tj@50.875C SOC1@50.937C CV2@-256C
03-03-2026 15:28:21 RAM 1820/3425MB (lfb 51x1MB) SWAP 219/1713MB (cached 4MB) CPU [0%@806,0%@806,60%@806,0%@806,off,off] EMC_FREQ 0% GR3D_FREQ 91%@[0] CV0@-256C CPU@50C SOC2@49.843C SOC0@47.812C CV1@-256C GPU@50.687C tj@50.687C SOC1@50.687C CV2@-256C
03-03-2026 15:28:21 RAM 1820/3425MB (lfb 51x1MB) SWAP 219/1713MB (cached 4MB) CPU [0%@806,0%@806,50%@806,0%@806,off,off] EMC_FREQ 0% GR3D_FREQ 91%@[0] CV0@-256C CPU@50C SOC2@49.843C SOC0@47.781C CV1@-256C GPU@50.75C tj@51C SOC1@51C CV2@-256C
03-03-2026 15:28:21 RAM 1820/3425MB (lfb 51x1MB) SWAP 219/1713MB (cached 4MB) CPU [16%@806,0%@806,50%@806,0%@806,off,off] EMC_FREQ 0% GR3D_FREQ 92%@[0] CV0@-256C CPU@50.125C SOC2@50C SOC0@48C CV1@-256C GPU@50.312C tj@50.843C SOC1@50.843C CV2@-256C
03-03-2026 15:28:21 RAM 1820/3425MB (lfb 51x1MB) SWAP 219/1713MB (cached 4MB) CPU [0%@806,16%@806,60%@806,0%@806,off,off] EMC_FREQ 0% GR3D_FREQ 91%@[0] CV0@-256C CPU@50.343C SOC2@49.843C SOC0@47.843C CV1@-256C GPU@50.375C tj@50.687C SOC1@50.687C CV2@-256C
03-03-2026 15:28:21 RAM 1820/3425MB (lfb 51x1MB) SWAP 219/1713MB (cached 4MB) CPU [0%@806,0%@806,50%@806,0%@806,off,off] EMC_FREQ 0% GR3D_FREQ 92%@[0] CV0@-256C CPU@49.968C SOC2@49.75C SOC0@48.062C CV1@-256C GPU@50.781C tj@50.937C SOC1@50.937C CV2@-256C
03-03-2026 15:28:21 RAM 1820/3425MB (lfb 51x1MB) SWAP 219/1713MB (cached 4MB) CPU [16%@806,0%@806,60%@806,0%@806,off,off] EMC_FREQ 0% GR3D_FREQ 92%@[0] CV0@-256C CPU@50.031C SOC2@49.875C SOC0@47.843C CV1@-256C GPU@50.312C tj@50.781C SOC1@50.781C CV2@-256C
03-03-2026 15:28:21 RAM 1820/3425MB (lfb 51x1MB) SWAP 219/1713MB (cached 4MB) CPU [0%@806,0%@806,40%@806,0%@806,off,off] EMC_FREQ 0% GR3D_FREQ 91%@[0] CV0@-256C CPU@50.062C SOC2@49.843C SOC0@47.812C CV1@-256C GPU@50.312C tj@51C SOC1@51C CV2@-256C
03-03-2026 15:28:22 RAM 1820/3425MB (lfb 51x1MB) SWAP 219/1713MB (cached 4MB) CPU [0%@806,0%@806,60%@806,0%@806,off,off] EMC_FREQ 0% GR3D_FREQ 91%@[0] CV0@-256C CPU@50C SOC2@49.812C SOC0@47.906C CV1@-256C GPU@50.406C tj@50.781C SOC1@50.781C CV2@-256C
03-03-2026 15:28:22 RAM 1820/3425MB (lfb 51x1MB) SWAP 219/1713MB (cached 4MB) CPU [0%@806,16%@806,66%@806,0%@806,off,off] EMC_FREQ 0% GR3D_FREQ 91%@[0] CV0@-256C CPU@50.156C SOC2@49.937C SOC0@47.812C CV1@-256C GPU@50.25C tj@50.718C SOC1@50.718C CV2@-256C
03-03-2026 15:28:22 RAM 1820/3425MB (lfb 51x1MB) SWAP 219/1713MB (cached 4MB) CPU [0%@806,0%@806,40%@806,0%@806,off,off] EMC_FREQ 0% GR3D_FREQ 91%@[0] CV0@-256C CPU@50.062C SOC2@49.812C SOC0@47.843C CV1@-256C GPU@50.312C tj@50.843C SOC1@50.906C CV2@-256C
03-03-2026 15:28:22 RAM 1820/3425MB (lfb 51x1MB) SWAP 219/1713MB (cached 4MB) CPU [0%@806,0%@806,60%@806,0%@806,off,off] EMC_FREQ 0% GR3D_FREQ 92%@[0] CV0@-256C CPU@50.031C SOC2@49.781C SOC0@47.875C CV1@-256C GPU@50.437C tj@50.718C SOC1@50.718C CV2@-256C
03-03-2026 15:28:22 RAM 1820/3425MB (lfb 51x1MB) SWAP 219/1713MB (cached 4MB) CPU [0%@806,0%@806,60%@806,0%@806,off,off] EMC_FREQ 0% GR3D_FREQ 92%@[0] CV0@-256C CPU@50.093C SOC2@49.812C SOC0@47.781C CV1@-256C GPU@50.468C tj@51C SOC1@51C CV2@-256C
03-03-2026 15:28:22 RAM 1820/3425MB (lfb 51x1MB) SWAP 219/1713MB (cached 4MB) CPU [0%@806,0%@806,40%@806,0%@806,off,off] EMC_FREQ 0% GR3D_FREQ 91%@[0] CV0@-256C CPU@50C SOC2@49.875C SOC0@47.937C CV1@-256C GPU@50.656C tj@50.843C SOC1@50.75C CV2@-256C
03-03-2026 15:28:22 RAM 1820/3425MB (lfb 51x1MB) SWAP 219/1713MB (cached 4MB) CPU [0%@806,0%@806,66%@806,0%@806,off,off] EMC_FREQ 0% GR3D_FREQ 92%@[0] CV0@-256C CPU@50.093C SOC2@49.843C SOC0@47.812C CV1@-256C GPU@50.343C tj@51C SOC1@51C CV2@-256C
03-03-2026 15:28:22 RAM 1820/3425MB (lfb 51x1MB) SWAP 219/1713MB (cached 4MB) CPU [0%@806,0%@806,50%@806,0%@806,off,off] EMC_FREQ 0% GR3D_FREQ 92%@[0] CV0@-256C CPU@50.031C SOC2@49.937C SOC0@47.968C CV1@-256C GPU@50.5C tj@50.906C SOC1@50.906C CV2@-256C
03-03-2026 15:28:22 RAM 1820/3425MB (lfb 51x1MB) SWAP 219/1713MB (cached 4MB) CPU [0%@806,0%@806,50%@806,0%@806,off,off] EMC_FREQ 0% GR3D_FREQ 92%@[0] CV0@-256C CPU@50.187C SOC2@49.812C SOC0@47.843C CV1@-256C GPU@50.562C tj@50.687C SOC1@50.687C CV2@-256C
03-03-2026 15:28:22 RAM 1820/3425MB (lfb 51x1MB) SWAP 219/1713MB (cached 4MB) CPU [0%@806,0%@806,50%@806,0%@806,off,off] EMC_FREQ 0% GR3D_FREQ 92%@[0] CV0@-256C CPU@50.062C SOC2@49.843C SOC0@47.781C CV1@-256C GPU@50.75C tj@50.875C SOC1@50.875C CV2@-256C
03-03-2026 15:28:22 RAM 1820/3425MB (lfb 51x1MB) SWAP 219/1713MB (cached 4MB) CPU [0%@806,0%@806,57%@806,0%@806,off,off] EMC_FREQ 0% GR3D_FREQ 92%@[0] CV0@-256C CPU@50C SOC2@49.937C SOC0@47.937C CV1@-256C GPU@50.437C tj@50.781C SOC1@50.781C CV2@-256C
03-03-2026 15:28:22 RAM 1820/3425MB (lfb 51x1MB) SWAP 219/1713MB (cached 4MB) CPU [0%@806,16%@806,50%@806,0%@806,off,off] EMC_FREQ 0% GR3D_FREQ 91%@[0] CV0@-256C CPU@50.062C SOC2@49.812C SOC0@47.812C CV1@-256C GPU@50.562C tj@50.75C SOC1@50.75C CV2@-256C
03-03-2026 15:28:22 RAM 1820/3425MB (lfb 51x1MB) SWAP 219/1713MB (cached 4MB) CPU [0%@806,0%@806,16%@806,50%@806,off,off] EMC_FREQ 0% GR3D_FREQ 92%@[0] CV0@-256C CPU@50.218C SOC2@49.906C SOC0@47.968C CV1@-256C GPU@50.75C tj@50.75C SOC1@50.75C CV2@-256C
03-03-2026 15:28:22 RAM 1820/3425MB (lfb 51x1MB) SWAP 219/1713MB (cached 4MB) CPU [0%@806,0%@806,0%@806,50%@806,off,off] EMC_FREQ 0% GR3D_FREQ 92%@[0] CV0@-256C CPU@50.218C SOC2@49.875C SOC0@47.812C CV1@-256C GPU@50.312C tj@50.687C SOC1@50.687C CV2@-256C
03-03-2026 15:28:22 RAM 1820/3425MB (lfb 51x1MB) SWAP 219/1713MB (cached 4MB) CPU [0%@806,0%@806,0%@806,60%@806,off,off] EMC_FREQ 0% GR3D_FREQ 92%@[0] CV0@-256C CPU@50.093C SOC2@49.781C SOC0@47.843C CV1@-256C GPU@50.562C tj@50.937C SOC1@50.937C CV2@-256C
03-03-2026 15:28:22 RAM 1820/3425MB (lfb 51x1MB) SWAP 219/1713MB (cached 4MB) CPU [0%@806,0%@806,0%@806,40%@806,off,off] EMC_FREQ 0% GR3D_FREQ 92%@[0] CV0@-256C CPU@50.343C SOC2@49.875C SOC0@47.968C CV1@-256C GPU@50.718C tj@50.75C SOC1@50.812C CV2@-256C
03-03-2026 15:28:22 RAM 1820/3425MB (lfb 51x1MB) SWAP 219/1713MB (cached 4MB) CPU [0%@806,0%@806,16%@806,60%@806,off,off] EMC_FREQ 0% GR3D_FREQ 91%@[0] CV0@-256C CPU@50.093C SOC2@49.812C SOC0@47.781C CV1@-256C GPU@50.218C tj@50.968C SOC1@50.968C CV2@-256C
03-03-2026 15:28:22 RAM 1820/3425MB (lfb 51x1MB) SWAP 219/1713MB (cached 4MB) CPU [0%@806,0%@806,0%@806,60%@806,off,off] EMC_FREQ 0% GR3D_FREQ 92%@[0] CV0@-256C CPU@50.375C SOC2@49.937C SOC0@47.906C CV1@-256C GPU@50.25C tj@50.781C SOC1@50.781C CV2@-256C
03-03-2026 15:28:22 RAM 1820/3425MB (lfb 51x1MB) SWAP 219/1713MB (cached 4MB) CPU [16%@806,0%@806,0%@806,50%@806,off,off] EMC_FREQ 0% GR3D_FREQ 92%@[0] CV0@-256C CPU@50.187C SOC2@49.843C SOC0@47.906C CV1@-256C GPU@50.718C tj@50.718C SOC1@50.718C CV2@-256C
03-03-2026 15:28:22 RAM 1820/3425MB (lfb 51x1MB) SWAP 219/1713MB (cached 4MB) CPU [0%@806,0%@806,0%@806,50%@806,off,off] EMC_FREQ 0% GR3D_FREQ 91%@[0] CV0@-256C CPU@50.093C SOC2@49.843C SOC0@48C CV1@-256C GPU@50.25C tj@50.812C SOC1@50.812C CV2@-256C
03-03-2026 15:28:23 RAM 1820/3425MB (lfb 51x1MB) SWAP 219/1713MB (cached 4MB) CPU [0%@806,0%@806,0%@806,60%@806,off,off] EMC_FREQ 0% GR3D_FREQ 91%@[0] CV0@-256C CPU@50.281C SOC2@49.75C SOC0@47.843C CV1@-256C GPU@50.343C tj@50.687C SOC1@50.687C CV2@-256C
03-03-2026 15:28:23 RAM 1820/3425MB (lfb 51x1MB) SWAP 219/1713MB (cached 4MB) CPU [0%@806,0%@806,0%@806,50%@806,off,off] EMC_FREQ 0% GR3D_FREQ 91%@[0] CV0@-256C CPU@50.156C SOC2@49.75C SOC0@47.75C CV1@-256C GPU@50.437C tj@51.062C SOC1@51.062C CV2@-256C
03-03-2026 15:28:23 RAM 1820/3425MB (lfb 51x1MB) SWAP 219/1713MB (cached 4MB) CPU [0%@806,0%@806,0%@806,60%@806,off,off] EMC_FREQ 0% GR3D_FREQ 92%@[0] CV0@-256C CPU@50.437C SOC2@49.968C SOC0@47.843C CV1@-256C GPU@50.468C tj@50.906C SOC1@50.781C CV2@-256C
03-03-2026 15:28:23 RAM 1820/3425MB (lfb 51x1MB) SWAP 219/1713MB (cached 4MB) CPU [0%@806,0%@806,0%@806,50%@806,off,off] EMC_FREQ 0% GR3D_FREQ 92%@[0] CV0@-256C CPU@50.218C SOC2@49.781C SOC0@47.781C CV1@-256C GPU@50.343C tj@50.75C SOC1@50.75C CV2@-256C
03-03-2026 15:28:23 RAM 1820/3425MB (lfb 51x1MB) SWAP 219/1713MB (cached 4MB) CPU [0%@806,0%@806,0%@806,50%@806,off,off] EMC_FREQ 0% GR3D_FREQ 92%@[0] CV0@-256C CPU@50C SOC2@49.781C SOC0@47.968C CV1@-256C GPU@50.375C tj@50.875C SOC1@50.875C CV2@-256C
03-03-2026 15:28:23 RAM 1820/3425MB (lfb 51x1MB) SWAP 219/1713MB (cached 4MB) CPU [0%@806,0%@806,0%@806,60%@806,off,off] EMC_FREQ 0% GR3D_FREQ 92%@[0] CV0@-256C CPU@50.343C SOC2@49.812C SOC0@47.875C CV1@-256C GPU@50.468C tj@50.687C SOC1@50.687C CV2@-256C
03-03-2026 15:28:23 RAM 1820/3425MB (lfb 51x1MB) SWAP 219/1713MB (cached 4MB) CPU [0%@806,0%@806,0%@806,50%@806,off,off] EMC_FREQ 0% GR3D_FREQ 92%@[0] CV0@-256C CPU@50C SOC2@49.718C SOC0@47.781C CV1@-256C GPU@50.531C tj@50.906C SOC1@50.906C CV2@-256C
03-03-2026 15:28:23 RAM 1820/3425MB (lfb 51x1MB) SWAP 219/1713MB (cached 4MB) CPU [0%@806,0%@806,0%@806,66%@806,off,off] EMC_FREQ 0% GR3D_FREQ 92%@[0] CV0@-256C CPU@50.5C SOC2@49.875C SOC0@47.875C CV1@-256C GPU@50.406C tj@50.781C SOC1@50.781C CV2@-256C
03-03-2026 15:28:23 RAM 1820/3425MB (lfb 51x1MB) SWAP 219/1713MB (cached 4MB) CPU [0%@806,0%@806,0%@806,40%@806,off,off] EMC_FREQ 0% GR3D_FREQ 92%@[0] CV0@-256C CPU@50.218C SOC2@49.843C SOC0@47.781C CV1@-256C GPU@50.468C tj@50.906C SOC1@50.906C CV2@-256C
03-03-2026 15:28:23 RAM 1820/3425MB (lfb 51x1MB) SWAP 219/1713MB (cached 4MB) CPU [0%@806,0%@806,0%@806,60%@806,off,off] EMC_FREQ 0% GR3D_FREQ 92%@[0] CV0@-256C CPU@50.187C SOC2@49.875C SOC0@47.968C CV1@-256C GPU@50.562C tj@50.812C SOC1@50.812C CV2@-256C
03-03-2026 15:28:23 RAM 1820/3425MB (lfb 51x1MB) SWAP 219/1713MB (cached 4MB) CPU [16%@806,0%@806,0%@806,60%@806,off,off] EMC_FREQ 0% GR3D_FREQ 92%@[0] CV0@-256C CPU@50.468C SOC2@49.906C SOC0@47.843C CV1@-256C GPU@50.718C tj@50.718C SOC1@50.687C CV2@-256C
03-03-2026 15:28:23 RAM 1820/3425MB (lfb 51x1MB) SWAP 219/1713MB (cached 4MB) CPU [16%@806,0%@806,0%@806,40%@806,off,off] EMC_FREQ 0% GR3D_FREQ 91%@[0] CV0@-256C CPU@50C SOC2@49.812C SOC0@47.968C CV1@-256C GPU@50.812C tj@50.906C SOC1@50.906C CV2@-256C
03-03-2026 15:28:23 RAM 1820/3425MB (lfb 51x1MB) SWAP 219/1713MB (cached 4MB) CPU [0%@806,0%@806,0%@806,60%@806,off,off] EMC_FREQ 0% GR3D_FREQ 91%@[0] CV0@-256C CPU@50.031C SOC2@49.937C SOC0@47.843C CV1@-256C GPU@50.625C tj@50.812C SOC1@50.812C CV2@-256C
03-03-2026 15:28:23 RAM 1820/3425MB (lfb 51x1MB) SWAP 219/1713MB (cached 4MB) CPU [0%@806,0%@806,0%@806,60%@806,off,off] EMC_FREQ 0% GR3D_FREQ 92%@[0] CV0@-256C CPU@50.062C SOC2@49.843C SOC0@47.812C CV1@-256C GPU@50.718C tj@51.062C SOC1@51.062C CV2@-256C
03-03-2026 15:28:23 RAM 1820/3425MB (lfb 51x1MB) SWAP 219/1713MB (cached 4MB) CPU [0%@806,0%@806,0%@806,50%@806,off,off] EMC_FREQ 0% GR3D_FREQ 92%@[0] CV0@-256C CPU@50.25C SOC2@49.875C SOC0@48C CV1@-256C GPU@50.875C tj@50.875C SOC1@50.718C CV2@-256C
03-03-2026 15:28:23 RAM 1820/3425MB (lfb 51x1MB) SWAP 219/1713MB (cached 4MB) CPU [0%@806,0%@806,0%@806,50%@806,off,off] EMC_FREQ 0% GR3D_FREQ 92%@[0] CV0@-256C CPU@50.375C SOC2@49.781C SOC0@47.781C CV1@-256C GPU@50.25C tj@50.687C SOC1@50.687C CV2@-256C
03-03-2026 15:28:23 RAM 1820/3425MB (lfb 51x1MB) SWAP 219/1713MB (cached 4MB) CPU [0%@806,0%@806,0%@806,50%@806,off,off] EMC_FREQ 0% GR3D_FREQ 92%@[0] CV0@-256C CPU@50.031C SOC2@49.718C SOC0@47.937C CV1@-256C GPU@50.656C tj@50.843C SOC1@50.843C CV2@-256C
03-03-2026 15:28:23 RAM 1820/3425MB (lfb 51x1MB) SWAP 219/1713MB (cached 4MB) CPU [0%@806,0%@806,0%@806,60%@806,off,off] EMC_FREQ 0% GR3D_FREQ 91%@[0] CV0@-256C CPU@50.031C SOC2@49.906C SOC0@47.843C CV1@-256C GPU@50.812C tj@50.812C SOC1@50.687C CV2@-256C
03-03-2026 15:28:23 RAM 1820/3425MB (lfb 51x1MB) SWAP 219/1713MB (cached 4MB) CPU [0%@806,0%@806,16%@806,50%@806,off,off] EMC_FREQ 0% GR3D_FREQ 92%@[0] CV0@-256C CPU@50.031C SOC2@49.843C SOC0@47.875C CV1@-256C GPU@50.343C tj@50.968C SOC1@50.968C CV2@-256C
03-03-2026 15:28:24 RAM 1820/3425MB (lfb 51x1MB) SWAP 219/1713MB (cached 4MB) CPU [0%@806,0%@806,0%@806,57%@806,off,off] EMC_FREQ 0% GR3D_FREQ 92%@[0] CV0@-256C CPU@49.937C SOC2@49.843C SOC0@47.937C CV1@-256C GPU@50.312C tj@50.812C SOC1@50.812C CV2@-256C
03-03-2026 15:28:24 RAM 1820/3425MB (lfb 51x1MB) SWAP 219/1713MB (cached 4MB) CPU [0%@806,0%@806,0%@806,60%@806,off,off] EMC_FREQ 0% GR3D_FREQ 92%@[0] CV0@-256C CPU@50.093C SOC2@49.843C SOC0@47.843C CV1@-256C GPU@50.781C tj@50.781C SOC1@50.718C CV2@-256C
03-03-2026 15:28:24 RAM 1820/3425MB (lfb 51x1MB) SWAP 219/1713MB (cached 4MB) CPU [0%@806,0%@806,0%@806,50%@806,off,off] EMC_FREQ 0% GR3D_FREQ 92%@[0] CV0@-256C CPU@50.093C SOC2@49.875C SOC0@47.968C CV1@-256C GPU@50.281C tj@50.875C SOC1@50.875C CV2@-256C
03-03-2026 15:28:24 RAM 1820/3425MB (lfb 51x1MB) SWAP 219/1713MB (cached 4MB) CPU [16%@806,0%@806,0%@806,50%@806,off,off] EMC_FREQ 0% GR3D_FREQ 91%@[0] CV0@-256C CPU@50.093C SOC2@49.843C SOC0@47.906C CV1@-256C GPU@50.312C tj@50.718C SOC1@50.718C CV2@-256C
03-03-2026 15:28:24 RAM 1820/3425MB (lfb 51x1MB) SWAP 219/1713MB (cached 4MB) CPU [0%@806,0%@806,16%@806,60%@806,off,off] EMC_FREQ 0% GR3D_FREQ 91%@[0] CV0@-256C CPU@50C SOC2@49.812C SOC0@47.75C CV1@-256C GPU@50.406C tj@50.968C SOC1@50.968C CV2@-256C
03-03-2026 15:28:24 RAM 1820/3425MB (lfb 51x1MB) SWAP 219/1713MB (cached 4MB) CPU [0%@806,0%@806,0%@806,40%@806,off,off] EMC_FREQ 0% GR3D_FREQ 92%@[0] CV0@-256C CPU@50C SOC2@49.875C SOC0@47.906C CV1@-256C GPU@50.25C tj@50.812C SOC1@50.812C CV2@-256C
03-03-2026 15:28:24 RAM 1820/3425MB (lfb 51x1MB) SWAP 219/1713MB (cached 4MB) CPU [0%@806,0%@806,0%@806,60%@806,off,off] EMC_FREQ 0% GR3D_FREQ 92%@[0] CV0@-256C CPU@50.062C SOC2@49.843C SOC0@47.75C CV1@-256C GPU@50.343C tj@51.062C SOC1@51.062C CV2@-256C
03-03-2026 15:28:24 RAM 1820/3425MB (lfb 51x1MB) SWAP 219/1713MB (cached 4MB) CPU [0%@806,0%@806,0%@806,60%@806,off,off] EMC_FREQ 0% GR3D_FREQ 92%@[0] CV0@-256C CPU@50.125C SOC2@49.937C SOC0@48C CV1@-256C GPU@50.437C tj@50.812C SOC1@50.812C CV2@-256C
03-03-2026 15:28:24 RAM 1820/3425MB (lfb 51x1MB) SWAP 219/1713MB (cached 4MB) CPU [0%@806,0%@806,0%@806,57%@806,off,off] EMC_FREQ 0% GR3D_FREQ 92%@[0] CV0@-256C CPU@50.187C SOC2@49.843C SOC0@47.843C CV1@-256C GPU@50.562C tj@50.687C SOC1@50.687C CV2@-256C
03-03-2026 15:28:24 RAM 1820/3425MB (lfb 51x1MB) SWAP 219/1713MB (cached 4MB) CPU [0%@806,0%@806,16%@806,50%@806,off,off] EMC_FREQ 0% GR3D_FREQ 91%@[0] CV0@-256C CPU@50.031C SOC2@49.781C SOC0@47.906C CV1@-256C GPU@50.625C tj@50.812C SOC1@50.812C CV2@-256C
03-03-2026 15:28:24 RAM 1820/3425MB (lfb 51x1MB) SWAP 219/1713MB (cached 4MB) CPU [0%@806,0%@806,0%@806,57%@806,off,off] EMC_FREQ 0% GR3D_FREQ 91%@[0] CV0@-256C CPU@50.218C SOC2@49.875C SOC0@47.906C CV1@-256C GPU@50.437C tj@50.812C SOC1@50.812C CV2@-256C
03-03-2026 15:28:24 RAM 1820/3425MB (lfb 51x1MB) SWAP 219/1713MB (cached 4MB) CPU [0%@806,0%@806,0%@806,60%@806,off,off] EMC_FREQ 0% GR3D_FREQ 92%@[0] CV0@-256C CPU@50.125C SOC2@49.75C SOC0@47.781C CV1@-256C GPU@50.531C tj@50.968C SOC1@50.968C CV2@-256C
03-03-2026 15:28:24 RAM 1820/3425MB (lfb 51x1MB) SWAP 219/1713MB (cached 4MB) CPU [0%@806,0%@806,0%@806,50%@806,off,off] EMC_FREQ 0% GR3D_FREQ 91%@[0] CV0@-256C CPU@50.062C SOC2@49.937C SOC0@47.937C CV1@-256C GPU@50.687C tj@50.812C SOC1@50.812C CV2@-256C
03-03-2026 15:28:24 RAM 1820/3425MB (lfb 51x1MB) SWAP 219/1713MB (cached 4MB) CPU [0%@806,0%@806,0%@806,50%@806,off,off] EMC_FREQ 0% GR3D_FREQ 92%@[0] CV0@-256C CPU@50.187C SOC2@49.843C SOC0@47.75C CV1@-256C GPU@50.781C tj@50.781C SOC1@50.781C CV2@-256C
03-03-2026 15:28:24 RAM 1820/3425MB (lfb 51x1MB) SWAP 219/1713MB (cached 4MB) CPU [0%@806,0%@806,0%@806,60%@806,off,off] EMC_FREQ 0% GR3D_FREQ 92%@[0] CV0@-256C CPU@50.093C SOC2@49.781C SOC0@47.718C CV1@-256C GPU@50.593C tj@50.875C SOC1@50.875C CV2@-256C
03-03-2026 15:28:24 RAM 1820/3425MB (lfb 51x1MB) SWAP 219/1713MB (cached 4MB) CPU [0%@806,0%@806,0%@806,50%@806,off,off] EMC_FREQ 0% GR3D_FREQ 92%@[0] CV0@-256C CPU@50.343C SOC2@49.781C SOC0@47.843C CV1@-256C GPU@50.625C tj@50.687C SOC1@50.687C CV2@-256C
03-03-2026 15:28:24 RAM 1820/3425MB (lfb 51x1MB) SWAP 219/1713MB (cached 4MB) CPU [0%@806,0%@806,0%@806,50%@806,off,off] EMC_FREQ 0% GR3D_FREQ 92%@[0] CV0@-256C CPU@50.156C SOC2@49.75C SOC0@47.75C CV1@-256C GPU@50.75C tj@50.937C SOC1@50.937C CV2@-256C
03-03-2026 15:28:24 RAM 1820/3425MB (lfb 51x1MB) SWAP 219/1713MB (cached 4MB) CPU [0%@806,0%@806,0%@806,60%@806,off,off] EMC_FREQ 0% GR3D_FREQ 91%@[0] CV0@-256C CPU@50.406C SOC2@49.875C SOC0@47.875C CV1@-256C GPU@50.312C tj@50.718C SOC1@50.718C CV2@-256C
03-03-2026 15:28:24 RAM 1820/3425MB (lfb 51x1MB) SWAP 219/1713MB (cached 4MB) CPU [0%@806,0%@806,0%@806,50%@806,off,off] EMC_FREQ 0% GR3D_FREQ 91%@[0] CV0@-256C CPU@50.187C SOC2@49.75C SOC0@47.75C CV1@-256C GPU@50.656C tj@50.687C SOC1@50.687C CV2@-256C
03-03-2026 15:28:25 RAM 1820/3425MB (lfb 51x1MB) SWAP 219/1713MB (cached 4MB) CPU [0%@806,0%@806,0%@806,60%@806,off,off] EMC_FREQ 0% GR3D_FREQ 91%@[0] CV0@-256C CPU@50.093C SOC2@49.75C SOC0@48C CV1@-256C GPU@50.812C tj@50.843C SOC1@50.843C CV2@-256C
03-03-2026 15:28:25 RAM 1820/3425MB (lfb 51x1MB) SWAP 219/1713MB (cached 4MB) CPU [0%@806,0%@806,0%@806,60%@806,off,off] EMC_FREQ 0% GR3D_FREQ 92%@[0] CV0@-256C CPU@50.25C SOC2@49.875C SOC0@47.875C CV1@-256C GPU@50.343C tj@50.718C SOC1@50.718C CV2@-256C
03-03-2026 15:28:25 RAM 1820/3425MB (lfb 51x1MB) SWAP 219/1713MB (cached 4MB) CPU [0%@806,0%@806,16%@806,50%@806,off,off] EMC_FREQ 0% GR3D_FREQ 92%@[0] CV0@-256C CPU@50.156C SOC2@49.843C SOC0@47.812C CV1@-256C GPU@50.343C tj@50.875C SOC1@50.875C CV2@-256C
03-03-2026 15:28:25 RAM 1820/3425MB (lfb 51x1MB) SWAP 219/1713MB (cached 4MB) CPU [0%@806,0%@806,0%@806,50%@806,off,off] EMC_FREQ 0% GR3D_FREQ 92%@[0] CV0@-256C CPU@50.468C SOC2@49.906C SOC0@47.906C CV1@-256C GPU@50.75C tj@50.75C SOC1@50.687C CV2@-256C
03-03-2026 15:28:25 RAM 1820/3425MB (lfb 51x1MB) SWAP 219/1713MB (cached 4MB) CPU [0%@806,0%@806,0%@806,50%@806,off,off] EMC_FREQ 0% GR3D_FREQ 91%@[0] CV0@-256C CPU@50.281C SOC2@49.812C SOC0@47.843C CV1@-256C GPU@50.343C tj@50.687C SOC1@50.687C CV2@-256C
03-03-2026 15:28:25 RAM 1820/3425MB (lfb 51x1MB) SWAP 219/1713MB (cached 4MB) CPU [0%@806,0%@806,0%@806,60%@806,off,off] EMC_FREQ 0% GR3D_FREQ 91%@[0] CV0@-256C CPU@50C SOC2@49.781C SOC0@48.031C CV1@-256C GPU@50.406C tj@50.843C SOC1@50.843C CV2@-256C
03-03-2026 15:28:25 RAM 1820/3425MB (lfb 51x1MB) SWAP 219/1713MB (cached 4MB) CPU [0%@806,0%@806,0%@806,60%@806,off,off] EMC_FREQ 0% GR3D_FREQ 91%@[0] CV0@-256C CPU@50.437C SOC2@49.906C SOC0@47.812C CV1@-256C GPU@50.343C tj@50.75C SOC1@50.75C CV2@-256C
03-03-2026 15:28:25 RAM 1820/3425MB (lfb 51x1MB) SWAP 219/1713MB (cached 4MB) CPU [0%@806,0%@806,0%@806,40%@806,off,off] EMC_FREQ 0% GR3D_FREQ 92%@[0] CV0@-256C CPU@50.218C SOC2@49.781C SOC0@47.781C CV1@-256C GPU@50.218C tj@50.937C SOC1@50.937C CV2@-256C
03-03-2026 15:28:25 RAM 1820/3425MB (lfb 51x1MB) SWAP 219/1713MB (cached 4MB) CPU [0%@806,0%@806,0%@806,60%@806,off,off] EMC_FREQ 0% GR3D_FREQ 92%@[0] CV0@-256C CPU@50C SOC2@49.875C SOC0@47.875C CV1@-256C GPU@50.312C tj@50.812C SOC1@50.812C CV2@-256C
03-03-2026 15:28:25 RAM 1820/3425MB (lfb 51x1MB) SWAP 219/1713MB (cached 4MB) CPU [0%@806,0%@806,0%@806,50%@806,off,off] EMC_FREQ 0% GR3D_FREQ 92%@[0] CV0@-256C CPU@50.312C SOC2@49.812C SOC0@47.843C CV1@-256C GPU@50.375C tj@51.062C SOC1@51.062C CV2@-256C
