03-03-2026 22:21:51 RAM 1840/3425MB (lfb 5x2MB) SWAP 210/1713MB (cached 7MB) CPU [0%@1510,20%@1510,40%@1510,50%@1510,0%@1510,40%@1510] EMC_FREQ 0% GR3D_FREQ 86%@[0] CV0@-256C CPU@49.843C SOC2@49.218C SOC0@47.031C CV1@-256C GPU@49.75C tj@50.062C SOC1@50.062C CV2@-256C
03-03-2026 22:21:51 RAM 1840/3425MB (lfb 5x2MB) SWAP 210/1713MB (cached 7MB) CPU [20%@1510,0%@1510,40%@1510,20%@1510,0%@1510,0%@1510] EMC_FREQ 0% GR3D_FREQ 86%@[0] CV0@-256C CPU@50C SOC2@49.281C SOC0@47.156C CV1@-256C GPU@49.812C tj@50C SOC1@49.843C CV2@-256C
03-03-2026 22:21:51 RAM 1840/3425MB (lfb 5x2MB) SWAP 210/1713MB (cached 7MB) CPU [0%@1510,14%@1510,50%@1510,0%@1510,0%@1510,0%@1510] EMC_FREQ 0% GR3D_FREQ 86%@[0] CV0@-256C CPU@49.75C SOC2@49.25C SOC0@47.031C CV1@-256C GPU@49.906C tj@50.187C SOC1@50.187C CV2@-256C
03-03-2026 22:21:51 RAM 1840/3425MB (lfb 5x2MB) SWAP 210/1713MB (cached 7MB) CPU [0%@1510,0%@1510,66%@1510,0%@1510,0%@1510,0%@1510] EMC_FREQ 0% GR3D_FREQ 86%@[0] CV0@-256C CPU@50.031C SOC2@49.312C SOC0@47.156C CV1@-256C GPU@49.781C tj@50.031C SOC1@50.031C CV2@-256C
03-03-2026 22:21:51 RAM 1840/3425MB (lfb 5x2MB) SWAP 210/1713MB (cached 7MB) CPU [0%@1510,0%@1510,40%@1510,0%@1510,0%@1510,0%@1510] EMC_FREQ 0% GR3D_FREQ 86%@[0] CV0@-256C CPU@49.875C SOC2@49.281C SOC0@47.031C CV1@-256C GPU@49.906C tj@49.937C SOC1@49.937C CV2@-256C
03-03-2026 22:21:51 RAM 1840/3425MB (lfb 5x2MB) SWAP 210/1713MB (cached 7MB) CPU [0%@1510,0%@1510,50%@1510,0%@1510,0%@1510,0%@1510] EMC_FREQ 0% GR3D_FREQ 86%@[0] CV0@-256C CPU@49.531C SOC2@49.218C SOC0@47.218C CV1@-256C GPU@49.968C tj@50.062C SOC1@50.062C CV2@-256C
03-03-2026 22:21:51 RAM 1840/3425MB (lfb 5x2MB) SWAP 210/1713MB (cached 7MB) CPU [0%@1510,0%@1510,50%@1510,0%@1510,0%@1510,0%@1510] EMC_FREQ 0% GR3D_FREQ 86%@[0] CV0@-256C CPU@49.937C SOC2@49.281C SOC0@47.218C CV1@-256C GPU@50.093C tj@50.093C SOC1@49.875C CV2@-256C
03-03-2026 22:21:51 RAM 1840/3425MB (lfb 5x2MB) SWAP 210/1713MB (cached 7MB) CPU [20%@1510,16%@1510,50%@1510,0%@1510,0%@1510,0%@1510] EMC_FREQ 0% GR3D_FREQ 87%@[0] CV0@-256C CPU@49.781C SOC2@49.218C SOC0@47.062C CV1@-256C GPU@50.218C tj@50.218C SOC1@50.187C CV2@-256C
03-03-2026 22:21:51 RAM 1840/3425MB (lfb 5x2MB) SWAP 210/1713MB (cached 7MB) CPU [16%@1510,0%@1510,50%@1510,0%@1510,0%@1510,0%@1510] EMC_FREQ 0% GR3D_FREQ 87%@[0] CV0@-256C CPU@50.093C SOC2@49.281C SOC0@47.125C CV1@-256C GPU@49.968C tj@50.093C SOC1@49.875C CV2@-256C
03-03-2026 22:21:51 RAM 1840/3425MB (lfb 5x2MB) SWAP 210/1713MB (cached 7MB) CPU [0%@1510,0%@1510,60%@1510,0%@1510,0%@1510,0%@1510] EMC_FREQ 0% GR3D_FREQ 86%@[0] CV0@-256C CPU@49.781C SOC2@49.25C SOC0@47.093C CV1@-256C GPU@50.156C tj@50.187C SOC1@50.187C CV2@-256C
03-03-2026 22:21:52 RAM 1840/3425MB (lfb 5x2MB) SWAP 210/1713MB (cached 7MB) CPU [0%@1510,0%@1510,40%@1510,0%@1510,0%@1510,0%@1510] EMC_FREQ 0% GR3D_FREQ 86%@[0] CV0@-256C CPU@49.593C SOC2@49.281C SOC0@47.281C CV1@-256C GPU@50.25C tj@50.25C SOC1@50C CV2@-256C
03-03-2026 22:21:52 RAM 1840/3425MB (lfb 5x2MB) SWAP 210/1713MB (cached 7MB) CPU [0%@1510,0%@1510,50%@1510,0%@1510,0%@1510,0%@1510] EMC_FREQ 0% GR3D_FREQ 86%@[0] CV0@-256C CPU@50C SOC2@49.25C SOC0@47.187C CV1@-256C GPU@49.75C tj@50C SOC1@49.843C CV2@-256C
03-03-2026 22:21:52 RAM 1840/3425MB (lfb 5x2MB) SWAP 210/1713MB (cached 7MB) CPU [0%@1510,0%@1510,50%@1510,0%@1510,0%@1510,0%@1510] EMC_FREQ 0% GR3D_FREQ 86%@[0] CV0@-256C CPU@49.531C SOC2@49.187C SOC0@47.218C CV1@-256C GPU@49.781C tj@50C SOC1@50C CV2@-256C
03-03-2026 22:21:52 RAM 1840/3425MB (lfb 5x2MB) SWAP 210/1713MB (cached 7MB) CPU [16%@1510,0%@1510,50%@1510,0%@1510,0%@1510,0%@1510] EMC_FREQ 0% GR3D_FREQ 87%@[0] CV0@-256C CPU@49.593C SOC2@49.281C SOC0@47.093C CV1@-256C GPU@49.812C tj@50.281C SOC1@49.937C CV2@-256C
03-03-2026 22:21:52 RAM 1840/3425MB (lfb 5x2MB) SWAP 210/1713MB (cached 7MB) CPU [16%@1510,0%@1510,50%@1510,0%@1510,0%@1510,0%@1510] EMC_FREQ 0% GR3D_FREQ 87%@[0] CV0@-256C CPU@49.625C SOC2@49.281C SOC0@47.031C CV1@-256C GPU@49.75C tj@50.031C SOC1@50.031C CV2@-256C
03-03-2026 22:21:52 RAM 1840/3425MB (lfb 5x2MB) SWAP 210/1713MB (cached 7MB) CPU [0%@1510,0%@1510,50%@1510,0%@1510,0%@1510,0%@1510] EMC_FREQ 0% GR3D_FREQ 86%@[0] CV0@-256C CPU@49.625C SOC2@49.281C SOC0@47.156C CV1@-256C GPU@49.781C tj@49.906C SOC1@49.906C CV2@-256C
03-03-2026 22:21:52 RAM 1840/3425MB (lfb 5x2MB) SWAP 210/1713MB (cached 7MB) CPU [0%@1510,0%@1510,50%@1510,0%@1510,0%@1510,0%@1510] EMC_FREQ 0% GR3D_FREQ 86%@[0] CV0@-256C CPU@49.593C SOC2@49.25C SOC0@47.062C CV1@-256C GPU@49.812C tj@50.156C SOC1@50.156C CV2@-256C
03-03-2026 22:21:52 RAM 1840/3425MB (lfb 5x2MB) SWAP 210/1713MB (cached 7MB) CPU [16%@1510,0%@1510,50%@1510,0%@1510,0%@1510,0%@1510] EMC_FREQ 0% GR3D_FREQ 86%@[0] CV0@-256C CPU@49.531C SOC2@49.343C SOC0@47.25C CV1@-256C GPU@49.937C tj@50C SOC1@50C CV2@-256C
03-03-2026 22:21:52 RAM 1840/3425MB (lfb 5x2MB) SWAP 210/1713MB (cached 7MB) CPU [0%@1510,0%@1510,50%@1510,0%@1510,0%@1510,0%@1510] EMC_FREQ 0% GR3D_FREQ 86%@[0] CV0@-256C CPU@49.687C SOC2@49.218C SOC0@47.093C CV1@-256C GPU@50.125C tj@50.125C SOC1@49.812C CV2@-256C
03-03-2026 22:21:52 RAM 1840/3425MB (lfb 5x2MB) SWAP 210/1713MB (cached 7MB) CPU [0%@1510,50%@1510,50%@1510,0%@1510,0%@1510,0%@1510] EMC_FREQ 0% GR3D_FREQ 87%@[0] CV0@-256C CPU@49.781C SOC2@49.218C SOC0@47.218C CV1@-256C GPU@49.843C tj@49.968C SOC1@49.968C CV2@-256C
03-03-2026 22:21:52 RAM 1840/3425MB (lfb 5x2MB) SWAP 210/1713MB (cached 7MB) CPU [20%@1510,20%@1510,50%@1510,28%@1510,0%@1510,20%@1510] EMC_FREQ 0% GR3D_FREQ 85%@[0] CV0@-256C CPU@49.906C SOC2@49.312C SOC0@47.125C CV1@-256C GPU@49.843C tj@49.875C SOC1@49.875C CV2@-256C
03-03-2026 22:21:52 RAM 1840/3425MB (lfb 5x2MB) SWAP 210/1713MB (cached 7MB) CPU [16%@1510,0%@1510,50%@1510,0%@1510,0%@1510,0%@1510] EMC_FREQ 0% GR3D_FREQ 86%@[0] CV0@-256C CPU@49.75C SOC2@49.281C SOC0@47.093C CV1@-256C GPU@50.062C tj@50.187C SOC1@50.187C CV2@-256C
03-03-2026 22:21:52 RAM 1840/3425MB (lfb 5x2MB) SWAP 210/1713MB (cached 7MB) CPU [0%@1510,0%@1510,50%@1510,0%@1510,0%@1510,0%@1510] EMC_FREQ 0% GR3D_FREQ 87%@[0] CV0@-256C CPU@49.593C SOC2@49.312C SOC0@47.187C CV1@-256C GPU@50.25C tj@50.25C SOC1@49.906C CV2@-256C
03-03-2026 22:21:52 RAM 1840/3425MB (lfb 5x2MB) SWAP 210/1713MB (cached 7MB) CPU [0%@1510,16%@1510,50%@1510,0%@1510,0%@1510,0%@1510] EMC_FREQ 0% GR3D_FREQ 87%@[0] CV0@-256C CPU@49.687C SOC2@49.156C SOC0@47.093C CV1@-256C GPU@49.687C tj@49.875C SOC1@49.875C CV2@-256C
03-03-2026 22:21:52 RAM 1840/3425MB (lfb 5x2MB) SWAP 210/1713MB (cached 7MB) CPU [0%@1510,0%@1510,60%@1510,0%@1510,0%@1510,0%@1510] EMC_FREQ 0% GR3D_FREQ 86%@[0] CV0@-256C CPU@49.656C SOC2@49.312C SOC0@47.281C CV1@-256C GPU@50.031C tj@50.031C SOC1@50C CV2@-256C
03-03-2026 22:21:52 RAM 1840/3425MB (lfb 5x2MB) SWAP 210/1713MB (cached 7MB) CPU [0%@1510,0%@1510,40%@1510,0%@1510,0%@1510,0%@1510] EMC_FREQ 0% GR3D_FREQ 86%@[0] CV0@-256C CPU@49.843C SOC2@49.25C SOC0@47.187C CV1@-256C GPU@50.25C tj@50.25C SOC1@49.906C CV2@-256C
03-03-2026 22:21:52 RAM 1840/3425MB (lfb 5x2MB) SWAP 210/1713MB (cached 7MB) CPU [14%@1510,0%@1510,60%@1510,0%@1510,0%@1510,0%@1510] EMC_FREQ 0% GR3D_FREQ 86%@[0] CV0@-256C CPU@49.75C SOC2@49.281C SOC0@47.031C CV1@-256C GPU@49.781C tj@50.062C SOC1@50.062C CV2@-256C
03-03-2026 22:21:52 RAM 1840/3425MB (lfb 5x2MB) SWAP 210/1713MB (cached 7MB) CPU [0%@1510,0%@1510,57%@1510,0%@1510,0%@1510,0%@1510] EMC_FREQ 0% GR3D_FREQ 86%@[0] CV0@-256C CPU@50C SOC2@49.281C SOC0@47.187C CV1@-256C GPU@49.75C tj@50C SOC1@49.906C CV2@-256C
03-03-2026 22:21:52 RAM 1840/3425MB (lfb 5x2MB) SWAP 210/1713MB (cached 7MB) CPU [16%@1510,16%@1510,60%@1510,0%@1510,0%@1510,0%@1510] EMC_FREQ 0% GR3D_FREQ 87%@[0] CV0@-256C CPU@49.812C SOC2@49.281C SOC0@47.031C CV1@-256C GPU@49.906C tj@50.25C SOC1@50.25C CV2@-256C
03-03-2026 22:21:53 RAM 1840/3425MB (lfb 5x2MB) SWAP 210/1713MB (cached 7MB) CPU [0%@1510,0%@1510,40%@1510,0%@1510,0%@1510,0%@1510] EMC_FREQ 0% GR3D_FREQ 86%@[0] CV0@-256C CPU@50.093C SOC2@49.343C SOC0@47.312C CV1@-256C GPU@49.968C tj@50.093C SOC1@49.843C CV2@-256C
03-03-2026 22:21:53 RAM 1840/3425MB (lfb 5x2MB) SWAP 210/1713MB (cached 7MB) CPU [0%@1510,0%@1510,50%@1510,0%@1510,0%@1510,0%@1510] EMC_FREQ 0% GR3D_FREQ 86%@[0] CV0@-256C CPU@49.968C SOC2@49.187C SOC0@47.125C CV1@-256C GPU@49.812C tj@49.968C SOC1@49.843C CV2@-256C
03-03-2026 22:21:53 RAM 1840/3425MB (lfb 5x2MB) SWAP 210/1713MB (cached 7MB) CPU [0%@1510,0%@1510,50%@1510,0%@1510,0%@1510,0%@1510] EMC_FREQ 0% GR3D_FREQ 86%@[0] CV0@-256C CPU@49.5C SOC2@49.218C SOC0@47.25C CV1@-256C GPU@49.812C tj@50C SOC1@50.125C CV2@-256C
03-03-2026 22:21:53 RAM 1840/3425MB (lfb 5x2MB) SWAP 210/1713MB (cached 7MB) CPU [0%@1510,0%@1510,60%@1510,0%@1510,0%@1510,0%@1510] EMC_FREQ 0% GR3D_FREQ 86%@[0] CV0@-256C CPU@49.968C SOC2@49.25C SOC0@47.125C CV1@-256C GPU@49.906C tj@49.968C SOC1@49.968C CV2@-256C
03-03-2026 22:21:53 RAM 1840/3425MB (lfb 5x2MB) SWAP 210/1713MB (cached 7MB) CPU [0%@1510,0%@1510,40%@1510,0%@1510,0%@1510,0%@1510] EMC_FREQ 0% GR3D_FREQ 86%@[0] CV0@-256C CPU@49.562C SOC2@49.25C SOC0@47.031C CV1@-256C GPU@50.031C tj@50.093C SOC1@50.093C CV2@-256C
03-03-2026 22:21:53 RAM 1840/3425MB (lfb 5x2MB) SWAP 210/1713MB (cached 7MB) CPU [0%@1510,0%@1510,60%@1510,0%@1510,0%@1510,0%@1510] EMC_FREQ 0% GR3D_FREQ 87%@[0] CV0@-256C CPU@49.531C SOC2@49.281C SOC0@47.156C CV1@-256C GPU@50.25C tj@50.25C SOC1@49.968C CV2@-256C
03-03-2026 22:21:53 RAM 1840/3425MB (lfb 5x2MB) SWAP 210/1713MB (cached 7MB) CPU [0%@1510,0%@1510,50%@1510,0%@1510,0%@1510,0%@1510] EMC_FREQ 0% GR3D_FREQ 87%@[0] CV0@-256C CPU@49.562C SOC2@49.281C SOC0@47.093C CV1@-256C GPU@49.75C tj@50.218C SOC1@50.218C CV2@-256C
03-03-2026 22:21:53 RAM 1840/3425MB (lfb 5x2MB) SWAP 210/1713MB (cached 7MB) CPU [0%@1510,0%@1510,50%@1510,0%@1510,0%@1510,0%@1510] EMC_FREQ 0% GR3D_FREQ 86%@[0] CV0@-256C CPU@49.625C SOC2@49.375C SOC0@47.25C CV1@-256C GPU@50.125C tj@50.125C SOC1@49.937C CV2@-256C
03-03-2026 22:21:53 RAM 1840/3425MB (lfb 5x2MB) SWAP 210/1713MB (cached 7MB) CPU [0%@1510,0%@1510,50%@1510,0%@1510,0%@1510,0%@1510] EMC_FREQ 0% GR3D_FREQ 86%@[0] CV0@-256C CPU@49.687C SOC2@49.312C SOC0@47.062C CV1@-256C GPU@50.25C tj@50.25C SOC1@49.937C CV2@-256C
03-03-2026 22:21:53 RAM 1840/3425MB (lfb 5x2MB) SWAP 210/1713MB (cached 7MB) CPU [20%@1510,0%@1510,60%@1510,0%@1510,0%@1510,0%@1510] EMC_FREQ 0% GR3D_FREQ 86%@[0] CV0@-256C CPU@49.625C SOC2@49.25C SOC0@47.281C CV1@-256C GPU@49.843C tj@50C SOC1@50.031C CV2@-256C
03-03-2026 22:21:53 RAM 1841/3425MB (lfb 5x2MB) SWAP 210/1713MB (cached 7MB) CPU [50%@1510,33%@1510,50%@1510,0%@1510,0%@1510,0%@1510] EMC_FREQ 0% GR3D_FREQ 87%@[0] CV0@-256C CPU@49.687C SOC2@49.375C SOC0@47.125C CV1@-256C GPU@49.906C tj@49.968C SOC1@49.968C CV2@-256C
03-03-2026 22:21:53 RAM 1840/3425MB (lfb 5x2MB) SWAP 210/1713MB (cached 7MB) CPU [28%@1510,0%@1510,50%@1510,0%@1510,0%@1510,0%@1510] EMC_FREQ 0% GR3D_FREQ 86%@[0] CV0@-256C CPU@49.687C SOC2@49.218C SOC0@47.062C CV1@-256C GPU@49.937C tj@50.187C SOC1@50.187C CV2@-256C
03-03-2026 22:21:53 RAM 1840/3425MB (lfb 5x2MB) SWAP 210/1713MB (cached 7MB) CPU [0%@1510,0%@1510,50%@1510,0%@1510,0%@1510,0%@1510] EMC_FREQ 0% GR3D_FREQ 86%@[0] CV0@-256C CPU@49.656C SOC2@49.343C SOC0@47.218C CV1@-256C GPU@49.718C tj@49.937C SOC1@49.937C CV2@-256C
03-03-2026 22:21:53 RAM 1840/3425MB (lfb 5x2MB) SWAP 210/1713MB (cached 7MB) CPU [0%@1510,0%@1510,60%@1510,0%@1510,0%@1510,0%@1510] EMC_FREQ 0% GR3D_FREQ 86%@[0] CV0@-256C CPU@49.625C SOC2@49.281C SOC0@47.062C CV1@-256C GPU@49.812C tj@50.156C SOC1@50.156C CV2@-256C
03-03-2026 22:21:53 RAM 1840/3425MB (lfb 5x2MB) SWAP 210/1713MB (cached 7MB) CPU [0%@1510,0%@1510,40%@1510,0%@1510,0%@1510,0%@1510] EMC_FREQ 0% GR3D_FREQ 86%@[0] CV0@-256C CPU@49.562C SOC2@49.343C SOC0@47.281C CV1@-256C GPU@49.875C tj@49.968C SOC1@49.968C CV2@-256C
03-03-2026 22:21:53 RAM 1840/3425MB (lfb 5x2MB) SWAP 210/1713MB (cached 7MB) CPU [0%@1510,0%@1510,40%@1510,0%@1510,0%@1510,0%@1510] EMC_FREQ 0% GR3D_FREQ 86%@[0] CV0@-256C CPU@49.812C SOC2@49.312C SOC0@47.156C CV1@-256C GPU@49.968C tj@49.968C SOC1@49.937C CV2@-256C
03-03-2026 22:21:53 RAM 1840/3425MB (lfb 5x2MB) SWAP 210/1713MB (cached 7MB) CPU [16%@1510,16%@1510,66%@1510,0%@1510,0%@1510,0%@1510] EMC_FREQ 0% GR3D_FREQ 87%@[0] CV0@-256C CPU@49.718C SOC2@49.218C SOC0@47.406C CV1@-256C GPU@50.125C tj@50.125C SOC1@50.031C CV2@-256C
03-03-2026 22:21:53 RAM 1840/3425MB (lfb 5x2MB) SWAP 210/1713MB (cached 7MB) CPU [16%@1510,0%@1510,50%@1510,0%@1510,0%@1510,0%@1510] EMC_FREQ 0% GR3D_FREQ 86%@[0] CV0@-256C CPU@49.843C SOC2@49.281C SOC0@47.156C CV1@-256C GPU@49.906C tj@49.937C SOC1@49.937C CV2@-256C
03-03-2026 22:21:53 RAM 1840/3425MB (lfb 5x2MB) SWAP 210/1713MB (cached 7MB) CPU [0%@1510,0%@1510,50%@1510,0%@1510,0%@1510,0%@1510] EMC_FREQ 0% GR3D_FREQ 86%@[0] CV0@-256C CPU@49.656C SOC2@49.187C SOC0@47.062C CV1@-256C GPU@49.906C tj@50.093C SOC1@50.093C CV2@-256C
03-03-2026 22:21:54 RAM 1840/3425MB (lfb 5x2MB) SWAP 210/1713MB (cached 7MB) CPU [0%@1510,0%@1510,50%@1510,0%@1510,0%@1510,0%@1510] EMC_FREQ 0% GR3D_FREQ 86%@[0] CV0@-256C CPU@49.875C SOC2@49.281C SOC0@47.218C CV1@-256C GPU@50.031C tj@50.031C SOC1@49.937C CV2@-256C
03-03-2026 22:21:54 RAM 1840/3425MB (lfb 5x2MB) SWAP 210/1713MB (cached 7MB) CPU [0%@1510,0%@1510,50%@1510,0%@1510,0%@1510,0%@1510] EMC_FREQ 0% GR3D_FREQ 87%@[0] CV0@-256C CPU@49.75C SOC2@49.281C SOC0@47.218C CV1@-256C GPU@50.25C tj@50.25C SOC1@50.125C CV2@-256C
03-03-2026 22:21:54 RAM 1840/3425MB (lfb 5x2MB) SWAP 210/1713MB (cached 7MB) CPU [16%@1510,0%@1510,50%@1510,0%@1510,0%@1510,0%@1510] EMC_FREQ 0% GR3D_FREQ 87%@[0] CV0@-256C CPU@50.062C SOC2@49.312C SOC0@47.281C CV1@-256C GPU@49.75C tj@49.937C SOC1@49.937C CV2@-256C
03-03-2026 22:21:54 RAM 1840/3425MB (lfb 5x2MB) SWAP 210/1713MB (cached 7MB) CPU [16%@1510,0%@1510,50%@1510,0%@1510,0%@1510,0%@1510] EMC_FREQ 0% GR3D_FREQ 87%@[0] CV0@-256C CPU@49.937C SOC2@49.281C SOC0@47.125C CV1@-256C GPU@49.75C tj@49.937C SOC1@49.843C CV2@-256C
03-03-2026 22:21:54 RAM 1840/3425MB (lfb 5x2MB) SWAP 210/1713MB (cached 7MB) CPU [0%@1510,0%@1510,50%@1510,0%@1510,0%@1510,0%@1510] EMC_FREQ 0% GR3D_FREQ 87%@[0] CV0@-256C CPU@49.781C SOC2@49.25C SOC0@47.406C CV1@-256C GPU@50.218C tj@50.218C SOC1@50.062C CV2@-256C
03-03-2026 22:21:54 RAM 1840/3425MB (lfb 5x2MB) SWAP 210/1713MB (cached 7MB) CPU [0%@1510,0%@1510,50%@1510,0%@1510,0%@1510,0%@1510] EMC_FREQ 0% GR3D_FREQ 87%@[0] CV0@-256C CPU@50C SOC2@49.281C SOC0@47.156C CV1@-256C GPU@49.75C tj@50.031C SOC1@50.031C CV2@-256C
03-03-2026 22:21:54 RAM 1840/3425MB (lfb 5x2MB) SWAP 210/1713MB (cached 7MB) CPU [0%@1510,0%@1510,50%@1510,0%@1510,0%@1510,0%@1510] EMC_FREQ 0% GR3D_FREQ 86%@[0] CV0@-256C CPU@49.875C SOC2@49.25C SOC0@47.062C CV1@-256C GPU@49.781C tj@50.093C SOC1@50.093C CV2@-256C
03-03-2026 22:21:54 RAM 1840/3425MB (lfb 5x2MB) SWAP 210/1713MB (cached 7MB) CPU [0%@1510,0%@1510,60%@1510,0%@1510,0%@1510,0%@1510] EMC_FREQ 0% GR3D_FREQ 86%@[0] CV0@-256C CPU@49.562C SOC2@49.312C SOC0@47.187C CV1@-256C GPU@49.937C tj@49.968C SOC1@49.968C CV2@-256C
03-03-2026 22:21:54 RAM 1840/3425MB (lfb 5x2MB) SWAP 210/1713MB (cached 7MB) CPU [0%@1510,0%@1510,50%@1510,0%@1510,0%@1510,0%@1510] EMC_FREQ 0% GR3D_FREQ 86%@[0] CV0@-256C CPU@49.906C SOC2@49.281C SOC0@47.093C CV1@-256C GPU@49.968C tj@50.125C SOC1@50.125C CV2@-256C
03-03-2026 22:21:54 RAM 1840/3425MB (lfb 5x2MB) SWAP 210/1713MB (cached 7MB) CPU [16%@1510,16%@1510,60%@1510,0%@1510,0%@1510,0%@1510] EMC_FREQ 0% GR3D_FREQ 86%@[0] CV0@-256C CPU@49.593C SOC2@49.437C SOC0@47.312C CV1@-256C GPU@50.031C tj@50.062C SOC1@50.062C CV2@-256C
03-03-2026 22:21:54 RAM 1840/3425MB (lfb 5x2MB) SWAP 210/1713MB (cached 7MB) CPU [40%@1510,40%@1510,40%@1510,20%@1510,0%@1510,0%@1510] EMC_FREQ 0% GR3D_FREQ 88%@[0] CV0@-256C CPU@50.187C SOC2@49.312C SOC0@47.093C CV1@-256C GPU@49.812C tj@50.187C SOC1@50.031C CV2@-256C
03-03-2026 22:21:54 RAM 1840/3425MB (lfb 5x2MB) SWAP 210/1713MB (cached 7MB) CPU [0%@1510,16%@1510,60%@1510,0%@1510,0%@1510,0%@1510] EMC_FREQ 0% GR3D_FREQ 87%@[0] CV0@-256C CPU@49.75C SOC2@49.25C SOC0@47.437C CV1@-256C GPU@49.968C tj@50.062C SOC1@50.062C CV2@-256C
03-03-2026 22:21:54 RAM 1840/3425MB (lfb 5x2MB) SWAP 210/1713MB (cached 7MB) CPU [0%@1510,0%@1510,50%@1510,0%@1510,0%@1510,0%@1510] EMC_FREQ 0% GR3D_FREQ 87%@[0] CV0@-256C CPU@49.718C SOC2@49.281C SOC0@47.218C CV1@-256C GPU@50.062C tj@50.062C SOC1@49.968C CV2@-256C
03-03-2026 22:21:54 RAM 1840/3425MB (lfb 5x2MB) SWAP 210/1713MB (cached 7MB) CPU [0%@1510,0%@1510,60%@1510,0%@1510,0%@1510,0%@1510] EMC_FREQ 0% GR3D_FREQ 87%@[0] CV0@-256C CPU@49.843C SOC2@49.281C SOC0@47.093C CV1@-256C GPU@50.25C tj@50.25C SOC1@50.125C CV2@-256C
03-03-2026 22:21:54 RAM 1840/3425MB (lfb 5x2MB) SWAP 210/1713MB (cached 7MB) CPU [0%@1510,0%@1510,50%@1510,0%@1510,0%@1510,0%@1510] EMC_FREQ 0% GR3D_FREQ 86%@[0] CV0@-256C CPU@49.656C SOC2@49.281C SOC0@47.218C CV1@-256C GPU@49.75C tj@50.062C SOC1@50.031C CV2@-256C
03-03-2026 22:21:54 RAM 1840/3425MB (lfb 5x2MB) SWAP 210/1713MB (cached 7MB) CPU [0%@1510,0%@1510,40%@1510,0%@1510,0%@1510,0%@1510] EMC_FREQ 0% GR3D_FREQ 86%@[0] CV0@-256C CPU@49.687C SOC2@49.312C SOC0@47.156C CV1@-256C GPU@50.093C tj@50.093C SOC1@49.937C CV2@-256C
03-03-2026 22:21:54 RAM 1840/3425MB (lfb 5x2MB) SWAP 210/1713MB (cached 7MB) CPU [0%@1510,0%@1510,60%@1510,0%@1510,0%@1510,0%@1510] EMC_FREQ 0% GR3D_FREQ 86%@[0] CV0@-256C CPU@49.593C SOC2@49.406C SOC0@47.281C CV1@-256C GPU@50.25C tj@50.25C SOC1@50C CV2@-256C
03-03-2026 22:21:54 RAM 1840/3425MB (lfb 5x2MB) SWAP 210/1713MB (cached 7MB) CPU [0%@1510,0%@1510,50%@1510,0%@1510,0%@1510,0%@1510] EMC_FREQ 0% GR3D_FREQ 86%@[0] CV0@-256C CPU@49.75C SOC2@49.281C SOC0@47.125C CV1@-256C GPU@50.437C tj@50.437C SOC1@49.906C CV2@-256C
03-03-2026 22:21:54 RAM 1840/3425MB (lfb 5x2MB) SWAP 210/1713MB (cached 7MB) CPU [0%@1510,0%@1510,50%@1510,0%@1510,0%@1510,0%@1510] EMC_FREQ 0% GR3D_FREQ 87%@[0] CV0@-256C CPU@49.687C SOC2@49.218C SOC0@47.125C CV1@-256C GPU@49.781C tj@50.125C SOC1@50.125C CV2@-256C
03-03-2026 22:21:54 RAM 1840/3425MB (lfb 5x2MB) SWAP 210/1713MB (cached 7MB) CPU [0%@1510,0%@1510,40%@1510,0%@1510,0%@1510,0%@1510] EMC_FREQ 0% GR3D_FREQ 87%@[0] CV0@-256C CPU@49.562C SOC2@49.312C SOC0@47.187C CV1@-256C GPU@49.906C tj@50C SOC1@50C CV2@-256C
03-03-2026 22:21:55 RAM 1840/3425MB (lfb 5x2MB) SWAP 210/1713MB (cached 7MB) CPU [0%@1510,0%@1510,60%@1510,0%@1510,0%@1510,0%@1510] EMC_FREQ 0% GR3D_FREQ 86%@[0] CV0@-256C CPU@49.875C SOC2@49.281C SOC0@47.156C CV1@-256C GPU@50.406C tj@50.406C SOC1@50.218C CV2@-256C
03-03-2026 22:21:55 RAM 1840/3425MB (lfb 5x2MB) SWAP 210/1713MB (cached 7MB) CPU [0%@1510,0%@1510,50%@1510,0%@1510,0%@1510,0%@1510] EMC_FREQ 0% GR3D_FREQ 86%@[0] CV0@-256C CPU@49.625C SOC2@49.281C SOC0@47.281C CV1@-256C GPU@49.843C tj@50.062C SOC1@50.062C CV2@-256C
03-03-2026 22:21:55 RAM 1840/3425MB (lfb 5x2MB) SWAP 210/1713MB (cached 7MB) CPU [0%@1510,0%@1510,50%@1510,0%@1510,0%@1510,0%@1510] EMC_FREQ 0% GR3D_FREQ 86%@[0] CV0@-256C CPU@49.843C SOC2@49.375C SOC0@47.156C CV1@-256C GPU@49.906C tj@49.906C SOC1@49.906C CV2@-256C
03-03-2026 22:21:55 RAM 1840/3425MB (lfb 5x2MB) SWAP 210/1713MB (cached 7MB) CPU [0%@1510,16%@1510,40%@1510,0%@1510,0%@1510,0%@1510] EMC_FREQ 0% GR3D_FREQ 86%@[0] CV0@-256C CPU@49.656C SOC2@49.25C SOC0@47.406C CV1@-256C GPU@49.937C tj@50.093C SOC1@50.093C CV2@-256C
03-03-2026 22:21:55 RAM 1840/3425MB (lfb 5x2MB) SWAP 210/1713MB (cached 7MB) CPU [0%@1510,0%@1510,60%@1510,0%@1510,0%@1510,0%@1510] EMC_FREQ 0% GR3D_FREQ 87%@[0] CV0@-256C CPU@49.75C SOC2@49.375C SOC0@47.093C CV1@-256C GPU@50.031C tj@50.031C SOC1@49.937C CV2@-256C
03-03-2026 22:21:55 RAM 1840/3425MB (lfb 5x2MB) SWAP 210/1713MB (cached 7MB) CPU [0%@1510,0%@1510,50%@1510,0%@1510,0%@1510,0%@1510] EMC_FREQ 0% GR3D_FREQ 87%@[0] CV0@-256C CPU@49.781C SOC2@49.156C SOC0@47.062C CV1@-256C GPU@50.25C tj@50.25C SOC1@50.187C CV2@-256C
03-03-2026 22:21:55 RAM 1840/3425MB (lfb 5x2MB) SWAP 210/1713MB (cached 7MB) CPU [0%@1510,0%@1510,50%@1510,0%@1510,0%@1510,0%@1510] EMC_FREQ 0% GR3D_FREQ 86%@[0] CV0@-256C CPU@49.937C SOC2@49.406C SOC0@47.156C CV1@-256C GPU@50C tj@50C SOC1@49.968C CV2@-256C
03-03-2026 22:21:55 RAM 1840/3425MB (lfb 5x2MB) SWAP 210/1713MB (cached 7MB) CPU [0%@1510,0%@1510,50%@1510,0%@1510,0%@1510,0%@1510] EMC_FREQ 0% GR3D_FREQ 86%@[0] CV0@-256C CPU@49.718C SOC2@49.25C SOC0@47.125C CV1@-256C GPU@50.031C tj@50.25C SOC1@50.25C CV2@-256C
03-03-2026 22:21:55 RAM 1840/3425MB (lfb 5x2MB) SWAP 210/1713MB (cached 7MB) CPU [0%@1510,0%@1510,60%@1510,0%@1510,0%@1510,0%@1510] EMC_FREQ 0% GR3D_FREQ 86%@[0] CV0@-256C CPU@50.156C SOC2@49.343C SOC0@47.281C CV1@-256C GPU@50.25C tj@50.25C SOC1@50.062C CV2@-256C
03-03-2026 22:21:55 RAM 1841/3425MB (lfb 5x2MB) SWAP 210/1713MB (cached 7MB) CPU [40%@1510,20%@1510,50%@1510,0%@1510,16%@1510,16%@1510] EMC_FREQ 0% GR3D_FREQ 86%@[0] CV0@-256C CPU@50C SOC2@49.343C SOC0@47.156C CV1@-256C GPU@50.406C tj@50.406C SOC1@49.937C CV2@-256C
03-03-2026 22:21:55 RAM 1840/3425MB (lfb 5x2MB) SWAP 210/1713MB (cached 7MB) CPU [16%@1510,33%@1510,60%@1510,0%@1510,0%@1510,0%@1510] EMC_FREQ 0% GR3D_FREQ 86%@[0] CV0@-256C CPU@49.562C SOC2@49.281C SOC0@47.25C CV1@-256C GPU@49.812C tj@50.093C SOC1@50.093C CV2@-256C
03-03-2026 22:21:55 RAM 1840/3425MB (lfb 5x2MB) SWAP 210/1713MB (cached 7MB) CPU [0%@1510,16%@1510,40%@1510,0%@1510,0%@1510,0%@1510] EMC_FREQ 0% GR3D_FREQ 86%@[0] CV0@-256C CPU@50.093C SOC2@49.281C SOC0@47.218C CV1@-256C GPU@50.312C tj@50.312C SOC1@49.937C CV2@-256C
03-03-2026 22:21:55 RAM 1840/3425MB (lfb 5x2MB) SWAP 210/1713MB (cached 7MB) CPU [0%@1510,0%@1510,0%@1510,60%@1510,0%@1510,0%@1510] EMC_FREQ 0% GR3D_FREQ 86%@[0] CV0@-256C CPU@49.718C SOC2@49.375C SOC0@47.062C CV1@-256C GPU@50.343C tj@50.343C SOC1@50.25C CV2@-256C
03-03-2026 22:21:55 RAM 1840/3425MB (lfb 5x2MB) SWAP 210/1713MB (cached 7MB) CPU [0%@1510,0%@1510,0%@1510,40%@1510,0%@1510,0%@1510] EMC_FREQ 0% GR3D_FREQ 86%@[0] CV0@-256C CPU@49.687C SOC2@49.343C SOC0@47.281C CV1@-256C GPU@49.75C tj@50.031C SOC1@50.031C CV2@-256C
03-03-2026 22:21:55 RAM 1840/3425MB (lfb 5x2MB) SWAP 210/1713MB (cached 7MB) CPU [0%@1510,0%@1510,0%@1510,60%@1510,0%@1510,0%@1510] EMC_FREQ 0% GR3D_FREQ 87%@[0] CV0@-256C CPU@50C SOC2@49.281C SOC0@47.156C CV1@-256C GPU@49.843C tj@50.218C SOC1@50.218C CV2@-256C
03-03-2026 22:21:55 RAM 1840/3425MB (lfb 5x2MB) SWAP 210/1713MB (cached 7MB) CPU [0%@1510,0%@1510,0%@1510,50%@1510,0%@1510,0%@1510] EMC_FREQ 0% GR3D_FREQ 86%@[0] CV0@-256C CPU@49.656C SOC2@49.375C SOC0@47.312C CV1@-256C GPU@50.031C tj@50.031C SOC1@50C CV2@-256C
03-03-2026 22:21:55 RAM 1840/3425MB (lfb 5x2MB) SWAP 210/1713MB (cached 7MB) CPU [0%@1510,0%@1510,0%@1510,50%@1510,0%@1510,0%@1510] EMC_FREQ 0% GR3D_FREQ 86%@[0] CV0@-256C CPU@50.093C SOC2@49.343C SOC0@47.218C CV1@-256C GPU@50C tj@50.093C SOC1@49.906C CV2@-256C
03-03-2026 22:21:55 RAM 1840/3425MB (lfb 5x2MB) SWAP 210/1713MB (cached 7MB) CPU [0%@1510,0%@1510,0%@1510,50%@1510,0%@1510,0%@1510] EMC_FREQ 0% GR3D_FREQ 86%@[0] CV0@-256C CPU@49.593C SOC2@49.281C SOC0@47.406C CV1@-256C GPU@49.875C tj@50.093C SOC1@50.093C CV2@-256C
03-03-2026 22:21:55 RAM 1840/3425MB (lfb 5x2MB) SWAP 210/1713MB (cached 7MB) CPU [0%@1510,16%@1510,0%@1510,60%@1510,0%@1510,0%@1510] EMC_FREQ 0% GR3D_FREQ 86%@[0] CV0@-256C CPU@49.593C SOC2@49.281C SOC0@47.187C CV1@-256C GPU@49.906C tj@50C SOC1@50C CV2@-256C
03-03-2026 22:21:56 RAM 1840/3425MB (lfb 5x2MB) SWAP 210/1713MB (cached 7MB) CPU [0%@1510,0%@1510,0%@1510,40%@1510,0%@1510,0%@1510] EMC_FREQ 0% GR3D_FREQ 87%@[0] CV0@-256C CPU@49.812C SOC2@49.25C SOC0@47.125C CV1@-256C GPU@50.093C tj@50.187C SOC1@50.187C CV2@-256C
03-03-2026 22:21:56 RAM 1840/3425MB (lfb 5x2MB) SWAP 210/1713MB (cached 7MB) CPU [0%@1510,0%@1510,0%@1510,60%@1510,0%@1510,0%@1510] EMC_FREQ 0% GR3D_FREQ 87%@[0] CV0@-256C CPU@49.687C SOC2@49.375C SOC0@47.281C CV1@-256C GPU@50.187C tj@50.187C SOC1@50.062C CV2@-256C
03-03-2026 22:21:56 RAM 1840/3425MB (lfb 5x2MB) SWAP 210/1713MB (cached 7MB) CPU [0%@1510,0%@1510,0%@1510,50%@1510,0%@1510,0%@1510] EMC_FREQ 0% GR3D_FREQ 86%@[0] CV0@-256C CPU@49.718C SOC2@49.281C SOC0@47.156C CV1@-256C GPU@50.468C tj@50.468C SOC1@50.25C CV2@-256C
03-03-2026 22:21:56 RAM 1840/3425MB (lfb 5x2MB) SWAP 210/1713MB (cached 7MB) CPU [0%@1510,20%@1510,0%@1510,50%@1510,0%@1510,0%@1510] EMC_FREQ 0% GR3D_FREQ 86%@[0] CV0@-256C CPU@49.75C SOC2@49.406C SOC0@47.343C CV1@-256C GPU@50.031C tj@50.031C SOC1@50C CV2@-256C
03-03-2026 22:21:56 RAM 1840/3425MB (lfb 5x2MB) SWAP 210/1713MB (cached 7MB) CPU [0%@1510,0%@1510,0%@1510,50%@1510,0%@1510,0%@1510] EMC_FREQ 0% GR3D_FREQ 87%@[0] CV0@-256C CPU@49.812C SOC2@49.281C SOC0@47.187C CV1@-256C GPU@50.25C tj@50.25C SOC1@49.937C CV2@-256C
03-03-2026 22:21:56 RAM 1840/3425MB (lfb 5x2MB) SWAP 210/1713MB (cached 7MB) CPU [0%@1510,16%@1510,0%@1510,60%@1510,0%@1510,0%@1510] EMC_FREQ 0% GR3D_FREQ 87%@[0] CV0@-256C CPU@49.812C SOC2@49.187C SOC0@47.281C CV1@-256C GPU@50.343C tj@50.343C SOC1@50.093C CV2@-256C
03-03-2026 22:21:56 RAM 1840/3425MB (lfb 5x2MB) SWAP 210/1713MB (cached 7MB) CPU [0%@1510,0%@1510,0%@1510,40%@1510,0%@1510,0%@1510] EMC_FREQ 0% GR3D_FREQ 86%@[0] CV0@-256C CPU@49.937C SOC2@49.25C SOC0@47.281C CV1@-256C GPU@49.75C tj@50.093C SOC1@50.093C CV2@-256C
03-03-2026 22:21:56 RAM 1840/3425MB (lfb 5x2MB) SWAP 210/1713MB (cached 7MB) CPU [0%@1510,0%@1510,0%@1510,60%@1510,0%@1510,0%@1510] EMC_FREQ 0% GR3D_FREQ 86%@[0] CV0@-256C CPU@49.75C SOC2@49.25C SOC0@47.156C CV1@-256C GPU@49.812C tj@50.218C SOC1@50.218C CV2@-256C
03-03-2026 22:21:56 RAM 1840/3425MB (lfb 5x2MB) SWAP 210/1713MB (cached 7MB) CPU [0%@1510,0%@1510,0%@1510,50%@1510,0%@1510,0%@1510] EMC_FREQ 0% GR3D_FREQ 86%@[0] CV0@-256C CPU@50C SOC2@49.312C SOC0@47.343C CV1@-256C GPU@49.968C tj@50.031C SOC1@50.031C CV2@-256C
03-03-2026 22:21:56 RAM 1840/3425MB (lfb 5x2MB) SWAP 210/1713MB (cached 7MB) CPU [0%@1510,20%@1510,0%@1510,60%@1510,0%@1510,0%@1510] EMC_FREQ 0% GR3D_FREQ 86%@[0] CV0@-256C CPU@49.906C SOC2@49.281C SOC0@47.156C CV1@-256C GPU@49.75C tj@50.343C SOC1@50.343C CV2@-256C
03-03-2026 22:21:56 RAM 1840/3425MB (lfb 5x2MB) SWAP 210/1713MB (cached 7MB) CPU [33%@1510,0%@1510,0%@1510,50%@1510,0%@1510,16%@1510] EMC_FREQ 0% GR3D_FREQ 87%@[0] CV0@-256C CPU@49.781C SOC2@49.375C SOC0@47.375C CV1@-256C GPU@49.875C tj@50.125C SOC1@50.125C CV2@-256C
03-03-2026 22:21:56 RAM 1840/3425MB (lfb 5x2MB) SWAP 210/1713MB (cached 7MB) CPU [16%@1510,16%@1510,0%@1510,60%@1510,0%@1510,0%@1510] EMC_FREQ 0% GR3D_FREQ 86%@[0] CV0@-256C CPU@50.031C SOC2@49.343C SOC0@47.218C CV1@-256C GPU@49.968C tj@50.031C SOC1@49.968C CV2@-256C
03-03-2026 22:21:56 RAM 1840/3425MB (lfb 5x2MB) SWAP 210/1713MB (cached 7MB) CPU [0%@1510,0%@1510,0%@1510,50%@1510,0%@1510,16%@1510] EMC_FREQ 0% GR3D_FREQ 86%@[0] CV0@-256C CPU@49.843C SOC2@49.281C SOC0@47.093C CV1@-256C GPU@50.062C tj@50.093C SOC1@50.093C CV2@-256C
03-03-2026 22:21:56 RAM 1840/3425MB (lfb 5x2MB) SWAP 210/1713MB (cached 7MB) CPU [0%@1510,16%@1510,0%@1510,60%@1510,0%@1510,0%@1510] EMC_FREQ 0% GR3D_FREQ 87%@[0] CV0@-256C CPU@50.062C SOC2@49.281C SOC0@47.281C CV1@-256C GPU@49.875C tj@50.093C SOC1@50.093C CV2@-256C
03-03-2026 22:21:56 RAM 1840/3425MB (lfb 5x2MB) SWAP 210/1713MB (cached 7MB) CPU [0%@1510,0%@1510,0%@1510,40%@1510,0%@1510,0%@1510] EMC_FREQ 0% GR3D_FREQ 87%@[0] CV0@-256C CPU@49.937C SOC2@49.218C SOC0@47.125C CV1@-256C GPU@49.937C tj@50.187C SOC1@50.343C CV2@-256C
03-03-2026 22:21:56 RAM 1840/3425MB (lfb 5x2MB) SWAP 210/1713MB (cached 7MB) CPU [0%@1510,0%@1510,0%@1510,60%@1510,0%@1510,0%@1510] EMC_FREQ 0% GR3D_FREQ 86%@[0] CV0@-256C CPU@49.718C SOC2@49.343C SOC0@47.343C CV1@-256C GPU@50.031C tj@50.031C SOC1@49.968C CV2@-256C
03-03-2026 22:21:56 RAM 1840/3425MB (lfb 5x2MB) SWAP 210/1713MB (cached 7MB) CPU [0%@1510,0%@1510,0%@1510,40%@1510,0%@1510,0%@1510] EMC_FREQ 0% GR3D_FREQ 86%@[0] CV0@-256C CPU@49.968C SOC2@49.312C SOC0@47.156C CV1@-256C GPU@50.25C tj@50.25C SOC1@49.968C CV2@-256C
03-03-2026 22:21:56 RAM 1840/3425MB (lfb 5x2MB) SWAP 210/1713MB (cached 7MB) CPU [0%@1510,0%@1510,0%@1510,60%@1510,0%@1510,0%@1510] EMC_FREQ 0% GR3D_FREQ 86%@[0] CV0@-256C CPU@49.656C SOC2@49.281C SOC0@47.312C CV1@-256C GPU@50.343C tj@50.343C SOC1@50.093C CV2@-256C
03-03-2026 22:21:56 RAM 1840/3425MB (lfb 5x2MB) SWAP 210/1713MB (cached 7MB) CPU [0%@1510,0%@1510,0%@1510,40%@1510,0%@1510,0%@1510] EMC_FREQ 0% GR3D_FREQ 86%@[0] CV0@-256C CPU@50.062C SOC2@49.281C SOC0@47.187C CV1@-256C GPU@49.781C tj@50.062C SOC1@50C CV2@-256C
03-03-2026 22:21:57 RAM 1840/3425MB (lfb 5x2MB) SWAP 210/1713MB (cached 7MB) CPU [0%@1510,0%@1510,0%@1510,60%@1510,0%@1510,0%@1510] EMC_FREQ 0% GR3D_FREQ 87%@[0] CV0@-256C CPU@49.687C SOC2@49.312C SOC0@47.156C CV1@-256C GPU@50.25C tj@50.25C SOC1@50.187C CV2@-256C
03-03-2026 22:21:57 RAM 1840/3425MB (lfb 5x2MB) SWAP 210/1713MB (cached 7MB) CPU [0%@1510,0%@1510,0%@1510,50%@1510,0%@1510,0%@1510] EMC_FREQ 0% GR3D_FREQ 87%@[0] CV0@-256C CPU@49.593C SOC2@49.281C SOC0@47.218C CV1@-256C GPU@50.375C tj@50.375C SOC1@50.031C CV2@-256C
03-03-2026 22:21:57 RAM 1840/3425MB (lfb 5x2MB) SWAP 210/1713MB (cached 7MB) CPU [0%@1510,16%@1510,0%@1510,40%@1510,0%@1510,0%@1510] EMC_FREQ 0% GR3D_FREQ 86%@[0] CV0@-256C CPU@49.718C SOC2@49.343C SOC0@47.093C CV1@-256C GPU@49.781C tj@50.25C SOC1@50.25C CV2@-256C
03-03-2026 22:21:57 RAM 1840/3425MB (lfb 5x2MB) SWAP 210/1713MB (cached 7MB) CPU [0%@1510,0%@1510,0%@1510,66%@1510,0%@1510,0%@1510] EMC_FREQ 0% GR3D_FREQ 86%@[0] CV0@-256C CPU@49.718C SOC2@49.406C SOC0@47.281C CV1@-256C GPU@49.937C tj@50.031C SOC1@50.031C CV2@-256C
03-03-2026 22:21:57 RAM 1840/3425MB (lfb 5x2MB) SWAP 210/1713MB (cached 7MB) CPU [0%@1510,0%@1510,0%@1510,40%@1510,0%@1510,0%@1510] EMC_FREQ 0% GR3D_FREQ 86%@[0] CV0@-256C CPU@49.75C SOC2@49.375C SOC0@47.187C CV1@-256C GPU@50C tj@50.218C SOC1@50.062C CV2@-256C
03-03-2026 22:21:57 RAM 1840/3425MB (lfb 5x2MB) SWAP 210/1713MB (cached 7MB) CPU [0%@1510,0%@1510,0%@1510,66%@1510,0%@1510,0%@1510] EMC_FREQ 0% GR3D_FREQ 86%@[0] CV0@-256C CPU@49.656C SOC2@49.281C SOC0@47.375C CV1@-256C GPU@50.156C tj@50.156C SOC1@50.062C CV2@-256C
03-03-2026 22:21:57 RAM 1840/3425MB (lfb 5x2MB) SWAP 210/1713MB (cached 7MB) CPU [0%@1510,16%@1510,0%@1510,40%@1510,0%@1510,0%@1510] EMC_FREQ 0% GR3D_FREQ 87%@[0] CV0@-256C CPU@49.656C SOC2@49.281C SOC0@47.281C CV1@-256C GPU@49.875C tj@49.968C SOC1@49.968C CV2@-256C
03-03-2026 22:21:57 RAM 1840/3425MB (lfb 5x2MB) SWAP 210/1713MB (cached 7MB) CPU [0%@1510,0%@1510,0%@1510,60%@1510,0%@1510,0%@1510] EMC_FREQ 0% GR3D_FREQ 87%@[0] CV0@-256C CPU@49.75C SOC2@49.312C SOC0@47.062C CV1@-256C GPU@50C tj@50.218C SOC1@50.218C CV2@-256C
03-03-2026 22:21:57 RAM 1840/3425MB (lfb 5x2MB) SWAP 210/1713MB (cached 7MB) CPU [0%@1510,0%@1510,0%@1510,50%@1510,0%@1510,0%@1510] EMC_FREQ 0% GR3D_FREQ 86%@[0] CV0@-256C CPU@49.625C SOC2@49.312C SOC0@47.312C CV1@-256C GPU@50.125C tj@50.125C SOC1@50.062C CV2@-256C
03-03-2026 22:21:57 RAM 1840/3425MB (lfb 5x2MB) SWAP 210/1713MB (cached 7MB) CPU [0%@1510,33%@1510,0%@1510,50%@1510,0%@1510,0%@1510] EMC_FREQ 0% GR3D_FREQ 86%@[0] CV0@-256C CPU@49.906C SOC2@49.312C SOC0@47.156C CV1@-256C GPU@50.218C tj@50.343C SOC1@50.343C CV2@-256C
03-03-2026 22:21:57 RAM 1840/3425MB (lfb 5x2MB) SWAP 210/1713MB (cached 7MB) CPU [20%@1510,42%@1510,20%@1510,50%@1510,0%@1510,20%@1510] EMC_FREQ 0% GR3D_FREQ 86%@[0] CV0@-256C CPU@49.937C SOC2@49.468C SOC0@47.343C CV1@-256C GPU@50.375C tj@50.375C SOC1@50.125C CV2@-256C
