/usr/src/tensorrt/bin/trtexec --onnx=/home/user/Edge-ML/models/v5/CNN-LSTM/bs32/CNN-LSTM.onnx --saveEngine=/home/user/Edge-ML/models/v5/CNN-LSTM/bs32/CNN-LSTM_int8.engine --int8 --fp16 --exportLayerInfo=/home/user/Edge-ML/models/v5/CNN-LSTM/bs32/logs/quantisation_int8_layers.json --memPoolSize=workspace:4096MiB --tacticSources=+CUBLAS,+CUBLAS_LT,+CUDNN --noDataTransfers --calib=/home/user/Edge-ML/models/v5/CNN-LSTM/bs32/CNN-LSTM.cache

&&&& RUNNING TensorRT.trtexec [TensorRT v8502] # /usr/src/tensorrt/bin/trtexec --onnx=/home/user/Edge-ML/models/v5/CNN-LSTM/bs32/CNN-LSTM.onnx --saveEngine=/home/user/Edge-ML/models/v5/CNN-LSTM/bs32/CNN-LSTM_int8.engine --int8 --fp16 --exportLayerInfo=/home/user/Edge-ML/models/v5/CNN-LSTM/bs32/logs/quantisation_int8_layers.json --memPoolSize=workspace:4096MiB --tacticSources=+CUBLAS,+CUBLAS_LT,+CUDNN --noDataTransfers --calib=/home/user/Edge-ML/models/v5/CNN-LSTM/bs32/CNN-LSTM.cache
[03/03/2026-10:56:14] [I] === Model Options ===
[03/03/2026-10:56:14] [I] Format: ONNX
[03/03/2026-10:56:14] [I] Model: /home/user/Edge-ML/models/v5/CNN-LSTM/bs32/CNN-LSTM.onnx
[03/03/2026-10:56:14] [I] Output:
[03/03/2026-10:56:14] [I] === Build Options ===
[03/03/2026-10:56:14] [I] Max batch: explicit batch
[03/03/2026-10:56:14] [I] Memory Pools: workspace: 4096 MiB, dlaSRAM: default, dlaLocalDRAM: default, dlaGlobalDRAM: default
[03/03/2026-10:56:14] [I] minTiming: 1
[03/03/2026-10:56:14] [I] avgTiming: 8
[03/03/2026-10:56:14] [I] Precision: FP32+FP16+INT8
[03/03/2026-10:56:14] [I] LayerPrecisions: 
[03/03/2026-10:56:14] [I] Calibration: /home/user/Edge-ML/models/v5/CNN-LSTM/bs32/CNN-LSTM.cache
[03/03/2026-10:56:14] [I] Refit: Disabled
[03/03/2026-10:56:14] [I] Sparsity: Disabled
[03/03/2026-10:56:14] [I] Safe mode: Disabled
[03/03/2026-10:56:14] [I] DirectIO mode: Disabled
[03/03/2026-10:56:14] [I] Restricted mode: Disabled
[03/03/2026-10:56:14] [I] Build only: Disabled
[03/03/2026-10:56:14] [I] Save engine: /home/user/Edge-ML/models/v5/CNN-LSTM/bs32/CNN-LSTM_int8.engine
[03/03/2026-10:56:14] [I] Load engine: 
[03/03/2026-10:56:14] [I] Profiling verbosity: 0
[03/03/2026-10:56:14] [I] Tactic sources: cublas [ON], cublasLt [ON], cudnn [ON], 
[03/03/2026-10:56:14] [I] timingCacheMode: local
[03/03/2026-10:56:14] [I] timingCacheFile: 
[03/03/2026-10:56:14] [I] Heuristic: Disabled
[03/03/2026-10:56:14] [I] Preview Features: Use default preview flags.
[03/03/2026-10:56:14] [I] Input(s)s format: fp32:CHW
[03/03/2026-10:56:14] [I] Output(s)s format: fp32:CHW
[03/03/2026-10:56:14] [I] Input build shapes: model
[03/03/2026-10:56:14] [I] Input calibration shapes: model
[03/03/2026-10:56:14] [I] === System Options ===
[03/03/2026-10:56:14] [I] Device: 0
[03/03/2026-10:56:14] [I] DLACore: 
[03/03/2026-10:56:14] [I] Plugins:
[03/03/2026-10:56:14] [I] === Inference Options ===
[03/03/2026-10:56:14] [I] Batch: Explicit
[03/03/2026-10:56:14] [I] Input inference shapes: model
[03/03/2026-10:56:14] [I] Iterations: 10
[03/03/2026-10:56:14] [I] Duration: 3s (+ 200ms warm up)
[03/03/2026-10:56:14] [I] Sleep time: 0ms
[03/03/2026-10:56:14] [I] Idle time: 0ms
[03/03/2026-10:56:14] [I] Streams: 1
[03/03/2026-10:56:14] [I] ExposeDMA: Disabled
[03/03/2026-10:56:14] [I] Data transfers: Disabled
[03/03/2026-10:56:14] [I] Spin-wait: Disabled
[03/03/2026-10:56:14] [I] Multithreading: Disabled
[03/03/2026-10:56:14] [I] CUDA Graph: Disabled
[03/03/2026-10:56:14] [I] Separate profiling: Disabled
[03/03/2026-10:56:14] [I] Time Deserialize: Disabled
[03/03/2026-10:56:14] [I] Time Refit: Disabled
[03/03/2026-10:56:14] [I] NVTX verbosity: 0
[03/03/2026-10:56:14] [I] Persistent Cache Ratio: 0
[03/03/2026-10:56:14] [I] Inputs:
[03/03/2026-10:56:14] [I] === Reporting Options ===
[03/03/2026-10:56:14] [I] Verbose: Disabled
[03/03/2026-10:56:14] [I] Averages: 10 inferences
[03/03/2026-10:56:14] [I] Percentiles: 90,95,99
[03/03/2026-10:56:14] [I] Dump refittable layers:Disabled
[03/03/2026-10:56:14] [I] Dump output: Disabled
[03/03/2026-10:56:14] [I] Profile: Disabled
[03/03/2026-10:56:14] [I] Export timing to JSON file: 
[03/03/2026-10:56:14] [I] Export output to JSON file: 
[03/03/2026-10:56:14] [I] Export profile to JSON file: 
[03/03/2026-10:56:14] [I] 
[03/03/2026-10:56:14] [I] === Device Information ===
[03/03/2026-10:56:14] [I] Selected Device: Orin
[03/03/2026-10:56:14] [I] Compute Capability: 8.7
[03/03/2026-10:56:14] [I] SMs: 4
[03/03/2026-10:56:14] [I] Compute Clock Rate: 0.624 GHz
[03/03/2026-10:56:14] [I] Device Global Memory: 3425 MiB
[03/03/2026-10:56:14] [I] Shared Memory per SM: 164 KiB
[03/03/2026-10:56:14] [I] Memory Bus Width: 128 bits (ECC disabled)
[03/03/2026-10:56:14] [I] Memory Clock Rate: 0.624 GHz
[03/03/2026-10:56:14] [I] 
[03/03/2026-10:56:14] [I] TensorRT version: 8.5.2
[03/03/2026-10:56:15] [I] [TRT] [MemUsageChange] Init CUDA: CPU +220, GPU +0, now: CPU 249, GPU 1518 (MiB)
[03/03/2026-10:56:17] [I] [TRT] [MemUsageChange] Init builder kernel library: CPU +302, GPU +251, now: CPU 574, GPU 1789 (MiB)
[03/03/2026-10:56:17] [I] Start parsing network model
[03/03/2026-10:56:17] [I] [TRT] ----------------------------------------------------------------
[03/03/2026-10:56:17] [I] [TRT] Input filename:   /home/user/Edge-ML/models/v5/CNN-LSTM/bs32/CNN-LSTM.onnx
[03/03/2026-10:56:17] [I] [TRT] ONNX IR version:  0.0.7
[03/03/2026-10:56:17] [I] [TRT] Opset version:    12
[03/03/2026-10:56:17] [I] [TRT] Producer name:    pytorch
[03/03/2026-10:56:17] [I] [TRT] Producer version: 2.5.1
[03/03/2026-10:56:17] [I] [TRT] Domain:           
[03/03/2026-10:56:17] [I] [TRT] Model version:    0
[03/03/2026-10:56:17] [I] [TRT] Doc string:       
[03/03/2026-10:56:17] [I] [TRT] ----------------------------------------------------------------
[03/03/2026-10:56:17] [W] [TRT] onnx2trt_utils.cpp:375: Your ONNX model has been generated with INT64 weights, while TensorRT does not natively support INT64. Attempting to cast down to INT32.
[03/03/2026-10:56:17] [I] Finish parsing network model
[03/03/2026-10:56:17] [I] [TRT] Reading Calibration Cache for calibrator: EntropyCalibration2
[03/03/2026-10:56:17] [I] [TRT] Generated calibration scales using calibration cache. Make sure that calibration cache has latest scales.
[03/03/2026-10:56:17] [I] [TRT] To regenerate calibration cache, please delete the existing one. TensorRT will generate a new calibration cache.
[03/03/2026-10:56:17] [W] [TRT] Missing scale and zero-point for tensor (Unnamed Layer* 21) [Constant]_output, expect fall back to non-int8 implementation for any layer consuming or producing given tensor
[03/03/2026-10:56:17] [W] [TRT] Missing scale and zero-point for tensor /lstm/Expand_output_0, expect fall back to non-int8 implementation for any layer consuming or producing given tensor
[03/03/2026-10:56:17] [W] [TRT] Missing scale and zero-point for tensor (Unnamed Layer* 36) [Constant]_output, expect fall back to non-int8 implementation for any layer consuming or producing given tensor
[03/03/2026-10:56:17] [W] [TRT] Missing scale and zero-point for tensor /lstm/Expand_1_output_0, expect fall back to non-int8 implementation for any layer consuming or producing given tensor
[03/03/2026-10:56:17] [W] [TRT] Missing scale and zero-point for tensor (Unnamed Layer* 44) [Constant]_output, expect fall back to non-int8 implementation for any layer consuming or producing given tensor
[03/03/2026-10:56:17] [W] [TRT] Missing scale and zero-point for tensor (Unnamed Layer* 45) [Constant]_output, expect fall back to non-int8 implementation for any layer consuming or producing given tensor
[03/03/2026-10:56:17] [W] [TRT] Missing scale and zero-point for tensor (Unnamed Layer* 53) [Constant]_output, expect fall back to non-int8 implementation for any layer consuming or producing given tensor
[03/03/2026-10:56:17] [W] [TRT] Missing scale and zero-point for tensor (Unnamed Layer* 55) [Iterator]_output, expect fall back to non-int8 implementation for any layer consuming or producing given tensor
[03/03/2026-10:56:17] [W] [TRT] Missing scale and zero-point for tensor (Unnamed Layer* 56) [Shuffle]_output, expect fall back to non-int8 implementation for any layer consuming or producing given tensor
[03/03/2026-10:56:17] [W] [TRT] Missing scale and zero-point for tensor (Unnamed Layer* 57) [Recurrence]_output, expect fall back to non-int8 implementation for any layer consuming or producing given tensor
[03/03/2026-10:56:17] [W] [TRT] Missing scale and zero-point for tensor (Unnamed Layer* 58) [Recurrence]_output, expect fall back to non-int8 implementation for any layer consuming or producing given tensor
[03/03/2026-10:56:17] [W] [TRT] Missing scale and zero-point for tensor (Unnamed Layer* 59) [Matrix Multiply]_output, expect fall back to non-int8 implementation for any layer consuming or producing given tensor
[03/03/2026-10:56:17] [W] [TRT] Missing scale and zero-point for tensor (Unnamed Layer* 60) [Matrix Multiply]_output, expect fall back to non-int8 implementation for any layer consuming or producing given tensor
[03/03/2026-10:56:17] [W] [TRT] Missing scale and zero-point for tensor (Unnamed Layer* 61) [ElementWise]_output, expect fall back to non-int8 implementation for any layer consuming or producing given tensor
[03/03/2026-10:56:17] [W] [TRT] Missing scale and zero-point for tensor (Unnamed Layer* 62) [ElementWise]_output, expect fall back to non-int8 implementation for any layer consuming or producing given tensor
[03/03/2026-10:56:17] [W] [TRT] Missing scale and zero-point for tensor (Unnamed Layer* 63) [Slice]_output, expect fall back to non-int8 implementation for any layer consuming or producing given tensor
[03/03/2026-10:56:17] [W] [TRT] Missing scale and zero-point for tensor (Unnamed Layer* 65) [Activation]_output, expect fall back to non-int8 implementation for any layer consuming or producing given tensor
[03/03/2026-10:56:17] [W] [TRT] Missing scale and zero-point for tensor (Unnamed Layer* 66) [Slice]_output, expect fall back to non-int8 implementation for any layer consuming or producing given tensor
[03/03/2026-10:56:17] [W] [TRT] Missing scale and zero-point for tensor (Unnamed Layer* 68) [Activation]_output, expect fall back to non-int8 implementation for any layer consuming or producing given tensor
[03/03/2026-10:56:17] [W] [TRT] Missing scale and zero-point for tensor (Unnamed Layer* 69) [Slice]_output, expect fall back to non-int8 implementation for any layer consuming or producing given tensor
[03/03/2026-10:56:17] [W] [TRT] Missing scale and zero-point for tensor (Unnamed Layer* 71) [Activation]_output, expect fall back to non-int8 implementation for any layer consuming or producing given tensor
[03/03/2026-10:56:17] [W] [TRT] Missing scale and zero-point for tensor (Unnamed Layer* 72) [ElementWise]_output, expect fall back to non-int8 implementation for any layer consuming or producing given tensor
[03/03/2026-10:56:17] [W] [TRT] Missing scale and zero-point for tensor (Unnamed Layer* 73) [ElementWise]_output, expect fall back to non-int8 implementation for any layer consuming or producing given tensor
[03/03/2026-10:56:17] [W] [TRT] Missing scale and zero-point for tensor (Unnamed Layer* 74) [ElementWise]_output, expect fall back to non-int8 implementation for any layer consuming or producing given tensor
[03/03/2026-10:56:17] [W] [TRT] Missing scale and zero-point for tensor (Unnamed Layer* 77) [Slice]_output, expect fall back to non-int8 implementation for any layer consuming or producing given tensor
[03/03/2026-10:56:17] [W] [TRT] Missing scale and zero-point for tensor (Unnamed Layer* 79) [Activation]_output, expect fall back to non-int8 implementation for any layer consuming or producing given tensor
[03/03/2026-10:56:17] [W] [TRT] Missing scale and zero-point for tensor (Unnamed Layer* 80) [Activation]_output, expect fall back to non-int8 implementation for any layer consuming or producing given tensor
[03/03/2026-10:56:17] [W] [TRT] Missing scale and zero-point for tensor (Unnamed Layer* 81) [ElementWise]_output, expect fall back to non-int8 implementation for any layer consuming or producing given tensor
[03/03/2026-10:56:17] [W] [TRT] Missing scale and zero-point for tensor (Unnamed Layer* 94) [Constant]_output, expect fall back to non-int8 implementation for any layer consuming or producing given tensor
[03/03/2026-10:56:17] [W] [TRT] Missing scale and zero-point for tensor /lstm/Expand_2_output_0, expect fall back to non-int8 implementation for any layer consuming or producing given tensor
[03/03/2026-10:56:17] [W] [TRT] Missing scale and zero-point for tensor (Unnamed Layer* 109) [Constant]_output, expect fall back to non-int8 implementation for any layer consuming or producing given tensor
[03/03/2026-10:56:17] [W] [TRT] Missing scale and zero-point for tensor /lstm/Expand_3_output_0, expect fall back to non-int8 implementation for any layer consuming or producing given tensor
[03/03/2026-10:56:17] [W] [TRT] Missing scale and zero-point for tensor (Unnamed Layer* 117) [Constant]_output, expect fall back to non-int8 implementation for any layer consuming or producing given tensor
[03/03/2026-10:56:17] [W] [TRT] Missing scale and zero-point for tensor (Unnamed Layer* 118) [Constant]_output, expect fall back to non-int8 implementation for any layer consuming or producing given tensor
[03/03/2026-10:56:17] [W] [TRT] Missing scale and zero-point for tensor (Unnamed Layer* 126) [Constant]_output, expect fall back to non-int8 implementation for any layer consuming or producing given tensor
[03/03/2026-10:56:17] [W] [TRT] Missing scale and zero-point for tensor (Unnamed Layer* 128) [Iterator]_output, expect fall back to non-int8 implementation for any layer consuming or producing given tensor
[03/03/2026-10:56:17] [W] [TRT] Missing scale and zero-point for tensor (Unnamed Layer* 129) [Shuffle]_output, expect fall back to non-int8 implementation for any layer consuming or producing given tensor
[03/03/2026-10:56:17] [W] [TRT] Missing scale and zero-point for tensor (Unnamed Layer* 130) [Recurrence]_output, expect fall back to non-int8 implementation for any layer consuming or producing given tensor
[03/03/2026-10:56:17] [W] [TRT] Missing scale and zero-point for tensor (Unnamed Layer* 131) [Recurrence]_output, expect fall back to non-int8 implementation for any layer consuming or producing given tensor
[03/03/2026-10:56:17] [W] [TRT] Missing scale and zero-point for tensor (Unnamed Layer* 132) [Matrix Multiply]_output, expect fall back to non-int8 implementation for any layer consuming or producing given tensor
[03/03/2026-10:56:17] [W] [TRT] Missing scale and zero-point for tensor (Unnamed Layer* 133) [Matrix Multiply]_output, expect fall back to non-int8 implementation for any layer consuming or producing given tensor
[03/03/2026-10:56:17] [W] [TRT] Missing scale and zero-point for tensor (Unnamed Layer* 134) [ElementWise]_output, expect fall back to non-int8 implementation for any layer consuming or producing given tensor
[03/03/2026-10:56:17] [W] [TRT] Missing scale and zero-point for tensor (Unnamed Layer* 135) [ElementWise]_output, expect fall back to non-int8 implementation for any layer consuming or producing given tensor
[03/03/2026-10:56:17] [W] [TRT] Missing scale and zero-point for tensor (Unnamed Layer* 136) [Slice]_output, expect fall back to non-int8 implementation for any layer consuming or producing given tensor
[03/03/2026-10:56:17] [W] [TRT] Missing scale and zero-point for tensor (Unnamed Layer* 138) [Activation]_output, expect fall back to non-int8 implementation for any layer consuming or producing given tensor
[03/03/2026-10:56:17] [W] [TRT] Missing scale and zero-point for tensor (Unnamed Layer* 139) [Slice]_output, expect fall back to non-int8 implementation for any layer consuming or producing given tensor
[03/03/2026-10:56:17] [W] [TRT] Missing scale and zero-point for tensor (Unnamed Layer* 141) [Activation]_output, expect fall back to non-int8 implementation for any layer consuming or producing given tensor
[03/03/2026-10:56:17] [W] [TRT] Missing scale and zero-point for tensor (Unnamed Layer* 142) [Slice]_output, expect fall back to non-int8 implementation for any layer consuming or producing given tensor
[03/03/2026-10:56:17] [W] [TRT] Missing scale and zero-point for tensor (Unnamed Layer* 144) [Activation]_output, expect fall back to non-int8 implementation for any layer consuming or producing given tensor
[03/03/2026-10:56:17] [W] [TRT] Missing scale and zero-point for tensor (Unnamed Layer* 145) [ElementWise]_output, expect fall back to non-int8 implementation for any layer consuming or producing given tensor
[03/03/2026-10:56:17] [W] [TRT] Missing scale and zero-point for tensor (Unnamed Layer* 146) [ElementWise]_output, expect fall back to non-int8 implementation for any layer consuming or producing given tensor
[03/03/2026-10:56:17] [W] [TRT] Missing scale and zero-point for tensor (Unnamed Layer* 147) [ElementWise]_output, expect fall back to non-int8 implementation for any layer consuming or producing given tensor
[03/03/2026-10:56:17] [W] [TRT] Missing scale and zero-point for tensor (Unnamed Layer* 150) [Slice]_output, expect fall back to non-int8 implementation for any layer consuming or producing given tensor
[03/03/2026-10:56:17] [W] [TRT] Missing scale and zero-point for tensor (Unnamed Layer* 152) [Activation]_output, expect fall back to non-int8 implementation for any layer consuming or producing given tensor
[03/03/2026-10:56:17] [W] [TRT] Missing scale and zero-point for tensor (Unnamed Layer* 153) [Activation]_output, expect fall back to non-int8 implementation for any layer consuming or producing given tensor
[03/03/2026-10:56:17] [W] [TRT] Missing scale and zero-point for tensor (Unnamed Layer* 154) [ElementWise]_output, expect fall back to non-int8 implementation for any layer consuming or producing given tensor
[03/03/2026-10:56:17] [W] [TRT] Missing scale and zero-point for tensor (Unnamed Layer* 161) [Constant]_output, expect fall back to non-int8 implementation for any layer consuming or producing given tensor
[03/03/2026-10:56:17] [I] [TRT] ---------- Layers Running on DLA ----------
[03/03/2026-10:56:17] [I] [TRT] ---------- Layers Running on GPU ----------
[03/03/2026-10:56:17] [I] [TRT] [GpuLayer] SHUFFLE: /Unsqueeze + (Unnamed Layer* 1) [Shuffle]
[03/03/2026-10:56:17] [I] [TRT] [GpuLayer] SHUFFLE: shuffle_between_(Unnamed Layer* 1) [Shuffle]_output_and_/cnn/cnn.0/Conv + /cnn/cnn.2/Relu
[03/03/2026-10:56:17] [I] [TRT] [GpuLayer] CONVOLUTION: /cnn/cnn.0/Conv + /cnn/cnn.2/Relu
[03/03/2026-10:56:17] [I] [TRT] [GpuLayer] SHUFFLE: shuffle_after_/cnn/cnn.2/Relu_out_tensor
[03/03/2026-10:56:17] [I] [TRT] [GpuLayer] SHUFFLE: shuffle_between_/cnn/cnn.2/Relu_out_tensor_and_/cnn/cnn.4/Conv + /cnn/cnn.6/Relu
[03/03/2026-10:56:17] [I] [TRT] [GpuLayer] CONVOLUTION: /cnn/cnn.4/Conv + /cnn/cnn.6/Relu
[03/03/2026-10:56:17] [I] [TRT] [GpuLayer] SHUFFLE: shuffle_after_/cnn/cnn.6/Relu_out_tensor
[03/03/2026-10:56:17] [I] [TRT] [GpuLayer] SHUFFLE: shuffle_between_/cnn/cnn.6/Relu_out_tensor_and_/cnn/cnn.8/Conv
[03/03/2026-10:56:17] [I] [TRT] [GpuLayer] CONVOLUTION: /cnn/cnn.8/Conv
[03/03/2026-10:56:17] [I] [TRT] [GpuLayer] SHUFFLE: shuffle_after_(Unnamed Layer* 10) [Convolution]_output
[03/03/2026-10:56:17] [I] [TRT] [GpuLayer] MYELIN: {ForeignNode[onnx::LSTM_252.../Squeeze]}
[03/03/2026-10:56:19] [I] [TRT] [MemUsageChange] Init cuBLAS/cuBLASLt: CPU +534, GPU +828, now: CPU 1109, GPU 2619 (MiB)
[03/03/2026-10:56:19] [I] [TRT] [MemUsageChange] Init cuDNN: CPU +82, GPU +21, now: CPU 1191, GPU 2640 (MiB)
[03/03/2026-10:56:19] [I] [TRT] Local timing cache in use. Profiling results in this builder pass will not be stored.
[03/03/2026-10:56:38] [W] [TRT] Tactic Device request: 391MB Available: 342MB. Device memory is insufficient to use tactic.
[03/03/2026-10:56:38] [W] [TRT] Skipping tactic 8 due to insufficient memory on requested size of 391 detected for tactic 0x000000000000003c.
Try decreasing the workspace size with IBuilderConfig::setMemoryPoolLimit().
[03/03/2026-10:56:38] [W] [TRT] Tactic Device request: 391MB Available: 344MB. Device memory is insufficient to use tactic.
[03/03/2026-10:56:38] [W] [TRT] Skipping tactic 13 due to insufficient memory on requested size of 391 detected for tactic 0x0000000000000074.
Try decreasing the workspace size with IBuilderConfig::setMemoryPoolLimit().
[03/03/2026-10:56:39] [W] [TRT] Tactic Device request: 390MB Available: 352MB. Device memory is insufficient to use tactic.
[03/03/2026-10:56:39] [W] [TRT] Skipping tactic 3 due to insufficient memory on requested size of 390 detected for tactic 0x0000000000000004.
Try decreasing the workspace size with IBuilderConfig::setMemoryPoolLimit().
[03/03/2026-10:56:39] [W] [TRT] Tactic Device request: 390MB Available: 352MB. Device memory is insufficient to use tactic.
[03/03/2026-10:56:39] [W] [TRT] Skipping tactic 7 due to insufficient memory on requested size of 390 detected for tactic 0x000000000000003c.
Try decreasing the workspace size with IBuilderConfig::setMemoryPoolLimit().
[03/03/2026-10:56:52] [I] [TRT] Total Activation Memory: 4295862272
[03/03/2026-10:56:52] [I] [TRT] Detected 1 inputs and 1 output network tensors.
[03/03/2026-10:56:52] [I] [TRT] Total Host Persistent Memory: 8928
[03/03/2026-10:56:52] [I] [TRT] Total Device Persistent Memory: 0
[03/03/2026-10:56:52] [I] [TRT] Total Scratch Memory: 3523584
[03/03/2026-10:56:52] [I] [TRT] [MemUsageStats] Peak memory usage of TRT CPU/GPU memory allocators: CPU 0 MiB, GPU 395 MiB
[03/03/2026-10:56:52] [I] [TRT] [BlockAssignment] Started assigning block shifts. This will take 13 steps to complete.
[03/03/2026-10:56:52] [I] [TRT] [BlockAssignment] Algorithm ShiftNTopDown took 0.420524ms to assign 4 blocks to 13 nodes requiring 4016128 bytes.
[03/03/2026-10:56:52] [I] [TRT] Total Activation Memory: 4016128
[03/03/2026-10:56:52] [W] [TRT] TensorRT encountered issues when converting weights between types and that could affect accuracy.
[03/03/2026-10:56:52] [W] [TRT] If this is not the desired behavior, please modify the weights or retrain with regularization to adjust the magnitude of the weights.
[03/03/2026-10:56:52] [W] [TRT] Check verbose logs for the list of affected weights.
[03/03/2026-10:56:52] [W] [TRT] - 6 weights are affected by this issue: Detected subnormal FP16 values.
[03/03/2026-10:56:52] [I] [TRT] [MemUsageChange] TensorRT-managed allocation in building engine: CPU +0, GPU +4, now: CPU 0, GPU 4 (MiB)
[03/03/2026-10:56:52] [I] Engine built in 37.9179 sec.
[03/03/2026-10:56:53] [I] [TRT] Loaded engine size: 0 MiB
[03/03/2026-10:56:53] [I] [TRT] [MemUsageChange] TensorRT-managed allocation in engine deserialization: CPU +0, GPU +0, now: CPU 0, GPU 0 (MiB)
[03/03/2026-10:56:53] [I] Engine deserialized in 0.00902755 sec.
[03/03/2026-10:56:53] [I] [TRT] [MemUsageChange] TensorRT-managed allocation in IExecutionContext creation: CPU +0, GPU +4, now: CPU 0, GPU 4 (MiB)
[03/03/2026-10:56:53] [I] Setting persistentCacheLimit to 0 bytes.
[03/03/2026-10:56:53] [I] Using random values for input input
[03/03/2026-10:56:53] [I] Created input binding for input with dimensions 32x120
[03/03/2026-10:56:53] [I] Using random values for output capacity
[03/03/2026-10:56:53] [I] Created output binding for capacity with dimensions 32
[03/03/2026-10:56:53] [I] [TRT] The profiling verbosity was set to ProfilingVerbosity::kLAYER_NAMES_ONLY when the engine was built, so only the layer names will be returned. Rebuild the engine with ProfilingVerbosity::kDETAILED to get more verbose layer information.
[03/03/2026-10:56:53] [I] Starting inference
[03/03/2026-10:56:56] [I] Warmup completed 35 queries over 200 ms
[03/03/2026-10:56:56] [I] Timing trace has 525 queries over 3.01176 s
[03/03/2026-10:56:56] [I] 
[03/03/2026-10:56:56] [I] === Trace details ===
[03/03/2026-10:56:56] [I] Trace averages of 10 runs:
[03/03/2026-10:56:56] [I] Average on 10 runs - GPU latency: 5.72312 ms - Host latency: 5.72312 ms (enqueue 5.71583 ms)
[03/03/2026-10:56:56] [I] Average on 10 runs - GPU latency: 5.71829 ms - Host latency: 5.71829 ms (enqueue 5.71165 ms)
[03/03/2026-10:56:56] [I] Average on 10 runs - GPU latency: 5.71924 ms - Host latency: 5.71924 ms (enqueue 5.71279 ms)
[03/03/2026-10:56:56] [I] Average on 10 runs - GPU latency: 5.72675 ms - Host latency: 5.72675 ms (enqueue 5.74806 ms)
[03/03/2026-10:56:56] [I] Average on 10 runs - GPU latency: 5.71357 ms - Host latency: 5.71357 ms (enqueue 5.70704 ms)
[03/03/2026-10:56:56] [I] Average on 10 runs - GPU latency: 5.72133 ms - Host latency: 5.72133 ms (enqueue 5.71418 ms)
[03/03/2026-10:56:56] [I] Average on 10 runs - GPU latency: 5.71458 ms - Host latency: 5.71458 ms (enqueue 5.70834 ms)
[03/03/2026-10:56:56] [I] Average on 10 runs - GPU latency: 5.71511 ms - Host latency: 5.71511 ms (enqueue 5.70891 ms)
[03/03/2026-10:56:56] [I] Average on 10 runs - GPU latency: 5.71615 ms - Host latency: 5.71615 ms (enqueue 5.70919 ms)
[03/03/2026-10:56:56] [I] Average on 10 runs - GPU latency: 5.72147 ms - Host latency: 5.72147 ms (enqueue 5.71432 ms)
[03/03/2026-10:56:56] [I] Average on 10 runs - GPU latency: 5.71834 ms - Host latency: 5.71834 ms (enqueue 5.7119 ms)
[03/03/2026-10:56:56] [I] Average on 10 runs - GPU latency: 5.74878 ms - Host latency: 5.74878 ms (enqueue 5.74053 ms)
[03/03/2026-10:56:56] [I] Average on 10 runs - GPU latency: 5.72113 ms - Host latency: 5.72113 ms (enqueue 5.71456 ms)
[03/03/2026-10:56:56] [I] Average on 10 runs - GPU latency: 5.72044 ms - Host latency: 5.72044 ms (enqueue 5.71353 ms)
[03/03/2026-10:56:56] [I] Average on 10 runs - GPU latency: 5.71879 ms - Host latency: 5.71879 ms (enqueue 5.71237 ms)
[03/03/2026-10:56:56] [I] Average on 10 runs - GPU latency: 5.7192 ms - Host latency: 5.7192 ms (enqueue 5.7124 ms)
[03/03/2026-10:56:56] [I] Average on 10 runs - GPU latency: 5.72081 ms - Host latency: 5.72081 ms (enqueue 5.7142 ms)
[03/03/2026-10:56:56] [I] Average on 10 runs - GPU latency: 5.75225 ms - Host latency: 5.75225 ms (enqueue 5.7151 ms)
[03/03/2026-10:56:56] [I] Average on 10 runs - GPU latency: 5.72361 ms - Host latency: 5.72361 ms (enqueue 5.74514 ms)
[03/03/2026-10:56:56] [I] Average on 10 runs - GPU latency: 5.72517 ms - Host latency: 5.72517 ms (enqueue 5.71801 ms)
[03/03/2026-10:56:56] [I] Average on 10 runs - GPU latency: 5.71624 ms - Host latency: 5.71624 ms (enqueue 5.70941 ms)
[03/03/2026-10:56:56] [I] Average on 10 runs - GPU latency: 5.71956 ms - Host latency: 5.71956 ms (enqueue 5.71295 ms)
[03/03/2026-10:56:56] [I] Average on 10 runs - GPU latency: 5.74657 ms - Host latency: 5.74657 ms (enqueue 5.73835 ms)
[03/03/2026-10:56:56] [I] Average on 10 runs - GPU latency: 5.71891 ms - Host latency: 5.71891 ms (enqueue 5.71233 ms)
[03/03/2026-10:56:56] [I] Average on 10 runs - GPU latency: 5.72162 ms - Host latency: 5.72162 ms (enqueue 5.71478 ms)
[03/03/2026-10:56:56] [I] Average on 10 runs - GPU latency: 5.71416 ms - Host latency: 5.71416 ms (enqueue 5.70792 ms)
[03/03/2026-10:56:56] [I] Average on 10 runs - GPU latency: 5.71573 ms - Host latency: 5.71573 ms (enqueue 5.70951 ms)
[03/03/2026-10:56:56] [I] Average on 10 runs - GPU latency: 5.71183 ms - Host latency: 5.71183 ms (enqueue 5.70575 ms)
[03/03/2026-10:56:56] [I] Average on 10 runs - GPU latency: 5.72205 ms - Host latency: 5.72205 ms (enqueue 5.71521 ms)
[03/03/2026-10:56:56] [I] Average on 10 runs - GPU latency: 5.71686 ms - Host latency: 5.71686 ms (enqueue 5.71055 ms)
[03/03/2026-10:56:56] [I] Average on 10 runs - GPU latency: 5.71722 ms - Host latency: 5.71722 ms (enqueue 5.71019 ms)
[03/03/2026-10:56:56] [I] Average on 10 runs - GPU latency: 5.71597 ms - Host latency: 5.71597 ms (enqueue 5.70972 ms)
[03/03/2026-10:56:56] [I] Average on 10 runs - GPU latency: 5.7193 ms - Host latency: 5.7193 ms (enqueue 5.71304 ms)
[03/03/2026-10:56:56] [I] Average on 10 runs - GPU latency: 5.71609 ms - Host latency: 5.71609 ms (enqueue 5.70989 ms)
[03/03/2026-10:56:56] [I] Average on 10 runs - GPU latency: 5.71826 ms - Host latency: 5.71826 ms (enqueue 5.71194 ms)
[03/03/2026-10:56:56] [I] Average on 10 runs - GPU latency: 5.7176 ms - Host latency: 5.7176 ms (enqueue 5.71118 ms)
[03/03/2026-10:56:56] [I] Average on 10 runs - GPU latency: 5.71814 ms - Host latency: 5.71814 ms (enqueue 5.71165 ms)
[03/03/2026-10:56:56] [I] Average on 10 runs - GPU latency: 5.74844 ms - Host latency: 5.74844 ms (enqueue 5.77019 ms)
[03/03/2026-10:56:56] [I] Average on 10 runs - GPU latency: 5.724 ms - Host latency: 5.724 ms (enqueue 5.71746 ms)
[03/03/2026-10:56:56] [I] Average on 10 runs - GPU latency: 5.71829 ms - Host latency: 5.71829 ms (enqueue 5.71184 ms)
[03/03/2026-10:56:56] [I] Average on 10 runs - GPU latency: 5.72163 ms - Host latency: 5.72163 ms (enqueue 5.71494 ms)
[03/03/2026-10:56:56] [I] Average on 10 runs - GPU latency: 5.72754 ms - Host latency: 5.72754 ms (enqueue 5.72117 ms)
[03/03/2026-10:56:56] [I] Average on 10 runs - GPU latency: 5.7188 ms - Host latency: 5.7188 ms (enqueue 5.71262 ms)
[03/03/2026-10:56:56] [I] Average on 10 runs - GPU latency: 5.72146 ms - Host latency: 5.72146 ms (enqueue 5.71528 ms)
[03/03/2026-10:56:56] [I] Average on 10 runs - GPU latency: 5.74998 ms - Host latency: 5.74998 ms (enqueue 5.71768 ms)
[03/03/2026-10:56:56] [I] Average on 10 runs - GPU latency: 5.72263 ms - Host latency: 5.72263 ms (enqueue 5.74036 ms)
[03/03/2026-10:56:56] [I] Average on 10 runs - GPU latency: 5.75491 ms - Host latency: 5.75491 ms (enqueue 5.74658 ms)
[03/03/2026-10:56:56] [I] Average on 10 runs - GPU latency: 5.75432 ms - Host latency: 5.75432 ms (enqueue 5.7458 ms)
[03/03/2026-10:56:56] [I] Average on 10 runs - GPU latency: 5.72502 ms - Host latency: 5.72502 ms (enqueue 5.71838 ms)
[03/03/2026-10:56:56] [I] Average on 10 runs - GPU latency: 5.71997 ms - Host latency: 5.71997 ms (enqueue 5.71353 ms)
[03/03/2026-10:56:56] [I] Average on 10 runs - GPU latency: 5.72134 ms - Host latency: 5.72134 ms (enqueue 5.71528 ms)
[03/03/2026-10:56:56] [I] Average on 10 runs - GPU latency: 5.71829 ms - Host latency: 5.71829 ms (enqueue 5.71147 ms)
[03/03/2026-10:56:56] [I] 
[03/03/2026-10:56:56] [I] === Performance summary ===
[03/03/2026-10:56:56] [I] Throughput: 174.317 qps
[03/03/2026-10:56:56] [I] Latency: min = 5.69556 ms, max = 6.0415 ms, mean = 5.72363 ms, median = 5.71948 ms, percentile(90%) = 5.73083 ms, percentile(95%) = 5.73801 ms, percentile(99%) = 6.02173 ms
[03/03/2026-10:56:56] [I] Enqueue Time: min = 5.68958 ms, max = 6.01804 ms, mean = 5.71793 ms, median = 5.71313 ms, percentile(90%) = 5.72437 ms, percentile(95%) = 5.73145 ms, percentile(99%) = 5.98749 ms
[03/03/2026-10:56:56] [I] H2D Latency: min = 0 ms, max = 0 ms, mean = 0 ms, median = 0 ms, percentile(90%) = 0 ms, percentile(95%) = 0 ms, percentile(99%) = 0 ms
[03/03/2026-10:56:56] [I] GPU Compute Time: min = 5.69556 ms, max = 6.0415 ms, mean = 5.72363 ms, median = 5.71948 ms, percentile(90%) = 5.73083 ms, percentile(95%) = 5.73801 ms, percentile(99%) = 6.02173 ms
[03/03/2026-10:56:56] [I] D2H Latency: min = 0 ms, max = 0 ms, mean = 0 ms, median = 0 ms, percentile(90%) = 0 ms, percentile(95%) = 0 ms, percentile(99%) = 0 ms
[03/03/2026-10:56:56] [I] Total Host Walltime: 3.01176 s
[03/03/2026-10:56:56] [I] Total GPU Compute Time: 3.00491 s
[03/03/2026-10:56:56] [W] * Throughput may be bound by Enqueue Time rather than GPU Compute and the GPU may be under-utilized.
[03/03/2026-10:56:56] [W]   If not already in use, --useCudaGraph (utilize CUDA graphs where possible) may increase the throughput.
[03/03/2026-10:56:56] [I] Explanations of the performance metrics are printed in the verbose logs.
[03/03/2026-10:56:56] [I] 
&&&& PASSED TensorRT.trtexec [TensorRT v8502] # /usr/src/tensorrt/bin/trtexec --onnx=/home/user/Edge-ML/models/v5/CNN-LSTM/bs32/CNN-LSTM.onnx --saveEngine=/home/user/Edge-ML/models/v5/CNN-LSTM/bs32/CNN-LSTM_int8.engine --int8 --fp16 --exportLayerInfo=/home/user/Edge-ML/models/v5/CNN-LSTM/bs32/logs/quantisation_int8_layers.json --memPoolSize=workspace:4096MiB --tacticSources=+CUBLAS,+CUBLAS_LT,+CUDNN --noDataTransfers --calib=/home/user/Edge-ML/models/v5/CNN-LSTM/bs32/CNN-LSTM.cache
