/usr/src/tensorrt/bin/trtexec --onnx=/home/user/Edge-ML/models/v5/CNN-LSTM/bs32/CNN-LSTM.onnx --saveEngine=/home/user/Edge-ML/models/v5/CNN-LSTM/bs32/CNN-LSTM_fp16.engine --fp16 --exportLayerInfo=/home/user/Edge-ML/models/v5/CNN-LSTM/bs32/logs/quantisation_fp16_layers.json --memPoolSize=workspace:4096MiB --tacticSources=+CUBLAS,+CUBLAS_LT,+CUDNN --noDataTransfers

&&&& RUNNING TensorRT.trtexec [TensorRT v8502] # /usr/src/tensorrt/bin/trtexec --onnx=/home/user/Edge-ML/models/v5/CNN-LSTM/bs32/CNN-LSTM.onnx --saveEngine=/home/user/Edge-ML/models/v5/CNN-LSTM/bs32/CNN-LSTM_fp16.engine --fp16 --exportLayerInfo=/home/user/Edge-ML/models/v5/CNN-LSTM/bs32/logs/quantisation_fp16_layers.json --memPoolSize=workspace:4096MiB --tacticSources=+CUBLAS,+CUBLAS_LT,+CUDNN --noDataTransfers
[03/03/2026-10:55:39] [I] === Model Options ===
[03/03/2026-10:55:39] [I] Format: ONNX
[03/03/2026-10:55:39] [I] Model: /home/user/Edge-ML/models/v5/CNN-LSTM/bs32/CNN-LSTM.onnx
[03/03/2026-10:55:39] [I] Output:
[03/03/2026-10:55:39] [I] === Build Options ===
[03/03/2026-10:55:39] [I] Max batch: explicit batch
[03/03/2026-10:55:39] [I] Memory Pools: workspace: 4096 MiB, dlaSRAM: default, dlaLocalDRAM: default, dlaGlobalDRAM: default
[03/03/2026-10:55:39] [I] minTiming: 1
[03/03/2026-10:55:39] [I] avgTiming: 8
[03/03/2026-10:55:39] [I] Precision: FP32+FP16
[03/03/2026-10:55:39] [I] LayerPrecisions: 
[03/03/2026-10:55:39] [I] Calibration: 
[03/03/2026-10:55:39] [I] Refit: Disabled
[03/03/2026-10:55:39] [I] Sparsity: Disabled
[03/03/2026-10:55:39] [I] Safe mode: Disabled
[03/03/2026-10:55:39] [I] DirectIO mode: Disabled
[03/03/2026-10:55:39] [I] Restricted mode: Disabled
[03/03/2026-10:55:39] [I] Build only: Disabled
[03/03/2026-10:55:39] [I] Save engine: /home/user/Edge-ML/models/v5/CNN-LSTM/bs32/CNN-LSTM_fp16.engine
[03/03/2026-10:55:39] [I] Load engine: 
[03/03/2026-10:55:39] [I] Profiling verbosity: 0
[03/03/2026-10:55:39] [I] Tactic sources: cublas [ON], cublasLt [ON], cudnn [ON], 
[03/03/2026-10:55:39] [I] timingCacheMode: local
[03/03/2026-10:55:39] [I] timingCacheFile: 
[03/03/2026-10:55:39] [I] Heuristic: Disabled
[03/03/2026-10:55:39] [I] Preview Features: Use default preview flags.
[03/03/2026-10:55:39] [I] Input(s)s format: fp32:CHW
[03/03/2026-10:55:39] [I] Output(s)s format: fp32:CHW
[03/03/2026-10:55:39] [I] Input build shapes: model
[03/03/2026-10:55:39] [I] Input calibration shapes: model
[03/03/2026-10:55:39] [I] === System Options ===
[03/03/2026-10:55:39] [I] Device: 0
[03/03/2026-10:55:39] [I] DLACore: 
[03/03/2026-10:55:39] [I] Plugins:
[03/03/2026-10:55:39] [I] === Inference Options ===
[03/03/2026-10:55:39] [I] Batch: Explicit
[03/03/2026-10:55:39] [I] Input inference shapes: model
[03/03/2026-10:55:39] [I] Iterations: 10
[03/03/2026-10:55:39] [I] Duration: 3s (+ 200ms warm up)
[03/03/2026-10:55:39] [I] Sleep time: 0ms
[03/03/2026-10:55:39] [I] Idle time: 0ms
[03/03/2026-10:55:39] [I] Streams: 1
[03/03/2026-10:55:39] [I] ExposeDMA: Disabled
[03/03/2026-10:55:39] [I] Data transfers: Disabled
[03/03/2026-10:55:39] [I] Spin-wait: Disabled
[03/03/2026-10:55:39] [I] Multithreading: Disabled
[03/03/2026-10:55:39] [I] CUDA Graph: Disabled
[03/03/2026-10:55:39] [I] Separate profiling: Disabled
[03/03/2026-10:55:39] [I] Time Deserialize: Disabled
[03/03/2026-10:55:39] [I] Time Refit: Disabled
[03/03/2026-10:55:39] [I] NVTX verbosity: 0
[03/03/2026-10:55:39] [I] Persistent Cache Ratio: 0
[03/03/2026-10:55:39] [I] Inputs:
[03/03/2026-10:55:39] [I] === Reporting Options ===
[03/03/2026-10:55:39] [I] Verbose: Disabled
[03/03/2026-10:55:39] [I] Averages: 10 inferences
[03/03/2026-10:55:39] [I] Percentiles: 90,95,99
[03/03/2026-10:55:39] [I] Dump refittable layers:Disabled
[03/03/2026-10:55:39] [I] Dump output: Disabled
[03/03/2026-10:55:39] [I] Profile: Disabled
[03/03/2026-10:55:39] [I] Export timing to JSON file: 
[03/03/2026-10:55:39] [I] Export output to JSON file: 
[03/03/2026-10:55:39] [I] Export profile to JSON file: 
[03/03/2026-10:55:39] [I] 
[03/03/2026-10:55:39] [I] === Device Information ===
[03/03/2026-10:55:39] [I] Selected Device: Orin
[03/03/2026-10:55:39] [I] Compute Capability: 8.7
[03/03/2026-10:55:39] [I] SMs: 4
[03/03/2026-10:55:39] [I] Compute Clock Rate: 0.624 GHz
[03/03/2026-10:55:39] [I] Device Global Memory: 3425 MiB
[03/03/2026-10:55:39] [I] Shared Memory per SM: 164 KiB
[03/03/2026-10:55:39] [I] Memory Bus Width: 128 bits (ECC disabled)
[03/03/2026-10:55:39] [I] Memory Clock Rate: 0.624 GHz
[03/03/2026-10:55:39] [I] 
[03/03/2026-10:55:39] [I] TensorRT version: 8.5.2
[03/03/2026-10:55:40] [I] [TRT] [MemUsageChange] Init CUDA: CPU +220, GPU +0, now: CPU 249, GPU 1631 (MiB)
[03/03/2026-10:55:42] [I] [TRT] [MemUsageChange] Init builder kernel library: CPU +302, GPU +250, now: CPU 574, GPU 1899 (MiB)
[03/03/2026-10:55:42] [I] Start parsing network model
[03/03/2026-10:55:42] [I] [TRT] ----------------------------------------------------------------
[03/03/2026-10:55:42] [I] [TRT] Input filename:   /home/user/Edge-ML/models/v5/CNN-LSTM/bs32/CNN-LSTM.onnx
[03/03/2026-10:55:42] [I] [TRT] ONNX IR version:  0.0.7
[03/03/2026-10:55:42] [I] [TRT] Opset version:    12
[03/03/2026-10:55:42] [I] [TRT] Producer name:    pytorch
[03/03/2026-10:55:42] [I] [TRT] Producer version: 2.5.1
[03/03/2026-10:55:42] [I] [TRT] Domain:           
[03/03/2026-10:55:42] [I] [TRT] Model version:    0
[03/03/2026-10:55:42] [I] [TRT] Doc string:       
[03/03/2026-10:55:42] [I] [TRT] ----------------------------------------------------------------
[03/03/2026-10:55:42] [W] [TRT] onnx2trt_utils.cpp:375: Your ONNX model has been generated with INT64 weights, while TensorRT does not natively support INT64. Attempting to cast down to INT32.
[03/03/2026-10:55:42] [I] Finish parsing network model
[03/03/2026-10:55:42] [I] [TRT] ---------- Layers Running on DLA ----------
[03/03/2026-10:55:42] [I] [TRT] ---------- Layers Running on GPU ----------
[03/03/2026-10:55:42] [I] [TRT] [GpuLayer] SHUFFLE: /Unsqueeze + (Unnamed Layer* 1) [Shuffle]
[03/03/2026-10:55:42] [I] [TRT] [GpuLayer] SHUFFLE: shuffle_between_(Unnamed Layer* 1) [Shuffle]_output_and_/cnn/cnn.0/Conv + /cnn/cnn.2/Relu
[03/03/2026-10:55:42] [I] [TRT] [GpuLayer] CONVOLUTION: /cnn/cnn.0/Conv + /cnn/cnn.2/Relu
[03/03/2026-10:55:42] [I] [TRT] [GpuLayer] SHUFFLE: shuffle_after_/cnn/cnn.2/Relu_out_tensor
[03/03/2026-10:55:42] [I] [TRT] [GpuLayer] SHUFFLE: shuffle_between_/cnn/cnn.2/Relu_out_tensor_and_/cnn/cnn.4/Conv + /cnn/cnn.6/Relu
[03/03/2026-10:55:42] [I] [TRT] [GpuLayer] CONVOLUTION: /cnn/cnn.4/Conv + /cnn/cnn.6/Relu
[03/03/2026-10:55:42] [I] [TRT] [GpuLayer] SHUFFLE: shuffle_after_/cnn/cnn.6/Relu_out_tensor
[03/03/2026-10:55:42] [I] [TRT] [GpuLayer] SHUFFLE: shuffle_between_/cnn/cnn.6/Relu_out_tensor_and_/cnn/cnn.8/Conv
[03/03/2026-10:55:42] [I] [TRT] [GpuLayer] CONVOLUTION: /cnn/cnn.8/Conv
[03/03/2026-10:55:42] [I] [TRT] [GpuLayer] SHUFFLE: shuffle_after_(Unnamed Layer* 10) [Convolution]_output
[03/03/2026-10:55:42] [I] [TRT] [GpuLayer] MYELIN: {ForeignNode[onnx::LSTM_252.../Squeeze]}
[03/03/2026-10:55:44] [I] [TRT] [MemUsageChange] Init cuBLAS/cuBLASLt: CPU +534, GPU +824, now: CPU 1109, GPU 2724 (MiB)
[03/03/2026-10:55:45] [I] [TRT] [MemUsageChange] Init cuDNN: CPU +82, GPU -28, now: CPU 1191, GPU 2696 (MiB)
[03/03/2026-10:55:45] [I] [TRT] Local timing cache in use. Profiling results in this builder pass will not be stored.
[03/03/2026-10:55:55] [W] [TRT] Tactic Device request: 391MB Available: 309MB. Device memory is insufficient to use tactic.
[03/03/2026-10:55:55] [W] [TRT] Skipping tactic 8 due to insufficient memory on requested size of 391 detected for tactic 0x000000000000003c.
Try decreasing the workspace size with IBuilderConfig::setMemoryPoolLimit().
[03/03/2026-10:55:55] [W] [TRT] Tactic Device request: 391MB Available: 309MB. Device memory is insufficient to use tactic.
[03/03/2026-10:55:55] [W] [TRT] Skipping tactic 13 due to insufficient memory on requested size of 391 detected for tactic 0x0000000000000074.
Try decreasing the workspace size with IBuilderConfig::setMemoryPoolLimit().
[03/03/2026-10:55:56] [W] [TRT] Tactic Device request: 390MB Available: 309MB. Device memory is insufficient to use tactic.
[03/03/2026-10:55:56] [W] [TRT] Skipping tactic 3 due to insufficient memory on requested size of 390 detected for tactic 0x0000000000000004.
Try decreasing the workspace size with IBuilderConfig::setMemoryPoolLimit().
[03/03/2026-10:55:56] [W] [TRT] Tactic Device request: 390MB Available: 309MB. Device memory is insufficient to use tactic.
[03/03/2026-10:55:56] [W] [TRT] Skipping tactic 7 due to insufficient memory on requested size of 390 detected for tactic 0x000000000000003c.
Try decreasing the workspace size with IBuilderConfig::setMemoryPoolLimit().
[03/03/2026-10:56:08] [I] [TRT] Total Activation Memory: 4295862272
[03/03/2026-10:56:08] [I] [TRT] Detected 1 inputs and 1 output network tensors.
[03/03/2026-10:56:09] [I] [TRT] Total Host Persistent Memory: 8928
[03/03/2026-10:56:09] [I] [TRT] Total Device Persistent Memory: 0
[03/03/2026-10:56:09] [I] [TRT] Total Scratch Memory: 3523584
[03/03/2026-10:56:09] [I] [TRT] [MemUsageStats] Peak memory usage of TRT CPU/GPU memory allocators: CPU 0 MiB, GPU 395 MiB
[03/03/2026-10:56:09] [I] [TRT] [BlockAssignment] Started assigning block shifts. This will take 13 steps to complete.
[03/03/2026-10:56:09] [I] [TRT] [BlockAssignment] Algorithm ShiftNTopDown took 0.360042ms to assign 4 blocks to 13 nodes requiring 4016128 bytes.
[03/03/2026-10:56:09] [I] [TRT] Total Activation Memory: 4016128
[03/03/2026-10:56:09] [W] [TRT] TensorRT encountered issues when converting weights between types and that could affect accuracy.
[03/03/2026-10:56:09] [W] [TRT] If this is not the desired behavior, please modify the weights or retrain with regularization to adjust the magnitude of the weights.
[03/03/2026-10:56:09] [W] [TRT] Check verbose logs for the list of affected weights.
[03/03/2026-10:56:09] [W] [TRT] - 6 weights are affected by this issue: Detected subnormal FP16 values.
[03/03/2026-10:56:09] [I] [TRT] [MemUsageChange] TensorRT-managed allocation in building engine: CPU +0, GPU +4, now: CPU 0, GPU 4 (MiB)
[03/03/2026-10:56:09] [I] Engine built in 29.3746 sec.
[03/03/2026-10:56:09] [I] [TRT] Loaded engine size: 0 MiB
[03/03/2026-10:56:09] [I] [TRT] [MemUsageChange] TensorRT-managed allocation in engine deserialization: CPU +0, GPU +0, now: CPU 0, GPU 0 (MiB)
[03/03/2026-10:56:09] [I] Engine deserialized in 0.0100782 sec.
[03/03/2026-10:56:10] [I] [TRT] [MemUsageChange] TensorRT-managed allocation in IExecutionContext creation: CPU +0, GPU +4, now: CPU 0, GPU 4 (MiB)
[03/03/2026-10:56:10] [I] Setting persistentCacheLimit to 0 bytes.
[03/03/2026-10:56:10] [I] Using random values for input input
[03/03/2026-10:56:10] [I] Created input binding for input with dimensions 32x120
[03/03/2026-10:56:10] [I] Using random values for output capacity
[03/03/2026-10:56:10] [I] Created output binding for capacity with dimensions 32
[03/03/2026-10:56:10] [I] [TRT] The profiling verbosity was set to ProfilingVerbosity::kLAYER_NAMES_ONLY when the engine was built, so only the layer names will be returned. Rebuild the engine with ProfilingVerbosity::kDETAILED to get more verbose layer information.
[03/03/2026-10:56:10] [I] Starting inference
[03/03/2026-10:56:13] [I] Warmup completed 35 queries over 200 ms
[03/03/2026-10:56:13] [I] Timing trace has 524 queries over 3.007 s
[03/03/2026-10:56:13] [I] 
[03/03/2026-10:56:13] [I] === Trace details ===
[03/03/2026-10:56:13] [I] Trace averages of 10 runs:
[03/03/2026-10:56:13] [I] Average on 10 runs - GPU latency: 5.72164 ms - Host latency: 5.72164 ms (enqueue 5.71549 ms)
[03/03/2026-10:56:13] [I] Average on 10 runs - GPU latency: 5.71777 ms - Host latency: 5.71777 ms (enqueue 5.71146 ms)
[03/03/2026-10:56:13] [I] Average on 10 runs - GPU latency: 5.71393 ms - Host latency: 5.71393 ms (enqueue 5.70776 ms)
[03/03/2026-10:56:13] [I] Average on 10 runs - GPU latency: 5.71272 ms - Host latency: 5.71272 ms (enqueue 5.70651 ms)
[03/03/2026-10:56:13] [I] Average on 10 runs - GPU latency: 5.71666 ms - Host latency: 5.71666 ms (enqueue 5.70999 ms)
[03/03/2026-10:56:13] [I] Average on 10 runs - GPU latency: 5.71634 ms - Host latency: 5.71634 ms (enqueue 5.71006 ms)
[03/03/2026-10:56:13] [I] Average on 10 runs - GPU latency: 5.71859 ms - Host latency: 5.71859 ms (enqueue 5.71179 ms)
[03/03/2026-10:56:13] [I] Average on 10 runs - GPU latency: 5.72036 ms - Host latency: 5.72036 ms (enqueue 5.71347 ms)
[03/03/2026-10:56:13] [I] Average on 10 runs - GPU latency: 5.72159 ms - Host latency: 5.72159 ms (enqueue 5.71476 ms)
[03/03/2026-10:56:13] [I] Average on 10 runs - GPU latency: 5.7205 ms - Host latency: 5.7205 ms (enqueue 5.7137 ms)
[03/03/2026-10:56:13] [I] Average on 10 runs - GPU latency: 5.7148 ms - Host latency: 5.7148 ms (enqueue 5.70806 ms)
[03/03/2026-10:56:13] [I] Average on 10 runs - GPU latency: 5.74396 ms - Host latency: 5.74396 ms (enqueue 5.73696 ms)
[03/03/2026-10:56:13] [I] Average on 10 runs - GPU latency: 5.71489 ms - Host latency: 5.71489 ms (enqueue 5.70874 ms)
[03/03/2026-10:56:13] [I] Average on 10 runs - GPU latency: 5.7093 ms - Host latency: 5.7093 ms (enqueue 5.7032 ms)
[03/03/2026-10:56:13] [I] Average on 10 runs - GPU latency: 5.71592 ms - Host latency: 5.71592 ms (enqueue 5.70985 ms)
[03/03/2026-10:56:13] [I] Average on 10 runs - GPU latency: 5.71909 ms - Host latency: 5.71909 ms (enqueue 5.74252 ms)
[03/03/2026-10:56:13] [I] Average on 10 runs - GPU latency: 5.71772 ms - Host latency: 5.71772 ms (enqueue 5.71163 ms)
[03/03/2026-10:56:13] [I] Average on 10 runs - GPU latency: 5.75005 ms - Host latency: 5.75005 ms (enqueue 5.74226 ms)
[03/03/2026-10:56:13] [I] Average on 10 runs - GPU latency: 5.71761 ms - Host latency: 5.71761 ms (enqueue 5.71119 ms)
[03/03/2026-10:56:13] [I] Average on 10 runs - GPU latency: 5.71903 ms - Host latency: 5.71903 ms (enqueue 5.74161 ms)
[03/03/2026-10:56:13] [I] Average on 10 runs - GPU latency: 5.71896 ms - Host latency: 5.71896 ms (enqueue 5.71296 ms)
[03/03/2026-10:56:13] [I] Average on 10 runs - GPU latency: 5.72917 ms - Host latency: 5.72917 ms (enqueue 5.72241 ms)
[03/03/2026-10:56:13] [I] Average on 10 runs - GPU latency: 5.75437 ms - Host latency: 5.75437 ms (enqueue 5.74697 ms)
[03/03/2026-10:56:13] [I] Average on 10 runs - GPU latency: 5.72897 ms - Host latency: 5.72897 ms (enqueue 5.72238 ms)
[03/03/2026-10:56:13] [I] Average on 10 runs - GPU latency: 5.75109 ms - Host latency: 5.75109 ms (enqueue 5.74539 ms)
[03/03/2026-10:56:13] [I] Average on 10 runs - GPU latency: 5.71537 ms - Host latency: 5.71537 ms (enqueue 5.73652 ms)
[03/03/2026-10:56:13] [I] Average on 10 runs - GPU latency: 5.72 ms - Host latency: 5.72 ms (enqueue 5.71382 ms)
[03/03/2026-10:56:13] [I] Average on 10 runs - GPU latency: 5.71161 ms - Host latency: 5.71161 ms (enqueue 5.70566 ms)
[03/03/2026-10:56:13] [I] Average on 10 runs - GPU latency: 5.71206 ms - Host latency: 5.71206 ms (enqueue 5.70614 ms)
[03/03/2026-10:56:13] [I] Average on 10 runs - GPU latency: 5.71681 ms - Host latency: 5.71681 ms (enqueue 5.71077 ms)
[03/03/2026-10:56:13] [I] Average on 10 runs - GPU latency: 5.71171 ms - Host latency: 5.71171 ms (enqueue 5.70586 ms)
[03/03/2026-10:56:13] [I] Average on 10 runs - GPU latency: 5.71722 ms - Host latency: 5.71722 ms (enqueue 5.71117 ms)
[03/03/2026-10:56:13] [I] Average on 10 runs - GPU latency: 5.71372 ms - Host latency: 5.71372 ms (enqueue 5.70775 ms)
[03/03/2026-10:56:13] [I] Average on 10 runs - GPU latency: 5.71436 ms - Host latency: 5.71436 ms (enqueue 5.70811 ms)
[03/03/2026-10:56:13] [I] Average on 10 runs - GPU latency: 5.78379 ms - Host latency: 5.78379 ms (enqueue 5.80327 ms)
[03/03/2026-10:56:13] [I] Average on 10 runs - GPU latency: 5.71724 ms - Host latency: 5.71724 ms (enqueue 5.71096 ms)
[03/03/2026-10:56:13] [I] Average on 10 runs - GPU latency: 5.71909 ms - Host latency: 5.71909 ms (enqueue 5.71252 ms)
[03/03/2026-10:56:13] [I] Average on 10 runs - GPU latency: 5.753 ms - Host latency: 5.753 ms (enqueue 5.74531 ms)
[03/03/2026-10:56:13] [I] Average on 10 runs - GPU latency: 5.72998 ms - Host latency: 5.72998 ms (enqueue 5.72251 ms)
[03/03/2026-10:56:13] [I] Average on 10 runs - GPU latency: 5.71335 ms - Host latency: 5.71335 ms (enqueue 5.70696 ms)
[03/03/2026-10:56:13] [I] Average on 10 runs - GPU latency: 5.72627 ms - Host latency: 5.72627 ms (enqueue 5.71912 ms)
[03/03/2026-10:56:13] [I] Average on 10 runs - GPU latency: 5.75093 ms - Host latency: 5.75093 ms (enqueue 5.74321 ms)
[03/03/2026-10:56:13] [I] Average on 10 runs - GPU latency: 5.74441 ms - Host latency: 5.74441 ms (enqueue 5.7373 ms)
[03/03/2026-10:56:13] [I] Average on 10 runs - GPU latency: 5.7227 ms - Host latency: 5.7227 ms (enqueue 5.7448 ms)
[03/03/2026-10:56:13] [I] Average on 10 runs - GPU latency: 5.71426 ms - Host latency: 5.71426 ms (enqueue 5.70837 ms)
[03/03/2026-10:56:13] [I] Average on 10 runs - GPU latency: 5.71362 ms - Host latency: 5.71362 ms (enqueue 5.70718 ms)
[03/03/2026-10:56:13] [I] Average on 10 runs - GPU latency: 5.71711 ms - Host latency: 5.71711 ms (enqueue 5.71077 ms)
[03/03/2026-10:56:13] [I] Average on 10 runs - GPU latency: 5.71863 ms - Host latency: 5.71863 ms (enqueue 5.7124 ms)
[03/03/2026-10:56:13] [I] Average on 10 runs - GPU latency: 5.71375 ms - Host latency: 5.71375 ms (enqueue 5.70779 ms)
[03/03/2026-10:56:13] [I] Average on 10 runs - GPU latency: 5.71941 ms - Host latency: 5.71941 ms (enqueue 5.71279 ms)
[03/03/2026-10:56:13] [I] Average on 10 runs - GPU latency: 5.71741 ms - Host latency: 5.71741 ms (enqueue 5.74009 ms)
[03/03/2026-10:56:13] [I] Average on 10 runs - GPU latency: 5.72053 ms - Host latency: 5.72053 ms (enqueue 5.71387 ms)
[03/03/2026-10:56:13] [I] 
[03/03/2026-10:56:13] [I] === Performance summary ===
[03/03/2026-10:56:13] [I] Throughput: 174.26 qps
[03/03/2026-10:56:13] [I] Latency: min = 5.69495 ms, max = 6.04565 ms, mean = 5.72327 ms, median = 5.71686 ms, percentile(90%) = 5.73108 ms, percentile(95%) = 5.74023 ms, percentile(99%) = 6.02197 ms
[03/03/2026-10:56:13] [I] Enqueue Time: min = 5.68884 ms, max = 6.0415 ms, mean = 5.72004 ms, median = 5.71088 ms, percentile(90%) = 5.72559 ms, percentile(95%) = 5.73853 ms, percentile(99%) = 6.00952 ms
[03/03/2026-10:56:13] [I] H2D Latency: min = 0 ms, max = 0 ms, mean = 0 ms, median = 0 ms, percentile(90%) = 0 ms, percentile(95%) = 0 ms, percentile(99%) = 0 ms
[03/03/2026-10:56:13] [I] GPU Compute Time: min = 5.69495 ms, max = 6.04565 ms, mean = 5.72327 ms, median = 5.71686 ms, percentile(90%) = 5.73108 ms, percentile(95%) = 5.74023 ms, percentile(99%) = 6.02197 ms
[03/03/2026-10:56:13] [I] D2H Latency: min = 0 ms, max = 0 ms, mean = 0 ms, median = 0 ms, percentile(90%) = 0 ms, percentile(95%) = 0 ms, percentile(99%) = 0 ms
[03/03/2026-10:56:13] [I] Total Host Walltime: 3.007 s
[03/03/2026-10:56:13] [I] Total GPU Compute Time: 2.99899 s
[03/03/2026-10:56:13] [W] * Throughput may be bound by Enqueue Time rather than GPU Compute and the GPU may be under-utilized.
[03/03/2026-10:56:13] [W]   If not already in use, --useCudaGraph (utilize CUDA graphs where possible) may increase the throughput.
[03/03/2026-10:56:13] [I] Explanations of the performance metrics are printed in the verbose logs.
[03/03/2026-10:56:13] [I] 
&&&& PASSED TensorRT.trtexec [TensorRT v8502] # /usr/src/tensorrt/bin/trtexec --onnx=/home/user/Edge-ML/models/v5/CNN-LSTM/bs32/CNN-LSTM.onnx --saveEngine=/home/user/Edge-ML/models/v5/CNN-LSTM/bs32/CNN-LSTM_fp16.engine --fp16 --exportLayerInfo=/home/user/Edge-ML/models/v5/CNN-LSTM/bs32/logs/quantisation_fp16_layers.json --memPoolSize=workspace:4096MiB --tacticSources=+CUBLAS,+CUBLAS_LT,+CUDNN --noDataTransfers
