/usr/src/tensorrt/bin/trtexec --onnx=/home/user/Edge-ML/models/v5/LSTM/bs1/LSTM.onnx --saveEngine=/home/user/Edge-ML/models/v5/LSTM/bs1/LSTM_fp32.engine --exportLayerInfo=/home/user/Edge-ML/models/v5/LSTM/bs1/logs/quantisation_fp32_layers.json --memPoolSize=workspace:4096MiB --tacticSources=+CUBLAS,+CUBLAS_LT,+CUDNN --noDataTransfers

&&&& RUNNING TensorRT.trtexec [TensorRT v8502] # /usr/src/tensorrt/bin/trtexec --onnx=/home/user/Edge-ML/models/v5/LSTM/bs1/LSTM.onnx --saveEngine=/home/user/Edge-ML/models/v5/LSTM/bs1/LSTM_fp32.engine --exportLayerInfo=/home/user/Edge-ML/models/v5/LSTM/bs1/logs/quantisation_fp32_layers.json --memPoolSize=workspace:4096MiB --tacticSources=+CUBLAS,+CUBLAS_LT,+CUDNN --noDataTransfers
[03/03/2026-11:01:06] [I] === Model Options ===
[03/03/2026-11:01:06] [I] Format: ONNX
[03/03/2026-11:01:06] [I] Model: /home/user/Edge-ML/models/v5/LSTM/bs1/LSTM.onnx
[03/03/2026-11:01:06] [I] Output:
[03/03/2026-11:01:06] [I] === Build Options ===
[03/03/2026-11:01:06] [I] Max batch: explicit batch
[03/03/2026-11:01:06] [I] Memory Pools: workspace: 4096 MiB, dlaSRAM: default, dlaLocalDRAM: default, dlaGlobalDRAM: default
[03/03/2026-11:01:06] [I] minTiming: 1
[03/03/2026-11:01:06] [I] avgTiming: 8
[03/03/2026-11:01:06] [I] Precision: FP32
[03/03/2026-11:01:06] [I] LayerPrecisions: 
[03/03/2026-11:01:06] [I] Calibration: 
[03/03/2026-11:01:06] [I] Refit: Disabled
[03/03/2026-11:01:06] [I] Sparsity: Disabled
[03/03/2026-11:01:06] [I] Safe mode: Disabled
[03/03/2026-11:01:06] [I] DirectIO mode: Disabled
[03/03/2026-11:01:06] [I] Restricted mode: Disabled
[03/03/2026-11:01:06] [I] Build only: Disabled
[03/03/2026-11:01:06] [I] Save engine: /home/user/Edge-ML/models/v5/LSTM/bs1/LSTM_fp32.engine
[03/03/2026-11:01:06] [I] Load engine: 
[03/03/2026-11:01:06] [I] Profiling verbosity: 0
[03/03/2026-11:01:06] [I] Tactic sources: cublas [ON], cublasLt [ON], cudnn [ON], 
[03/03/2026-11:01:06] [I] timingCacheMode: local
[03/03/2026-11:01:06] [I] timingCacheFile: 
[03/03/2026-11:01:06] [I] Heuristic: Disabled
[03/03/2026-11:01:06] [I] Preview Features: Use default preview flags.
[03/03/2026-11:01:06] [I] Input(s)s format: fp32:CHW
[03/03/2026-11:01:06] [I] Output(s)s format: fp32:CHW
[03/03/2026-11:01:06] [I] Input build shapes: model
[03/03/2026-11:01:06] [I] Input calibration shapes: model
[03/03/2026-11:01:06] [I] === System Options ===
[03/03/2026-11:01:06] [I] Device: 0
[03/03/2026-11:01:06] [I] DLACore: 
[03/03/2026-11:01:06] [I] Plugins:
[03/03/2026-11:01:06] [I] === Inference Options ===
[03/03/2026-11:01:06] [I] Batch: Explicit
[03/03/2026-11:01:06] [I] Input inference shapes: model
[03/03/2026-11:01:06] [I] Iterations: 10
[03/03/2026-11:01:06] [I] Duration: 3s (+ 200ms warm up)
[03/03/2026-11:01:06] [I] Sleep time: 0ms
[03/03/2026-11:01:06] [I] Idle time: 0ms
[03/03/2026-11:01:06] [I] Streams: 1
[03/03/2026-11:01:06] [I] ExposeDMA: Disabled
[03/03/2026-11:01:06] [I] Data transfers: Disabled
[03/03/2026-11:01:06] [I] Spin-wait: Disabled
[03/03/2026-11:01:06] [I] Multithreading: Disabled
[03/03/2026-11:01:06] [I] CUDA Graph: Disabled
[03/03/2026-11:01:06] [I] Separate profiling: Disabled
[03/03/2026-11:01:06] [I] Time Deserialize: Disabled
[03/03/2026-11:01:06] [I] Time Refit: Disabled
[03/03/2026-11:01:06] [I] NVTX verbosity: 0
[03/03/2026-11:01:06] [I] Persistent Cache Ratio: 0
[03/03/2026-11:01:06] [I] Inputs:
[03/03/2026-11:01:06] [I] === Reporting Options ===
[03/03/2026-11:01:06] [I] Verbose: Disabled
[03/03/2026-11:01:06] [I] Averages: 10 inferences
[03/03/2026-11:01:06] [I] Percentiles: 90,95,99
[03/03/2026-11:01:06] [I] Dump refittable layers:Disabled
[03/03/2026-11:01:06] [I] Dump output: Disabled
[03/03/2026-11:01:06] [I] Profile: Disabled
[03/03/2026-11:01:06] [I] Export timing to JSON file: 
[03/03/2026-11:01:06] [I] Export output to JSON file: 
[03/03/2026-11:01:06] [I] Export profile to JSON file: 
[03/03/2026-11:01:06] [I] 
[03/03/2026-11:01:06] [I] === Device Information ===
[03/03/2026-11:01:06] [I] Selected Device: Orin
[03/03/2026-11:01:06] [I] Compute Capability: 8.7
[03/03/2026-11:01:06] [I] SMs: 4
[03/03/2026-11:01:06] [I] Compute Clock Rate: 0.624 GHz
[03/03/2026-11:01:06] [I] Device Global Memory: 3425 MiB
[03/03/2026-11:01:06] [I] Shared Memory per SM: 164 KiB
[03/03/2026-11:01:06] [I] Memory Bus Width: 128 bits (ECC disabled)
[03/03/2026-11:01:06] [I] Memory Clock Rate: 0.624 GHz
[03/03/2026-11:01:06] [I] 
[03/03/2026-11:01:06] [I] TensorRT version: 8.5.2
[03/03/2026-11:01:07] [I] [TRT] [MemUsageChange] Init CUDA: CPU +220, GPU +0, now: CPU 249, GPU 1491 (MiB)
[03/03/2026-11:01:09] [I] [TRT] [MemUsageChange] Init builder kernel library: CPU +302, GPU +163, now: CPU 574, GPU 1675 (MiB)
[03/03/2026-11:01:09] [I] Start parsing network model
[03/03/2026-11:01:09] [I] [TRT] ----------------------------------------------------------------
[03/03/2026-11:01:09] [I] [TRT] Input filename:   /home/user/Edge-ML/models/v5/LSTM/bs1/LSTM.onnx
[03/03/2026-11:01:09] [I] [TRT] ONNX IR version:  0.0.7
[03/03/2026-11:01:09] [I] [TRT] Opset version:    12
[03/03/2026-11:01:09] [I] [TRT] Producer name:    pytorch
[03/03/2026-11:01:09] [I] [TRT] Producer version: 2.5.1
[03/03/2026-11:01:09] [I] [TRT] Domain:           
[03/03/2026-11:01:09] [I] [TRT] Model version:    0
[03/03/2026-11:01:09] [I] [TRT] Doc string:       
[03/03/2026-11:01:09] [I] [TRT] ----------------------------------------------------------------
[03/03/2026-11:01:09] [W] [TRT] onnx2trt_utils.cpp:375: Your ONNX model has been generated with INT64 weights, while TensorRT does not natively support INT64. Attempting to cast down to INT32.
[03/03/2026-11:01:09] [I] Finish parsing network model
[03/03/2026-11:01:09] [I] [TRT] ---------- Layers Running on DLA ----------
[03/03/2026-11:01:09] [I] [TRT] ---------- Layers Running on GPU ----------
[03/03/2026-11:01:09] [I] [TRT] [GpuLayer] MYELIN: {ForeignNode[onnx::LSTM_209.../Squeeze]}
[03/03/2026-11:01:10] [I] [TRT] [MemUsageChange] Init cuBLAS/cuBLASLt: CPU +535, GPU +814, now: CPU 1109, GPU 2490 (MiB)
[03/03/2026-11:01:11] [I] [TRT] [MemUsageChange] Init cuDNN: CPU +82, GPU +128, now: CPU 1191, GPU 2618 (MiB)
[03/03/2026-11:01:11] [I] [TRT] Local timing cache in use. Profiling results in this builder pass will not be stored.
[03/03/2026-11:01:14] [I] [TRT] Total Activation Memory: 4294967296
[03/03/2026-11:01:14] [I] [TRT] Detected 1 inputs and 1 output network tensors.
[03/03/2026-11:01:15] [I] [TRT] Total Host Persistent Memory: 32
[03/03/2026-11:01:15] [I] [TRT] Total Device Persistent Memory: 0
[03/03/2026-11:01:15] [I] [TRT] Total Scratch Memory: 378368
[03/03/2026-11:01:15] [I] [TRT] [MemUsageStats] Peak memory usage of TRT CPU/GPU memory allocators: CPU 0 MiB, GPU 4 MiB
[03/03/2026-11:01:15] [I] [TRT] [BlockAssignment] Started assigning block shifts. This will take 1 steps to complete.
[03/03/2026-11:01:15] [I] [TRT] [BlockAssignment] Algorithm ShiftNTopDown took 0.015841ms to assign 1 blocks to 1 nodes requiring 378368 bytes.
[03/03/2026-11:01:15] [I] [TRT] Total Activation Memory: 378368
[03/03/2026-11:01:15] [I] [TRT] [MemUsageChange] TensorRT-managed allocation in building engine: CPU +0, GPU +4, now: CPU 0, GPU 4 (MiB)
[03/03/2026-11:01:15] [I] Engine built in 8.45992 sec.
[03/03/2026-11:01:15] [I] [TRT] Loaded engine size: 0 MiB
[03/03/2026-11:01:15] [I] [TRT] [MemUsageChange] TensorRT-managed allocation in engine deserialization: CPU +0, GPU +0, now: CPU 0, GPU 0 (MiB)
[03/03/2026-11:01:15] [I] Engine deserialized in 0.00480874 sec.
[03/03/2026-11:01:15] [I] [TRT] [MemUsageChange] TensorRT-managed allocation in IExecutionContext creation: CPU +0, GPU +0, now: CPU 0, GPU 0 (MiB)
[03/03/2026-11:01:15] [I] Setting persistentCacheLimit to 0 bytes.
[03/03/2026-11:01:15] [I] Using random values for input input
[03/03/2026-11:01:15] [I] Created input binding for input with dimensions 1x120
[03/03/2026-11:01:15] [I] Using random values for output capacity
[03/03/2026-11:01:15] [I] Created output binding for capacity with dimensions 
[03/03/2026-11:01:15] [I] [TRT] The profiling verbosity was set to ProfilingVerbosity::kLAYER_NAMES_ONLY when the engine was built, so only the layer names will be returned. Rebuild the engine with ProfilingVerbosity::kDETAILED to get more verbose layer information.
[03/03/2026-11:01:15] [I] Starting inference
[03/03/2026-11:01:18] [I] Warmup completed 46 queries over 200 ms
[03/03/2026-11:01:18] [I] Timing trace has 694 queries over 3.01072 s
[03/03/2026-11:01:18] [I] 
[03/03/2026-11:01:18] [I] === Trace details ===
[03/03/2026-11:01:18] [I] Trace averages of 10 runs:
[03/03/2026-11:01:18] [I] Average on 10 runs - GPU latency: 4.3206 ms - Host latency: 4.3206 ms (enqueue 4.31333 ms)
[03/03/2026-11:01:18] [I] Average on 10 runs - GPU latency: 4.32514 ms - Host latency: 4.32514 ms (enqueue 4.31737 ms)
[03/03/2026-11:01:18] [I] Average on 10 runs - GPU latency: 4.33204 ms - Host latency: 4.33204 ms (enqueue 4.32322 ms)
[03/03/2026-11:01:18] [I] Average on 10 runs - GPU latency: 4.32209 ms - Host latency: 4.32209 ms (enqueue 4.31493 ms)
[03/03/2026-11:01:18] [I] Average on 10 runs - GPU latency: 4.32558 ms - Host latency: 4.32558 ms (enqueue 4.31798 ms)
[03/03/2026-11:01:18] [I] Average on 10 runs - GPU latency: 4.32443 ms - Host latency: 4.32443 ms (enqueue 4.31673 ms)
[03/03/2026-11:01:18] [I] Average on 10 runs - GPU latency: 4.31907 ms - Host latency: 4.31907 ms (enqueue 4.3111 ms)
[03/03/2026-11:01:18] [I] Average on 10 runs - GPU latency: 4.3233 ms - Host latency: 4.3233 ms (enqueue 4.31595 ms)
[03/03/2026-11:01:18] [I] Average on 10 runs - GPU latency: 4.31807 ms - Host latency: 4.31807 ms (enqueue 4.31105 ms)
[03/03/2026-11:01:18] [I] Average on 10 runs - GPU latency: 4.32033 ms - Host latency: 4.32033 ms (enqueue 4.31269 ms)
[03/03/2026-11:01:18] [I] Average on 10 runs - GPU latency: 4.3267 ms - Host latency: 4.3267 ms (enqueue 4.31929 ms)
[03/03/2026-11:01:18] [I] Average on 10 runs - GPU latency: 4.3263 ms - Host latency: 4.3263 ms (enqueue 4.31887 ms)
[03/03/2026-11:01:18] [I] Average on 10 runs - GPU latency: 4.32234 ms - Host latency: 4.32234 ms (enqueue 4.31445 ms)
[03/03/2026-11:01:18] [I] Average on 10 runs - GPU latency: 4.31962 ms - Host latency: 4.31962 ms (enqueue 4.31218 ms)
[03/03/2026-11:01:18] [I] Average on 10 runs - GPU latency: 4.319 ms - Host latency: 4.319 ms (enqueue 4.31209 ms)
[03/03/2026-11:01:18] [I] Average on 10 runs - GPU latency: 4.31375 ms - Host latency: 4.31375 ms (enqueue 4.30674 ms)
[03/03/2026-11:01:18] [I] Average on 10 runs - GPU latency: 4.3238 ms - Host latency: 4.3238 ms (enqueue 4.31639 ms)
[03/03/2026-11:01:18] [I] Average on 10 runs - GPU latency: 4.32951 ms - Host latency: 4.32951 ms (enqueue 4.32097 ms)
[03/03/2026-11:01:18] [I] Average on 10 runs - GPU latency: 4.32258 ms - Host latency: 4.32258 ms (enqueue 4.31566 ms)
[03/03/2026-11:01:18] [I] Average on 10 runs - GPU latency: 4.32667 ms - Host latency: 4.32667 ms (enqueue 4.31921 ms)
[03/03/2026-11:01:18] [I] Average on 10 runs - GPU latency: 4.31884 ms - Host latency: 4.31884 ms (enqueue 4.31132 ms)
[03/03/2026-11:01:18] [I] Average on 10 runs - GPU latency: 4.32362 ms - Host latency: 4.32362 ms (enqueue 4.31591 ms)
[03/03/2026-11:01:18] [I] Average on 10 runs - GPU latency: 4.32115 ms - Host latency: 4.32115 ms (enqueue 4.31401 ms)
[03/03/2026-11:01:18] [I] Average on 10 runs - GPU latency: 4.3191 ms - Host latency: 4.3191 ms (enqueue 4.31241 ms)
[03/03/2026-11:01:18] [I] Average on 10 runs - GPU latency: 4.32362 ms - Host latency: 4.32362 ms (enqueue 4.31603 ms)
[03/03/2026-11:01:18] [I] Average on 10 runs - GPU latency: 4.32455 ms - Host latency: 4.32455 ms (enqueue 4.31743 ms)
[03/03/2026-11:01:18] [I] Average on 10 runs - GPU latency: 4.32427 ms - Host latency: 4.32427 ms (enqueue 4.31733 ms)
[03/03/2026-11:01:18] [I] Average on 10 runs - GPU latency: 4.32275 ms - Host latency: 4.32275 ms (enqueue 4.31592 ms)
[03/03/2026-11:01:18] [I] Average on 10 runs - GPU latency: 4.32013 ms - Host latency: 4.32013 ms (enqueue 4.31321 ms)
[03/03/2026-11:01:18] [I] Average on 10 runs - GPU latency: 4.32407 ms - Host latency: 4.32407 ms (enqueue 4.31729 ms)
[03/03/2026-11:01:18] [I] Average on 10 runs - GPU latency: 4.32429 ms - Host latency: 4.32429 ms (enqueue 4.31753 ms)
[03/03/2026-11:01:18] [I] Average on 10 runs - GPU latency: 4.32224 ms - Host latency: 4.32224 ms (enqueue 4.31534 ms)
[03/03/2026-11:01:18] [I] Average on 10 runs - GPU latency: 4.3259 ms - Host latency: 4.3259 ms (enqueue 4.31893 ms)
[03/03/2026-11:01:18] [I] Average on 10 runs - GPU latency: 4.32366 ms - Host latency: 4.32366 ms (enqueue 4.31638 ms)
[03/03/2026-11:01:18] [I] Average on 10 runs - GPU latency: 4.32164 ms - Host latency: 4.32164 ms (enqueue 4.31423 ms)
[03/03/2026-11:01:18] [I] Average on 10 runs - GPU latency: 4.31898 ms - Host latency: 4.31898 ms (enqueue 4.31165 ms)
[03/03/2026-11:01:18] [I] Average on 10 runs - GPU latency: 4.31812 ms - Host latency: 4.31812 ms (enqueue 4.31049 ms)
[03/03/2026-11:01:18] [I] Average on 10 runs - GPU latency: 4.32417 ms - Host latency: 4.32417 ms (enqueue 4.31705 ms)
[03/03/2026-11:01:18] [I] Average on 10 runs - GPU latency: 4.31915 ms - Host latency: 4.31915 ms (enqueue 4.31201 ms)
[03/03/2026-11:01:18] [I] Average on 10 runs - GPU latency: 4.32343 ms - Host latency: 4.32343 ms (enqueue 4.31599 ms)
[03/03/2026-11:01:18] [I] Average on 10 runs - GPU latency: 4.32386 ms - Host latency: 4.32386 ms (enqueue 4.31645 ms)
[03/03/2026-11:01:18] [I] Average on 10 runs - GPU latency: 4.31919 ms - Host latency: 4.31919 ms (enqueue 4.31227 ms)
[03/03/2026-11:01:18] [I] Average on 10 runs - GPU latency: 4.33274 ms - Host latency: 4.33274 ms (enqueue 4.32554 ms)
[03/03/2026-11:01:18] [I] Average on 10 runs - GPU latency: 4.36138 ms - Host latency: 4.36138 ms (enqueue 4.35288 ms)
[03/03/2026-11:01:18] [I] Average on 10 runs - GPU latency: 4.32839 ms - Host latency: 4.32839 ms (enqueue 4.3217 ms)
[03/03/2026-11:01:18] [I] Average on 10 runs - GPU latency: 4.32891 ms - Host latency: 4.32891 ms (enqueue 4.32156 ms)
[03/03/2026-11:01:18] [I] Average on 10 runs - GPU latency: 4.32942 ms - Host latency: 4.32942 ms (enqueue 4.32234 ms)
[03/03/2026-11:01:18] [I] Average on 10 runs - GPU latency: 4.32466 ms - Host latency: 4.32466 ms (enqueue 4.3176 ms)
[03/03/2026-11:01:18] [I] Average on 10 runs - GPU latency: 4.3302 ms - Host latency: 4.3302 ms (enqueue 4.32319 ms)
[03/03/2026-11:01:18] [I] Average on 10 runs - GPU latency: 4.32598 ms - Host latency: 4.32598 ms (enqueue 4.31885 ms)
[03/03/2026-11:01:18] [I] Average on 10 runs - GPU latency: 4.32522 ms - Host latency: 4.32522 ms (enqueue 4.31772 ms)
[03/03/2026-11:01:18] [I] Average on 10 runs - GPU latency: 4.32842 ms - Host latency: 4.32842 ms (enqueue 4.32129 ms)
[03/03/2026-11:01:18] [I] Average on 10 runs - GPU latency: 4.32673 ms - Host latency: 4.32673 ms (enqueue 4.3196 ms)
[03/03/2026-11:01:18] [I] Average on 10 runs - GPU latency: 4.32722 ms - Host latency: 4.32722 ms (enqueue 4.31992 ms)
[03/03/2026-11:01:18] [I] Average on 10 runs - GPU latency: 4.32529 ms - Host latency: 4.32529 ms (enqueue 4.31743 ms)
[03/03/2026-11:01:18] [I] Average on 10 runs - GPU latency: 4.32319 ms - Host latency: 4.32319 ms (enqueue 4.31648 ms)
[03/03/2026-11:01:18] [I] Average on 10 runs - GPU latency: 4.32244 ms - Host latency: 4.32244 ms (enqueue 4.31509 ms)
[03/03/2026-11:01:18] [I] Average on 10 runs - GPU latency: 4.32754 ms - Host latency: 4.32754 ms (enqueue 4.31999 ms)
[03/03/2026-11:01:18] [I] Average on 10 runs - GPU latency: 4.32344 ms - Host latency: 4.32344 ms (enqueue 4.31631 ms)
[03/03/2026-11:01:18] [I] Average on 10 runs - GPU latency: 4.32566 ms - Host latency: 4.32566 ms (enqueue 4.31792 ms)
[03/03/2026-11:01:18] [I] Average on 10 runs - GPU latency: 4.32676 ms - Host latency: 4.32676 ms (enqueue 4.31931 ms)
[03/03/2026-11:01:18] [I] Average on 10 runs - GPU latency: 4.32168 ms - Host latency: 4.32168 ms (enqueue 4.3144 ms)
[03/03/2026-11:01:18] [I] Average on 10 runs - GPU latency: 4.3228 ms - Host latency: 4.3228 ms (enqueue 4.31592 ms)
[03/03/2026-11:01:18] [I] Average on 10 runs - GPU latency: 4.325 ms - Host latency: 4.325 ms (enqueue 4.31765 ms)
[03/03/2026-11:01:18] [I] Average on 10 runs - GPU latency: 4.32632 ms - Host latency: 4.32632 ms (enqueue 4.31885 ms)
[03/03/2026-11:01:18] [I] Average on 10 runs - GPU latency: 4.32759 ms - Host latency: 4.32759 ms (enqueue 4.31948 ms)
[03/03/2026-11:01:18] [I] Average on 10 runs - GPU latency: 4.32222 ms - Host latency: 4.32222 ms (enqueue 4.31472 ms)
[03/03/2026-11:01:18] [I] Average on 10 runs - GPU latency: 4.32649 ms - Host latency: 4.32649 ms (enqueue 4.31904 ms)
[03/03/2026-11:01:18] [I] Average on 10 runs - GPU latency: 4.32705 ms - Host latency: 4.32705 ms (enqueue 4.3197 ms)
[03/03/2026-11:01:18] [I] 
[03/03/2026-11:01:18] [I] === Performance summary ===
[03/03/2026-11:01:18] [I] Throughput: 230.51 qps
[03/03/2026-11:01:18] [I] Latency: min = 4.29736 ms, max = 4.65552 ms, mean = 4.32451 ms, median = 4.32397 ms, percentile(90%) = 4.33594 ms, percentile(95%) = 4.34039 ms, percentile(99%) = 4.34985 ms
[03/03/2026-11:01:18] [I] Enqueue Time: min = 4.29034 ms, max = 4.51978 ms, mean = 4.31717 ms, median = 4.31682 ms, percentile(90%) = 4.32886 ms, percentile(95%) = 4.33252 ms, percentile(99%) = 4.34363 ms
[03/03/2026-11:01:18] [I] H2D Latency: min = 0 ms, max = 0 ms, mean = 0 ms, median = 0 ms, percentile(90%) = 0 ms, percentile(95%) = 0 ms, percentile(99%) = 0 ms
[03/03/2026-11:01:18] [I] GPU Compute Time: min = 4.29736 ms, max = 4.65552 ms, mean = 4.32451 ms, median = 4.32397 ms, percentile(90%) = 4.33594 ms, percentile(95%) = 4.34039 ms, percentile(99%) = 4.34985 ms
[03/03/2026-11:01:18] [I] D2H Latency: min = 0 ms, max = 0 ms, mean = 0 ms, median = 0 ms, percentile(90%) = 0 ms, percentile(95%) = 0 ms, percentile(99%) = 0 ms
[03/03/2026-11:01:18] [I] Total Host Walltime: 3.01072 s
[03/03/2026-11:01:18] [I] Total GPU Compute Time: 3.00121 s
[03/03/2026-11:01:18] [W] * Throughput may be bound by Enqueue Time rather than GPU Compute and the GPU may be under-utilized.
[03/03/2026-11:01:18] [W]   If not already in use, --useCudaGraph (utilize CUDA graphs where possible) may increase the throughput.
[03/03/2026-11:01:18] [I] Explanations of the performance metrics are printed in the verbose logs.
[03/03/2026-11:01:18] [I] 
&&&& PASSED TensorRT.trtexec [TensorRT v8502] # /usr/src/tensorrt/bin/trtexec --onnx=/home/user/Edge-ML/models/v5/LSTM/bs1/LSTM.onnx --saveEngine=/home/user/Edge-ML/models/v5/LSTM/bs1/LSTM_fp32.engine --exportLayerInfo=/home/user/Edge-ML/models/v5/LSTM/bs1/logs/quantisation_fp32_layers.json --memPoolSize=workspace:4096MiB --tacticSources=+CUBLAS,+CUBLAS_LT,+CUDNN --noDataTransfers
