/usr/src/tensorrt/bin/trtexec --onnx=/home/user/Edge-ML/models/v5/LSTM/bs1/LSTM.onnx --saveEngine=/home/user/Edge-ML/models/v5/LSTM/bs1/LSTM_fp16.engine --fp16 --exportLayerInfo=/home/user/Edge-ML/models/v5/LSTM/bs1/logs/quantisation_fp16_layers.json --memPoolSize=workspace:4096MiB --tacticSources=+CUBLAS,+CUBLAS_LT,+CUDNN --noDataTransfers

&&&& RUNNING TensorRT.trtexec [TensorRT v8502] # /usr/src/tensorrt/bin/trtexec --onnx=/home/user/Edge-ML/models/v5/LSTM/bs1/LSTM.onnx --saveEngine=/home/user/Edge-ML/models/v5/LSTM/bs1/LSTM_fp16.engine --fp16 --exportLayerInfo=/home/user/Edge-ML/models/v5/LSTM/bs1/logs/quantisation_fp16_layers.json --memPoolSize=workspace:4096MiB --tacticSources=+CUBLAS,+CUBLAS_LT,+CUDNN --noDataTransfers
[03/03/2026-11:01:19] [I] === Model Options ===
[03/03/2026-11:01:19] [I] Format: ONNX
[03/03/2026-11:01:19] [I] Model: /home/user/Edge-ML/models/v5/LSTM/bs1/LSTM.onnx
[03/03/2026-11:01:19] [I] Output:
[03/03/2026-11:01:19] [I] === Build Options ===
[03/03/2026-11:01:19] [I] Max batch: explicit batch
[03/03/2026-11:01:19] [I] Memory Pools: workspace: 4096 MiB, dlaSRAM: default, dlaLocalDRAM: default, dlaGlobalDRAM: default
[03/03/2026-11:01:19] [I] minTiming: 1
[03/03/2026-11:01:19] [I] avgTiming: 8
[03/03/2026-11:01:19] [I] Precision: FP32+FP16
[03/03/2026-11:01:19] [I] LayerPrecisions: 
[03/03/2026-11:01:19] [I] Calibration: 
[03/03/2026-11:01:19] [I] Refit: Disabled
[03/03/2026-11:01:19] [I] Sparsity: Disabled
[03/03/2026-11:01:19] [I] Safe mode: Disabled
[03/03/2026-11:01:19] [I] DirectIO mode: Disabled
[03/03/2026-11:01:19] [I] Restricted mode: Disabled
[03/03/2026-11:01:19] [I] Build only: Disabled
[03/03/2026-11:01:19] [I] Save engine: /home/user/Edge-ML/models/v5/LSTM/bs1/LSTM_fp16.engine
[03/03/2026-11:01:19] [I] Load engine: 
[03/03/2026-11:01:19] [I] Profiling verbosity: 0
[03/03/2026-11:01:19] [I] Tactic sources: cublas [ON], cublasLt [ON], cudnn [ON], 
[03/03/2026-11:01:19] [I] timingCacheMode: local
[03/03/2026-11:01:19] [I] timingCacheFile: 
[03/03/2026-11:01:19] [I] Heuristic: Disabled
[03/03/2026-11:01:19] [I] Preview Features: Use default preview flags.
[03/03/2026-11:01:19] [I] Input(s)s format: fp32:CHW
[03/03/2026-11:01:19] [I] Output(s)s format: fp32:CHW
[03/03/2026-11:01:19] [I] Input build shapes: model
[03/03/2026-11:01:19] [I] Input calibration shapes: model
[03/03/2026-11:01:19] [I] === System Options ===
[03/03/2026-11:01:19] [I] Device: 0
[03/03/2026-11:01:19] [I] DLACore: 
[03/03/2026-11:01:19] [I] Plugins:
[03/03/2026-11:01:19] [I] === Inference Options ===
[03/03/2026-11:01:19] [I] Batch: Explicit
[03/03/2026-11:01:19] [I] Input inference shapes: model
[03/03/2026-11:01:19] [I] Iterations: 10
[03/03/2026-11:01:19] [I] Duration: 3s (+ 200ms warm up)
[03/03/2026-11:01:19] [I] Sleep time: 0ms
[03/03/2026-11:01:19] [I] Idle time: 0ms
[03/03/2026-11:01:19] [I] Streams: 1
[03/03/2026-11:01:19] [I] ExposeDMA: Disabled
[03/03/2026-11:01:19] [I] Data transfers: Disabled
[03/03/2026-11:01:19] [I] Spin-wait: Disabled
[03/03/2026-11:01:19] [I] Multithreading: Disabled
[03/03/2026-11:01:19] [I] CUDA Graph: Disabled
[03/03/2026-11:01:19] [I] Separate profiling: Disabled
[03/03/2026-11:01:19] [I] Time Deserialize: Disabled
[03/03/2026-11:01:19] [I] Time Refit: Disabled
[03/03/2026-11:01:19] [I] NVTX verbosity: 0
[03/03/2026-11:01:19] [I] Persistent Cache Ratio: 0
[03/03/2026-11:01:19] [I] Inputs:
[03/03/2026-11:01:19] [I] === Reporting Options ===
[03/03/2026-11:01:19] [I] Verbose: Disabled
[03/03/2026-11:01:19] [I] Averages: 10 inferences
[03/03/2026-11:01:19] [I] Percentiles: 90,95,99
[03/03/2026-11:01:19] [I] Dump refittable layers:Disabled
[03/03/2026-11:01:19] [I] Dump output: Disabled
[03/03/2026-11:01:19] [I] Profile: Disabled
[03/03/2026-11:01:19] [I] Export timing to JSON file: 
[03/03/2026-11:01:19] [I] Export output to JSON file: 
[03/03/2026-11:01:19] [I] Export profile to JSON file: 
[03/03/2026-11:01:19] [I] 
[03/03/2026-11:01:19] [I] === Device Information ===
[03/03/2026-11:01:19] [I] Selected Device: Orin
[03/03/2026-11:01:19] [I] Compute Capability: 8.7
[03/03/2026-11:01:19] [I] SMs: 4
[03/03/2026-11:01:19] [I] Compute Clock Rate: 0.624 GHz
[03/03/2026-11:01:19] [I] Device Global Memory: 3425 MiB
[03/03/2026-11:01:19] [I] Shared Memory per SM: 164 KiB
[03/03/2026-11:01:19] [I] Memory Bus Width: 128 bits (ECC disabled)
[03/03/2026-11:01:19] [I] Memory Clock Rate: 0.624 GHz
[03/03/2026-11:01:19] [I] 
[03/03/2026-11:01:19] [I] TensorRT version: 8.5.2
[03/03/2026-11:01:19] [I] [TRT] [MemUsageChange] Init CUDA: CPU +220, GPU +0, now: CPU 249, GPU 1491 (MiB)
[03/03/2026-11:01:21] [I] [TRT] [MemUsageChange] Init builder kernel library: CPU +302, GPU +162, now: CPU 574, GPU 1672 (MiB)
[03/03/2026-11:01:21] [I] Start parsing network model
[03/03/2026-11:01:21] [I] [TRT] ----------------------------------------------------------------
[03/03/2026-11:01:21] [I] [TRT] Input filename:   /home/user/Edge-ML/models/v5/LSTM/bs1/LSTM.onnx
[03/03/2026-11:01:21] [I] [TRT] ONNX IR version:  0.0.7
[03/03/2026-11:01:21] [I] [TRT] Opset version:    12
[03/03/2026-11:01:21] [I] [TRT] Producer name:    pytorch
[03/03/2026-11:01:21] [I] [TRT] Producer version: 2.5.1
[03/03/2026-11:01:21] [I] [TRT] Domain:           
[03/03/2026-11:01:21] [I] [TRT] Model version:    0
[03/03/2026-11:01:21] [I] [TRT] Doc string:       
[03/03/2026-11:01:21] [I] [TRT] ----------------------------------------------------------------
[03/03/2026-11:01:21] [W] [TRT] onnx2trt_utils.cpp:375: Your ONNX model has been generated with INT64 weights, while TensorRT does not natively support INT64. Attempting to cast down to INT32.
[03/03/2026-11:01:21] [I] Finish parsing network model
[03/03/2026-11:01:21] [I] [TRT] ---------- Layers Running on DLA ----------
[03/03/2026-11:01:21] [I] [TRT] ---------- Layers Running on GPU ----------
[03/03/2026-11:01:21] [I] [TRT] [GpuLayer] MYELIN: {ForeignNode[onnx::LSTM_209.../Squeeze]}
[03/03/2026-11:01:23] [I] [TRT] [MemUsageChange] Init cuBLAS/cuBLASLt: CPU +535, GPU +829, now: CPU 1109, GPU 2502 (MiB)
[03/03/2026-11:01:23] [I] [TRT] [MemUsageChange] Init cuDNN: CPU +82, GPU +119, now: CPU 1191, GPU 2621 (MiB)
[03/03/2026-11:01:23] [I] [TRT] Local timing cache in use. Profiling results in this builder pass will not be stored.
[03/03/2026-11:01:32] [I] [TRT] Total Activation Memory: 4294967296
[03/03/2026-11:01:32] [I] [TRT] Detected 1 inputs and 1 output network tensors.
[03/03/2026-11:01:33] [I] [TRT] Total Host Persistent Memory: 32
[03/03/2026-11:01:33] [I] [TRT] Total Device Persistent Memory: 0
[03/03/2026-11:01:33] [I] [TRT] Total Scratch Memory: 378368
[03/03/2026-11:01:33] [I] [TRT] [MemUsageStats] Peak memory usage of TRT CPU/GPU memory allocators: CPU 0 MiB, GPU 4 MiB
[03/03/2026-11:01:33] [I] [TRT] [BlockAssignment] Started assigning block shifts. This will take 1 steps to complete.
[03/03/2026-11:01:33] [I] [TRT] [BlockAssignment] Algorithm ShiftNTopDown took 0.015712ms to assign 1 blocks to 1 nodes requiring 378368 bytes.
[03/03/2026-11:01:33] [I] [TRT] Total Activation Memory: 378368
[03/03/2026-11:01:33] [W] [TRT] TensorRT encountered issues when converting weights between types and that could affect accuracy.
[03/03/2026-11:01:33] [W] [TRT] If this is not the desired behavior, please modify the weights or retrain with regularization to adjust the magnitude of the weights.
[03/03/2026-11:01:33] [W] [TRT] Check verbose logs for the list of affected weights.
[03/03/2026-11:01:33] [W] [TRT] - 3 weights are affected by this issue: Detected subnormal FP16 values.
[03/03/2026-11:01:33] [I] [TRT] [MemUsageChange] TensorRT-managed allocation in building engine: CPU +0, GPU +4, now: CPU 0, GPU 4 (MiB)
[03/03/2026-11:01:33] [I] Engine built in 14.0078 sec.
[03/03/2026-11:01:33] [I] [TRT] Loaded engine size: 0 MiB
[03/03/2026-11:01:33] [I] [TRT] [MemUsageChange] TensorRT-managed allocation in engine deserialization: CPU +0, GPU +0, now: CPU 0, GPU 0 (MiB)
[03/03/2026-11:01:33] [I] Engine deserialized in 0.00478116 sec.
[03/03/2026-11:01:33] [I] [TRT] [MemUsageChange] TensorRT-managed allocation in IExecutionContext creation: CPU +0, GPU +0, now: CPU 0, GPU 0 (MiB)
[03/03/2026-11:01:33] [I] Setting persistentCacheLimit to 0 bytes.
[03/03/2026-11:01:33] [I] Using random values for input input
[03/03/2026-11:01:33] [I] Created input binding for input with dimensions 1x120
[03/03/2026-11:01:33] [I] Using random values for output capacity
[03/03/2026-11:01:33] [I] Created output binding for capacity with dimensions 
[03/03/2026-11:01:33] [I] [TRT] The profiling verbosity was set to ProfilingVerbosity::kLAYER_NAMES_ONLY when the engine was built, so only the layer names will be returned. Rebuild the engine with ProfilingVerbosity::kDETAILED to get more verbose layer information.
[03/03/2026-11:01:33] [I] Starting inference
[03/03/2026-11:01:36] [I] Warmup completed 46 queries over 200 ms
[03/03/2026-11:01:36] [I] Timing trace has 693 queries over 3.01101 s
[03/03/2026-11:01:36] [I] 
[03/03/2026-11:01:36] [I] === Trace details ===
[03/03/2026-11:01:36] [I] Trace averages of 10 runs:
[03/03/2026-11:01:36] [I] Average on 10 runs - GPU latency: 4.33323 ms - Host latency: 4.33323 ms (enqueue 4.32555 ms)
[03/03/2026-11:01:36] [I] Average on 10 runs - GPU latency: 4.33078 ms - Host latency: 4.33078 ms (enqueue 4.32322 ms)
[03/03/2026-11:01:36] [I] Average on 10 runs - GPU latency: 4.335 ms - Host latency: 4.335 ms (enqueue 4.32842 ms)
[03/03/2026-11:01:36] [I] Average on 10 runs - GPU latency: 4.33184 ms - Host latency: 4.33184 ms (enqueue 4.32455 ms)
[03/03/2026-11:01:36] [I] Average on 10 runs - GPU latency: 4.33358 ms - Host latency: 4.33358 ms (enqueue 4.32563 ms)
[03/03/2026-11:01:36] [I] Average on 10 runs - GPU latency: 4.32675 ms - Host latency: 4.32675 ms (enqueue 4.31971 ms)
[03/03/2026-11:01:36] [I] Average on 10 runs - GPU latency: 4.3238 ms - Host latency: 4.3238 ms (enqueue 4.31721 ms)
[03/03/2026-11:01:36] [I] Average on 10 runs - GPU latency: 4.33006 ms - Host latency: 4.33006 ms (enqueue 4.32306 ms)
[03/03/2026-11:01:36] [I] Average on 10 runs - GPU latency: 4.33755 ms - Host latency: 4.33755 ms (enqueue 4.32976 ms)
[03/03/2026-11:01:36] [I] Average on 10 runs - GPU latency: 4.32782 ms - Host latency: 4.32782 ms (enqueue 4.32053 ms)
[03/03/2026-11:01:36] [I] Average on 10 runs - GPU latency: 4.33097 ms - Host latency: 4.33097 ms (enqueue 4.32348 ms)
[03/03/2026-11:01:36] [I] Average on 10 runs - GPU latency: 4.33366 ms - Host latency: 4.33366 ms (enqueue 4.3262 ms)
[03/03/2026-11:01:36] [I] Average on 10 runs - GPU latency: 4.33639 ms - Host latency: 4.33639 ms (enqueue 4.32804 ms)
[03/03/2026-11:01:36] [I] Average on 10 runs - GPU latency: 4.32758 ms - Host latency: 4.32758 ms (enqueue 4.32031 ms)
[03/03/2026-11:01:36] [I] Average on 10 runs - GPU latency: 4.33192 ms - Host latency: 4.33192 ms (enqueue 4.32437 ms)
[03/03/2026-11:01:36] [I] Average on 10 runs - GPU latency: 4.33213 ms - Host latency: 4.33213 ms (enqueue 4.32477 ms)
[03/03/2026-11:01:36] [I] Average on 10 runs - GPU latency: 4.33344 ms - Host latency: 4.33344 ms (enqueue 4.3262 ms)
[03/03/2026-11:01:36] [I] Average on 10 runs - GPU latency: 4.32687 ms - Host latency: 4.32687 ms (enqueue 4.31992 ms)
[03/03/2026-11:01:36] [I] Average on 10 runs - GPU latency: 4.32973 ms - Host latency: 4.32973 ms (enqueue 4.32242 ms)
[03/03/2026-11:01:36] [I] Average on 10 runs - GPU latency: 4.32922 ms - Host latency: 4.32922 ms (enqueue 4.32198 ms)
[03/03/2026-11:01:36] [I] Average on 10 runs - GPU latency: 4.32363 ms - Host latency: 4.32363 ms (enqueue 4.31669 ms)
[03/03/2026-11:01:36] [I] Average on 10 runs - GPU latency: 4.33157 ms - Host latency: 4.33157 ms (enqueue 4.32405 ms)
[03/03/2026-11:01:36] [I] Average on 10 runs - GPU latency: 4.32776 ms - Host latency: 4.32776 ms (enqueue 4.32072 ms)
[03/03/2026-11:01:36] [I] Average on 10 runs - GPU latency: 4.33064 ms - Host latency: 4.33064 ms (enqueue 4.32328 ms)
[03/03/2026-11:01:36] [I] Average on 10 runs - GPU latency: 4.33002 ms - Host latency: 4.33002 ms (enqueue 4.32223 ms)
[03/03/2026-11:01:36] [I] Average on 10 runs - GPU latency: 4.33064 ms - Host latency: 4.33064 ms (enqueue 4.32314 ms)
[03/03/2026-11:01:36] [I] Average on 10 runs - GPU latency: 4.32988 ms - Host latency: 4.32988 ms (enqueue 4.32213 ms)
[03/03/2026-11:01:36] [I] Average on 10 runs - GPU latency: 4.33264 ms - Host latency: 4.33264 ms (enqueue 4.32526 ms)
[03/03/2026-11:01:36] [I] Average on 10 runs - GPU latency: 4.33571 ms - Host latency: 4.33571 ms (enqueue 4.32817 ms)
[03/03/2026-11:01:36] [I] Average on 10 runs - GPU latency: 4.33467 ms - Host latency: 4.33467 ms (enqueue 4.32708 ms)
[03/03/2026-11:01:36] [I] Average on 10 runs - GPU latency: 4.33708 ms - Host latency: 4.33708 ms (enqueue 4.32905 ms)
[03/03/2026-11:01:36] [I] Average on 10 runs - GPU latency: 4.33392 ms - Host latency: 4.33392 ms (enqueue 4.32634 ms)
[03/03/2026-11:01:36] [I] Average on 10 runs - GPU latency: 4.33522 ms - Host latency: 4.33522 ms (enqueue 4.32827 ms)
[03/03/2026-11:01:36] [I] Average on 10 runs - GPU latency: 4.32976 ms - Host latency: 4.32976 ms (enqueue 4.32172 ms)
[03/03/2026-11:01:36] [I] Average on 10 runs - GPU latency: 4.32943 ms - Host latency: 4.32943 ms (enqueue 4.32192 ms)
[03/03/2026-11:01:36] [I] Average on 10 runs - GPU latency: 4.32999 ms - Host latency: 4.32999 ms (enqueue 4.32318 ms)
[03/03/2026-11:01:36] [I] Average on 10 runs - GPU latency: 4.32513 ms - Host latency: 4.32513 ms (enqueue 4.31802 ms)
[03/03/2026-11:01:36] [I] Average on 10 runs - GPU latency: 4.33013 ms - Host latency: 4.33013 ms (enqueue 4.32313 ms)
[03/03/2026-11:01:36] [I] Average on 10 runs - GPU latency: 4.33005 ms - Host latency: 4.33005 ms (enqueue 4.32305 ms)
[03/03/2026-11:01:36] [I] Average on 10 runs - GPU latency: 4.32814 ms - Host latency: 4.32814 ms (enqueue 4.32124 ms)
[03/03/2026-11:01:36] [I] Average on 10 runs - GPU latency: 4.33079 ms - Host latency: 4.33079 ms (enqueue 4.3234 ms)
[03/03/2026-11:01:36] [I] Average on 10 runs - GPU latency: 4.32645 ms - Host latency: 4.32645 ms (enqueue 4.31959 ms)
[03/03/2026-11:01:36] [I] Average on 10 runs - GPU latency: 4.32981 ms - Host latency: 4.32981 ms (enqueue 4.32258 ms)
[03/03/2026-11:01:36] [I] Average on 10 runs - GPU latency: 4.33308 ms - Host latency: 4.33308 ms (enqueue 4.32529 ms)
[03/03/2026-11:01:36] [I] Average on 10 runs - GPU latency: 4.32847 ms - Host latency: 4.32847 ms (enqueue 4.32124 ms)
[03/03/2026-11:01:36] [I] Average on 10 runs - GPU latency: 4.33398 ms - Host latency: 4.33398 ms (enqueue 4.32634 ms)
[03/03/2026-11:01:36] [I] Average on 10 runs - GPU latency: 4.33015 ms - Host latency: 4.33015 ms (enqueue 4.32305 ms)
[03/03/2026-11:01:36] [I] Average on 10 runs - GPU latency: 4.32637 ms - Host latency: 4.32637 ms (enqueue 4.31934 ms)
[03/03/2026-11:01:36] [I] Average on 10 runs - GPU latency: 4.33059 ms - Host latency: 4.33059 ms (enqueue 4.32366 ms)
[03/03/2026-11:01:36] [I] Average on 10 runs - GPU latency: 4.32888 ms - Host latency: 4.32888 ms (enqueue 4.32185 ms)
[03/03/2026-11:01:36] [I] Average on 10 runs - GPU latency: 4.32754 ms - Host latency: 4.32754 ms (enqueue 4.32041 ms)
[03/03/2026-11:01:36] [I] Average on 10 runs - GPU latency: 4.32615 ms - Host latency: 4.32615 ms (enqueue 4.31948 ms)
[03/03/2026-11:01:36] [I] Average on 10 runs - GPU latency: 4.32148 ms - Host latency: 4.32148 ms (enqueue 4.31462 ms)
[03/03/2026-11:01:36] [I] Average on 10 runs - GPU latency: 4.33513 ms - Host latency: 4.33513 ms (enqueue 4.32825 ms)
[03/03/2026-11:01:36] [I] Average on 10 runs - GPU latency: 4.33052 ms - Host latency: 4.33052 ms (enqueue 4.3229 ms)
[03/03/2026-11:01:36] [I] Average on 10 runs - GPU latency: 4.33513 ms - Host latency: 4.33513 ms (enqueue 4.32837 ms)
[03/03/2026-11:01:36] [I] Average on 10 runs - GPU latency: 4.33022 ms - Host latency: 4.33022 ms (enqueue 4.32258 ms)
[03/03/2026-11:01:36] [I] Average on 10 runs - GPU latency: 4.3252 ms - Host latency: 4.3252 ms (enqueue 4.31816 ms)
[03/03/2026-11:01:36] [I] Average on 10 runs - GPU latency: 4.32219 ms - Host latency: 4.32219 ms (enqueue 4.31477 ms)
[03/03/2026-11:01:36] [I] Average on 10 runs - GPU latency: 4.33193 ms - Host latency: 4.33193 ms (enqueue 4.32461 ms)
[03/03/2026-11:01:36] [I] Average on 10 runs - GPU latency: 4.33477 ms - Host latency: 4.33477 ms (enqueue 4.327 ms)
[03/03/2026-11:01:36] [I] Average on 10 runs - GPU latency: 4.33616 ms - Host latency: 4.33616 ms (enqueue 4.32837 ms)
[03/03/2026-11:01:36] [I] Average on 10 runs - GPU latency: 4.34202 ms - Host latency: 4.34202 ms (enqueue 4.33474 ms)
[03/03/2026-11:01:36] [I] Average on 10 runs - GPU latency: 4.33416 ms - Host latency: 4.33416 ms (enqueue 4.32644 ms)
[03/03/2026-11:01:36] [I] Average on 10 runs - GPU latency: 4.33362 ms - Host latency: 4.33362 ms (enqueue 4.32627 ms)
[03/03/2026-11:01:36] [I] Average on 10 runs - GPU latency: 4.33308 ms - Host latency: 4.33308 ms (enqueue 4.32554 ms)
[03/03/2026-11:01:36] [I] Average on 10 runs - GPU latency: 4.33901 ms - Host latency: 4.33901 ms (enqueue 4.33162 ms)
[03/03/2026-11:01:36] [I] Average on 10 runs - GPU latency: 4.33269 ms - Host latency: 4.33269 ms (enqueue 4.32551 ms)
[03/03/2026-11:01:36] [I] Average on 10 runs - GPU latency: 4.33306 ms - Host latency: 4.33306 ms (enqueue 4.32598 ms)
[03/03/2026-11:01:36] [I] 
[03/03/2026-11:01:36] [I] === Performance summary ===
[03/03/2026-11:01:36] [I] Throughput: 230.155 qps
[03/03/2026-11:01:36] [I] Latency: min = 4.28296 ms, max = 4.38428 ms, mean = 4.33103 ms, median = 4.32983 ms, percentile(90%) = 4.34802 ms, percentile(95%) = 4.35388 ms, percentile(99%) = 4.36279 ms
[03/03/2026-11:01:36] [I] Enqueue Time: min = 4.27588 ms, max = 4.3772 ms, mean = 4.32371 ms, median = 4.32263 ms, percentile(90%) = 4.34021 ms, percentile(95%) = 4.34717 ms, percentile(99%) = 4.35425 ms
[03/03/2026-11:01:36] [I] H2D Latency: min = 0 ms, max = 0 ms, mean = 0 ms, median = 0 ms, percentile(90%) = 0 ms, percentile(95%) = 0 ms, percentile(99%) = 0 ms
[03/03/2026-11:01:36] [I] GPU Compute Time: min = 4.28296 ms, max = 4.38428 ms, mean = 4.33103 ms, median = 4.32983 ms, percentile(90%) = 4.34802 ms, percentile(95%) = 4.35388 ms, percentile(99%) = 4.36279 ms
[03/03/2026-11:01:36] [I] D2H Latency: min = 0 ms, max = 0 ms, mean = 0 ms, median = 0 ms, percentile(90%) = 0 ms, percentile(95%) = 0 ms, percentile(99%) = 0 ms
[03/03/2026-11:01:36] [I] Total Host Walltime: 3.01101 s
[03/03/2026-11:01:36] [I] Total GPU Compute Time: 3.00141 s
[03/03/2026-11:01:36] [W] * Throughput may be bound by Enqueue Time rather than GPU Compute and the GPU may be under-utilized.
[03/03/2026-11:01:36] [W]   If not already in use, --useCudaGraph (utilize CUDA graphs where possible) may increase the throughput.
[03/03/2026-11:01:36] [I] Explanations of the performance metrics are printed in the verbose logs.
[03/03/2026-11:01:36] [I] 
&&&& PASSED TensorRT.trtexec [TensorRT v8502] # /usr/src/tensorrt/bin/trtexec --onnx=/home/user/Edge-ML/models/v5/LSTM/bs1/LSTM.onnx --saveEngine=/home/user/Edge-ML/models/v5/LSTM/bs1/LSTM_fp16.engine --fp16 --exportLayerInfo=/home/user/Edge-ML/models/v5/LSTM/bs1/logs/quantisation_fp16_layers.json --memPoolSize=workspace:4096MiB --tacticSources=+CUBLAS,+CUBLAS_LT,+CUDNN --noDataTransfers
