/usr/src/tensorrt/bin/trtexec --onnx=/home/user/Edge-ML/models/v4/CNN-LSTM/bs32/CNN-LSTM.onnx --saveEngine=/home/user/Edge-ML/models/v4/CNN-LSTM/bs32/CNN-LSTM_fp32.engine --exportLayerInfo=/home/user/Edge-ML/models/v4/CNN-LSTM/bs32/logs/quantisation_fp32_layers.json --memPoolSize=workspace:4096MiB --tacticSources=+CUBLAS,+CUBLAS_LT,+CUDNN --noDataTransfers

&&&& RUNNING TensorRT.trtexec [TensorRT v8502] # /usr/src/tensorrt/bin/trtexec --onnx=/home/user/Edge-ML/models/v4/CNN-LSTM/bs32/CNN-LSTM.onnx --saveEngine=/home/user/Edge-ML/models/v4/CNN-LSTM/bs32/CNN-LSTM_fp32.engine --exportLayerInfo=/home/user/Edge-ML/models/v4/CNN-LSTM/bs32/logs/quantisation_fp32_layers.json --memPoolSize=workspace:4096MiB --tacticSources=+CUBLAS,+CUBLAS_LT,+CUDNN --noDataTransfers
[02/27/2026-11:04:05] [I] === Model Options ===
[02/27/2026-11:04:05] [I] Format: ONNX
[02/27/2026-11:04:05] [I] Model: /home/user/Edge-ML/models/v4/CNN-LSTM/bs32/CNN-LSTM.onnx
[02/27/2026-11:04:05] [I] Output:
[02/27/2026-11:04:05] [I] === Build Options ===
[02/27/2026-11:04:05] [I] Max batch: explicit batch
[02/27/2026-11:04:05] [I] Memory Pools: workspace: 4096 MiB, dlaSRAM: default, dlaLocalDRAM: default, dlaGlobalDRAM: default
[02/27/2026-11:04:05] [I] minTiming: 1
[02/27/2026-11:04:05] [I] avgTiming: 8
[02/27/2026-11:04:05] [I] Precision: FP32
[02/27/2026-11:04:05] [I] LayerPrecisions: 
[02/27/2026-11:04:05] [I] Calibration: 
[02/27/2026-11:04:05] [I] Refit: Disabled
[02/27/2026-11:04:05] [I] Sparsity: Disabled
[02/27/2026-11:04:05] [I] Safe mode: Disabled
[02/27/2026-11:04:05] [I] DirectIO mode: Disabled
[02/27/2026-11:04:05] [I] Restricted mode: Disabled
[02/27/2026-11:04:05] [I] Build only: Disabled
[02/27/2026-11:04:05] [I] Save engine: /home/user/Edge-ML/models/v4/CNN-LSTM/bs32/CNN-LSTM_fp32.engine
[02/27/2026-11:04:05] [I] Load engine: 
[02/27/2026-11:04:05] [I] Profiling verbosity: 0
[02/27/2026-11:04:05] [I] Tactic sources: cublas [ON], cublasLt [ON], cudnn [ON], 
[02/27/2026-11:04:05] [I] timingCacheMode: local
[02/27/2026-11:04:05] [I] timingCacheFile: 
[02/27/2026-11:04:05] [I] Heuristic: Disabled
[02/27/2026-11:04:05] [I] Preview Features: Use default preview flags.
[02/27/2026-11:04:05] [I] Input(s)s format: fp32:CHW
[02/27/2026-11:04:05] [I] Output(s)s format: fp32:CHW
[02/27/2026-11:04:05] [I] Input build shapes: model
[02/27/2026-11:04:05] [I] Input calibration shapes: model
[02/27/2026-11:04:05] [I] === System Options ===
[02/27/2026-11:04:05] [I] Device: 0
[02/27/2026-11:04:05] [I] DLACore: 
[02/27/2026-11:04:05] [I] Plugins:
[02/27/2026-11:04:05] [I] === Inference Options ===
[02/27/2026-11:04:05] [I] Batch: Explicit
[02/27/2026-11:04:05] [I] Input inference shapes: model
[02/27/2026-11:04:05] [I] Iterations: 10
[02/27/2026-11:04:05] [I] Duration: 3s (+ 200ms warm up)
[02/27/2026-11:04:05] [I] Sleep time: 0ms
[02/27/2026-11:04:05] [I] Idle time: 0ms
[02/27/2026-11:04:05] [I] Streams: 1
[02/27/2026-11:04:05] [I] ExposeDMA: Disabled
[02/27/2026-11:04:05] [I] Data transfers: Disabled
[02/27/2026-11:04:05] [I] Spin-wait: Disabled
[02/27/2026-11:04:05] [I] Multithreading: Disabled
[02/27/2026-11:04:05] [I] CUDA Graph: Disabled
[02/27/2026-11:04:05] [I] Separate profiling: Disabled
[02/27/2026-11:04:05] [I] Time Deserialize: Disabled
[02/27/2026-11:04:05] [I] Time Refit: Disabled
[02/27/2026-11:04:05] [I] NVTX verbosity: 0
[02/27/2026-11:04:05] [I] Persistent Cache Ratio: 0
[02/27/2026-11:04:05] [I] Inputs:
[02/27/2026-11:04:05] [I] === Reporting Options ===
[02/27/2026-11:04:05] [I] Verbose: Disabled
[02/27/2026-11:04:05] [I] Averages: 10 inferences
[02/27/2026-11:04:05] [I] Percentiles: 90,95,99
[02/27/2026-11:04:05] [I] Dump refittable layers:Disabled
[02/27/2026-11:04:05] [I] Dump output: Disabled
[02/27/2026-11:04:05] [I] Profile: Disabled
[02/27/2026-11:04:05] [I] Export timing to JSON file: 
[02/27/2026-11:04:05] [I] Export output to JSON file: 
[02/27/2026-11:04:05] [I] Export profile to JSON file: 
[02/27/2026-11:04:05] [I] 
[02/27/2026-11:04:05] [I] === Device Information ===
[02/27/2026-11:04:05] [I] Selected Device: Orin
[02/27/2026-11:04:05] [I] Compute Capability: 8.7
[02/27/2026-11:04:05] [I] SMs: 4
[02/27/2026-11:04:05] [I] Compute Clock Rate: 0.624 GHz
[02/27/2026-11:04:05] [I] Device Global Memory: 3425 MiB
[02/27/2026-11:04:05] [I] Shared Memory per SM: 164 KiB
[02/27/2026-11:04:05] [I] Memory Bus Width: 128 bits (ECC disabled)
[02/27/2026-11:04:05] [I] Memory Clock Rate: 0.624 GHz
[02/27/2026-11:04:05] [I] 
[02/27/2026-11:04:05] [I] TensorRT version: 8.5.2
[02/27/2026-11:04:06] [I] [TRT] [MemUsageChange] Init CUDA: CPU +220, GPU +0, now: CPU 249, GPU 1616 (MiB)
[02/27/2026-11:04:09] [I] [TRT] [MemUsageChange] Init builder kernel library: CPU +302, GPU +173, now: CPU 574, GPU 1805 (MiB)
[02/27/2026-11:04:09] [I] Start parsing network model
[02/27/2026-11:04:09] [I] [TRT] ----------------------------------------------------------------
[02/27/2026-11:04:09] [I] [TRT] Input filename:   /home/user/Edge-ML/models/v4/CNN-LSTM/bs32/CNN-LSTM.onnx
[02/27/2026-11:04:09] [I] [TRT] ONNX IR version:  0.0.7
[02/27/2026-11:04:09] [I] [TRT] Opset version:    12
[02/27/2026-11:04:09] [I] [TRT] Producer name:    pytorch
[02/27/2026-11:04:09] [I] [TRT] Producer version: 2.5.1
[02/27/2026-11:04:09] [I] [TRT] Domain:           
[02/27/2026-11:04:09] [I] [TRT] Model version:    0
[02/27/2026-11:04:09] [I] [TRT] Doc string:       
[02/27/2026-11:04:09] [I] [TRT] ----------------------------------------------------------------
[02/27/2026-11:04:09] [W] [TRT] onnx2trt_utils.cpp:375: Your ONNX model has been generated with INT64 weights, while TensorRT does not natively support INT64. Attempting to cast down to INT32.
[02/27/2026-11:04:09] [I] Finish parsing network model
[02/27/2026-11:04:09] [I] [TRT] ---------- Layers Running on DLA ----------
[02/27/2026-11:04:09] [I] [TRT] ---------- Layers Running on GPU ----------
[02/27/2026-11:04:09] [I] [TRT] [GpuLayer] SHUFFLE: /Unsqueeze + (Unnamed Layer* 1) [Shuffle]
[02/27/2026-11:04:09] [I] [TRT] [GpuLayer] SHUFFLE: shuffle_between_(Unnamed Layer* 1) [Shuffle]_output_and_/cnn/cnn.0/Conv + /cnn/cnn.2/Relu
[02/27/2026-11:04:09] [I] [TRT] [GpuLayer] CONVOLUTION: /cnn/cnn.0/Conv + /cnn/cnn.2/Relu
[02/27/2026-11:04:09] [I] [TRT] [GpuLayer] SHUFFLE: shuffle_after_/cnn/cnn.2/Relu_out_tensor
[02/27/2026-11:04:09] [I] [TRT] [GpuLayer] SHUFFLE: shuffle_between_/cnn/cnn.2/Relu_out_tensor_and_/cnn/cnn.4/Conv + /cnn/cnn.6/Relu
[02/27/2026-11:04:09] [I] [TRT] [GpuLayer] CONVOLUTION: /cnn/cnn.4/Conv + /cnn/cnn.6/Relu
[02/27/2026-11:04:09] [I] [TRT] [GpuLayer] SHUFFLE: shuffle_after_/cnn/cnn.6/Relu_out_tensor
[02/27/2026-11:04:09] [I] [TRT] [GpuLayer] SHUFFLE: shuffle_between_/cnn/cnn.6/Relu_out_tensor_and_/cnn/cnn.8/Conv
[02/27/2026-11:04:09] [I] [TRT] [GpuLayer] CONVOLUTION: /cnn/cnn.8/Conv
[02/27/2026-11:04:09] [I] [TRT] [GpuLayer] SHUFFLE: shuffle_after_(Unnamed Layer* 10) [Convolution]_output
[02/27/2026-11:04:09] [I] [TRT] [GpuLayer] MYELIN: {ForeignNode[onnx::LSTM_252.../Squeeze]}
[02/27/2026-11:04:10] [I] [TRT] [MemUsageChange] Init cuBLAS/cuBLASLt: CPU +534, GPU +826, now: CPU 1109, GPU 2632 (MiB)
[02/27/2026-11:04:11] [I] [TRT] [MemUsageChange] Init cuDNN: CPU +82, GPU +29, now: CPU 1191, GPU 2661 (MiB)
[02/27/2026-11:04:11] [I] [TRT] Local timing cache in use. Profiling results in this builder pass will not be stored.
[02/27/2026-11:04:16] [W] [TRT] Tactic Device request: 391MB Available: 313MB. Device memory is insufficient to use tactic.
[02/27/2026-11:04:16] [W] [TRT] Skipping tactic 3 due to insufficient memory on requested size of 391 detected for tactic 0x0000000000000004.
Try decreasing the workspace size with IBuilderConfig::setMemoryPoolLimit().
[02/27/2026-11:04:16] [W] [TRT] Tactic Device request: 391MB Available: 312MB. Device memory is insufficient to use tactic.
[02/27/2026-11:04:16] [W] [TRT] Skipping tactic 8 due to insufficient memory on requested size of 391 detected for tactic 0x000000000000003c.
Try decreasing the workspace size with IBuilderConfig::setMemoryPoolLimit().
[02/27/2026-11:04:16] [W] [TRT] Tactic Device request: 391MB Available: 312MB. Device memory is insufficient to use tactic.
[02/27/2026-11:04:16] [W] [TRT] Skipping tactic 13 due to insufficient memory on requested size of 391 detected for tactic 0x0000000000000074.
Try decreasing the workspace size with IBuilderConfig::setMemoryPoolLimit().
[02/27/2026-11:04:20] [I] [TRT] Total Activation Memory: 4297675264
[02/27/2026-11:04:20] [I] [TRT] Detected 1 inputs and 1 output network tensors.
[02/27/2026-11:04:21] [I] [TRT] Total Host Persistent Memory: 8928
[02/27/2026-11:04:21] [I] [TRT] Total Device Persistent Memory: 0
[02/27/2026-11:04:21] [I] [TRT] Total Scratch Memory: 7047168
[02/27/2026-11:04:21] [I] [TRT] [MemUsageStats] Peak memory usage of TRT CPU/GPU memory allocators: CPU 0 MiB, GPU 134 MiB
[02/27/2026-11:04:21] [I] [TRT] [BlockAssignment] Started assigning block shifts. This will take 14 steps to complete.
[02/27/2026-11:04:21] [I] [TRT] [BlockAssignment] Algorithm ShiftNTopDown took 0.152736ms to assign 4 blocks to 14 nodes requiring 8031232 bytes.
[02/27/2026-11:04:21] [I] [TRT] Total Activation Memory: 8031232
[02/27/2026-11:04:21] [I] [TRT] [MemUsageChange] TensorRT-managed allocation in building engine: CPU +0, GPU +4, now: CPU 0, GPU 4 (MiB)
[02/27/2026-11:04:21] [I] Engine built in 15.1126 sec.
[02/27/2026-11:04:21] [I] [TRT] Loaded engine size: 0 MiB
[02/27/2026-11:04:21] [I] [TRT] [MemUsageChange] TensorRT-managed allocation in engine deserialization: CPU +0, GPU +0, now: CPU 0, GPU 0 (MiB)
[02/27/2026-11:04:21] [I] Engine deserialized in 0.00836867 sec.
[02/27/2026-11:04:21] [I] [TRT] [MemUsageChange] TensorRT-managed allocation in IExecutionContext creation: CPU +0, GPU +8, now: CPU 0, GPU 8 (MiB)
[02/27/2026-11:04:21] [I] Setting persistentCacheLimit to 0 bytes.
[02/27/2026-11:04:21] [I] Using random values for input input
[02/27/2026-11:04:21] [I] Created input binding for input with dimensions 32x120
[02/27/2026-11:04:21] [I] Using random values for output capacity
[02/27/2026-11:04:21] [I] Created output binding for capacity with dimensions 32
[02/27/2026-11:04:21] [I] [TRT] The profiling verbosity was set to ProfilingVerbosity::kLAYER_NAMES_ONLY when the engine was built, so only the layer names will be returned. Rebuild the engine with ProfilingVerbosity::kDETAILED to get more verbose layer information.
[02/27/2026-11:04:21] [I] Starting inference
[02/27/2026-11:04:24] [I] Warmup completed 31 queries over 200 ms
[02/27/2026-11:04:24] [I] Timing trace has 473 queries over 3.0155 s
[02/27/2026-11:04:24] [I] 
[02/27/2026-11:04:24] [I] === Trace details ===
[02/27/2026-11:04:24] [I] Trace averages of 10 runs:
[02/27/2026-11:04:24] [I] Average on 10 runs - GPU latency: 6.35546 ms - Host latency: 6.35546 ms (enqueue 6.34719 ms)
[02/27/2026-11:04:24] [I] Average on 10 runs - GPU latency: 6.35714 ms - Host latency: 6.35714 ms (enqueue 6.3493 ms)
[02/27/2026-11:04:24] [I] Average on 10 runs - GPU latency: 6.38875 ms - Host latency: 6.38875 ms (enqueue 6.37626 ms)
[02/27/2026-11:04:24] [I] Average on 10 runs - GPU latency: 6.36006 ms - Host latency: 6.36006 ms (enqueue 6.3514 ms)
[02/27/2026-11:04:24] [I] Average on 10 runs - GPU latency: 6.35021 ms - Host latency: 6.35021 ms (enqueue 6.34203 ms)
[02/27/2026-11:04:24] [I] Average on 10 runs - GPU latency: 6.35121 ms - Host latency: 6.35121 ms (enqueue 6.34277 ms)
[02/27/2026-11:04:24] [I] Average on 10 runs - GPU latency: 6.35351 ms - Host latency: 6.35351 ms (enqueue 6.34514 ms)
[02/27/2026-11:04:24] [I] Average on 10 runs - GPU latency: 6.34538 ms - Host latency: 6.34538 ms (enqueue 6.33732 ms)
[02/27/2026-11:04:24] [I] Average on 10 runs - GPU latency: 6.35676 ms - Host latency: 6.35676 ms (enqueue 6.34878 ms)
[02/27/2026-11:04:24] [I] Average on 10 runs - GPU latency: 6.35798 ms - Host latency: 6.35798 ms (enqueue 6.34964 ms)
[02/27/2026-11:04:24] [I] Average on 10 runs - GPU latency: 6.3621 ms - Host latency: 6.3621 ms (enqueue 6.35317 ms)
[02/27/2026-11:04:24] [I] Average on 10 runs - GPU latency: 6.36013 ms - Host latency: 6.36013 ms (enqueue 6.35155 ms)
[02/27/2026-11:04:24] [I] Average on 10 runs - GPU latency: 6.35952 ms - Host latency: 6.35952 ms (enqueue 6.35064 ms)
[02/27/2026-11:04:24] [I] Average on 10 runs - GPU latency: 6.35253 ms - Host latency: 6.35253 ms (enqueue 6.34407 ms)
[02/27/2026-11:04:24] [I] Average on 10 runs - GPU latency: 6.3624 ms - Host latency: 6.3624 ms (enqueue 6.354 ms)
[02/27/2026-11:04:24] [I] Average on 10 runs - GPU latency: 6.36038 ms - Host latency: 6.36038 ms (enqueue 6.38142 ms)
[02/27/2026-11:04:24] [I] Average on 10 runs - GPU latency: 6.36031 ms - Host latency: 6.36031 ms (enqueue 6.35186 ms)
[02/27/2026-11:04:24] [I] Average on 10 runs - GPU latency: 6.35566 ms - Host latency: 6.35566 ms (enqueue 6.34751 ms)
[02/27/2026-11:04:24] [I] Average on 10 runs - GPU latency: 6.35962 ms - Host latency: 6.35962 ms (enqueue 6.3511 ms)
[02/27/2026-11:04:24] [I] Average on 10 runs - GPU latency: 6.35378 ms - Host latency: 6.35378 ms (enqueue 6.34528 ms)
[02/27/2026-11:04:24] [I] Average on 10 runs - GPU latency: 6.35437 ms - Host latency: 6.35437 ms (enqueue 6.34608 ms)
[02/27/2026-11:04:24] [I] Average on 10 runs - GPU latency: 6.35908 ms - Host latency: 6.35908 ms (enqueue 6.35136 ms)
[02/27/2026-11:04:24] [I] Average on 10 runs - GPU latency: 6.35475 ms - Host latency: 6.35475 ms (enqueue 6.34688 ms)
[02/27/2026-11:04:24] [I] Average on 10 runs - GPU latency: 6.35835 ms - Host latency: 6.35835 ms (enqueue 6.35044 ms)
[02/27/2026-11:04:24] [I] Average on 10 runs - GPU latency: 6.35513 ms - Host latency: 6.35513 ms (enqueue 6.34713 ms)
[02/27/2026-11:04:24] [I] Average on 10 runs - GPU latency: 6.34941 ms - Host latency: 6.34941 ms (enqueue 6.34161 ms)
[02/27/2026-11:04:24] [I] Average on 10 runs - GPU latency: 6.35306 ms - Host latency: 6.35306 ms (enqueue 6.34528 ms)
[02/27/2026-11:04:24] [I] Average on 10 runs - GPU latency: 6.34983 ms - Host latency: 6.34983 ms (enqueue 6.34152 ms)
[02/27/2026-11:04:24] [I] Average on 10 runs - GPU latency: 6.35122 ms - Host latency: 6.35122 ms (enqueue 6.34402 ms)
[02/27/2026-11:04:24] [I] Average on 10 runs - GPU latency: 6.35432 ms - Host latency: 6.35432 ms (enqueue 6.34636 ms)
[02/27/2026-11:04:24] [I] Average on 10 runs - GPU latency: 6.35234 ms - Host latency: 6.35234 ms (enqueue 6.34478 ms)
[02/27/2026-11:04:24] [I] Average on 10 runs - GPU latency: 6.35652 ms - Host latency: 6.35652 ms (enqueue 6.34875 ms)
[02/27/2026-11:04:24] [I] Average on 10 runs - GPU latency: 6.35522 ms - Host latency: 6.35522 ms (enqueue 6.34692 ms)
[02/27/2026-11:04:24] [I] Average on 10 runs - GPU latency: 6.35598 ms - Host latency: 6.35598 ms (enqueue 6.34768 ms)
[02/27/2026-11:04:24] [I] Average on 10 runs - GPU latency: 6.35527 ms - Host latency: 6.35527 ms (enqueue 6.34746 ms)
[02/27/2026-11:04:24] [I] Average on 10 runs - GPU latency: 6.35522 ms - Host latency: 6.35522 ms (enqueue 6.34692 ms)
[02/27/2026-11:04:24] [I] Average on 10 runs - GPU latency: 6.35747 ms - Host latency: 6.35747 ms (enqueue 6.34941 ms)
[02/27/2026-11:04:24] [I] Average on 10 runs - GPU latency: 6.35891 ms - Host latency: 6.35891 ms (enqueue 6.35081 ms)
[02/27/2026-11:04:24] [I] Average on 10 runs - GPU latency: 6.35637 ms - Host latency: 6.35637 ms (enqueue 6.34819 ms)
[02/27/2026-11:04:24] [I] Average on 10 runs - GPU latency: 6.35747 ms - Host latency: 6.35747 ms (enqueue 6.3491 ms)
[02/27/2026-11:04:24] [I] Average on 10 runs - GPU latency: 6.35767 ms - Host latency: 6.35767 ms (enqueue 6.34961 ms)
[02/27/2026-11:04:24] [I] Average on 10 runs - GPU latency: 6.35308 ms - Host latency: 6.35308 ms (enqueue 6.34546 ms)
[02/27/2026-11:04:24] [I] Average on 10 runs - GPU latency: 6.4293 ms - Host latency: 6.4293 ms (enqueue 6.4991 ms)
[02/27/2026-11:04:24] [I] Average on 10 runs - GPU latency: 6.36011 ms - Host latency: 6.36011 ms (enqueue 6.35178 ms)
[02/27/2026-11:04:24] [I] Average on 10 runs - GPU latency: 6.35762 ms - Host latency: 6.35762 ms (enqueue 6.34971 ms)
[02/27/2026-11:04:24] [I] Average on 10 runs - GPU latency: 6.35527 ms - Host latency: 6.35527 ms (enqueue 6.34758 ms)
[02/27/2026-11:04:24] [I] Average on 10 runs - GPU latency: 6.35681 ms - Host latency: 6.35681 ms (enqueue 6.34863 ms)
[02/27/2026-11:04:24] [I] 
[02/27/2026-11:04:24] [I] === Performance summary ===
[02/27/2026-11:04:24] [I] Throughput: 156.856 qps
[02/27/2026-11:04:24] [I] Latency: min = 6.32959 ms, max = 6.67261 ms, mean = 6.35815 ms, median = 6.35449 ms, percentile(90%) = 6.37305 ms, percentile(95%) = 6.38428 ms, percentile(99%) = 6.39978 ms
[02/27/2026-11:04:24] [I] Enqueue Time: min = 6.32214 ms, max = 6.67871 ms, mean = 6.35219 ms, median = 6.34644 ms, percentile(90%) = 6.36572 ms, percentile(95%) = 6.37787 ms, percentile(99%) = 6.61938 ms
[02/27/2026-11:04:24] [I] H2D Latency: min = 0 ms, max = 0 ms, mean = 0 ms, median = 0 ms, percentile(90%) = 0 ms, percentile(95%) = 0 ms, percentile(99%) = 0 ms
[02/27/2026-11:04:24] [I] GPU Compute Time: min = 6.32959 ms, max = 6.67261 ms, mean = 6.35815 ms, median = 6.35449 ms, percentile(90%) = 6.37305 ms, percentile(95%) = 6.38428 ms, percentile(99%) = 6.39978 ms
[02/27/2026-11:04:24] [I] D2H Latency: min = 0 ms, max = 0 ms, mean = 0 ms, median = 0 ms, percentile(90%) = 0 ms, percentile(95%) = 0 ms, percentile(99%) = 0 ms
[02/27/2026-11:04:24] [I] Total Host Walltime: 3.0155 s
[02/27/2026-11:04:24] [I] Total GPU Compute Time: 3.00741 s
[02/27/2026-11:04:24] [W] * Throughput may be bound by Enqueue Time rather than GPU Compute and the GPU may be under-utilized.
[02/27/2026-11:04:24] [W]   If not already in use, --useCudaGraph (utilize CUDA graphs where possible) may increase the throughput.
[02/27/2026-11:04:24] [I] Explanations of the performance metrics are printed in the verbose logs.
[02/27/2026-11:04:24] [I] 
&&&& PASSED TensorRT.trtexec [TensorRT v8502] # /usr/src/tensorrt/bin/trtexec --onnx=/home/user/Edge-ML/models/v4/CNN-LSTM/bs32/CNN-LSTM.onnx --saveEngine=/home/user/Edge-ML/models/v4/CNN-LSTM/bs32/CNN-LSTM_fp32.engine --exportLayerInfo=/home/user/Edge-ML/models/v4/CNN-LSTM/bs32/logs/quantisation_fp32_layers.json --memPoolSize=workspace:4096MiB --tacticSources=+CUBLAS,+CUBLAS_LT,+CUDNN --noDataTransfers
