/usr/src/tensorrt/bin/trtexec --onnx=/home/user/Edge-ML/models/v4/CNN-LSTM/bs32/CNN-LSTM.onnx --saveEngine=/home/user/Edge-ML/models/v4/CNN-LSTM/bs32/CNN-LSTM_int8.engine --int8 --fp16 --exportLayerInfo=/home/user/Edge-ML/models/v4/CNN-LSTM/bs32/logs/quantisation_int8_layers.json --memPoolSize=workspace:4096MiB --tacticSources=+CUBLAS,+CUBLAS_LT,+CUDNN --noDataTransfers --calib=/home/user/Edge-ML/models/v4/CNN-LSTM/bs32/CNN-LSTM.cache

&&&& RUNNING TensorRT.trtexec [TensorRT v8502] # /usr/src/tensorrt/bin/trtexec --onnx=/home/user/Edge-ML/models/v4/CNN-LSTM/bs32/CNN-LSTM.onnx --saveEngine=/home/user/Edge-ML/models/v4/CNN-LSTM/bs32/CNN-LSTM_int8.engine --int8 --fp16 --exportLayerInfo=/home/user/Edge-ML/models/v4/CNN-LSTM/bs32/logs/quantisation_int8_layers.json --memPoolSize=workspace:4096MiB --tacticSources=+CUBLAS,+CUBLAS_LT,+CUDNN --noDataTransfers --calib=/home/user/Edge-ML/models/v4/CNN-LSTM/bs32/CNN-LSTM.cache
[02/27/2026-11:05:00] [I] === Model Options ===
[02/27/2026-11:05:00] [I] Format: ONNX
[02/27/2026-11:05:00] [I] Model: /home/user/Edge-ML/models/v4/CNN-LSTM/bs32/CNN-LSTM.onnx
[02/27/2026-11:05:00] [I] Output:
[02/27/2026-11:05:00] [I] === Build Options ===
[02/27/2026-11:05:00] [I] Max batch: explicit batch
[02/27/2026-11:05:00] [I] Memory Pools: workspace: 4096 MiB, dlaSRAM: default, dlaLocalDRAM: default, dlaGlobalDRAM: default
[02/27/2026-11:05:00] [I] minTiming: 1
[02/27/2026-11:05:00] [I] avgTiming: 8
[02/27/2026-11:05:00] [I] Precision: FP32+FP16+INT8
[02/27/2026-11:05:00] [I] LayerPrecisions: 
[02/27/2026-11:05:00] [I] Calibration: /home/user/Edge-ML/models/v4/CNN-LSTM/bs32/CNN-LSTM.cache
[02/27/2026-11:05:00] [I] Refit: Disabled
[02/27/2026-11:05:00] [I] Sparsity: Disabled
[02/27/2026-11:05:00] [I] Safe mode: Disabled
[02/27/2026-11:05:00] [I] DirectIO mode: Disabled
[02/27/2026-11:05:00] [I] Restricted mode: Disabled
[02/27/2026-11:05:00] [I] Build only: Disabled
[02/27/2026-11:05:00] [I] Save engine: /home/user/Edge-ML/models/v4/CNN-LSTM/bs32/CNN-LSTM_int8.engine
[02/27/2026-11:05:00] [I] Load engine: 
[02/27/2026-11:05:00] [I] Profiling verbosity: 0
[02/27/2026-11:05:00] [I] Tactic sources: cublas [ON], cublasLt [ON], cudnn [ON], 
[02/27/2026-11:05:00] [I] timingCacheMode: local
[02/27/2026-11:05:00] [I] timingCacheFile: 
[02/27/2026-11:05:00] [I] Heuristic: Disabled
[02/27/2026-11:05:00] [I] Preview Features: Use default preview flags.
[02/27/2026-11:05:00] [I] Input(s)s format: fp32:CHW
[02/27/2026-11:05:00] [I] Output(s)s format: fp32:CHW
[02/27/2026-11:05:00] [I] Input build shapes: model
[02/27/2026-11:05:00] [I] Input calibration shapes: model
[02/27/2026-11:05:00] [I] === System Options ===
[02/27/2026-11:05:00] [I] Device: 0
[02/27/2026-11:05:00] [I] DLACore: 
[02/27/2026-11:05:00] [I] Plugins:
[02/27/2026-11:05:00] [I] === Inference Options ===
[02/27/2026-11:05:00] [I] Batch: Explicit
[02/27/2026-11:05:00] [I] Input inference shapes: model
[02/27/2026-11:05:00] [I] Iterations: 10
[02/27/2026-11:05:00] [I] Duration: 3s (+ 200ms warm up)
[02/27/2026-11:05:00] [I] Sleep time: 0ms
[02/27/2026-11:05:00] [I] Idle time: 0ms
[02/27/2026-11:05:00] [I] Streams: 1
[02/27/2026-11:05:00] [I] ExposeDMA: Disabled
[02/27/2026-11:05:00] [I] Data transfers: Disabled
[02/27/2026-11:05:00] [I] Spin-wait: Disabled
[02/27/2026-11:05:00] [I] Multithreading: Disabled
[02/27/2026-11:05:00] [I] CUDA Graph: Disabled
[02/27/2026-11:05:00] [I] Separate profiling: Disabled
[02/27/2026-11:05:00] [I] Time Deserialize: Disabled
[02/27/2026-11:05:00] [I] Time Refit: Disabled
[02/27/2026-11:05:00] [I] NVTX verbosity: 0
[02/27/2026-11:05:00] [I] Persistent Cache Ratio: 0
[02/27/2026-11:05:00] [I] Inputs:
[02/27/2026-11:05:00] [I] === Reporting Options ===
[02/27/2026-11:05:00] [I] Verbose: Disabled
[02/27/2026-11:05:00] [I] Averages: 10 inferences
[02/27/2026-11:05:00] [I] Percentiles: 90,95,99
[02/27/2026-11:05:00] [I] Dump refittable layers:Disabled
[02/27/2026-11:05:00] [I] Dump output: Disabled
[02/27/2026-11:05:00] [I] Profile: Disabled
[02/27/2026-11:05:00] [I] Export timing to JSON file: 
[02/27/2026-11:05:00] [I] Export output to JSON file: 
[02/27/2026-11:05:00] [I] Export profile to JSON file: 
[02/27/2026-11:05:00] [I] 
[02/27/2026-11:05:00] [I] === Device Information ===
[02/27/2026-11:05:00] [I] Selected Device: Orin
[02/27/2026-11:05:00] [I] Compute Capability: 8.7
[02/27/2026-11:05:00] [I] SMs: 4
[02/27/2026-11:05:00] [I] Compute Clock Rate: 0.624 GHz
[02/27/2026-11:05:00] [I] Device Global Memory: 3425 MiB
[02/27/2026-11:05:00] [I] Shared Memory per SM: 164 KiB
[02/27/2026-11:05:00] [I] Memory Bus Width: 128 bits (ECC disabled)
[02/27/2026-11:05:00] [I] Memory Clock Rate: 0.624 GHz
[02/27/2026-11:05:00] [I] 
[02/27/2026-11:05:00] [I] TensorRT version: 8.5.2
[02/27/2026-11:05:00] [I] [TRT] [MemUsageChange] Init CUDA: CPU +220, GPU +0, now: CPU 249, GPU 1622 (MiB)
[02/27/2026-11:05:03] [I] [TRT] [MemUsageChange] Init builder kernel library: CPU +302, GPU +300, now: CPU 574, GPU 1943 (MiB)
[02/27/2026-11:05:03] [I] Start parsing network model
[02/27/2026-11:05:03] [I] [TRT] ----------------------------------------------------------------
[02/27/2026-11:05:03] [I] [TRT] Input filename:   /home/user/Edge-ML/models/v4/CNN-LSTM/bs32/CNN-LSTM.onnx
[02/27/2026-11:05:03] [I] [TRT] ONNX IR version:  0.0.7
[02/27/2026-11:05:03] [I] [TRT] Opset version:    12
[02/27/2026-11:05:03] [I] [TRT] Producer name:    pytorch
[02/27/2026-11:05:03] [I] [TRT] Producer version: 2.5.1
[02/27/2026-11:05:03] [I] [TRT] Domain:           
[02/27/2026-11:05:03] [I] [TRT] Model version:    0
[02/27/2026-11:05:03] [I] [TRT] Doc string:       
[02/27/2026-11:05:03] [I] [TRT] ----------------------------------------------------------------
[02/27/2026-11:05:03] [W] [TRT] onnx2trt_utils.cpp:375: Your ONNX model has been generated with INT64 weights, while TensorRT does not natively support INT64. Attempting to cast down to INT32.
[02/27/2026-11:05:03] [I] Finish parsing network model
[02/27/2026-11:05:03] [I] [TRT] Reading Calibration Cache for calibrator: EntropyCalibration2
[02/27/2026-11:05:03] [I] [TRT] Generated calibration scales using calibration cache. Make sure that calibration cache has latest scales.
[02/27/2026-11:05:03] [I] [TRT] To regenerate calibration cache, please delete the existing one. TensorRT will generate a new calibration cache.
[02/27/2026-11:05:03] [W] [TRT] Missing scale and zero-point for tensor (Unnamed Layer* 21) [Constant]_output, expect fall back to non-int8 implementation for any layer consuming or producing given tensor
[02/27/2026-11:05:03] [W] [TRT] Missing scale and zero-point for tensor /lstm/Expand_output_0, expect fall back to non-int8 implementation for any layer consuming or producing given tensor
[02/27/2026-11:05:03] [W] [TRT] Missing scale and zero-point for tensor (Unnamed Layer* 36) [Constant]_output, expect fall back to non-int8 implementation for any layer consuming or producing given tensor
[02/27/2026-11:05:03] [W] [TRT] Missing scale and zero-point for tensor /lstm/Expand_1_output_0, expect fall back to non-int8 implementation for any layer consuming or producing given tensor
[02/27/2026-11:05:03] [W] [TRT] Missing scale and zero-point for tensor (Unnamed Layer* 44) [Constant]_output, expect fall back to non-int8 implementation for any layer consuming or producing given tensor
[02/27/2026-11:05:03] [W] [TRT] Missing scale and zero-point for tensor (Unnamed Layer* 45) [Constant]_output, expect fall back to non-int8 implementation for any layer consuming or producing given tensor
[02/27/2026-11:05:03] [W] [TRT] Missing scale and zero-point for tensor (Unnamed Layer* 53) [Constant]_output, expect fall back to non-int8 implementation for any layer consuming or producing given tensor
[02/27/2026-11:05:03] [W] [TRT] Missing scale and zero-point for tensor (Unnamed Layer* 55) [Iterator]_output, expect fall back to non-int8 implementation for any layer consuming or producing given tensor
[02/27/2026-11:05:03] [W] [TRT] Missing scale and zero-point for tensor (Unnamed Layer* 56) [Shuffle]_output, expect fall back to non-int8 implementation for any layer consuming or producing given tensor
[02/27/2026-11:05:03] [W] [TRT] Missing scale and zero-point for tensor (Unnamed Layer* 57) [Recurrence]_output, expect fall back to non-int8 implementation for any layer consuming or producing given tensor
[02/27/2026-11:05:03] [W] [TRT] Missing scale and zero-point for tensor (Unnamed Layer* 58) [Recurrence]_output, expect fall back to non-int8 implementation for any layer consuming or producing given tensor
[02/27/2026-11:05:03] [W] [TRT] Missing scale and zero-point for tensor (Unnamed Layer* 59) [Matrix Multiply]_output, expect fall back to non-int8 implementation for any layer consuming or producing given tensor
[02/27/2026-11:05:03] [W] [TRT] Missing scale and zero-point for tensor (Unnamed Layer* 60) [Matrix Multiply]_output, expect fall back to non-int8 implementation for any layer consuming or producing given tensor
[02/27/2026-11:05:03] [W] [TRT] Missing scale and zero-point for tensor (Unnamed Layer* 61) [ElementWise]_output, expect fall back to non-int8 implementation for any layer consuming or producing given tensor
[02/27/2026-11:05:03] [W] [TRT] Missing scale and zero-point for tensor (Unnamed Layer* 62) [ElementWise]_output, expect fall back to non-int8 implementation for any layer consuming or producing given tensor
[02/27/2026-11:05:03] [W] [TRT] Missing scale and zero-point for tensor (Unnamed Layer* 63) [Slice]_output, expect fall back to non-int8 implementation for any layer consuming or producing given tensor
[02/27/2026-11:05:03] [W] [TRT] Missing scale and zero-point for tensor (Unnamed Layer* 65) [Activation]_output, expect fall back to non-int8 implementation for any layer consuming or producing given tensor
[02/27/2026-11:05:03] [W] [TRT] Missing scale and zero-point for tensor (Unnamed Layer* 66) [Slice]_output, expect fall back to non-int8 implementation for any layer consuming or producing given tensor
[02/27/2026-11:05:03] [W] [TRT] Missing scale and zero-point for tensor (Unnamed Layer* 68) [Activation]_output, expect fall back to non-int8 implementation for any layer consuming or producing given tensor
[02/27/2026-11:05:03] [W] [TRT] Missing scale and zero-point for tensor (Unnamed Layer* 69) [Slice]_output, expect fall back to non-int8 implementation for any layer consuming or producing given tensor
[02/27/2026-11:05:03] [W] [TRT] Missing scale and zero-point for tensor (Unnamed Layer* 71) [Activation]_output, expect fall back to non-int8 implementation for any layer consuming or producing given tensor
[02/27/2026-11:05:03] [W] [TRT] Missing scale and zero-point for tensor (Unnamed Layer* 72) [ElementWise]_output, expect fall back to non-int8 implementation for any layer consuming or producing given tensor
[02/27/2026-11:05:03] [W] [TRT] Missing scale and zero-point for tensor (Unnamed Layer* 73) [ElementWise]_output, expect fall back to non-int8 implementation for any layer consuming or producing given tensor
[02/27/2026-11:05:03] [W] [TRT] Missing scale and zero-point for tensor (Unnamed Layer* 74) [ElementWise]_output, expect fall back to non-int8 implementation for any layer consuming or producing given tensor
[02/27/2026-11:05:03] [W] [TRT] Missing scale and zero-point for tensor (Unnamed Layer* 77) [Slice]_output, expect fall back to non-int8 implementation for any layer consuming or producing given tensor
[02/27/2026-11:05:03] [W] [TRT] Missing scale and zero-point for tensor (Unnamed Layer* 79) [Activation]_output, expect fall back to non-int8 implementation for any layer consuming or producing given tensor
[02/27/2026-11:05:03] [W] [TRT] Missing scale and zero-point for tensor (Unnamed Layer* 80) [Activation]_output, expect fall back to non-int8 implementation for any layer consuming or producing given tensor
[02/27/2026-11:05:03] [W] [TRT] Missing scale and zero-point for tensor (Unnamed Layer* 81) [ElementWise]_output, expect fall back to non-int8 implementation for any layer consuming or producing given tensor
[02/27/2026-11:05:03] [W] [TRT] Missing scale and zero-point for tensor (Unnamed Layer* 94) [Constant]_output, expect fall back to non-int8 implementation for any layer consuming or producing given tensor
[02/27/2026-11:05:03] [W] [TRT] Missing scale and zero-point for tensor /lstm/Expand_2_output_0, expect fall back to non-int8 implementation for any layer consuming or producing given tensor
[02/27/2026-11:05:03] [W] [TRT] Missing scale and zero-point for tensor (Unnamed Layer* 109) [Constant]_output, expect fall back to non-int8 implementation for any layer consuming or producing given tensor
[02/27/2026-11:05:03] [W] [TRT] Missing scale and zero-point for tensor /lstm/Expand_3_output_0, expect fall back to non-int8 implementation for any layer consuming or producing given tensor
[02/27/2026-11:05:03] [W] [TRT] Missing scale and zero-point for tensor (Unnamed Layer* 117) [Constant]_output, expect fall back to non-int8 implementation for any layer consuming or producing given tensor
[02/27/2026-11:05:03] [W] [TRT] Missing scale and zero-point for tensor (Unnamed Layer* 118) [Constant]_output, expect fall back to non-int8 implementation for any layer consuming or producing given tensor
[02/27/2026-11:05:03] [W] [TRT] Missing scale and zero-point for tensor (Unnamed Layer* 126) [Constant]_output, expect fall back to non-int8 implementation for any layer consuming or producing given tensor
[02/27/2026-11:05:03] [W] [TRT] Missing scale and zero-point for tensor (Unnamed Layer* 128) [Iterator]_output, expect fall back to non-int8 implementation for any layer consuming or producing given tensor
[02/27/2026-11:05:03] [W] [TRT] Missing scale and zero-point for tensor (Unnamed Layer* 129) [Shuffle]_output, expect fall back to non-int8 implementation for any layer consuming or producing given tensor
[02/27/2026-11:05:03] [W] [TRT] Missing scale and zero-point for tensor (Unnamed Layer* 130) [Recurrence]_output, expect fall back to non-int8 implementation for any layer consuming or producing given tensor
[02/27/2026-11:05:03] [W] [TRT] Missing scale and zero-point for tensor (Unnamed Layer* 131) [Recurrence]_output, expect fall back to non-int8 implementation for any layer consuming or producing given tensor
[02/27/2026-11:05:03] [W] [TRT] Missing scale and zero-point for tensor (Unnamed Layer* 132) [Matrix Multiply]_output, expect fall back to non-int8 implementation for any layer consuming or producing given tensor
[02/27/2026-11:05:03] [W] [TRT] Missing scale and zero-point for tensor (Unnamed Layer* 133) [Matrix Multiply]_output, expect fall back to non-int8 implementation for any layer consuming or producing given tensor
[02/27/2026-11:05:03] [W] [TRT] Missing scale and zero-point for tensor (Unnamed Layer* 134) [ElementWise]_output, expect fall back to non-int8 implementation for any layer consuming or producing given tensor
[02/27/2026-11:05:03] [W] [TRT] Missing scale and zero-point for tensor (Unnamed Layer* 135) [ElementWise]_output, expect fall back to non-int8 implementation for any layer consuming or producing given tensor
[02/27/2026-11:05:03] [W] [TRT] Missing scale and zero-point for tensor (Unnamed Layer* 136) [Slice]_output, expect fall back to non-int8 implementation for any layer consuming or producing given tensor
[02/27/2026-11:05:03] [W] [TRT] Missing scale and zero-point for tensor (Unnamed Layer* 138) [Activation]_output, expect fall back to non-int8 implementation for any layer consuming or producing given tensor
[02/27/2026-11:05:03] [W] [TRT] Missing scale and zero-point for tensor (Unnamed Layer* 139) [Slice]_output, expect fall back to non-int8 implementation for any layer consuming or producing given tensor
[02/27/2026-11:05:03] [W] [TRT] Missing scale and zero-point for tensor (Unnamed Layer* 141) [Activation]_output, expect fall back to non-int8 implementation for any layer consuming or producing given tensor
[02/27/2026-11:05:03] [W] [TRT] Missing scale and zero-point for tensor (Unnamed Layer* 142) [Slice]_output, expect fall back to non-int8 implementation for any layer consuming or producing given tensor
[02/27/2026-11:05:03] [W] [TRT] Missing scale and zero-point for tensor (Unnamed Layer* 144) [Activation]_output, expect fall back to non-int8 implementation for any layer consuming or producing given tensor
[02/27/2026-11:05:03] [W] [TRT] Missing scale and zero-point for tensor (Unnamed Layer* 145) [ElementWise]_output, expect fall back to non-int8 implementation for any layer consuming or producing given tensor
[02/27/2026-11:05:03] [W] [TRT] Missing scale and zero-point for tensor (Unnamed Layer* 146) [ElementWise]_output, expect fall back to non-int8 implementation for any layer consuming or producing given tensor
[02/27/2026-11:05:03] [W] [TRT] Missing scale and zero-point for tensor (Unnamed Layer* 147) [ElementWise]_output, expect fall back to non-int8 implementation for any layer consuming or producing given tensor
[02/27/2026-11:05:03] [W] [TRT] Missing scale and zero-point for tensor (Unnamed Layer* 150) [Slice]_output, expect fall back to non-int8 implementation for any layer consuming or producing given tensor
[02/27/2026-11:05:03] [W] [TRT] Missing scale and zero-point for tensor (Unnamed Layer* 152) [Activation]_output, expect fall back to non-int8 implementation for any layer consuming or producing given tensor
[02/27/2026-11:05:03] [W] [TRT] Missing scale and zero-point for tensor (Unnamed Layer* 153) [Activation]_output, expect fall back to non-int8 implementation for any layer consuming or producing given tensor
[02/27/2026-11:05:03] [W] [TRT] Missing scale and zero-point for tensor (Unnamed Layer* 154) [ElementWise]_output, expect fall back to non-int8 implementation for any layer consuming or producing given tensor
[02/27/2026-11:05:03] [W] [TRT] Missing scale and zero-point for tensor (Unnamed Layer* 161) [Constant]_output, expect fall back to non-int8 implementation for any layer consuming or producing given tensor
[02/27/2026-11:05:03] [I] [TRT] ---------- Layers Running on DLA ----------
[02/27/2026-11:05:03] [I] [TRT] ---------- Layers Running on GPU ----------
[02/27/2026-11:05:03] [I] [TRT] [GpuLayer] SHUFFLE: /Unsqueeze + (Unnamed Layer* 1) [Shuffle]
[02/27/2026-11:05:03] [I] [TRT] [GpuLayer] SHUFFLE: shuffle_between_(Unnamed Layer* 1) [Shuffle]_output_and_/cnn/cnn.0/Conv + /cnn/cnn.2/Relu
[02/27/2026-11:05:03] [I] [TRT] [GpuLayer] CONVOLUTION: /cnn/cnn.0/Conv + /cnn/cnn.2/Relu
[02/27/2026-11:05:03] [I] [TRT] [GpuLayer] SHUFFLE: shuffle_after_/cnn/cnn.2/Relu_out_tensor
[02/27/2026-11:05:03] [I] [TRT] [GpuLayer] SHUFFLE: shuffle_between_/cnn/cnn.2/Relu_out_tensor_and_/cnn/cnn.4/Conv + /cnn/cnn.6/Relu
[02/27/2026-11:05:03] [I] [TRT] [GpuLayer] CONVOLUTION: /cnn/cnn.4/Conv + /cnn/cnn.6/Relu
[02/27/2026-11:05:03] [I] [TRT] [GpuLayer] SHUFFLE: shuffle_after_/cnn/cnn.6/Relu_out_tensor
[02/27/2026-11:05:03] [I] [TRT] [GpuLayer] SHUFFLE: shuffle_between_/cnn/cnn.6/Relu_out_tensor_and_/cnn/cnn.8/Conv
[02/27/2026-11:05:03] [I] [TRT] [GpuLayer] CONVOLUTION: /cnn/cnn.8/Conv
[02/27/2026-11:05:03] [I] [TRT] [GpuLayer] SHUFFLE: shuffle_after_(Unnamed Layer* 10) [Convolution]_output
[02/27/2026-11:05:03] [I] [TRT] [GpuLayer] MYELIN: {ForeignNode[onnx::LSTM_252.../Squeeze]}
[02/27/2026-11:05:05] [I] [TRT] [MemUsageChange] Init cuBLAS/cuBLASLt: CPU +534, GPU +579, now: CPU 1109, GPU 2522 (MiB)
[02/27/2026-11:05:05] [I] [TRT] [MemUsageChange] Init cuDNN: CPU +83, GPU +178, now: CPU 1192, GPU 2700 (MiB)
[02/27/2026-11:05:05] [I] [TRT] Local timing cache in use. Profiling results in this builder pass will not be stored.
[02/27/2026-11:05:24] [W] [TRT] Tactic Device request: 391MB Available: 366MB. Device memory is insufficient to use tactic.
[02/27/2026-11:05:24] [W] [TRT] Skipping tactic 8 due to insufficient memory on requested size of 391 detected for tactic 0x000000000000003c.
Try decreasing the workspace size with IBuilderConfig::setMemoryPoolLimit().
[02/27/2026-11:05:24] [W] [TRT] Tactic Device request: 391MB Available: 366MB. Device memory is insufficient to use tactic.
[02/27/2026-11:05:24] [W] [TRT] Skipping tactic 13 due to insufficient memory on requested size of 391 detected for tactic 0x0000000000000074.
Try decreasing the workspace size with IBuilderConfig::setMemoryPoolLimit().
[02/27/2026-11:05:25] [W] [TRT] Tactic Device request: 390MB Available: 366MB. Device memory is insufficient to use tactic.
[02/27/2026-11:05:25] [W] [TRT] Skipping tactic 3 due to insufficient memory on requested size of 390 detected for tactic 0x0000000000000004.
Try decreasing the workspace size with IBuilderConfig::setMemoryPoolLimit().
[02/27/2026-11:05:25] [W] [TRT] Tactic Device request: 390MB Available: 366MB. Device memory is insufficient to use tactic.
[02/27/2026-11:05:25] [W] [TRT] Skipping tactic 7 due to insufficient memory on requested size of 390 detected for tactic 0x000000000000003c.
Try decreasing the workspace size with IBuilderConfig::setMemoryPoolLimit().
[02/27/2026-11:05:38] [I] [TRT] Total Activation Memory: 4295862272
[02/27/2026-11:05:38] [I] [TRT] Detected 1 inputs and 1 output network tensors.
[02/27/2026-11:05:38] [I] [TRT] Total Host Persistent Memory: 8928
[02/27/2026-11:05:38] [I] [TRT] Total Device Persistent Memory: 0
[02/27/2026-11:05:38] [I] [TRT] Total Scratch Memory: 3523584
[02/27/2026-11:05:38] [I] [TRT] [MemUsageStats] Peak memory usage of TRT CPU/GPU memory allocators: CPU 0 MiB, GPU 395 MiB
[02/27/2026-11:05:38] [I] [TRT] [BlockAssignment] Started assigning block shifts. This will take 13 steps to complete.
[02/27/2026-11:05:38] [I] [TRT] [BlockAssignment] Algorithm ShiftNTopDown took 0.427776ms to assign 4 blocks to 13 nodes requiring 4016128 bytes.
[02/27/2026-11:05:38] [I] [TRT] Total Activation Memory: 4016128
[02/27/2026-11:05:38] [W] [TRT] TensorRT encountered issues when converting weights between types and that could affect accuracy.
[02/27/2026-11:05:38] [W] [TRT] If this is not the desired behavior, please modify the weights or retrain with regularization to adjust the magnitude of the weights.
[02/27/2026-11:05:38] [W] [TRT] Check verbose logs for the list of affected weights.
[02/27/2026-11:05:38] [W] [TRT] - 7 weights are affected by this issue: Detected subnormal FP16 values.
[02/27/2026-11:05:38] [I] [TRT] [MemUsageChange] TensorRT-managed allocation in building engine: CPU +0, GPU +4, now: CPU 0, GPU 4 (MiB)
[02/27/2026-11:05:38] [I] Engine built in 38.2439 sec.
[02/27/2026-11:05:39] [I] [TRT] Loaded engine size: 0 MiB
[02/27/2026-11:05:39] [I] [TRT] [MemUsageChange] TensorRT-managed allocation in engine deserialization: CPU +0, GPU +0, now: CPU 0, GPU 0 (MiB)
[02/27/2026-11:05:39] [I] Engine deserialized in 0.00845312 sec.
[02/27/2026-11:05:39] [I] [TRT] [MemUsageChange] TensorRT-managed allocation in IExecutionContext creation: CPU +0, GPU +4, now: CPU 0, GPU 4 (MiB)
[02/27/2026-11:05:39] [I] Setting persistentCacheLimit to 0 bytes.
[02/27/2026-11:05:39] [I] Using random values for input input
[02/27/2026-11:05:39] [I] Created input binding for input with dimensions 32x120
[02/27/2026-11:05:39] [I] Using random values for output capacity
[02/27/2026-11:05:39] [I] Created output binding for capacity with dimensions 32
[02/27/2026-11:05:39] [I] [TRT] The profiling verbosity was set to ProfilingVerbosity::kLAYER_NAMES_ONLY when the engine was built, so only the layer names will be returned. Rebuild the engine with ProfilingVerbosity::kDETAILED to get more verbose layer information.
[02/27/2026-11:05:39] [I] Starting inference
[02/27/2026-11:05:42] [I] Warmup completed 35 queries over 200 ms
[02/27/2026-11:05:42] [I] Timing trace has 523 queries over 3.01182 s
[02/27/2026-11:05:42] [I] 
[02/27/2026-11:05:42] [I] === Trace details ===
[02/27/2026-11:05:42] [I] Trace averages of 10 runs:
[02/27/2026-11:05:42] [I] Average on 10 runs - GPU latency: 5.73829 ms - Host latency: 5.73829 ms (enqueue 5.73187 ms)
[02/27/2026-11:05:42] [I] Average on 10 runs - GPU latency: 5.73531 ms - Host latency: 5.73531 ms (enqueue 5.72861 ms)
[02/27/2026-11:05:42] [I] Average on 10 runs - GPU latency: 5.73888 ms - Host latency: 5.73888 ms (enqueue 5.73184 ms)
[02/27/2026-11:05:42] [I] Average on 10 runs - GPU latency: 5.73617 ms - Host latency: 5.73617 ms (enqueue 5.75834 ms)
[02/27/2026-11:05:42] [I] Average on 10 runs - GPU latency: 5.73277 ms - Host latency: 5.73277 ms (enqueue 5.72613 ms)
[02/27/2026-11:05:42] [I] Average on 10 runs - GPU latency: 5.76758 ms - Host latency: 5.76758 ms (enqueue 5.75958 ms)
[02/27/2026-11:05:42] [I] Average on 10 runs - GPU latency: 5.73765 ms - Host latency: 5.73765 ms (enqueue 5.73098 ms)
[02/27/2026-11:05:42] [I] Average on 10 runs - GPU latency: 5.73895 ms - Host latency: 5.73895 ms (enqueue 5.73221 ms)
[02/27/2026-11:05:42] [I] Average on 10 runs - GPU latency: 5.73503 ms - Host latency: 5.73503 ms (enqueue 5.72817 ms)
[02/27/2026-11:05:42] [I] Average on 10 runs - GPU latency: 5.73888 ms - Host latency: 5.73888 ms (enqueue 5.73218 ms)
[02/27/2026-11:05:42] [I] Average on 10 runs - GPU latency: 5.73534 ms - Host latency: 5.73534 ms (enqueue 5.72888 ms)
[02/27/2026-11:05:42] [I] Average on 10 runs - GPU latency: 5.76738 ms - Host latency: 5.76738 ms (enqueue 5.75912 ms)
[02/27/2026-11:05:42] [I] Average on 10 runs - GPU latency: 5.74053 ms - Host latency: 5.74053 ms (enqueue 5.73365 ms)
[02/27/2026-11:05:42] [I] Average on 10 runs - GPU latency: 5.7325 ms - Host latency: 5.7325 ms (enqueue 5.72601 ms)
[02/27/2026-11:05:42] [I] Average on 10 runs - GPU latency: 5.73344 ms - Host latency: 5.73344 ms (enqueue 5.72706 ms)
[02/27/2026-11:05:42] [I] Average on 10 runs - GPU latency: 5.73264 ms - Host latency: 5.73264 ms (enqueue 5.72573 ms)
[02/27/2026-11:05:42] [I] Average on 10 runs - GPU latency: 5.76873 ms - Host latency: 5.76873 ms (enqueue 5.73102 ms)
[02/27/2026-11:05:42] [I] Average on 10 runs - GPU latency: 5.7364 ms - Host latency: 5.7364 ms (enqueue 5.7587 ms)
[02/27/2026-11:05:42] [I] Average on 10 runs - GPU latency: 5.73402 ms - Host latency: 5.73402 ms (enqueue 5.7277 ms)
[02/27/2026-11:05:42] [I] Average on 10 runs - GPU latency: 5.73687 ms - Host latency: 5.73687 ms (enqueue 5.73042 ms)
[02/27/2026-11:05:42] [I] Average on 10 runs - GPU latency: 5.73821 ms - Host latency: 5.73821 ms (enqueue 5.73173 ms)
[02/27/2026-11:05:42] [I] Average on 10 runs - GPU latency: 5.73567 ms - Host latency: 5.73567 ms (enqueue 5.72888 ms)
[02/27/2026-11:05:42] [I] Average on 10 runs - GPU latency: 5.73782 ms - Host latency: 5.73782 ms (enqueue 5.73114 ms)
[02/27/2026-11:05:42] [I] Average on 10 runs - GPU latency: 5.79791 ms - Host latency: 5.79791 ms (enqueue 5.78826 ms)
[02/27/2026-11:05:42] [I] Average on 10 runs - GPU latency: 5.73206 ms - Host latency: 5.73206 ms (enqueue 5.72524 ms)
[02/27/2026-11:05:42] [I] Average on 10 runs - GPU latency: 5.73425 ms - Host latency: 5.73425 ms (enqueue 5.72732 ms)
[02/27/2026-11:05:42] [I] Average on 10 runs - GPU latency: 5.76903 ms - Host latency: 5.76903 ms (enqueue 5.76106 ms)
[02/27/2026-11:05:42] [I] Average on 10 runs - GPU latency: 5.73401 ms - Host latency: 5.73401 ms (enqueue 5.72699 ms)
[02/27/2026-11:05:42] [I] Average on 10 runs - GPU latency: 5.73314 ms - Host latency: 5.73314 ms (enqueue 5.72636 ms)
[02/27/2026-11:05:42] [I] Average on 10 runs - GPU latency: 5.77345 ms - Host latency: 5.77345 ms (enqueue 5.76487 ms)
[02/27/2026-11:05:42] [I] Average on 10 runs - GPU latency: 5.76337 ms - Host latency: 5.76337 ms (enqueue 5.75555 ms)
[02/27/2026-11:05:42] [I] Average on 10 runs - GPU latency: 5.73488 ms - Host latency: 5.73488 ms (enqueue 5.7287 ms)
[02/27/2026-11:05:42] [I] Average on 10 runs - GPU latency: 5.73662 ms - Host latency: 5.73662 ms (enqueue 5.72999 ms)
[02/27/2026-11:05:42] [I] Average on 10 runs - GPU latency: 5.82751 ms - Host latency: 5.82751 ms (enqueue 5.79001 ms)
[02/27/2026-11:05:42] [I] Average on 10 runs - GPU latency: 5.80039 ms - Host latency: 5.80039 ms (enqueue 5.7906 ms)
[02/27/2026-11:05:42] [I] Average on 10 runs - GPU latency: 5.73989 ms - Host latency: 5.73989 ms (enqueue 5.76091 ms)
[02/27/2026-11:05:42] [I] Average on 10 runs - GPU latency: 5.73171 ms - Host latency: 5.73171 ms (enqueue 5.72546 ms)
[02/27/2026-11:05:42] [I] Average on 10 runs - GPU latency: 5.73335 ms - Host latency: 5.73335 ms (enqueue 5.72666 ms)
[02/27/2026-11:05:42] [I] Average on 10 runs - GPU latency: 5.7377 ms - Host latency: 5.7377 ms (enqueue 5.73103 ms)
[02/27/2026-11:05:42] [I] Average on 10 runs - GPU latency: 5.7427 ms - Host latency: 5.7427 ms (enqueue 5.73594 ms)
[02/27/2026-11:05:42] [I] Average on 10 runs - GPU latency: 5.73645 ms - Host latency: 5.73645 ms (enqueue 5.72964 ms)
[02/27/2026-11:05:42] [I] Average on 10 runs - GPU latency: 5.7415 ms - Host latency: 5.7415 ms (enqueue 5.73491 ms)
[02/27/2026-11:05:42] [I] Average on 10 runs - GPU latency: 5.74187 ms - Host latency: 5.74187 ms (enqueue 5.73506 ms)
[02/27/2026-11:05:42] [I] Average on 10 runs - GPU latency: 5.79228 ms - Host latency: 5.79228 ms (enqueue 5.81311 ms)
[02/27/2026-11:05:42] [I] Average on 10 runs - GPU latency: 5.7302 ms - Host latency: 5.7302 ms (enqueue 5.753 ms)
[02/27/2026-11:05:42] [I] Average on 10 runs - GPU latency: 5.73552 ms - Host latency: 5.73552 ms (enqueue 5.72883 ms)
[02/27/2026-11:05:42] [I] Average on 10 runs - GPU latency: 5.73289 ms - Host latency: 5.73289 ms (enqueue 5.7261 ms)
[02/27/2026-11:05:42] [I] Average on 10 runs - GPU latency: 5.73555 ms - Host latency: 5.73555 ms (enqueue 5.72842 ms)
[02/27/2026-11:05:42] [I] Average on 10 runs - GPU latency: 5.73625 ms - Host latency: 5.73625 ms (enqueue 5.72915 ms)
[02/27/2026-11:05:42] [I] Average on 10 runs - GPU latency: 5.73193 ms - Host latency: 5.73193 ms (enqueue 5.72544 ms)
[02/27/2026-11:05:42] [I] Average on 10 runs - GPU latency: 5.73232 ms - Host latency: 5.73232 ms (enqueue 5.755 ms)
[02/27/2026-11:05:42] [I] Average on 10 runs - GPU latency: 5.73494 ms - Host latency: 5.73494 ms (enqueue 5.72844 ms)
[02/27/2026-11:05:42] [I] 
[02/27/2026-11:05:42] [I] === Performance summary ===
[02/27/2026-11:05:42] [I] Throughput: 173.649 qps
[02/27/2026-11:05:42] [I] Latency: min = 5.71118 ms, max = 6.05994 ms, mean = 5.74478 ms, median = 5.73584 ms, percentile(90%) = 5.74927 ms, percentile(95%) = 5.75391 ms, percentile(99%) = 6.04053 ms
[02/27/2026-11:05:42] [I] Enqueue Time: min = 5.70508 ms, max = 6.03458 ms, mean = 5.73994 ms, median = 5.72974 ms, percentile(90%) = 5.74292 ms, percentile(95%) = 5.75903 ms, percentile(99%) = 6.021 ms
[02/27/2026-11:05:42] [I] H2D Latency: min = 0 ms, max = 0 ms, mean = 0 ms, median = 0 ms, percentile(90%) = 0 ms, percentile(95%) = 0 ms, percentile(99%) = 0 ms
[02/27/2026-11:05:42] [I] GPU Compute Time: min = 5.71118 ms, max = 6.05994 ms, mean = 5.74478 ms, median = 5.73584 ms, percentile(90%) = 5.74927 ms, percentile(95%) = 5.75391 ms, percentile(99%) = 6.04053 ms
[02/27/2026-11:05:42] [I] D2H Latency: min = 0 ms, max = 0 ms, mean = 0 ms, median = 0 ms, percentile(90%) = 0 ms, percentile(95%) = 0 ms, percentile(99%) = 0 ms
[02/27/2026-11:05:42] [I] Total Host Walltime: 3.01182 s
[02/27/2026-11:05:42] [I] Total GPU Compute Time: 3.00452 s
[02/27/2026-11:05:42] [W] * Throughput may be bound by Enqueue Time rather than GPU Compute and the GPU may be under-utilized.
[02/27/2026-11:05:42] [W]   If not already in use, --useCudaGraph (utilize CUDA graphs where possible) may increase the throughput.
[02/27/2026-11:05:42] [I] Explanations of the performance metrics are printed in the verbose logs.
[02/27/2026-11:05:42] [I] 
&&&& PASSED TensorRT.trtexec [TensorRT v8502] # /usr/src/tensorrt/bin/trtexec --onnx=/home/user/Edge-ML/models/v4/CNN-LSTM/bs32/CNN-LSTM.onnx --saveEngine=/home/user/Edge-ML/models/v4/CNN-LSTM/bs32/CNN-LSTM_int8.engine --int8 --fp16 --exportLayerInfo=/home/user/Edge-ML/models/v4/CNN-LSTM/bs32/logs/quantisation_int8_layers.json --memPoolSize=workspace:4096MiB --tacticSources=+CUBLAS,+CUBLAS_LT,+CUDNN --noDataTransfers --calib=/home/user/Edge-ML/models/v4/CNN-LSTM/bs32/CNN-LSTM.cache
