03-03-2026 15:25:23 RAM 1787/3425MB (lfb 71x1MB) SWAP 220/1713MB (cached 1MB) CPU [0%@1510,50%@1510,0%@1510,0%@1510,0%@1510,0%@1510] EMC_FREQ 0% GR3D_FREQ 87%@[0] CV0@-256C CPU@50.718C SOC2@50.093C SOC0@47.937C CV1@-256C GPU@50.562C tj@51.125C SOC1@51.125C CV2@-256C
03-03-2026 15:25:23 RAM 1787/3425MB (lfb 71x1MB) SWAP 220/1713MB (cached 1MB) CPU [0%@1510,50%@1510,14%@1510,0%@1510,0%@1510,0%@1510] EMC_FREQ 0% GR3D_FREQ 86%@[0] CV0@-256C CPU@50.468C SOC2@50.187C SOC0@48.062C CV1@-256C GPU@50.968C tj@50.968C SOC1@50.937C CV2@-256C
03-03-2026 15:25:23 RAM 1787/3425MB (lfb 71x1MB) SWAP 220/1713MB (cached 1MB) CPU [0%@1510,50%@1510,0%@1510,0%@1510,0%@1510,0%@1510] EMC_FREQ 0% GR3D_FREQ 86%@[0] CV0@-256C CPU@50.937C SOC2@50.062C SOC0@47.968C CV1@-256C GPU@51.062C tj@51.062C SOC1@50.843C CV2@-256C
03-03-2026 15:25:23 RAM 1787/3425MB (lfb 71x1MB) SWAP 220/1713MB (cached 1MB) CPU [0%@1510,60%@1510,16%@1510,0%@1510,0%@1510,0%@1510] EMC_FREQ 0% GR3D_FREQ 86%@[0] CV0@-256C CPU@50.531C SOC2@50.093C SOC0@48.156C CV1@-256C GPU@50.656C tj@50.937C SOC1@50.937C CV2@-256C
03-03-2026 15:25:23 RAM 1787/3425MB (lfb 71x1MB) SWAP 220/1713MB (cached 1MB) CPU [0%@1510,40%@1510,0%@1510,0%@1510,0%@1510,0%@1510] EMC_FREQ 0% GR3D_FREQ 86%@[0] CV0@-256C CPU@51.031C SOC2@50.187C SOC0@47.968C CV1@-256C GPU@50.656C tj@51.031C SOC1@50.875C CV2@-256C
03-03-2026 15:25:23 RAM 1787/3425MB (lfb 71x1MB) SWAP 220/1713MB (cached 1MB) CPU [0%@1510,60%@1510,0%@1510,0%@1510,0%@1510,0%@1510] EMC_FREQ 0% GR3D_FREQ 86%@[0] CV0@-256C CPU@50.468C SOC2@50.062C SOC0@48C CV1@-256C GPU@50.718C tj@51C SOC1@51C CV2@-256C
03-03-2026 15:25:23 RAM 1787/3425MB (lfb 71x1MB) SWAP 220/1713MB (cached 1MB) CPU [0%@1510,50%@1510,0%@1510,0%@1510,0%@1510,0%@1510] EMC_FREQ 0% GR3D_FREQ 87%@[0] CV0@-256C CPU@50.531C SOC2@50.125C SOC0@48C CV1@-256C GPU@50.812C tj@50.875C SOC1@50.875C CV2@-256C
03-03-2026 15:25:23 RAM 1787/3425MB (lfb 71x1MB) SWAP 220/1713MB (cached 1MB) CPU [0%@1510,50%@1510,0%@1510,0%@1510,0%@1510,0%@1510] EMC_FREQ 0% GR3D_FREQ 87%@[0] CV0@-256C CPU@50.562C SOC2@50.125C SOC0@47.937C CV1@-256C GPU@50.687C tj@51.156C SOC1@51.156C CV2@-256C
03-03-2026 15:25:23 RAM 1787/3425MB (lfb 71x1MB) SWAP 220/1713MB (cached 1MB) CPU [0%@1510,60%@1510,0%@1510,0%@1510,0%@1510,0%@1510] EMC_FREQ 0% GR3D_FREQ 86%@[0] CV0@-256C CPU@50.531C SOC2@50.156C SOC0@48.031C CV1@-256C GPU@50.718C tj@50.843C SOC1@50.843C CV2@-256C
03-03-2026 15:25:23 RAM 1787/3425MB (lfb 71x1MB) SWAP 220/1713MB (cached 1MB) CPU [0%@1510,40%@1510,0%@1510,0%@1510,0%@1510,0%@1510] EMC_FREQ 0% GR3D_FREQ 86%@[0] CV0@-256C CPU@50.718C SOC2@50.093C SOC0@47.968C CV1@-256C GPU@50.812C tj@51.156C SOC1@50.843C CV2@-256C
03-03-2026 15:25:23 RAM 1787/3425MB (lfb 71x1MB) SWAP 220/1713MB (cached 1MB) CPU [0%@1510,60%@1510,0%@1510,0%@1510,0%@1510,0%@1510] EMC_FREQ 0% GR3D_FREQ 86%@[0] CV0@-256C CPU@50.531C SOC2@50.125C SOC0@48.156C CV1@-256C GPU@50.968C tj@51.031C SOC1@51.031C CV2@-256C
03-03-2026 15:25:23 RAM 1787/3425MB (lfb 71x1MB) SWAP 220/1713MB (cached 1MB) CPU [0%@1510,40%@1510,0%@1510,0%@1510,0%@1510,0%@1510] EMC_FREQ 0% GR3D_FREQ 86%@[0] CV0@-256C CPU@50.656C SOC2@50C SOC0@48.031C CV1@-256C GPU@51.187C tj@51.187C SOC1@50.906C CV2@-256C
03-03-2026 15:25:23 RAM 1787/3425MB (lfb 71x1MB) SWAP 220/1713MB (cached 1MB) CPU [0%@1510,60%@1510,0%@1510,0%@1510,0%@1510,0%@1510] EMC_FREQ 0% GR3D_FREQ 86%@[0] CV0@-256C CPU@50.531C SOC2@50.031C SOC0@47.906C CV1@-256C GPU@50.5C tj@50.968C SOC1@50.968C CV2@-256C
03-03-2026 15:25:24 RAM 1787/3425MB (lfb 71x1MB) SWAP 220/1713MB (cached 1MB) CPU [0%@1510,50%@1510,0%@1510,0%@1510,0%@1510,0%@1510] EMC_FREQ 0% GR3D_FREQ 86%@[0] CV0@-256C CPU@50.781C SOC2@50.062C SOC0@48.062C CV1@-256C GPU@50.687C tj@50.906C SOC1@50.906C CV2@-256C
03-03-2026 15:25:24 RAM 1787/3425MB (lfb 71x1MB) SWAP 220/1713MB (cached 1MB) CPU [0%@1510,60%@1510,0%@1510,0%@1510,0%@1510,0%@1510] EMC_FREQ 0% GR3D_FREQ 86%@[0] CV0@-256C CPU@50.656C SOC2@50.093C SOC0@47.906C CV1@-256C GPU@51.187C tj@51.187C SOC1@51.093C CV2@-256C
03-03-2026 15:25:24 RAM 1787/3425MB (lfb 71x1MB) SWAP 220/1713MB (cached 1MB) CPU [0%@1510,40%@1510,0%@1510,0%@1510,0%@1510,0%@1510] EMC_FREQ 0% GR3D_FREQ 86%@[0] CV0@-256C CPU@50.843C SOC2@50.156C SOC0@48.031C CV1@-256C GPU@50.656C tj@50.968C SOC1@50.968C CV2@-256C
03-03-2026 15:25:24 RAM 1787/3425MB (lfb 71x1MB) SWAP 220/1713MB (cached 1MB) CPU [0%@1510,60%@1510,0%@1510,0%@1510,0%@1510,0%@1510] EMC_FREQ 0% GR3D_FREQ 87%@[0] CV0@-256C CPU@50.781C SOC2@50.093C SOC0@47.906C CV1@-256C GPU@50.718C tj@51.218C SOC1@51.218C CV2@-256C
03-03-2026 15:25:24 RAM 1787/3425MB (lfb 71x1MB) SWAP 220/1713MB (cached 1MB) CPU [16%@1510,40%@1510,0%@1510,0%@1510,0%@1510,0%@1510] EMC_FREQ 0% GR3D_FREQ 87%@[0] CV0@-256C CPU@50.468C SOC2@50.218C SOC0@48.125C CV1@-256C GPU@50.781C tj@51C SOC1@51C CV2@-256C
03-03-2026 15:25:24 RAM 1787/3425MB (lfb 71x1MB) SWAP 220/1713MB (cached 1MB) CPU [0%@1510,66%@1510,0%@1510,0%@1510,0%@1510,0%@1510] EMC_FREQ 0% GR3D_FREQ 86%@[0] CV0@-256C CPU@50.781C SOC2@50.125C SOC0@48C CV1@-256C GPU@50.843C tj@50.937C SOC1@50.937C CV2@-256C
03-03-2026 15:25:24 RAM 1787/3425MB (lfb 71x1MB) SWAP 220/1713MB (cached 1MB) CPU [0%@1510,40%@1510,0%@1510,0%@1510,0%@1510,0%@1510] EMC_FREQ 0% GR3D_FREQ 86%@[0] CV0@-256C CPU@50.75C SOC2@50.062C SOC0@47.875C CV1@-256C GPU@51.062C tj@51.062C SOC1@51.031C CV2@-256C
03-03-2026 15:25:24 RAM 1787/3425MB (lfb 71x1MB) SWAP 220/1713MB (cached 1MB) CPU [0%@1510,60%@1510,0%@1510,0%@1510,0%@1510,0%@1510] EMC_FREQ 0% GR3D_FREQ 86%@[0] CV0@-256C CPU@50.968C SOC2@50.156C SOC0@48C CV1@-256C GPU@50.75C tj@50.968C SOC1@50.812C CV2@-256C
03-03-2026 15:25:24 RAM 1787/3425MB (lfb 71x1MB) SWAP 220/1713MB (cached 1MB) CPU [0%@1510,50%@1510,16%@1510,0%@1510,0%@1510,0%@1510] EMC_FREQ 0% GR3D_FREQ 86%@[0] CV0@-256C CPU@50.812C SOC2@50.125C SOC0@47.968C CV1@-256C GPU@50.75C tj@51.062C SOC1@51.062C CV2@-256C
03-03-2026 15:25:24 RAM 1787/3425MB (lfb 71x1MB) SWAP 220/1713MB (cached 1MB) CPU [0%@1510,50%@1510,0%@1510,0%@1510,0%@1510,0%@1510] EMC_FREQ 0% GR3D_FREQ 87%@[0] CV0@-256C CPU@50.437C SOC2@50.218C SOC0@48.093C CV1@-256C GPU@51C tj@51C SOC1@50.968C CV2@-256C
03-03-2026 15:25:24 RAM 1787/3425MB (lfb 71x1MB) SWAP 220/1713MB (cached 1MB) CPU [0%@1510,50%@1510,0%@1510,0%@1510,0%@1510,0%@1510] EMC_FREQ 0% GR3D_FREQ 86%@[0] CV0@-256C CPU@50.906C SOC2@50.093C SOC0@48C CV1@-256C GPU@51.218C tj@51.218C SOC1@51.156C CV2@-256C
03-03-2026 15:25:24 RAM 1787/3425MB (lfb 71x1MB) SWAP 220/1713MB (cached 1MB) CPU [0%@1510,50%@1510,0%@1510,0%@1510,0%@1510,0%@1510] EMC_FREQ 0% GR3D_FREQ 86%@[0] CV0@-256C CPU@50.5C SOC2@50.187C SOC0@48.156C CV1@-256C GPU@50.656C tj@51C SOC1@51C CV2@-256C
03-03-2026 15:25:24 RAM 1787/3425MB (lfb 71x1MB) SWAP 220/1713MB (cached 1MB) CPU [0%@1510,50%@1510,0%@1510,0%@1510,0%@1510,0%@1510] EMC_FREQ 0% GR3D_FREQ 86%@[0] CV0@-256C CPU@50.906C SOC2@50.093C SOC0@48C CV1@-256C GPU@50.656C tj@50.906C SOC1@50.875C CV2@-256C
03-03-2026 15:25:24 RAM 1787/3425MB (lfb 71x1MB) SWAP 220/1713MB (cached 1MB) CPU [0%@1510,50%@1510,0%@1510,0%@1510,0%@1510,0%@1510] EMC_FREQ 0% GR3D_FREQ 86%@[0] CV0@-256C CPU@50.562C SOC2@50.062C SOC0@48.218C CV1@-256C GPU@50.781C tj@51C SOC1@51C CV2@-256C
03-03-2026 15:25:24 RAM 1787/3425MB (lfb 71x1MB) SWAP 220/1713MB (cached 1MB) CPU [0%@1510,50%@1510,16%@1510,0%@1510,0%@1510,0%@1510] EMC_FREQ 0% GR3D_FREQ 87%@[0] CV0@-256C CPU@50.468C SOC2@50.125C SOC0@48C CV1@-256C GPU@50.625C tj@50.906C SOC1@50.906C CV2@-256C
03-03-2026 15:25:24 RAM 1787/3425MB (lfb 71x1MB) SWAP 220/1713MB (cached 1MB) CPU [0%@1510,50%@1510,0%@1510,0%@1510,0%@1510,0%@1510] EMC_FREQ 0% GR3D_FREQ 87%@[0] CV0@-256C CPU@50.593C SOC2@50.062C SOC0@47.968C CV1@-256C GPU@50.718C tj@51.156C SOC1@51.156C CV2@-256C
03-03-2026 15:25:24 RAM 1787/3425MB (lfb 71x1MB) SWAP 220/1713MB (cached 1MB) CPU [0%@1510,50%@1510,16%@1510,0%@1510,0%@1510,0%@1510] EMC_FREQ 0% GR3D_FREQ 86%@[0] CV0@-256C CPU@50.5C SOC2@50.218C SOC0@48.093C CV1@-256C GPU@50.75C tj@50.906C SOC1@50.906C CV2@-256C
03-03-2026 15:25:24 RAM 1787/3425MB (lfb 71x1MB) SWAP 220/1713MB (cached 1MB) CPU [0%@1510,50%@1510,0%@1510,0%@1510,0%@1510,0%@1510] EMC_FREQ 0% GR3D_FREQ 86%@[0] CV0@-256C CPU@50.593C SOC2@50.093C SOC0@47.968C CV1@-256C GPU@50.906C tj@51.156C SOC1@51.156C CV2@-256C
03-03-2026 15:25:24 RAM 1787/3425MB (lfb 71x1MB) SWAP 220/1713MB (cached 1MB) CPU [0%@1510,60%@1510,0%@1510,0%@1510,0%@1510,0%@1510] EMC_FREQ 0% GR3D_FREQ 86%@[0] CV0@-256C CPU@50.562C SOC2@50.218C SOC0@48.125C CV1@-256C GPU@50.968C tj@50.968C SOC1@50.968C CV2@-256C
03-03-2026 15:25:25 RAM 1787/3425MB (lfb 71x1MB) SWAP 220/1713MB (cached 1MB) CPU [0%@1510,50%@1510,0%@1510,0%@1510,0%@1510,0%@1510] EMC_FREQ 0% GR3D_FREQ 86%@[0] CV0@-256C CPU@50.718C SOC2@50.156C SOC0@48C CV1@-256C GPU@51.218C tj@51.218C SOC1@50.812C CV2@-256C
03-03-2026 15:25:25 RAM 1787/3425MB (lfb 71x1MB) SWAP 220/1713MB (cached 1MB) CPU [0%@1510,50%@1510,0%@1510,0%@1510,0%@1510,0%@1510] EMC_FREQ 0% GR3D_FREQ 87%@[0] CV0@-256C CPU@50.625C SOC2@50.218C SOC0@48.031C CV1@-256C GPU@50.593C tj@51.093C SOC1@51.093C CV2@-256C
03-03-2026 15:25:25 RAM 1787/3425MB (lfb 71x1MB) SWAP 220/1713MB (cached 1MB) CPU [0%@1510,50%@1510,0%@1510,0%@1510,0%@1510,0%@1510] EMC_FREQ 0% GR3D_FREQ 87%@[0] CV0@-256C CPU@50.812C SOC2@50.187C SOC0@48C CV1@-256C GPU@50.906C tj@50.906C SOC1@50.875C CV2@-256C
03-03-2026 15:25:25 RAM 1787/3425MB (lfb 71x1MB) SWAP 220/1713MB (cached 1MB) CPU [0%@1510,60%@1510,0%@1510,0%@1510,0%@1510,0%@1510] EMC_FREQ 0% GR3D_FREQ 86%@[0] CV0@-256C CPU@50.687C SOC2@50.093C SOC0@47.968C CV1@-256C GPU@51.125C tj@51.156C SOC1@51.156C CV2@-256C
03-03-2026 15:25:25 RAM 1787/3425MB (lfb 71x1MB) SWAP 220/1713MB (cached 1MB) CPU [0%@1510,50%@1510,0%@1510,0%@1510,0%@1510,0%@1510] EMC_FREQ 0% GR3D_FREQ 86%@[0] CV0@-256C CPU@50.843C SOC2@50.125C SOC0@48C CV1@-256C GPU@50.687C tj@50.906C SOC1@50.906C CV2@-256C
03-03-2026 15:25:25 RAM 1787/3425MB (lfb 71x1MB) SWAP 220/1713MB (cached 1MB) CPU [0%@1510,50%@1510,0%@1510,0%@1510,0%@1510,0%@1510] EMC_FREQ 0% GR3D_FREQ 86%@[0] CV0@-256C CPU@50.781C SOC2@50.062C SOC0@47.937C CV1@-256C GPU@50.656C tj@51.187C SOC1@51.187C CV2@-256C
03-03-2026 15:25:25 RAM 1787/3425MB (lfb 71x1MB) SWAP 220/1713MB (cached 1MB) CPU [0%@1510,60%@1510,0%@1510,0%@1510,0%@1510,0%@1510] EMC_FREQ 0% GR3D_FREQ 86%@[0] CV0@-256C CPU@50.468C SOC2@50.25C SOC0@48.062C CV1@-256C GPU@50.75C tj@50.906C SOC1@50.906C CV2@-256C
03-03-2026 15:25:25 RAM 1787/3425MB (lfb 71x1MB) SWAP 220/1713MB (cached 1MB) CPU [0%@1510,50%@1510,0%@1510,0%@1510,0%@1510,0%@1510] EMC_FREQ 0% GR3D_FREQ 87%@[0] CV0@-256C CPU@50.781C SOC2@50.093C SOC0@47.937C CV1@-256C GPU@50.875C tj@50.875C SOC1@50.843C CV2@-256C
03-03-2026 15:25:25 RAM 1787/3425MB (lfb 71x1MB) SWAP 220/1713MB (cached 1MB) CPU [0%@1510,50%@1510,0%@1510,0%@1510,0%@1510,0%@1510] EMC_FREQ 0% GR3D_FREQ 86%@[0] CV0@-256C CPU@50.531C SOC2@50.156C SOC0@48.093C CV1@-256C GPU@50.937C tj@50.968C SOC1@50.968C CV2@-256C
03-03-2026 15:25:25 RAM 1787/3425MB (lfb 71x1MB) SWAP 220/1713MB (cached 1MB) CPU [0%@1510,50%@1510,0%@1510,0%@1510,0%@1510,0%@1510] EMC_FREQ 0% GR3D_FREQ 86%@[0] CV0@-256C CPU@50.968C SOC2@50.156C SOC0@48C CV1@-256C GPU@50.781C tj@50.968C SOC1@50.906C CV2@-256C
03-03-2026 15:25:25 RAM 1787/3425MB (lfb 71x1MB) SWAP 220/1713MB (cached 1MB) CPU [0%@1510,60%@1510,0%@1510,0%@1510,0%@1510,0%@1510] EMC_FREQ 0% GR3D_FREQ 86%@[0] CV0@-256C CPU@50.5C SOC2@50.093C SOC0@47.906C CV1@-256C GPU@50.843C tj@51.031C SOC1@51.031C CV2@-256C
03-03-2026 15:25:25 RAM 1787/3425MB (lfb 71x1MB) SWAP 220/1713MB (cached 1MB) CPU [0%@1510,40%@1510,0%@1510,0%@1510,0%@1510,0%@1510] EMC_FREQ 0% GR3D_FREQ 87%@[0] CV0@-256C CPU@50.625C SOC2@50.187C SOC0@48.031C CV1@-256C GPU@51.062C tj@51.062C SOC1@50.968C CV2@-256C
03-03-2026 15:25:25 RAM 1787/3425MB (lfb 71x1MB) SWAP 220/1713MB (cached 1MB) CPU [0%@1510,60%@1510,0%@1510,0%@1510,0%@1510,0%@1510] EMC_FREQ 0% GR3D_FREQ 87%@[0] CV0@-256C CPU@50.656C SOC2@50.062C SOC0@48C CV1@-256C GPU@51.187C tj@51.187C SOC1@51.156C CV2@-256C
03-03-2026 15:25:25 RAM 1787/3425MB (lfb 71x1MB) SWAP 220/1713MB (cached 1MB) CPU [0%@1510,50%@1510,0%@1510,0%@1510,0%@1510,0%@1510] EMC_FREQ 0% GR3D_FREQ 86%@[0] CV0@-256C CPU@50.5C SOC2@50.125C SOC0@48.125C CV1@-256C GPU@50.593C tj@50.937C SOC1@50.937C CV2@-256C
03-03-2026 15:25:25 RAM 1787/3425MB (lfb 71x1MB) SWAP 220/1713MB (cached 1MB) CPU [0%@1510,60%@1510,0%@1510,0%@1510,0%@1510,0%@1510] EMC_FREQ 0% GR3D_FREQ 86%@[0] CV0@-256C CPU@50.625C SOC2@50.187C SOC0@48.031C CV1@-256C GPU@50.718C tj@50.937C SOC1@50.937C CV2@-256C
03-03-2026 15:25:25 RAM 1787/3425MB (lfb 71x1MB) SWAP 220/1713MB (cached 1MB) CPU [0%@1510,50%@1510,0%@1510,0%@1510,0%@1510,0%@1510] EMC_FREQ 0% GR3D_FREQ 86%@[0] CV0@-256C CPU@50.531C SOC2@50.218C SOC0@48.156C CV1@-256C GPU@51.156C tj@51.156C SOC1@51C CV2@-256C
03-03-2026 15:25:25 RAM 1787/3425MB (lfb 71x1MB) SWAP 220/1713MB (cached 1MB) CPU [0%@1510,50%@1510,0%@1510,0%@1510,0%@1510,0%@1510] EMC_FREQ 0% GR3D_FREQ 86%@[0] CV0@-256C CPU@50.718C SOC2@50.125C SOC0@48.062C CV1@-256C GPU@50.656C tj@50.781C SOC1@50.781C CV2@-256C
03-03-2026 15:25:25 RAM 1787/3425MB (lfb 71x1MB) SWAP 220/1713MB (cached 1MB) CPU [0%@1510,60%@1510,0%@1510,0%@1510,0%@1510,0%@1510] EMC_FREQ 0% GR3D_FREQ 87%@[0] CV0@-256C CPU@50.593C SOC2@50.031C SOC0@48.156C CV1@-256C GPU@50.625C tj@51.062C SOC1@51.062C CV2@-256C
03-03-2026 15:25:25 RAM 1787/3425MB (lfb 71x1MB) SWAP 220/1713MB (cached 1MB) CPU [0%@1510,57%@1510,0%@1510,0%@1510,0%@1510,0%@1510] EMC_FREQ 0% GR3D_FREQ 87%@[0] CV0@-256C CPU@50.718C SOC2@50.062C SOC0@48C CV1@-256C GPU@50.781C tj@50.812C SOC1@50.812C CV2@-256C
03-03-2026 15:25:26 RAM 1787/3425MB (lfb 71x1MB) SWAP 220/1713MB (cached 1MB) CPU [14%@1510,50%@1510,16%@1510,0%@1510,0%@1510,0%@1510] EMC_FREQ 0% GR3D_FREQ 86%@[0] CV0@-256C CPU@50.593C SOC2@50.093C SOC0@47.968C CV1@-256C GPU@50.875C tj@51.062C SOC1@51.062C CV2@-256C
03-03-2026 15:25:26 RAM 1787/3425MB (lfb 71x1MB) SWAP 220/1713MB (cached 1MB) CPU [0%@1510,50%@1510,0%@1510,0%@1510,0%@1510,0%@1510] EMC_FREQ 0% GR3D_FREQ 86%@[0] CV0@-256C CPU@50.906C SOC2@50.187C SOC0@48.031C CV1@-256C GPU@51C tj@51C SOC1@50.968C CV2@-256C
03-03-2026 15:25:26 RAM 1787/3425MB (lfb 71x1MB) SWAP 220/1713MB (cached 1MB) CPU [16%@1510,60%@1510,0%@1510,0%@1510,0%@1510,0%@1510] EMC_FREQ 0% GR3D_FREQ 86%@[0] CV0@-256C CPU@50.718C SOC2@50.062C SOC0@48C CV1@-256C GPU@51.218C tj@51.218C SOC1@51.156C CV2@-256C
03-03-2026 15:25:26 RAM 1787/3425MB (lfb 71x1MB) SWAP 220/1713MB (cached 1MB) CPU [0%@1510,50%@1510,0%@1510,0%@1510,0%@1510,0%@1510] EMC_FREQ 0% GR3D_FREQ 86%@[0] CV0@-256C CPU@51C SOC2@50.25C SOC0@48.187C CV1@-256C GPU@50.843C tj@50.968C SOC1@50.968C CV2@-256C
03-03-2026 15:25:26 RAM 1787/3425MB (lfb 71x1MB) SWAP 220/1713MB (cached 1MB) CPU [0%@1510,50%@1510,0%@1510,0%@1510,0%@1510,0%@1510] EMC_FREQ 0% GR3D_FREQ 87%@[0] CV0@-256C CPU@50.687C SOC2@50.156C SOC0@48.031C CV1@-256C GPU@51C tj@51C SOC1@50.781C CV2@-256C
03-03-2026 15:25:26 RAM 1787/3425MB (lfb 71x1MB) SWAP 220/1713MB (cached 1MB) CPU [0%@1510,50%@1510,0%@1510,0%@1510,0%@1510,0%@1510] EMC_FREQ 0% GR3D_FREQ 86%@[0] CV0@-256C CPU@50.5C SOC2@50.093C SOC0@48.281C CV1@-256C GPU@51.218C tj@51.218C SOC1@51C CV2@-256C
03-03-2026 15:25:26 RAM 1787/3425MB (lfb 71x1MB) SWAP 220/1713MB (cached 1MB) CPU [0%@1510,60%@1510,0%@1510,0%@1510,0%@1510,0%@1510] EMC_FREQ 0% GR3D_FREQ 86%@[0] CV0@-256C CPU@50.812C SOC2@50.25C SOC0@48.093C CV1@-256C GPU@50.625C tj@50.968C SOC1@50.906C CV2@-256C
03-03-2026 15:25:26 RAM 1787/3425MB (lfb 71x1MB) SWAP 220/1713MB (cached 1MB) CPU [0%@1510,50%@1510,0%@1510,0%@1510,0%@1510,0%@1510] EMC_FREQ 0% GR3D_FREQ 86%@[0] CV0@-256C CPU@50.718C SOC2@50.093C SOC0@47.937C CV1@-256C GPU@50.718C tj@51.093C SOC1@51.093C CV2@-256C
03-03-2026 15:25:26 RAM 1787/3425MB (lfb 71x1MB) SWAP 220/1713MB (cached 1MB) CPU [0%@1510,50%@1510,0%@1510,0%@1510,0%@1510,0%@1510] EMC_FREQ 0% GR3D_FREQ 86%@[0] CV0@-256C CPU@51C SOC2@50.187C SOC0@48.156C CV1@-256C GPU@50.718C tj@51C SOC1@50.968C CV2@-256C
03-03-2026 15:25:26 RAM 1787/3425MB (lfb 71x1MB) SWAP 220/1713MB (cached 1MB) CPU [0%@1510,50%@1510,0%@1510,0%@1510,0%@1510,0%@1510] EMC_FREQ 0% GR3D_FREQ 87%@[0] CV0@-256C CPU@50.906C SOC2@50.062C SOC0@48C CV1@-256C GPU@50.812C tj@51.125C SOC1@51.125C CV2@-256C
03-03-2026 15:25:26 RAM 1787/3425MB (lfb 71x1MB) SWAP 220/1713MB (cached 1MB) CPU [0%@1510,50%@1510,0%@1510,0%@1510,0%@1510,0%@1510] EMC_FREQ 0% GR3D_FREQ 87%@[0] CV0@-256C CPU@50.5C SOC2@50.187C SOC0@48.125C CV1@-256C GPU@50.718C tj@50.937C SOC1@50.937C CV2@-256C
03-03-2026 15:25:26 RAM 1787/3425MB (lfb 71x1MB) SWAP 220/1713MB (cached 1MB) CPU [0%@1510,50%@1510,0%@1510,0%@1510,0%@1510,0%@1510] EMC_FREQ 0% GR3D_FREQ 86%@[0] CV0@-256C CPU@50.937C SOC2@50.093C SOC0@48C CV1@-256C GPU@50.687C tj@50.937C SOC1@50.906C CV2@-256C
03-03-2026 15:25:26 RAM 1787/3425MB (lfb 71x1MB) SWAP 220/1713MB (cached 1MB) CPU [0%@1510,50%@1510,0%@1510,0%@1510,0%@1510,0%@1510] EMC_FREQ 0% GR3D_FREQ 86%@[0] CV0@-256C CPU@50.562C SOC2@50.031C SOC0@48.218C CV1@-256C GPU@50.875C tj@51C SOC1@51C CV2@-256C
03-03-2026 15:25:26 RAM 1787/3425MB (lfb 71x1MB) SWAP 220/1713MB (cached 1MB) CPU [0%@1510,60%@1510,0%@1510,0%@1510,0%@1510,0%@1510] EMC_FREQ 0% GR3D_FREQ 86%@[0] CV0@-256C CPU@50.5C SOC2@50.156C SOC0@48.031C CV1@-256C GPU@51.062C tj@51.062C SOC1@50.906C CV2@-256C
03-03-2026 15:25:26 RAM 1787/3425MB (lfb 71x1MB) SWAP 220/1713MB (cached 1MB) CPU [0%@1510,40%@1510,16%@1510,0%@1510,0%@1510,0%@1510] EMC_FREQ 0% GR3D_FREQ 87%@[0] CV0@-256C CPU@50.531C SOC2@50.062C SOC0@48C CV1@-256C GPU@51.187C tj@51.187C SOC1@51.093C CV2@-256C
03-03-2026 15:25:26 RAM 1787/3425MB (lfb 71x1MB) SWAP 220/1713MB (cached 1MB) CPU [0%@1510,60%@1510,0%@1510,0%@1510,0%@1510,0%@1510] EMC_FREQ 0% GR3D_FREQ 86%@[0] CV0@-256C CPU@50.531C SOC2@50.125C SOC0@48.031C CV1@-256C GPU@50.593C tj@50.906C SOC1@50.906C CV2@-256C
03-03-2026 15:25:26 RAM 1787/3425MB (lfb 71x1MB) SWAP 220/1713MB (cached 1MB) CPU [0%@1510,40%@1510,0%@1510,0%@1510,0%@1510,0%@1510] EMC_FREQ 0% GR3D_FREQ 86%@[0] CV0@-256C CPU@50.593C SOC2@50.125C SOC0@48C CV1@-256C GPU@50.718C tj@51.156C SOC1@51.156C CV2@-256C
03-03-2026 15:25:26 RAM 1787/3425MB (lfb 71x1MB) SWAP 220/1713MB (cached 1MB) CPU [0%@1510,66%@1510,0%@1510,0%@1510,0%@1510,0%@1510] EMC_FREQ 0% GR3D_FREQ 86%@[0] CV0@-256C CPU@50.562C SOC2@50.218C SOC0@48.125C CV1@-256C GPU@51.218C tj@51.218C SOC1@50.906C CV2@-256C
03-03-2026 15:25:26 RAM 1787/3425MB (lfb 71x1MB) SWAP 220/1713MB (cached 1MB) CPU [0%@1510,40%@1510,0%@1510,0%@1510,0%@1510,0%@1510] EMC_FREQ 0% GR3D_FREQ 86%@[0] CV0@-256C CPU@50.687C SOC2@50.062C SOC0@47.968C CV1@-256C GPU@50.625C tj@50.843C SOC1@50.843C CV2@-256C
03-03-2026 15:25:27 RAM 1787/3425MB (lfb 71x1MB) SWAP 220/1713MB (cached 1MB) CPU [0%@1510,60%@1510,0%@1510,0%@1510,0%@1510,0%@1510] EMC_FREQ 0% GR3D_FREQ 87%@[0] CV0@-256C CPU@50.625C SOC2@50.25C SOC0@48.187C CV1@-256C GPU@50.656C tj@50.937C SOC1@50.937C CV2@-256C
03-03-2026 15:25:27 RAM 1787/3425MB (lfb 71x1MB) SWAP 220/1713MB (cached 1MB) CPU [0%@1510,50%@1510,0%@1510,0%@1510,0%@1510,0%@1510] EMC_FREQ 0% GR3D_FREQ 87%@[0] CV0@-256C CPU@50.656C SOC2@50.187C SOC0@47.937C CV1@-256C GPU@50.718C tj@50.812C SOC1@50.812C CV2@-256C
03-03-2026 15:25:27 RAM 1787/3425MB (lfb 71x1MB) SWAP 220/1713MB (cached 1MB) CPU [0%@1510,50%@1510,0%@1510,0%@1510,0%@1510,0%@1510] EMC_FREQ 0% GR3D_FREQ 86%@[0] CV0@-256C CPU@50.656C SOC2@50.093C SOC0@47.937C CV1@-256C GPU@50.812C tj@51.062C SOC1@51.125C CV2@-256C
03-03-2026 15:25:27 RAM 1787/3425MB (lfb 71x1MB) SWAP 220/1713MB (cached 1MB) CPU [0%@1510,50%@1510,16%@1510,0%@1510,0%@1510,0%@1510] EMC_FREQ 0% GR3D_FREQ 86%@[0] CV0@-256C CPU@50.906C SOC2@50.156C SOC0@48.093C CV1@-256C GPU@50.937C tj@50.937C SOC1@50.906C CV2@-256C
03-03-2026 15:25:27 RAM 1787/3425MB (lfb 71x1MB) SWAP 220/1713MB (cached 1MB) CPU [0%@1510,60%@1510,0%@1510,0%@1510,0%@1510,0%@1510] EMC_FREQ 0% GR3D_FREQ 86%@[0] CV0@-256C CPU@50.593C SOC2@50.156C SOC0@48C CV1@-256C GPU@51.156C tj@51.25C SOC1@51.25C CV2@-256C
03-03-2026 15:25:27 RAM 1787/3425MB (lfb 71x1MB) SWAP 220/1713MB (cached 1MB) CPU [16%@1510,50%@1510,0%@1510,0%@1510,0%@1510,0%@1510] EMC_FREQ 0% GR3D_FREQ 86%@[0] CV0@-256C CPU@51.031C SOC2@50.125C SOC0@48.125C CV1@-256C GPU@50.812C tj@51.031C SOC1@51C CV2@-256C
03-03-2026 15:25:27 RAM 1787/3425MB (lfb 71x1MB) SWAP 220/1713MB (cached 1MB) CPU [0%@1510,50%@1510,0%@1510,0%@1510,0%@1510,0%@1510] EMC_FREQ 0% GR3D_FREQ 87%@[0] CV0@-256C CPU@50.656C SOC2@50.156C SOC0@48C CV1@-256C GPU@50.968C tj@50.968C SOC1@50.812C CV2@-256C
03-03-2026 15:25:27 RAM 1787/3425MB (lfb 71x1MB) SWAP 220/1713MB (cached 1MB) CPU [0%@1510,60%@1510,0%@1510,0%@1510,0%@1510,0%@1510] EMC_FREQ 0% GR3D_FREQ 86%@[0] CV0@-256C CPU@50.562C SOC2@50.25C SOC0@48.156C CV1@-256C GPU@51.125C tj@51.125C SOC1@50.968C CV2@-256C
03-03-2026 15:25:27 RAM 1787/3425MB (lfb 71x1MB) SWAP 220/1713MB (cached 1MB) CPU [0%@1510,50%@1510,0%@1510,0%@1510,0%@1510,0%@1510] EMC_FREQ 0% GR3D_FREQ 86%@[0] CV0@-256C CPU@50.968C SOC2@50.125C SOC0@48.093C CV1@-256C GPU@50.625C tj@50.968C SOC1@50.906C CV2@-256C
03-03-2026 15:25:27 RAM 1787/3425MB (lfb 71x1MB) SWAP 220/1713MB (cached 1MB) CPU [0%@1510,60%@1510,0%@1510,0%@1510,0%@1510,0%@1510] EMC_FREQ 0% GR3D_FREQ 86%@[0] CV0@-256C CPU@50.562C SOC2@50.031C SOC0@48.156C CV1@-256C GPU@50.718C tj@51.062C SOC1@51.062C CV2@-256C
03-03-2026 15:25:27 RAM 1787/3425MB (lfb 71x1MB) SWAP 220/1713MB (cached 1MB) CPU [0%@1510,40%@1510,0%@1510,0%@1510,0%@1510,0%@1510] EMC_FREQ 0% GR3D_FREQ 86%@[0] CV0@-256C CPU@50.968C SOC2@50.218C SOC0@48.031C CV1@-256C GPU@50.812C tj@50.968C SOC1@50.906C CV2@-256C
03-03-2026 15:25:27 RAM 1787/3425MB (lfb 71x1MB) SWAP 220/1713MB (cached 1MB) CPU [0%@1510,60%@1510,0%@1510,0%@1510,0%@1510,0%@1510] EMC_FREQ 0% GR3D_FREQ 87%@[0] CV0@-256C CPU@50.562C SOC2@50.125C SOC0@48C CV1@-256C GPU@50.843C tj@51.062C SOC1@51.062C CV2@-256C
03-03-2026 15:25:27 RAM 1787/3425MB (lfb 71x1MB) SWAP 220/1713MB (cached 1MB) CPU [0%@1510,50%@1510,0%@1510,0%@1510,0%@1510,0%@1510] EMC_FREQ 0% GR3D_FREQ 86%@[0] CV0@-256C CPU@50.531C SOC2@50.218C SOC0@48.156C CV1@-256C GPU@50.656C tj@50.906C SOC1@50.906C CV2@-256C
03-03-2026 15:25:27 RAM 1787/3425MB (lfb 71x1MB) SWAP 220/1713MB (cached 1MB) CPU [0%@1510,60%@1510,0%@1510,0%@1510,0%@1510,0%@1510] EMC_FREQ 0% GR3D_FREQ 86%@[0] CV0@-256C CPU@50.562C SOC2@50.093C SOC0@48.031C CV1@-256C GPU@50.75C tj@51.125C SOC1@51.125C CV2@-256C
03-03-2026 15:25:27 RAM 1787/3425MB (lfb 71x1MB) SWAP 220/1713MB (cached 1MB) CPU [0%@1510,50%@1510,0%@1510,0%@1510,0%@1510,0%@1510] EMC_FREQ 0% GR3D_FREQ 86%@[0] CV0@-256C CPU@50.562C SOC2@50.25C SOC0@48.187C CV1@-256C GPU@50.937C tj@50.937C SOC1@50.906C CV2@-256C
03-03-2026 15:25:27 RAM 1787/3425MB (lfb 71x1MB) SWAP 220/1713MB (cached 1MB) CPU [0%@1510,50%@1510,0%@1510,0%@1510,0%@1510,0%@1510] EMC_FREQ 0% GR3D_FREQ 86%@[0] CV0@-256C CPU@50.593C SOC2@50.093C SOC0@48.031C CV1@-256C GPU@51.031C tj@51.25C SOC1@51.25C CV2@-256C
03-03-2026 15:25:27 RAM 1787/3425MB (lfb 71x1MB) SWAP 220/1713MB (cached 1MB) CPU [0%@1510,50%@1510,0%@1510,0%@1510,0%@1510,0%@1510] EMC_FREQ 0% GR3D_FREQ 87%@[0] CV0@-256C CPU@50.625C SOC2@50.25C SOC0@48.25C CV1@-256C GPU@51.187C tj@51.187C SOC1@51.062C CV2@-256C
03-03-2026 15:25:27 RAM 1787/3425MB (lfb 71x1MB) SWAP 220/1713MB (cached 1MB) CPU [0%@1510,50%@1510,14%@1510,0%@1510,0%@1510,0%@1510] EMC_FREQ 0% GR3D_FREQ 87%@[0] CV0@-256C CPU@50.687C SOC2@50.156C SOC0@48C CV1@-256C GPU@50.625C tj@50.843C SOC1@50.843C CV2@-256C
03-03-2026 15:25:27 RAM 1787/3425MB (lfb 71x1MB) SWAP 220/1713MB (cached 1MB) CPU [0%@1510,60%@1510,0%@1510,0%@1510,0%@1510,0%@1510] EMC_FREQ 0% GR3D_FREQ 86%@[0] CV0@-256C CPU@50.625C SOC2@50.187C SOC0@47.937C CV1@-256C GPU@50.75C tj@51.125C SOC1@51.125C CV2@-256C
03-03-2026 15:25:27 RAM 1787/3425MB (lfb 71x1MB) SWAP 220/1713MB (cached 1MB) CPU [0%@1510,40%@1510,0%@1510,0%@1510,0%@1510,0%@1510] EMC_FREQ 0% GR3D_FREQ 86%@[0] CV0@-256C CPU@50.812C SOC2@50.187C SOC0@48.062C CV1@-256C GPU@51.156C tj@51.156C SOC1@50.875C CV2@-256C
03-03-2026 15:25:28 RAM 1787/3425MB (lfb 71x1MB) SWAP 220/1713MB (cached 1MB) CPU [0%@1510,60%@1510,0%@1510,0%@1510,0%@1510,0%@1510] EMC_FREQ 0% GR3D_FREQ 87%@[0] CV0@-256C CPU@50.625C SOC2@50.187C SOC0@48.031C CV1@-256C GPU@50.656C tj@51.125C SOC1@51.125C CV2@-256C
03-03-2026 15:25:28 RAM 1787/3425MB (lfb 71x1MB) SWAP 220/1713MB (cached 1MB) CPU [0%@1510,50%@1510,0%@1510,0%@1510,0%@1510,0%@1510] EMC_FREQ 0% GR3D_FREQ 87%@[0] CV0@-256C CPU@50.937C SOC2@50.156C SOC0@48.093C CV1@-256C GPU@50.687C tj@50.968C SOC1@50.968C CV2@-256C
03-03-2026 15:25:28 RAM 1787/3425MB (lfb 71x1MB) SWAP 220/1713MB (cached 1MB) CPU [0%@1510,50%@1510,0%@1510,0%@1510,0%@1510,0%@1510] EMC_FREQ 0% GR3D_FREQ 86%@[0] CV0@-256C CPU@50.75C SOC2@50.218C SOC0@47.968C CV1@-256C GPU@50.718C tj@51.218C SOC1@51.218C CV2@-256C
03-03-2026 15:25:28 RAM 1787/3425MB (lfb 71x1MB) SWAP 220/1713MB (cached 1MB) CPU [0%@1510,50%@1510,0%@1510,0%@1510,0%@1510,0%@1510] EMC_FREQ 0% GR3D_FREQ 86%@[0] CV0@-256C CPU@50.5C SOC2@50.25C SOC0@48.218C CV1@-256C GPU@50.968C tj@51C SOC1@51C CV2@-256C
03-03-2026 15:25:28 RAM 1787/3425MB (lfb 71x1MB) SWAP 220/1713MB (cached 1MB) CPU [0%@1510,60%@1510,0%@1510,0%@1510,0%@1510,0%@1510] EMC_FREQ 0% GR3D_FREQ 86%@[0] CV0@-256C CPU@50.875C SOC2@50.125C SOC0@48.031C CV1@-256C GPU@51C tj@51C SOC1@50.937C CV2@-256C
03-03-2026 15:25:28 RAM 1787/3425MB (lfb 71x1MB) SWAP 220/1713MB (cached 1MB) CPU [0%@1510,50%@1510,0%@1510,0%@1510,0%@1510,0%@1510] EMC_FREQ 0% GR3D_FREQ 86%@[0] CV0@-256C CPU@50.625C SOC2@50.062C SOC0@48.281C CV1@-256C GPU@50.781C tj@51C SOC1@51C CV2@-256C
03-03-2026 15:25:28 RAM 1787/3425MB (lfb 71x1MB) SWAP 220/1713MB (cached 1MB) CPU [0%@1510,50%@1510,0%@1510,0%@1510,0%@1510,0%@1510] EMC_FREQ 0% GR3D_FREQ 87%@[0] CV0@-256C CPU@50.968C SOC2@50.25C SOC0@48.156C CV1@-256C GPU@50.875C tj@50.968C SOC1@50.843C CV2@-256C
03-03-2026 15:25:28 RAM 1787/3425MB (lfb 71x1MB) SWAP 220/1713MB (cached 1MB) CPU [0%@1510,50%@1510,0%@1510,0%@1510,0%@1510,0%@1510] EMC_FREQ 0% GR3D_FREQ 86%@[0] CV0@-256C CPU@50.593C SOC2@50.062C SOC0@48C CV1@-256C GPU@51.062C tj@51.156C SOC1@51.156C CV2@-256C
03-03-2026 15:25:28 RAM 1787/3425MB (lfb 71x1MB) SWAP 220/1713MB (cached 1MB) CPU [0%@1510,50%@1510,0%@1510,0%@1510,0%@1510,0%@1510] EMC_FREQ 0% GR3D_FREQ 86%@[0] CV0@-256C CPU@50.5C SOC2@50.218C SOC0@48.218C CV1@-256C GPU@51.218C tj@51.218C SOC1@50.906C CV2@-256C
03-03-2026 15:25:28 RAM 1787/3425MB (lfb 71x1MB) SWAP 220/1713MB (cached 1MB) CPU [0%@1510,50%@1510,0%@1510,0%@1510,0%@1510,0%@1510] EMC_FREQ 0% GR3D_FREQ 86%@[0] CV0@-256C CPU@50.687C SOC2@50.125C SOC0@48C CV1@-256C GPU@50.593C tj@51.25C SOC1@51.25C CV2@-256C
03-03-2026 15:25:28 RAM 1787/3425MB (lfb 71x1MB) SWAP 220/1713MB (cached 1MB) CPU [0%@1510,50%@1510,0%@1510,0%@1510,0%@1510,0%@1510] EMC_FREQ 0% GR3D_FREQ 86%@[0] CV0@-256C CPU@50.531C SOC2@50.25C SOC0@48.281C CV1@-256C GPU@50.718C tj@51C SOC1@51C CV2@-256C
03-03-2026 15:25:28 RAM 1787/3425MB (lfb 71x1MB) SWAP 220/1713MB (cached 1MB) CPU [0%@1510,60%@1510,0%@1510,0%@1510,0%@1510,0%@1510] EMC_FREQ 0% GR3D_FREQ 87%@[0] CV0@-256C CPU@51.093C SOC2@50.218C SOC0@48.031C CV1@-256C GPU@50.843C tj@51.093C SOC1@50.968C CV2@-256C
03-03-2026 15:25:28 RAM 1787/3425MB (lfb 71x1MB) SWAP 220/1713MB (cached 1MB) CPU [0%@1510,40%@1510,0%@1510,0%@1510,0%@1510,0%@1510] EMC_FREQ 0% GR3D_FREQ 87%@[0] CV0@-256C CPU@50.593C SOC2@50.093C SOC0@48.281C CV1@-256C GPU@50.687C tj@51.156C SOC1@51.156C CV2@-256C
03-03-2026 15:25:28 RAM 1787/3425MB (lfb 71x1MB) SWAP 220/1713MB (cached 1MB) CPU [0%@1510,60%@1510,0%@1510,0%@1510,0%@1510,0%@1510] EMC_FREQ 0% GR3D_FREQ 86%@[0] CV0@-256C CPU@50.5C SOC2@50.187C SOC0@48.125C CV1@-256C GPU@50.562C tj@50.875C SOC1@50.875C CV2@-256C
03-03-2026 15:25:28 RAM 1787/3425MB (lfb 71x1MB) SWAP 220/1713MB (cached 1MB) CPU [0%@1510,50%@1510,0%@1510,0%@1510,0%@1510,0%@1510] EMC_FREQ 0% GR3D_FREQ 86%@[0] CV0@-256C CPU@50.718C SOC2@50.125C SOC0@48C CV1@-256C GPU@50.843C tj@51.062C SOC1@51.062C CV2@-256C
03-03-2026 15:25:28 RAM 1787/3425MB (lfb 71x1MB) SWAP 220/1713MB (cached 1MB) CPU [0%@1510,50%@1510,16%@1510,0%@1510,0%@1510,0%@1510] EMC_FREQ 0% GR3D_FREQ 86%@[0] CV0@-256C CPU@50.593C SOC2@50.218C SOC0@48.093C CV1@-256C GPU@50.843C tj@50.968C SOC1@50.968C CV2@-256C
03-03-2026 15:25:28 RAM 1787/3425MB (lfb 71x1MB) SWAP 220/1713MB (cached 1MB) CPU [0%@1510,50%@1510,0%@1510,0%@1510,0%@1510,0%@1510] EMC_FREQ 0% GR3D_FREQ 86%@[0] CV0@-256C CPU@50.718C SOC2@50.156C SOC0@48.031C CV1@-256C GPU@51C tj@51.187C SOC1@51.187C CV2@-256C
03-03-2026 15:25:28 RAM 1787/3425MB (lfb 71x1MB) SWAP 220/1713MB (cached 1MB) CPU [0%@1510,0%@1510,50%@1510,0%@1510,0%@1510,0%@1510] EMC_FREQ 0% GR3D_FREQ 87%@[0] CV0@-256C CPU@50.468C SOC2@50.125C SOC0@48.218C CV1@-256C GPU@51.25C tj@51.25C SOC1@51C CV2@-256C
03-03-2026 15:25:28 RAM 1787/3425MB (lfb 71x1MB) SWAP 220/1713MB (cached 1MB) CPU [0%@1510,0%@1510,50%@1510,0%@1510,0%@1510,0%@1510] EMC_FREQ 0% GR3D_FREQ 86%@[0] CV0@-256C CPU@50.625C SOC2@50.125C SOC0@48C CV1@-256C GPU@50.812C tj@50.906C SOC1@50.906C CV2@-256C
03-03-2026 15:25:29 RAM 1787/3425MB (lfb 71x1MB) SWAP 220/1713MB (cached 1MB) CPU [0%@1510,0%@1510,50%@1510,0%@1510,0%@1510,0%@1510] EMC_FREQ 0% GR3D_FREQ 86%@[0] CV0@-256C CPU@50.468C SOC2@50.187C SOC0@48.25C CV1@-256C GPU@50.968C tj@51.062C SOC1@51.062C CV2@-256C
03-03-2026 15:25:29 RAM 1787/3425MB (lfb 71x1MB) SWAP 220/1713MB (cached 1MB) CPU [16%@1510,0%@1510,50%@1510,0%@1510,0%@1510,0%@1510] EMC_FREQ 0% GR3D_FREQ 86%@[0] CV0@-256C CPU@50.718C SOC2@50.25C SOC0@48.093C CV1@-256C GPU@51.25C tj@51.25C SOC1@50.968C CV2@-256C
03-03-2026 15:25:29 RAM 1787/3425MB (lfb 71x1MB) SWAP 220/1713MB (cached 1MB) CPU [0%@1510,0%@1510,50%@1510,0%@1510,0%@1510,0%@1510] EMC_FREQ 0% GR3D_FREQ 86%@[0] CV0@-256C CPU@50.5C SOC2@50.156C SOC0@47.968C CV1@-256C GPU@50.718C tj@51.156C SOC1@51.156C CV2@-256C
03-03-2026 15:25:29 RAM 1787/3425MB (lfb 71x1MB) SWAP 220/1713MB (cached 1MB) CPU [0%@1510,0%@1510,50%@1510,0%@1510,0%@1510,0%@1510] EMC_FREQ 0% GR3D_FREQ 86%@[0] CV0@-256C CPU@50.812C SOC2@50.218C SOC0@48.156C CV1@-256C GPU@50.781C tj@50.906C SOC1@50.906C CV2@-256C
03-03-2026 15:25:29 RAM 1787/3425MB (lfb 71x1MB) SWAP 220/1713MB (cached 1MB) CPU [0%@1510,0%@1510,50%@1510,0%@1510,0%@1510,0%@1510] EMC_FREQ 0% GR3D_FREQ 87%@[0] CV0@-256C CPU@50.656C SOC2@50.125C SOC0@48.031C CV1@-256C GPU@50.812C tj@51.187C SOC1@51.187C CV2@-256C
03-03-2026 15:25:29 RAM 1787/3425MB (lfb 71x1MB) SWAP 220/1713MB (cached 1MB) CPU [0%@1510,0%@1510,60%@1510,16%@1510,0%@1510,0%@1510] EMC_FREQ 0% GR3D_FREQ 86%@[0] CV0@-256C CPU@50.406C SOC2@50.218C SOC0@48.156C CV1@-256C GPU@50.656C tj@51.062C SOC1@51.062C CV2@-256C
03-03-2026 15:25:29 RAM 1787/3425MB (lfb 71x1MB) SWAP 220/1713MB (cached 1MB) CPU [0%@1510,0%@1510,40%@1510,0%@1510,0%@1510,0%@1510] EMC_FREQ 0% GR3D_FREQ 86%@[0] CV0@-256C CPU@50.718C SOC2@50.156C SOC0@48C CV1@-256C GPU@50.718C tj@50.875C SOC1@50.875C CV2@-256C
03-03-2026 15:25:29 RAM 1787/3425MB (lfb 71x1MB) SWAP 220/1713MB (cached 1MB) CPU [0%@1510,0%@1510,60%@1510,0%@1510,0%@1510,0%@1510] EMC_FREQ 0% GR3D_FREQ 86%@[0] CV0@-256C CPU@50.406C SOC2@50.156C SOC0@48.218C CV1@-256C GPU@50.781C tj@51.156C SOC1@51.156C CV2@-256C
