/usr/src/tensorrt/bin/trtexec --onnx=/home/user/Edge-ML/models/v4/GRU/bs1/GRU.onnx --saveEngine=/home/user/Edge-ML/models/v4/GRU/bs1/GRU_fp32.engine --exportLayerInfo=/home/user/Edge-ML/models/v4/GRU/bs1/logs/quantisation_fp32_layers.json --memPoolSize=workspace:4096MiB --tacticSources=+CUBLAS,+CUBLAS_LT,+CUDNN --noDataTransfers

&&&& RUNNING TensorRT.trtexec [TensorRT v8502] # /usr/src/tensorrt/bin/trtexec --onnx=/home/user/Edge-ML/models/v4/GRU/bs1/GRU.onnx --saveEngine=/home/user/Edge-ML/models/v4/GRU/bs1/GRU_fp32.engine --exportLayerInfo=/home/user/Edge-ML/models/v4/GRU/bs1/logs/quantisation_fp32_layers.json --memPoolSize=workspace:4096MiB --tacticSources=+CUBLAS,+CUBLAS_LT,+CUDNN --noDataTransfers
[02/27/2026-11:05:43] [I] === Model Options ===
[02/27/2026-11:05:43] [I] Format: ONNX
[02/27/2026-11:05:43] [I] Model: /home/user/Edge-ML/models/v4/GRU/bs1/GRU.onnx
[02/27/2026-11:05:43] [I] Output:
[02/27/2026-11:05:43] [I] === Build Options ===
[02/27/2026-11:05:43] [I] Max batch: explicit batch
[02/27/2026-11:05:43] [I] Memory Pools: workspace: 4096 MiB, dlaSRAM: default, dlaLocalDRAM: default, dlaGlobalDRAM: default
[02/27/2026-11:05:43] [I] minTiming: 1
[02/27/2026-11:05:43] [I] avgTiming: 8
[02/27/2026-11:05:43] [I] Precision: FP32
[02/27/2026-11:05:43] [I] LayerPrecisions: 
[02/27/2026-11:05:43] [I] Calibration: 
[02/27/2026-11:05:43] [I] Refit: Disabled
[02/27/2026-11:05:43] [I] Sparsity: Disabled
[02/27/2026-11:05:43] [I] Safe mode: Disabled
[02/27/2026-11:05:43] [I] DirectIO mode: Disabled
[02/27/2026-11:05:43] [I] Restricted mode: Disabled
[02/27/2026-11:05:43] [I] Build only: Disabled
[02/27/2026-11:05:43] [I] Save engine: /home/user/Edge-ML/models/v4/GRU/bs1/GRU_fp32.engine
[02/27/2026-11:05:43] [I] Load engine: 
[02/27/2026-11:05:43] [I] Profiling verbosity: 0
[02/27/2026-11:05:43] [I] Tactic sources: cublas [ON], cublasLt [ON], cudnn [ON], 
[02/27/2026-11:05:43] [I] timingCacheMode: local
[02/27/2026-11:05:43] [I] timingCacheFile: 
[02/27/2026-11:05:43] [I] Heuristic: Disabled
[02/27/2026-11:05:43] [I] Preview Features: Use default preview flags.
[02/27/2026-11:05:43] [I] Input(s)s format: fp32:CHW
[02/27/2026-11:05:43] [I] Output(s)s format: fp32:CHW
[02/27/2026-11:05:43] [I] Input build shapes: model
[02/27/2026-11:05:43] [I] Input calibration shapes: model
[02/27/2026-11:05:43] [I] === System Options ===
[02/27/2026-11:05:43] [I] Device: 0
[02/27/2026-11:05:43] [I] DLACore: 
[02/27/2026-11:05:43] [I] Plugins:
[02/27/2026-11:05:43] [I] === Inference Options ===
[02/27/2026-11:05:43] [I] Batch: Explicit
[02/27/2026-11:05:43] [I] Input inference shapes: model
[02/27/2026-11:05:43] [I] Iterations: 10
[02/27/2026-11:05:43] [I] Duration: 3s (+ 200ms warm up)
[02/27/2026-11:05:43] [I] Sleep time: 0ms
[02/27/2026-11:05:43] [I] Idle time: 0ms
[02/27/2026-11:05:43] [I] Streams: 1
[02/27/2026-11:05:43] [I] ExposeDMA: Disabled
[02/27/2026-11:05:43] [I] Data transfers: Disabled
[02/27/2026-11:05:43] [I] Spin-wait: Disabled
[02/27/2026-11:05:43] [I] Multithreading: Disabled
[02/27/2026-11:05:43] [I] CUDA Graph: Disabled
[02/27/2026-11:05:43] [I] Separate profiling: Disabled
[02/27/2026-11:05:43] [I] Time Deserialize: Disabled
[02/27/2026-11:05:43] [I] Time Refit: Disabled
[02/27/2026-11:05:43] [I] NVTX verbosity: 0
[02/27/2026-11:05:43] [I] Persistent Cache Ratio: 0
[02/27/2026-11:05:43] [I] Inputs:
[02/27/2026-11:05:43] [I] === Reporting Options ===
[02/27/2026-11:05:43] [I] Verbose: Disabled
[02/27/2026-11:05:43] [I] Averages: 10 inferences
[02/27/2026-11:05:43] [I] Percentiles: 90,95,99
[02/27/2026-11:05:43] [I] Dump refittable layers:Disabled
[02/27/2026-11:05:43] [I] Dump output: Disabled
[02/27/2026-11:05:43] [I] Profile: Disabled
[02/27/2026-11:05:43] [I] Export timing to JSON file: 
[02/27/2026-11:05:43] [I] Export output to JSON file: 
[02/27/2026-11:05:43] [I] Export profile to JSON file: 
[02/27/2026-11:05:43] [I] 
[02/27/2026-11:05:44] [I] === Device Information ===
[02/27/2026-11:05:44] [I] Selected Device: Orin
[02/27/2026-11:05:44] [I] Compute Capability: 8.7
[02/27/2026-11:05:44] [I] SMs: 4
[02/27/2026-11:05:44] [I] Compute Clock Rate: 0.624 GHz
[02/27/2026-11:05:44] [I] Device Global Memory: 3425 MiB
[02/27/2026-11:05:44] [I] Shared Memory per SM: 164 KiB
[02/27/2026-11:05:44] [I] Memory Bus Width: 128 bits (ECC disabled)
[02/27/2026-11:05:44] [I] Memory Clock Rate: 0.624 GHz
[02/27/2026-11:05:44] [I] 
[02/27/2026-11:05:44] [I] TensorRT version: 8.5.2
[02/27/2026-11:05:44] [I] [TRT] [MemUsageChange] Init CUDA: CPU +220, GPU +0, now: CPU 249, GPU 1659 (MiB)
[02/27/2026-11:05:47] [I] [TRT] [MemUsageChange] Init builder kernel library: CPU +302, GPU +268, now: CPU 574, GPU 1946 (MiB)
[02/27/2026-11:05:47] [I] Start parsing network model
[02/27/2026-11:05:47] [I] [TRT] ----------------------------------------------------------------
[02/27/2026-11:05:47] [I] [TRT] Input filename:   /home/user/Edge-ML/models/v4/GRU/bs1/GRU.onnx
[02/27/2026-11:05:47] [I] [TRT] ONNX IR version:  0.0.7
[02/27/2026-11:05:47] [I] [TRT] Opset version:    12
[02/27/2026-11:05:47] [I] [TRT] Producer name:    pytorch
[02/27/2026-11:05:47] [I] [TRT] Producer version: 2.5.1
[02/27/2026-11:05:47] [I] [TRT] Domain:           
[02/27/2026-11:05:47] [I] [TRT] Model version:    0
[02/27/2026-11:05:47] [I] [TRT] Doc string:       
[02/27/2026-11:05:47] [I] [TRT] ----------------------------------------------------------------
[02/27/2026-11:05:47] [W] [TRT] onnx2trt_utils.cpp:375: Your ONNX model has been generated with INT64 weights, while TensorRT does not natively support INT64. Attempting to cast down to INT32.
[02/27/2026-11:05:47] [I] Finish parsing network model
[02/27/2026-11:05:47] [I] [TRT] ---------- Layers Running on DLA ----------
[02/27/2026-11:05:47] [I] [TRT] ---------- Layers Running on GPU ----------
[02/27/2026-11:05:47] [I] [TRT] [GpuLayer] MYELIN: {ForeignNode[(Unnamed Layer* 41) [Constant].../Squeeze]}
[02/27/2026-11:05:49] [I] [TRT] [MemUsageChange] Init cuBLAS/cuBLASLt: CPU +535, GPU +652, now: CPU 1109, GPU 2598 (MiB)
[02/27/2026-11:05:49] [I] [TRT] [MemUsageChange] Init cuDNN: CPU +82, GPU +51, now: CPU 1191, GPU 2649 (MiB)
[02/27/2026-11:05:49] [I] [TRT] Local timing cache in use. Profiling results in this builder pass will not be stored.
[02/27/2026-11:05:53] [I] [TRT] Total Activation Memory: 4294967296
[02/27/2026-11:05:53] [I] [TRT] Detected 1 inputs and 1 output network tensors.
[02/27/2026-11:05:53] [I] [TRT] Total Host Persistent Memory: 32
[02/27/2026-11:05:53] [I] [TRT] Total Device Persistent Memory: 0
[02/27/2026-11:05:53] [I] [TRT] Total Scratch Memory: 446976
[02/27/2026-11:05:53] [I] [TRT] [MemUsageStats] Peak memory usage of TRT CPU/GPU memory allocators: CPU 0 MiB, GPU 4 MiB
[02/27/2026-11:05:53] [I] [TRT] [BlockAssignment] Started assigning block shifts. This will take 1 steps to complete.
[02/27/2026-11:05:53] [I] [TRT] [BlockAssignment] Algorithm ShiftNTopDown took 0.022464ms to assign 1 blocks to 1 nodes requiring 446976 bytes.
[02/27/2026-11:05:53] [I] [TRT] Total Activation Memory: 446976
[02/27/2026-11:05:53] [I] [TRT] [MemUsageChange] TensorRT-managed allocation in building engine: CPU +0, GPU +4, now: CPU 0, GPU 4 (MiB)
[02/27/2026-11:05:53] [I] Engine built in 9.3479 sec.
[02/27/2026-11:05:53] [I] [TRT] Loaded engine size: 0 MiB
[02/27/2026-11:05:53] [I] [TRT] [MemUsageChange] TensorRT-managed allocation in engine deserialization: CPU +0, GPU +0, now: CPU 0, GPU 0 (MiB)
[02/27/2026-11:05:53] [I] Engine deserialized in 0.00486346 sec.
[02/27/2026-11:05:53] [I] [TRT] [MemUsageChange] TensorRT-managed allocation in IExecutionContext creation: CPU +0, GPU +0, now: CPU 0, GPU 0 (MiB)
[02/27/2026-11:05:53] [I] Setting persistentCacheLimit to 0 bytes.
[02/27/2026-11:05:53] [I] Using random values for input input
[02/27/2026-11:05:53] [I] Created input binding for input with dimensions 1x120
[02/27/2026-11:05:53] [I] Using random values for output capacity
[02/27/2026-11:05:53] [I] Created output binding for capacity with dimensions 
[02/27/2026-11:05:53] [I] [TRT] The profiling verbosity was set to ProfilingVerbosity::kLAYER_NAMES_ONLY when the engine was built, so only the layer names will be returned. Rebuild the engine with ProfilingVerbosity::kDETAILED to get more verbose layer information.
[02/27/2026-11:05:53] [I] Starting inference
[02/27/2026-11:05:56] [I] Warmup completed 44 queries over 200 ms
[02/27/2026-11:05:56] [I] Timing trace has 654 queries over 3.01029 s
[02/27/2026-11:05:56] [I] 
[02/27/2026-11:05:56] [I] === Trace details ===
[02/27/2026-11:05:56] [I] Trace averages of 10 runs:
[02/27/2026-11:05:56] [I] Average on 10 runs - GPU latency: 4.59518 ms - Host latency: 4.59518 ms (enqueue 4.58688 ms)
[02/27/2026-11:05:56] [I] Average on 10 runs - GPU latency: 4.59027 ms - Host latency: 4.59027 ms (enqueue 4.5821 ms)
[02/27/2026-11:05:56] [I] Average on 10 runs - GPU latency: 4.58572 ms - Host latency: 4.58572 ms (enqueue 4.5779 ms)
[02/27/2026-11:05:56] [I] Average on 10 runs - GPU latency: 4.58466 ms - Host latency: 4.58466 ms (enqueue 4.57682 ms)
[02/27/2026-11:05:56] [I] Average on 10 runs - GPU latency: 4.58712 ms - Host latency: 4.58712 ms (enqueue 4.57909 ms)
[02/27/2026-11:05:56] [I] Average on 10 runs - GPU latency: 4.58729 ms - Host latency: 4.58729 ms (enqueue 4.57913 ms)
[02/27/2026-11:05:56] [I] Average on 10 runs - GPU latency: 4.66299 ms - Host latency: 4.66299 ms (enqueue 4.62759 ms)
[02/27/2026-11:05:56] [I] Average on 10 runs - GPU latency: 4.59651 ms - Host latency: 4.59651 ms (enqueue 4.64133 ms)
[02/27/2026-11:05:56] [I] Average on 10 runs - GPU latency: 4.58367 ms - Host latency: 4.58367 ms (enqueue 4.57601 ms)
[02/27/2026-11:05:56] [I] Average on 10 runs - GPU latency: 4.58046 ms - Host latency: 4.58046 ms (enqueue 4.57323 ms)
[02/27/2026-11:05:56] [I] Average on 10 runs - GPU latency: 4.58181 ms - Host latency: 4.58181 ms (enqueue 4.57318 ms)
[02/27/2026-11:05:56] [I] Average on 10 runs - GPU latency: 4.58177 ms - Host latency: 4.58177 ms (enqueue 4.57472 ms)
[02/27/2026-11:05:56] [I] Average on 10 runs - GPU latency: 4.58329 ms - Host latency: 4.58329 ms (enqueue 4.57501 ms)
[02/27/2026-11:05:56] [I] Average on 10 runs - GPU latency: 4.58146 ms - Host latency: 4.58146 ms (enqueue 4.57322 ms)
[02/27/2026-11:05:56] [I] Average on 10 runs - GPU latency: 4.5805 ms - Host latency: 4.5805 ms (enqueue 4.57277 ms)
[02/27/2026-11:05:56] [I] Average on 10 runs - GPU latency: 4.58386 ms - Host latency: 4.58386 ms (enqueue 4.57546 ms)
[02/27/2026-11:05:56] [I] Average on 10 runs - GPU latency: 4.57996 ms - Host latency: 4.57996 ms (enqueue 4.57174 ms)
[02/27/2026-11:05:56] [I] Average on 10 runs - GPU latency: 4.58361 ms - Host latency: 4.58361 ms (enqueue 4.5758 ms)
[02/27/2026-11:05:56] [I] Average on 10 runs - GPU latency: 4.57876 ms - Host latency: 4.57876 ms (enqueue 4.57119 ms)
[02/27/2026-11:05:56] [I] Average on 10 runs - GPU latency: 4.58141 ms - Host latency: 4.58141 ms (enqueue 4.57395 ms)
[02/27/2026-11:05:56] [I] Average on 10 runs - GPU latency: 4.58158 ms - Host latency: 4.58158 ms (enqueue 4.57402 ms)
[02/27/2026-11:05:56] [I] Average on 10 runs - GPU latency: 4.58682 ms - Host latency: 4.58682 ms (enqueue 4.57881 ms)
[02/27/2026-11:05:56] [I] Average on 10 runs - GPU latency: 4.58433 ms - Host latency: 4.58433 ms (enqueue 4.57621 ms)
[02/27/2026-11:05:56] [I] Average on 10 runs - GPU latency: 4.62324 ms - Host latency: 4.62324 ms (enqueue 4.61288 ms)
[02/27/2026-11:05:56] [I] Average on 10 runs - GPU latency: 4.5795 ms - Host latency: 4.5795 ms (enqueue 4.57222 ms)
[02/27/2026-11:05:56] [I] Average on 10 runs - GPU latency: 4.58524 ms - Host latency: 4.58524 ms (enqueue 4.57734 ms)
[02/27/2026-11:05:56] [I] Average on 10 runs - GPU latency: 4.5818 ms - Host latency: 4.5818 ms (enqueue 4.57419 ms)
[02/27/2026-11:05:56] [I] Average on 10 runs - GPU latency: 4.58457 ms - Host latency: 4.58457 ms (enqueue 4.57631 ms)
[02/27/2026-11:05:56] [I] Average on 10 runs - GPU latency: 4.57792 ms - Host latency: 4.57792 ms (enqueue 4.57069 ms)
[02/27/2026-11:05:56] [I] Average on 10 runs - GPU latency: 4.59125 ms - Host latency: 4.59125 ms (enqueue 4.58339 ms)
[02/27/2026-11:05:56] [I] Average on 10 runs - GPU latency: 4.58782 ms - Host latency: 4.58782 ms (enqueue 4.57911 ms)
[02/27/2026-11:05:56] [I] Average on 10 runs - GPU latency: 4.59194 ms - Host latency: 4.59194 ms (enqueue 4.58341 ms)
[02/27/2026-11:05:56] [I] Average on 10 runs - GPU latency: 4.5943 ms - Host latency: 4.5943 ms (enqueue 4.58618 ms)
[02/27/2026-11:05:56] [I] Average on 10 runs - GPU latency: 4.59686 ms - Host latency: 4.59686 ms (enqueue 4.5892 ms)
[02/27/2026-11:05:56] [I] Average on 10 runs - GPU latency: 4.58915 ms - Host latency: 4.58915 ms (enqueue 4.58131 ms)
[02/27/2026-11:05:56] [I] Average on 10 runs - GPU latency: 4.58682 ms - Host latency: 4.58682 ms (enqueue 4.57924 ms)
[02/27/2026-11:05:56] [I] Average on 10 runs - GPU latency: 4.58711 ms - Host latency: 4.58711 ms (enqueue 4.57889 ms)
[02/27/2026-11:05:56] [I] Average on 10 runs - GPU latency: 4.59149 ms - Host latency: 4.59149 ms (enqueue 4.58386 ms)
[02/27/2026-11:05:56] [I] Average on 10 runs - GPU latency: 4.58369 ms - Host latency: 4.58369 ms (enqueue 4.57639 ms)
[02/27/2026-11:05:56] [I] Average on 10 runs - GPU latency: 4.58854 ms - Host latency: 4.58854 ms (enqueue 4.58044 ms)
[02/27/2026-11:05:56] [I] Average on 10 runs - GPU latency: 4.58752 ms - Host latency: 4.58752 ms (enqueue 4.57976 ms)
[02/27/2026-11:05:56] [I] Average on 10 runs - GPU latency: 4.58845 ms - Host latency: 4.58845 ms (enqueue 4.5814 ms)
[02/27/2026-11:05:56] [I] Average on 10 runs - GPU latency: 4.58918 ms - Host latency: 4.58918 ms (enqueue 4.5822 ms)
[02/27/2026-11:05:56] [I] Average on 10 runs - GPU latency: 4.59268 ms - Host latency: 4.59268 ms (enqueue 4.58503 ms)
[02/27/2026-11:05:56] [I] Average on 10 runs - GPU latency: 4.59465 ms - Host latency: 4.59465 ms (enqueue 4.58699 ms)
[02/27/2026-11:05:56] [I] Average on 10 runs - GPU latency: 4.5855 ms - Host latency: 4.5855 ms (enqueue 4.5782 ms)
[02/27/2026-11:05:56] [I] Average on 10 runs - GPU latency: 4.59062 ms - Host latency: 4.59062 ms (enqueue 4.58303 ms)
[02/27/2026-11:05:56] [I] Average on 10 runs - GPU latency: 4.59001 ms - Host latency: 4.59001 ms (enqueue 4.58232 ms)
[02/27/2026-11:05:56] [I] Average on 10 runs - GPU latency: 4.58738 ms - Host latency: 4.58738 ms (enqueue 4.58 ms)
[02/27/2026-11:05:56] [I] Average on 10 runs - GPU latency: 4.59045 ms - Host latency: 4.59045 ms (enqueue 4.58333 ms)
[02/27/2026-11:05:56] [I] Average on 10 runs - GPU latency: 4.58689 ms - Host latency: 4.58689 ms (enqueue 4.57913 ms)
[02/27/2026-11:05:56] [I] Average on 10 runs - GPU latency: 4.5906 ms - Host latency: 4.5906 ms (enqueue 4.58313 ms)
[02/27/2026-11:05:56] [I] Average on 10 runs - GPU latency: 4.58262 ms - Host latency: 4.58262 ms (enqueue 4.57498 ms)
[02/27/2026-11:05:56] [I] Average on 10 runs - GPU latency: 4.58762 ms - Host latency: 4.58762 ms (enqueue 4.57983 ms)
[02/27/2026-11:05:56] [I] Average on 10 runs - GPU latency: 4.58442 ms - Host latency: 4.58442 ms (enqueue 4.57747 ms)
[02/27/2026-11:05:56] [I] Average on 10 runs - GPU latency: 4.58601 ms - Host latency: 4.58601 ms (enqueue 4.57883 ms)
[02/27/2026-11:05:56] [I] Average on 10 runs - GPU latency: 4.58542 ms - Host latency: 4.58542 ms (enqueue 4.57815 ms)
[02/27/2026-11:05:56] [I] Average on 10 runs - GPU latency: 4.5897 ms - Host latency: 4.5897 ms (enqueue 4.5822 ms)
[02/27/2026-11:05:56] [I] Average on 10 runs - GPU latency: 4.5866 ms - Host latency: 4.5866 ms (enqueue 4.57908 ms)
[02/27/2026-11:05:56] [I] Average on 10 runs - GPU latency: 4.58708 ms - Host latency: 4.58708 ms (enqueue 4.57947 ms)
[02/27/2026-11:05:56] [I] Average on 10 runs - GPU latency: 4.58589 ms - Host latency: 4.58589 ms (enqueue 4.57761 ms)
[02/27/2026-11:05:56] [I] Average on 10 runs - GPU latency: 4.59233 ms - Host latency: 4.59233 ms (enqueue 4.58359 ms)
[02/27/2026-11:05:56] [I] Average on 10 runs - GPU latency: 4.59172 ms - Host latency: 4.59172 ms (enqueue 4.58352 ms)
[02/27/2026-11:05:56] [I] Average on 10 runs - GPU latency: 4.5885 ms - Host latency: 4.5885 ms (enqueue 4.57991 ms)
[02/27/2026-11:05:56] [I] Average on 10 runs - GPU latency: 4.58918 ms - Host latency: 4.58918 ms (enqueue 4.58147 ms)
[02/27/2026-11:05:56] [I] 
[02/27/2026-11:05:56] [I] === Performance summary ===
[02/27/2026-11:05:56] [I] Throughput: 217.255 qps
[02/27/2026-11:05:56] [I] Latency: min = 4.55981 ms, max = 5.25287 ms, mean = 4.58856 ms, median = 4.58673 ms, percentile(90%) = 4.60162 ms, percentile(95%) = 4.60718 ms, percentile(99%) = 4.61951 ms
[02/27/2026-11:05:56] [I] Enqueue Time: min = 4.55298 ms, max = 5.20483 ms, mean = 4.58112 ms, median = 4.57904 ms, percentile(90%) = 4.59326 ms, percentile(95%) = 4.59802 ms, percentile(99%) = 4.6123 ms
[02/27/2026-11:05:56] [I] H2D Latency: min = 0 ms, max = 0 ms, mean = 0 ms, median = 0 ms, percentile(90%) = 0 ms, percentile(95%) = 0 ms, percentile(99%) = 0 ms
[02/27/2026-11:05:56] [I] GPU Compute Time: min = 4.55981 ms, max = 5.25287 ms, mean = 4.58856 ms, median = 4.58673 ms, percentile(90%) = 4.60162 ms, percentile(95%) = 4.60718 ms, percentile(99%) = 4.61951 ms
[02/27/2026-11:05:56] [I] D2H Latency: min = 0 ms, max = 0 ms, mean = 0 ms, median = 0 ms, percentile(90%) = 0 ms, percentile(95%) = 0 ms, percentile(99%) = 0 ms
[02/27/2026-11:05:56] [I] Total Host Walltime: 3.01029 s
[02/27/2026-11:05:56] [I] Total GPU Compute Time: 3.00092 s
[02/27/2026-11:05:56] [W] * Throughput may be bound by Enqueue Time rather than GPU Compute and the GPU may be under-utilized.
[02/27/2026-11:05:56] [W]   If not already in use, --useCudaGraph (utilize CUDA graphs where possible) may increase the throughput.
[02/27/2026-11:05:56] [I] Explanations of the performance metrics are printed in the verbose logs.
[02/27/2026-11:05:56] [I] 
&&&& PASSED TensorRT.trtexec [TensorRT v8502] # /usr/src/tensorrt/bin/trtexec --onnx=/home/user/Edge-ML/models/v4/GRU/bs1/GRU.onnx --saveEngine=/home/user/Edge-ML/models/v4/GRU/bs1/GRU_fp32.engine --exportLayerInfo=/home/user/Edge-ML/models/v4/GRU/bs1/logs/quantisation_fp32_layers.json --memPoolSize=workspace:4096MiB --tacticSources=+CUBLAS,+CUBLAS_LT,+CUDNN --noDataTransfers
