/usr/src/tensorrt/bin/trtexec --onnx=/home/user/Edge-ML/models/v4/GRU/bs1/GRU.onnx --saveEngine=/home/user/Edge-ML/models/v4/GRU/bs1/GRU_fp16.engine --fp16 --exportLayerInfo=/home/user/Edge-ML/models/v4/GRU/bs1/logs/quantisation_fp16_layers.json --memPoolSize=workspace:4096MiB --tacticSources=+CUBLAS,+CUBLAS_LT,+CUDNN --noDataTransfers

&&&& RUNNING TensorRT.trtexec [TensorRT v8502] # /usr/src/tensorrt/bin/trtexec --onnx=/home/user/Edge-ML/models/v4/GRU/bs1/GRU.onnx --saveEngine=/home/user/Edge-ML/models/v4/GRU/bs1/GRU_fp16.engine --fp16 --exportLayerInfo=/home/user/Edge-ML/models/v4/GRU/bs1/logs/quantisation_fp16_layers.json --memPoolSize=workspace:4096MiB --tacticSources=+CUBLAS,+CUBLAS_LT,+CUDNN --noDataTransfers
[02/27/2026-11:05:57] [I] === Model Options ===
[02/27/2026-11:05:57] [I] Format: ONNX
[02/27/2026-11:05:57] [I] Model: /home/user/Edge-ML/models/v4/GRU/bs1/GRU.onnx
[02/27/2026-11:05:57] [I] Output:
[02/27/2026-11:05:57] [I] === Build Options ===
[02/27/2026-11:05:57] [I] Max batch: explicit batch
[02/27/2026-11:05:57] [I] Memory Pools: workspace: 4096 MiB, dlaSRAM: default, dlaLocalDRAM: default, dlaGlobalDRAM: default
[02/27/2026-11:05:57] [I] minTiming: 1
[02/27/2026-11:05:57] [I] avgTiming: 8
[02/27/2026-11:05:57] [I] Precision: FP32+FP16
[02/27/2026-11:05:57] [I] LayerPrecisions: 
[02/27/2026-11:05:57] [I] Calibration: 
[02/27/2026-11:05:57] [I] Refit: Disabled
[02/27/2026-11:05:57] [I] Sparsity: Disabled
[02/27/2026-11:05:57] [I] Safe mode: Disabled
[02/27/2026-11:05:57] [I] DirectIO mode: Disabled
[02/27/2026-11:05:57] [I] Restricted mode: Disabled
[02/27/2026-11:05:57] [I] Build only: Disabled
[02/27/2026-11:05:57] [I] Save engine: /home/user/Edge-ML/models/v4/GRU/bs1/GRU_fp16.engine
[02/27/2026-11:05:57] [I] Load engine: 
[02/27/2026-11:05:57] [I] Profiling verbosity: 0
[02/27/2026-11:05:57] [I] Tactic sources: cublas [ON], cublasLt [ON], cudnn [ON], 
[02/27/2026-11:05:57] [I] timingCacheMode: local
[02/27/2026-11:05:57] [I] timingCacheFile: 
[02/27/2026-11:05:57] [I] Heuristic: Disabled
[02/27/2026-11:05:57] [I] Preview Features: Use default preview flags.
[02/27/2026-11:05:57] [I] Input(s)s format: fp32:CHW
[02/27/2026-11:05:57] [I] Output(s)s format: fp32:CHW
[02/27/2026-11:05:57] [I] Input build shapes: model
[02/27/2026-11:05:57] [I] Input calibration shapes: model
[02/27/2026-11:05:57] [I] === System Options ===
[02/27/2026-11:05:57] [I] Device: 0
[02/27/2026-11:05:57] [I] DLACore: 
[02/27/2026-11:05:57] [I] Plugins:
[02/27/2026-11:05:57] [I] === Inference Options ===
[02/27/2026-11:05:57] [I] Batch: Explicit
[02/27/2026-11:05:57] [I] Input inference shapes: model
[02/27/2026-11:05:57] [I] Iterations: 10
[02/27/2026-11:05:57] [I] Duration: 3s (+ 200ms warm up)
[02/27/2026-11:05:57] [I] Sleep time: 0ms
[02/27/2026-11:05:57] [I] Idle time: 0ms
[02/27/2026-11:05:57] [I] Streams: 1
[02/27/2026-11:05:57] [I] ExposeDMA: Disabled
[02/27/2026-11:05:57] [I] Data transfers: Disabled
[02/27/2026-11:05:57] [I] Spin-wait: Disabled
[02/27/2026-11:05:57] [I] Multithreading: Disabled
[02/27/2026-11:05:57] [I] CUDA Graph: Disabled
[02/27/2026-11:05:57] [I] Separate profiling: Disabled
[02/27/2026-11:05:57] [I] Time Deserialize: Disabled
[02/27/2026-11:05:57] [I] Time Refit: Disabled
[02/27/2026-11:05:57] [I] NVTX verbosity: 0
[02/27/2026-11:05:57] [I] Persistent Cache Ratio: 0
[02/27/2026-11:05:57] [I] Inputs:
[02/27/2026-11:05:57] [I] === Reporting Options ===
[02/27/2026-11:05:57] [I] Verbose: Disabled
[02/27/2026-11:05:57] [I] Averages: 10 inferences
[02/27/2026-11:05:57] [I] Percentiles: 90,95,99
[02/27/2026-11:05:57] [I] Dump refittable layers:Disabled
[02/27/2026-11:05:57] [I] Dump output: Disabled
[02/27/2026-11:05:57] [I] Profile: Disabled
[02/27/2026-11:05:57] [I] Export timing to JSON file: 
[02/27/2026-11:05:57] [I] Export output to JSON file: 
[02/27/2026-11:05:57] [I] Export profile to JSON file: 
[02/27/2026-11:05:57] [I] 
[02/27/2026-11:05:57] [I] === Device Information ===
[02/27/2026-11:05:57] [I] Selected Device: Orin
[02/27/2026-11:05:57] [I] Compute Capability: 8.7
[02/27/2026-11:05:57] [I] SMs: 4
[02/27/2026-11:05:57] [I] Compute Clock Rate: 0.624 GHz
[02/27/2026-11:05:57] [I] Device Global Memory: 3425 MiB
[02/27/2026-11:05:57] [I] Shared Memory per SM: 164 KiB
[02/27/2026-11:05:57] [I] Memory Bus Width: 128 bits (ECC disabled)
[02/27/2026-11:05:57] [I] Memory Clock Rate: 0.624 GHz
[02/27/2026-11:05:57] [I] 
[02/27/2026-11:05:57] [I] TensorRT version: 8.5.2
[02/27/2026-11:05:57] [I] [TRT] [MemUsageChange] Init CUDA: CPU +220, GPU +0, now: CPU 249, GPU 1637 (MiB)
[02/27/2026-11:06:00] [I] [TRT] [MemUsageChange] Init builder kernel library: CPU +302, GPU +180, now: CPU 574, GPU 1837 (MiB)
[02/27/2026-11:06:00] [I] Start parsing network model
[02/27/2026-11:06:00] [I] [TRT] ----------------------------------------------------------------
[02/27/2026-11:06:00] [I] [TRT] Input filename:   /home/user/Edge-ML/models/v4/GRU/bs1/GRU.onnx
[02/27/2026-11:06:00] [I] [TRT] ONNX IR version:  0.0.7
[02/27/2026-11:06:00] [I] [TRT] Opset version:    12
[02/27/2026-11:06:00] [I] [TRT] Producer name:    pytorch
[02/27/2026-11:06:00] [I] [TRT] Producer version: 2.5.1
[02/27/2026-11:06:00] [I] [TRT] Domain:           
[02/27/2026-11:06:00] [I] [TRT] Model version:    0
[02/27/2026-11:06:00] [I] [TRT] Doc string:       
[02/27/2026-11:06:00] [I] [TRT] ----------------------------------------------------------------
[02/27/2026-11:06:00] [W] [TRT] onnx2trt_utils.cpp:375: Your ONNX model has been generated with INT64 weights, while TensorRT does not natively support INT64. Attempting to cast down to INT32.
[02/27/2026-11:06:00] [I] Finish parsing network model
[02/27/2026-11:06:00] [I] [TRT] ---------- Layers Running on DLA ----------
[02/27/2026-11:06:00] [I] [TRT] ---------- Layers Running on GPU ----------
[02/27/2026-11:06:00] [I] [TRT] [GpuLayer] MYELIN: {ForeignNode[(Unnamed Layer* 41) [Constant].../Squeeze]}
[02/27/2026-11:06:01] [I] [TRT] [MemUsageChange] Init cuBLAS/cuBLASLt: CPU +535, GPU +662, now: CPU 1109, GPU 2500 (MiB)
[02/27/2026-11:06:01] [I] [TRT] [MemUsageChange] Init cuDNN: CPU +82, GPU +127, now: CPU 1191, GPU 2627 (MiB)
[02/27/2026-11:06:01] [I] [TRT] Local timing cache in use. Profiling results in this builder pass will not be stored.
[02/27/2026-11:06:10] [I] [TRT] Total Activation Memory: 4294967296
[02/27/2026-11:06:10] [I] [TRT] Detected 1 inputs and 1 output network tensors.
[02/27/2026-11:06:10] [I] [TRT] Total Host Persistent Memory: 32
[02/27/2026-11:06:10] [I] [TRT] Total Device Persistent Memory: 0
[02/27/2026-11:06:10] [I] [TRT] Total Scratch Memory: 446976
[02/27/2026-11:06:10] [I] [TRT] [MemUsageStats] Peak memory usage of TRT CPU/GPU memory allocators: CPU 0 MiB, GPU 4 MiB
[02/27/2026-11:06:10] [I] [TRT] [BlockAssignment] Started assigning block shifts. This will take 1 steps to complete.
[02/27/2026-11:06:10] [I] [TRT] [BlockAssignment] Algorithm ShiftNTopDown took 0.015744ms to assign 1 blocks to 1 nodes requiring 446976 bytes.
[02/27/2026-11:06:10] [I] [TRT] Total Activation Memory: 446976
[02/27/2026-11:06:10] [W] [TRT] TensorRT encountered issues when converting weights between types and that could affect accuracy.
[02/27/2026-11:06:10] [W] [TRT] If this is not the desired behavior, please modify the weights or retrain with regularization to adjust the magnitude of the weights.
[02/27/2026-11:06:10] [W] [TRT] Check verbose logs for the list of affected weights.
[02/27/2026-11:06:10] [W] [TRT] - 4 weights are affected by this issue: Detected subnormal FP16 values.
[02/27/2026-11:06:10] [I] [TRT] [MemUsageChange] TensorRT-managed allocation in building engine: CPU +0, GPU +4, now: CPU 0, GPU 4 (MiB)
[02/27/2026-11:06:10] [I] Engine built in 13.321 sec.
[02/27/2026-11:06:10] [I] [TRT] Loaded engine size: 0 MiB
[02/27/2026-11:06:10] [I] [TRT] [MemUsageChange] TensorRT-managed allocation in engine deserialization: CPU +0, GPU +0, now: CPU 0, GPU 0 (MiB)
[02/27/2026-11:06:10] [I] Engine deserialized in 0.00518387 sec.
[02/27/2026-11:06:11] [I] [TRT] [MemUsageChange] TensorRT-managed allocation in IExecutionContext creation: CPU +0, GPU +0, now: CPU 0, GPU 0 (MiB)
[02/27/2026-11:06:11] [I] Setting persistentCacheLimit to 0 bytes.
[02/27/2026-11:06:11] [I] Using random values for input input
[02/27/2026-11:06:11] [I] Created input binding for input with dimensions 1x120
[02/27/2026-11:06:11] [I] Using random values for output capacity
[02/27/2026-11:06:11] [I] Created output binding for capacity with dimensions 
[02/27/2026-11:06:11] [I] [TRT] The profiling verbosity was set to ProfilingVerbosity::kLAYER_NAMES_ONLY when the engine was built, so only the layer names will be returned. Rebuild the engine with ProfilingVerbosity::kDETAILED to get more verbose layer information.
[02/27/2026-11:06:11] [I] Starting inference
[02/27/2026-11:06:14] [I] Warmup completed 44 queries over 200 ms
[02/27/2026-11:06:14] [I] Timing trace has 652 queries over 3.00783 s
[02/27/2026-11:06:14] [I] 
[02/27/2026-11:06:14] [I] === Trace details ===
[02/27/2026-11:06:14] [I] Trace averages of 10 runs:
[02/27/2026-11:06:14] [I] Average on 10 runs - GPU latency: 4.59624 ms - Host latency: 4.59624 ms (enqueue 4.5878 ms)
[02/27/2026-11:06:14] [I] Average on 10 runs - GPU latency: 4.58996 ms - Host latency: 4.58996 ms (enqueue 4.58216 ms)
[02/27/2026-11:06:14] [I] Average on 10 runs - GPU latency: 4.59737 ms - Host latency: 4.59737 ms (enqueue 4.58948 ms)
[02/27/2026-11:06:14] [I] Average on 10 runs - GPU latency: 4.59297 ms - Host latency: 4.59297 ms (enqueue 4.58531 ms)
[02/27/2026-11:06:14] [I] Average on 10 runs - GPU latency: 4.59044 ms - Host latency: 4.59044 ms (enqueue 4.5819 ms)
[02/27/2026-11:06:14] [I] Average on 10 runs - GPU latency: 4.5933 ms - Host latency: 4.5933 ms (enqueue 4.58529 ms)
[02/27/2026-11:06:14] [I] Average on 10 runs - GPU latency: 4.58994 ms - Host latency: 4.58994 ms (enqueue 4.58278 ms)
[02/27/2026-11:06:14] [I] Average on 10 runs - GPU latency: 4.59208 ms - Host latency: 4.59208 ms (enqueue 4.58446 ms)
[02/27/2026-11:06:14] [I] Average on 10 runs - GPU latency: 4.58838 ms - Host latency: 4.58838 ms (enqueue 4.58094 ms)
[02/27/2026-11:06:14] [I] Average on 10 runs - GPU latency: 4.59564 ms - Host latency: 4.59564 ms (enqueue 4.58726 ms)
[02/27/2026-11:06:14] [I] Average on 10 runs - GPU latency: 4.59493 ms - Host latency: 4.59493 ms (enqueue 4.58694 ms)
[02/27/2026-11:06:14] [I] Average on 10 runs - GPU latency: 4.59232 ms - Host latency: 4.59232 ms (enqueue 4.58516 ms)
[02/27/2026-11:06:14] [I] Average on 10 runs - GPU latency: 4.59233 ms - Host latency: 4.59233 ms (enqueue 4.58455 ms)
[02/27/2026-11:06:14] [I] Average on 10 runs - GPU latency: 4.59214 ms - Host latency: 4.59214 ms (enqueue 4.5848 ms)
[02/27/2026-11:06:14] [I] Average on 10 runs - GPU latency: 4.59569 ms - Host latency: 4.59569 ms (enqueue 4.58774 ms)
[02/27/2026-11:06:14] [I] Average on 10 runs - GPU latency: 4.59207 ms - Host latency: 4.59207 ms (enqueue 4.58397 ms)
[02/27/2026-11:06:14] [I] Average on 10 runs - GPU latency: 4.59352 ms - Host latency: 4.59352 ms (enqueue 4.5856 ms)
[02/27/2026-11:06:14] [I] Average on 10 runs - GPU latency: 4.59627 ms - Host latency: 4.59627 ms (enqueue 4.58811 ms)
[02/27/2026-11:06:14] [I] Average on 10 runs - GPU latency: 4.60101 ms - Host latency: 4.60101 ms (enqueue 4.59239 ms)
[02/27/2026-11:06:14] [I] Average on 10 runs - GPU latency: 4.59493 ms - Host latency: 4.59493 ms (enqueue 4.58657 ms)
[02/27/2026-11:06:14] [I] Average on 10 runs - GPU latency: 4.59904 ms - Host latency: 4.59904 ms (enqueue 4.59087 ms)
[02/27/2026-11:06:14] [I] Average on 10 runs - GPU latency: 4.5972 ms - Host latency: 4.5972 ms (enqueue 4.58771 ms)
[02/27/2026-11:06:14] [I] Average on 10 runs - GPU latency: 4.5837 ms - Host latency: 4.5837 ms (enqueue 4.57596 ms)
[02/27/2026-11:06:14] [I] Average on 10 runs - GPU latency: 4.59298 ms - Host latency: 4.59298 ms (enqueue 4.58477 ms)
[02/27/2026-11:06:14] [I] Average on 10 runs - GPU latency: 4.59404 ms - Host latency: 4.59404 ms (enqueue 4.58488 ms)
[02/27/2026-11:06:14] [I] Average on 10 runs - GPU latency: 4.5926 ms - Host latency: 4.5926 ms (enqueue 4.5844 ms)
[02/27/2026-11:06:14] [I] Average on 10 runs - GPU latency: 4.58962 ms - Host latency: 4.58962 ms (enqueue 4.58226 ms)
[02/27/2026-11:06:14] [I] Average on 10 runs - GPU latency: 4.5946 ms - Host latency: 4.5946 ms (enqueue 4.6136 ms)
[02/27/2026-11:06:14] [I] Average on 10 runs - GPU latency: 4.62605 ms - Host latency: 4.62605 ms (enqueue 4.61687 ms)
[02/27/2026-11:06:14] [I] Average on 10 runs - GPU latency: 4.6012 ms - Host latency: 4.6012 ms (enqueue 4.59303 ms)
[02/27/2026-11:06:14] [I] Average on 10 runs - GPU latency: 4.59493 ms - Host latency: 4.59493 ms (enqueue 4.586 ms)
[02/27/2026-11:06:14] [I] Average on 10 runs - GPU latency: 4.60045 ms - Host latency: 4.60045 ms (enqueue 4.59253 ms)
[02/27/2026-11:06:14] [I] Average on 10 runs - GPU latency: 4.60507 ms - Host latency: 4.60507 ms (enqueue 4.59691 ms)
[02/27/2026-11:06:14] [I] Average on 10 runs - GPU latency: 4.6084 ms - Host latency: 4.6084 ms (enqueue 4.62996 ms)
[02/27/2026-11:06:14] [I] Average on 10 runs - GPU latency: 4.60521 ms - Host latency: 4.60521 ms (enqueue 4.59713 ms)
[02/27/2026-11:06:14] [I] Average on 10 runs - GPU latency: 4.60662 ms - Host latency: 4.60662 ms (enqueue 4.59849 ms)
[02/27/2026-11:06:14] [I] Average on 10 runs - GPU latency: 4.60536 ms - Host latency: 4.60536 ms (enqueue 4.59723 ms)
[02/27/2026-11:06:14] [I] Average on 10 runs - GPU latency: 4.59445 ms - Host latency: 4.59445 ms (enqueue 4.58604 ms)
[02/27/2026-11:06:14] [I] Average on 10 runs - GPU latency: 4.59652 ms - Host latency: 4.59652 ms (enqueue 4.58884 ms)
[02/27/2026-11:06:14] [I] Average on 10 runs - GPU latency: 4.59991 ms - Host latency: 4.59991 ms (enqueue 4.59209 ms)
[02/27/2026-11:06:14] [I] Average on 10 runs - GPU latency: 4.60142 ms - Host latency: 4.60142 ms (enqueue 4.59368 ms)
[02/27/2026-11:06:14] [I] Average on 10 runs - GPU latency: 4.59751 ms - Host latency: 4.59751 ms (enqueue 4.59001 ms)
[02/27/2026-11:06:14] [I] Average on 10 runs - GPU latency: 4.60249 ms - Host latency: 4.60249 ms (enqueue 4.59453 ms)
[02/27/2026-11:06:14] [I] Average on 10 runs - GPU latency: 4.598 ms - Host latency: 4.598 ms (enqueue 4.59036 ms)
[02/27/2026-11:06:14] [I] Average on 10 runs - GPU latency: 4.59485 ms - Host latency: 4.59485 ms (enqueue 4.58799 ms)
[02/27/2026-11:06:14] [I] Average on 10 runs - GPU latency: 4.60146 ms - Host latency: 4.60146 ms (enqueue 4.59431 ms)
[02/27/2026-11:06:14] [I] Average on 10 runs - GPU latency: 4.59973 ms - Host latency: 4.59973 ms (enqueue 4.59204 ms)
[02/27/2026-11:06:14] [I] Average on 10 runs - GPU latency: 4.59941 ms - Host latency: 4.59941 ms (enqueue 4.59165 ms)
[02/27/2026-11:06:14] [I] Average on 10 runs - GPU latency: 4.60181 ms - Host latency: 4.60181 ms (enqueue 4.59426 ms)
[02/27/2026-11:06:14] [I] Average on 10 runs - GPU latency: 4.59773 ms - Host latency: 4.59773 ms (enqueue 4.59021 ms)
[02/27/2026-11:06:14] [I] Average on 10 runs - GPU latency: 4.59802 ms - Host latency: 4.59802 ms (enqueue 4.59075 ms)
[02/27/2026-11:06:14] [I] Average on 10 runs - GPU latency: 4.58936 ms - Host latency: 4.58936 ms (enqueue 4.58232 ms)
[02/27/2026-11:06:14] [I] Average on 10 runs - GPU latency: 4.59785 ms - Host latency: 4.59785 ms (enqueue 4.59019 ms)
[02/27/2026-11:06:14] [I] Average on 10 runs - GPU latency: 4.59668 ms - Host latency: 4.59668 ms (enqueue 4.58894 ms)
[02/27/2026-11:06:14] [I] Average on 10 runs - GPU latency: 4.60115 ms - Host latency: 4.60115 ms (enqueue 4.62278 ms)
[02/27/2026-11:06:14] [I] Average on 10 runs - GPU latency: 4.60349 ms - Host latency: 4.60349 ms (enqueue 4.59512 ms)
[02/27/2026-11:06:14] [I] Average on 10 runs - GPU latency: 4.59399 ms - Host latency: 4.59399 ms (enqueue 4.58626 ms)
[02/27/2026-11:06:14] [I] Average on 10 runs - GPU latency: 4.60039 ms - Host latency: 4.60039 ms (enqueue 4.59314 ms)
[02/27/2026-11:06:14] [I] Average on 10 runs - GPU latency: 4.60422 ms - Host latency: 4.60422 ms (enqueue 4.59629 ms)
[02/27/2026-11:06:14] [I] Average on 10 runs - GPU latency: 4.59863 ms - Host latency: 4.59863 ms (enqueue 4.59055 ms)
[02/27/2026-11:06:14] [I] Average on 10 runs - GPU latency: 4.596 ms - Host latency: 4.596 ms (enqueue 4.58828 ms)
[02/27/2026-11:06:14] [I] Average on 10 runs - GPU latency: 4.59585 ms - Host latency: 4.59585 ms (enqueue 4.58789 ms)
[02/27/2026-11:06:14] [I] Average on 10 runs - GPU latency: 4.59551 ms - Host latency: 4.59551 ms (enqueue 4.58723 ms)
[02/27/2026-11:06:14] [I] Average on 10 runs - GPU latency: 4.6355 ms - Host latency: 4.6355 ms (enqueue 4.62368 ms)
[02/27/2026-11:06:14] [I] Average on 10 runs - GPU latency: 4.60012 ms - Host latency: 4.60012 ms (enqueue 4.59216 ms)
[02/27/2026-11:06:14] [I] 
[02/27/2026-11:06:14] [I] === Performance summary ===
[02/27/2026-11:06:14] [I] Throughput: 216.768 qps
[02/27/2026-11:06:14] [I] Latency: min = 4.56763 ms, max = 4.93091 ms, mean = 4.59787 ms, median = 4.59564 ms, percentile(90%) = 4.61353 ms, percentile(95%) = 4.61792 ms, percentile(99%) = 4.64282 ms
[02/27/2026-11:06:14] [I] Enqueue Time: min = 4.5603 ms, max = 4.91016 ms, mean = 4.5912 ms, median = 4.58765 ms, percentile(90%) = 4.60547 ms, percentile(95%) = 4.61194 ms, percentile(99%) = 4.64551 ms
[02/27/2026-11:06:14] [I] H2D Latency: min = 0 ms, max = 0 ms, mean = 0 ms, median = 0 ms, percentile(90%) = 0 ms, percentile(95%) = 0 ms, percentile(99%) = 0 ms
[02/27/2026-11:06:14] [I] GPU Compute Time: min = 4.56763 ms, max = 4.93091 ms, mean = 4.59787 ms, median = 4.59564 ms, percentile(90%) = 4.61353 ms, percentile(95%) = 4.61792 ms, percentile(99%) = 4.64282 ms
[02/27/2026-11:06:14] [I] D2H Latency: min = 0 ms, max = 0 ms, mean = 0 ms, median = 0 ms, percentile(90%) = 0 ms, percentile(95%) = 0 ms, percentile(99%) = 0 ms
[02/27/2026-11:06:14] [I] Total Host Walltime: 3.00783 s
[02/27/2026-11:06:14] [I] Total GPU Compute Time: 2.99781 s
[02/27/2026-11:06:14] [W] * Throughput may be bound by Enqueue Time rather than GPU Compute and the GPU may be under-utilized.
[02/27/2026-11:06:14] [W]   If not already in use, --useCudaGraph (utilize CUDA graphs where possible) may increase the throughput.
[02/27/2026-11:06:14] [I] Explanations of the performance metrics are printed in the verbose logs.
[02/27/2026-11:06:14] [I] 
&&&& PASSED TensorRT.trtexec [TensorRT v8502] # /usr/src/tensorrt/bin/trtexec --onnx=/home/user/Edge-ML/models/v4/GRU/bs1/GRU.onnx --saveEngine=/home/user/Edge-ML/models/v4/GRU/bs1/GRU_fp16.engine --fp16 --exportLayerInfo=/home/user/Edge-ML/models/v4/GRU/bs1/logs/quantisation_fp16_layers.json --memPoolSize=workspace:4096MiB --tacticSources=+CUBLAS,+CUBLAS_LT,+CUDNN --noDataTransfers
