/usr/src/tensorrt/bin/trtexec --onnx=/home/user/Edge-ML/models/v5/GRU/bs1/GRU.onnx --saveEngine=/home/user/Edge-ML/models/v5/GRU/bs1/GRU_fp32.engine --exportLayerInfo=/home/user/Edge-ML/models/v5/GRU/bs1/logs/quantisation_fp32_layers.json --memPoolSize=workspace:4096MiB --tacticSources=+CUBLAS,+CUBLAS_LT,+CUDNN --noDataTransfers

&&&& RUNNING TensorRT.trtexec [TensorRT v8502] # /usr/src/tensorrt/bin/trtexec --onnx=/home/user/Edge-ML/models/v5/GRU/bs1/GRU.onnx --saveEngine=/home/user/Edge-ML/models/v5/GRU/bs1/GRU_fp32.engine --exportLayerInfo=/home/user/Edge-ML/models/v5/GRU/bs1/logs/quantisation_fp32_layers.json --memPoolSize=workspace:4096MiB --tacticSources=+CUBLAS,+CUBLAS_LT,+CUDNN --noDataTransfers
[03/03/2026-10:58:43] [I] === Model Options ===
[03/03/2026-10:58:43] [I] Format: ONNX
[03/03/2026-10:58:43] [I] Model: /home/user/Edge-ML/models/v5/GRU/bs1/GRU.onnx
[03/03/2026-10:58:43] [I] Output:
[03/03/2026-10:58:43] [I] === Build Options ===
[03/03/2026-10:58:43] [I] Max batch: explicit batch
[03/03/2026-10:58:43] [I] Memory Pools: workspace: 4096 MiB, dlaSRAM: default, dlaLocalDRAM: default, dlaGlobalDRAM: default
[03/03/2026-10:58:43] [I] minTiming: 1
[03/03/2026-10:58:43] [I] avgTiming: 8
[03/03/2026-10:58:43] [I] Precision: FP32
[03/03/2026-10:58:43] [I] LayerPrecisions: 
[03/03/2026-10:58:43] [I] Calibration: 
[03/03/2026-10:58:43] [I] Refit: Disabled
[03/03/2026-10:58:43] [I] Sparsity: Disabled
[03/03/2026-10:58:43] [I] Safe mode: Disabled
[03/03/2026-10:58:43] [I] DirectIO mode: Disabled
[03/03/2026-10:58:43] [I] Restricted mode: Disabled
[03/03/2026-10:58:43] [I] Build only: Disabled
[03/03/2026-10:58:43] [I] Save engine: /home/user/Edge-ML/models/v5/GRU/bs1/GRU_fp32.engine
[03/03/2026-10:58:43] [I] Load engine: 
[03/03/2026-10:58:43] [I] Profiling verbosity: 0
[03/03/2026-10:58:43] [I] Tactic sources: cublas [ON], cublasLt [ON], cudnn [ON], 
[03/03/2026-10:58:43] [I] timingCacheMode: local
[03/03/2026-10:58:43] [I] timingCacheFile: 
[03/03/2026-10:58:43] [I] Heuristic: Disabled
[03/03/2026-10:58:43] [I] Preview Features: Use default preview flags.
[03/03/2026-10:58:43] [I] Input(s)s format: fp32:CHW
[03/03/2026-10:58:43] [I] Output(s)s format: fp32:CHW
[03/03/2026-10:58:43] [I] Input build shapes: model
[03/03/2026-10:58:43] [I] Input calibration shapes: model
[03/03/2026-10:58:43] [I] === System Options ===
[03/03/2026-10:58:43] [I] Device: 0
[03/03/2026-10:58:43] [I] DLACore: 
[03/03/2026-10:58:43] [I] Plugins:
[03/03/2026-10:58:43] [I] === Inference Options ===
[03/03/2026-10:58:43] [I] Batch: Explicit
[03/03/2026-10:58:43] [I] Input inference shapes: model
[03/03/2026-10:58:43] [I] Iterations: 10
[03/03/2026-10:58:43] [I] Duration: 3s (+ 200ms warm up)
[03/03/2026-10:58:43] [I] Sleep time: 0ms
[03/03/2026-10:58:43] [I] Idle time: 0ms
[03/03/2026-10:58:43] [I] Streams: 1
[03/03/2026-10:58:43] [I] ExposeDMA: Disabled
[03/03/2026-10:58:43] [I] Data transfers: Disabled
[03/03/2026-10:58:43] [I] Spin-wait: Disabled
[03/03/2026-10:58:43] [I] Multithreading: Disabled
[03/03/2026-10:58:43] [I] CUDA Graph: Disabled
[03/03/2026-10:58:43] [I] Separate profiling: Disabled
[03/03/2026-10:58:43] [I] Time Deserialize: Disabled
[03/03/2026-10:58:43] [I] Time Refit: Disabled
[03/03/2026-10:58:43] [I] NVTX verbosity: 0
[03/03/2026-10:58:43] [I] Persistent Cache Ratio: 0
[03/03/2026-10:58:43] [I] Inputs:
[03/03/2026-10:58:43] [I] === Reporting Options ===
[03/03/2026-10:58:43] [I] Verbose: Disabled
[03/03/2026-10:58:43] [I] Averages: 10 inferences
[03/03/2026-10:58:43] [I] Percentiles: 90,95,99
[03/03/2026-10:58:43] [I] Dump refittable layers:Disabled
[03/03/2026-10:58:43] [I] Dump output: Disabled
[03/03/2026-10:58:43] [I] Profile: Disabled
[03/03/2026-10:58:43] [I] Export timing to JSON file: 
[03/03/2026-10:58:43] [I] Export output to JSON file: 
[03/03/2026-10:58:43] [I] Export profile to JSON file: 
[03/03/2026-10:58:43] [I] 
[03/03/2026-10:58:43] [I] === Device Information ===
[03/03/2026-10:58:43] [I] Selected Device: Orin
[03/03/2026-10:58:43] [I] Compute Capability: 8.7
[03/03/2026-10:58:43] [I] SMs: 4
[03/03/2026-10:58:43] [I] Compute Clock Rate: 0.624 GHz
[03/03/2026-10:58:43] [I] Device Global Memory: 3425 MiB
[03/03/2026-10:58:43] [I] Shared Memory per SM: 164 KiB
[03/03/2026-10:58:43] [I] Memory Bus Width: 128 bits (ECC disabled)
[03/03/2026-10:58:43] [I] Memory Clock Rate: 0.624 GHz
[03/03/2026-10:58:43] [I] 
[03/03/2026-10:58:43] [I] TensorRT version: 8.5.2
[03/03/2026-10:58:44] [I] [TRT] [MemUsageChange] Init CUDA: CPU +220, GPU +0, now: CPU 249, GPU 1557 (MiB)
[03/03/2026-10:58:46] [I] [TRT] [MemUsageChange] Init builder kernel library: CPU +302, GPU +237, now: CPU 574, GPU 1721 (MiB)
[03/03/2026-10:58:46] [I] Start parsing network model
[03/03/2026-10:58:46] [I] [TRT] ----------------------------------------------------------------
[03/03/2026-10:58:46] [I] [TRT] Input filename:   /home/user/Edge-ML/models/v5/GRU/bs1/GRU.onnx
[03/03/2026-10:58:46] [I] [TRT] ONNX IR version:  0.0.7
[03/03/2026-10:58:46] [I] [TRT] Opset version:    12
[03/03/2026-10:58:46] [I] [TRT] Producer name:    pytorch
[03/03/2026-10:58:46] [I] [TRT] Producer version: 2.5.1
[03/03/2026-10:58:46] [I] [TRT] Domain:           
[03/03/2026-10:58:46] [I] [TRT] Model version:    0
[03/03/2026-10:58:46] [I] [TRT] Doc string:       
[03/03/2026-10:58:46] [I] [TRT] ----------------------------------------------------------------
[03/03/2026-10:58:46] [W] [TRT] onnx2trt_utils.cpp:375: Your ONNX model has been generated with INT64 weights, while TensorRT does not natively support INT64. Attempting to cast down to INT32.
[03/03/2026-10:58:46] [I] Finish parsing network model
[03/03/2026-10:58:46] [I] [TRT] ---------- Layers Running on DLA ----------
[03/03/2026-10:58:46] [I] [TRT] ---------- Layers Running on GPU ----------
[03/03/2026-10:58:46] [I] [TRT] [GpuLayer] MYELIN: {ForeignNode[(Unnamed Layer* 41) [Constant].../Squeeze]}
[03/03/2026-10:58:48] [I] [TRT] [MemUsageChange] Init cuBLAS/cuBLASLt: CPU +535, GPU +829, now: CPU 1109, GPU 2551 (MiB)
[03/03/2026-10:58:48] [I] [TRT] [MemUsageChange] Init cuDNN: CPU +82, GPU +205, now: CPU 1191, GPU 2756 (MiB)
[03/03/2026-10:58:48] [I] [TRT] Local timing cache in use. Profiling results in this builder pass will not be stored.
[03/03/2026-10:58:52] [I] [TRT] Total Activation Memory: 4294967296
[03/03/2026-10:58:52] [I] [TRT] Detected 1 inputs and 1 output network tensors.
[03/03/2026-10:58:52] [I] [TRT] Total Host Persistent Memory: 32
[03/03/2026-10:58:52] [I] [TRT] Total Device Persistent Memory: 0
[03/03/2026-10:58:52] [I] [TRT] Total Scratch Memory: 446976
[03/03/2026-10:58:52] [I] [TRT] [MemUsageStats] Peak memory usage of TRT CPU/GPU memory allocators: CPU 0 MiB, GPU 4 MiB
[03/03/2026-10:58:52] [I] [TRT] [BlockAssignment] Started assigning block shifts. This will take 1 steps to complete.
[03/03/2026-10:58:52] [I] [TRT] [BlockAssignment] Algorithm ShiftNTopDown took 0.016641ms to assign 1 blocks to 1 nodes requiring 446976 bytes.
[03/03/2026-10:58:52] [I] [TRT] Total Activation Memory: 446976
[03/03/2026-10:58:52] [I] [TRT] [MemUsageChange] TensorRT-managed allocation in building engine: CPU +0, GPU +4, now: CPU 0, GPU 4 (MiB)
[03/03/2026-10:58:52] [I] Engine built in 8.89524 sec.
[03/03/2026-10:58:52] [I] [TRT] Loaded engine size: 0 MiB
[03/03/2026-10:58:52] [I] [TRT] [MemUsageChange] TensorRT-managed allocation in engine deserialization: CPU +0, GPU +0, now: CPU 0, GPU 0 (MiB)
[03/03/2026-10:58:52] [I] Engine deserialized in 0.00480049 sec.
[03/03/2026-10:58:52] [I] [TRT] [MemUsageChange] TensorRT-managed allocation in IExecutionContext creation: CPU +0, GPU +0, now: CPU 0, GPU 0 (MiB)
[03/03/2026-10:58:52] [I] Setting persistentCacheLimit to 0 bytes.
[03/03/2026-10:58:52] [I] Using random values for input input
[03/03/2026-10:58:52] [I] Created input binding for input with dimensions 1x120
[03/03/2026-10:58:52] [I] Using random values for output capacity
[03/03/2026-10:58:52] [I] Created output binding for capacity with dimensions 
[03/03/2026-10:58:52] [I] [TRT] The profiling verbosity was set to ProfilingVerbosity::kLAYER_NAMES_ONLY when the engine was built, so only the layer names will be returned. Rebuild the engine with ProfilingVerbosity::kDETAILED to get more verbose layer information.
[03/03/2026-10:58:52] [I] Starting inference
[03/03/2026-10:58:55] [I] Warmup completed 46 queries over 200 ms
[03/03/2026-10:58:55] [I] Timing trace has 684 queries over 3.00932 s
[03/03/2026-10:58:55] [I] 
[03/03/2026-10:58:55] [I] === Trace details ===
[03/03/2026-10:58:55] [I] Trace averages of 10 runs:
[03/03/2026-10:58:55] [I] Average on 10 runs - GPU latency: 4.37975 ms - Host latency: 4.37975 ms (enqueue 4.37187 ms)
[03/03/2026-10:58:55] [I] Average on 10 runs - GPU latency: 4.3817 ms - Host latency: 4.3817 ms (enqueue 4.37349 ms)
[03/03/2026-10:58:55] [I] Average on 10 runs - GPU latency: 4.38393 ms - Host latency: 4.38393 ms (enqueue 4.3751 ms)
[03/03/2026-10:58:55] [I] Average on 10 runs - GPU latency: 4.37761 ms - Host latency: 4.37761 ms (enqueue 4.37049 ms)
[03/03/2026-10:58:55] [I] Average on 10 runs - GPU latency: 4.38218 ms - Host latency: 4.38218 ms (enqueue 4.37375 ms)
[03/03/2026-10:58:55] [I] Average on 10 runs - GPU latency: 4.37778 ms - Host latency: 4.37778 ms (enqueue 4.36988 ms)
[03/03/2026-10:58:55] [I] Average on 10 runs - GPU latency: 4.38337 ms - Host latency: 4.38337 ms (enqueue 4.37503 ms)
[03/03/2026-10:58:55] [I] Average on 10 runs - GPU latency: 4.37812 ms - Host latency: 4.37812 ms (enqueue 4.36982 ms)
[03/03/2026-10:58:55] [I] Average on 10 runs - GPU latency: 4.38877 ms - Host latency: 4.38877 ms (enqueue 4.38027 ms)
[03/03/2026-10:58:55] [I] Average on 10 runs - GPU latency: 4.3817 ms - Host latency: 4.3817 ms (enqueue 4.37322 ms)
[03/03/2026-10:58:55] [I] Average on 10 runs - GPU latency: 4.41257 ms - Host latency: 4.41257 ms (enqueue 4.40148 ms)
[03/03/2026-10:58:55] [I] Average on 10 runs - GPU latency: 4.37899 ms - Host latency: 4.37899 ms (enqueue 4.37074 ms)
[03/03/2026-10:58:55] [I] Average on 10 runs - GPU latency: 4.37869 ms - Host latency: 4.37869 ms (enqueue 4.37056 ms)
[03/03/2026-10:58:55] [I] Average on 10 runs - GPU latency: 4.38468 ms - Host latency: 4.38468 ms (enqueue 4.3759 ms)
[03/03/2026-10:58:55] [I] Average on 10 runs - GPU latency: 4.37476 ms - Host latency: 4.37476 ms (enqueue 4.36682 ms)
[03/03/2026-10:58:55] [I] Average on 10 runs - GPU latency: 4.37785 ms - Host latency: 4.37785 ms (enqueue 4.36994 ms)
[03/03/2026-10:58:55] [I] Average on 10 runs - GPU latency: 4.37895 ms - Host latency: 4.37895 ms (enqueue 4.37036 ms)
[03/03/2026-10:58:55] [I] Average on 10 runs - GPU latency: 4.3819 ms - Host latency: 4.3819 ms (enqueue 4.37338 ms)
[03/03/2026-10:58:55] [I] Average on 10 runs - GPU latency: 4.38503 ms - Host latency: 4.38503 ms (enqueue 4.37571 ms)
[03/03/2026-10:58:55] [I] Average on 10 runs - GPU latency: 4.38271 ms - Host latency: 4.38271 ms (enqueue 4.37393 ms)
[03/03/2026-10:58:55] [I] Average on 10 runs - GPU latency: 4.50419 ms - Host latency: 4.50419 ms (enqueue 4.49493 ms)
[03/03/2026-10:58:55] [I] Average on 10 runs - GPU latency: 4.38035 ms - Host latency: 4.38035 ms (enqueue 4.37258 ms)
[03/03/2026-10:58:55] [I] Average on 10 runs - GPU latency: 4.38147 ms - Host latency: 4.38147 ms (enqueue 4.37302 ms)
[03/03/2026-10:58:55] [I] Average on 10 runs - GPU latency: 4.38455 ms - Host latency: 4.38455 ms (enqueue 4.37651 ms)
[03/03/2026-10:58:55] [I] Average on 10 runs - GPU latency: 4.38397 ms - Host latency: 4.38397 ms (enqueue 4.37563 ms)
[03/03/2026-10:58:55] [I] Average on 10 runs - GPU latency: 4.38285 ms - Host latency: 4.38285 ms (enqueue 4.37473 ms)
[03/03/2026-10:58:55] [I] Average on 10 runs - GPU latency: 4.38417 ms - Host latency: 4.38417 ms (enqueue 4.37435 ms)
[03/03/2026-10:58:55] [I] Average on 10 runs - GPU latency: 4.38291 ms - Host latency: 4.38291 ms (enqueue 4.37528 ms)
[03/03/2026-10:58:55] [I] Average on 10 runs - GPU latency: 4.4119 ms - Host latency: 4.4119 ms (enqueue 4.40306 ms)
[03/03/2026-10:58:55] [I] Average on 10 runs - GPU latency: 4.38007 ms - Host latency: 4.38007 ms (enqueue 4.37201 ms)
[03/03/2026-10:58:55] [I] Average on 10 runs - GPU latency: 4.38182 ms - Host latency: 4.38182 ms (enqueue 4.37363 ms)
[03/03/2026-10:58:55] [I] Average on 10 runs - GPU latency: 4.37911 ms - Host latency: 4.37911 ms (enqueue 4.37123 ms)
[03/03/2026-10:58:55] [I] Average on 10 runs - GPU latency: 4.38112 ms - Host latency: 4.38112 ms (enqueue 4.3734 ms)
[03/03/2026-10:58:55] [I] Average on 10 runs - GPU latency: 4.38352 ms - Host latency: 4.38352 ms (enqueue 4.37494 ms)
[03/03/2026-10:58:55] [I] Average on 10 runs - GPU latency: 4.37882 ms - Host latency: 4.37882 ms (enqueue 4.37095 ms)
[03/03/2026-10:58:55] [I] Average on 10 runs - GPU latency: 4.3774 ms - Host latency: 4.3774 ms (enqueue 4.36953 ms)
[03/03/2026-10:58:55] [I] Average on 10 runs - GPU latency: 4.38062 ms - Host latency: 4.38062 ms (enqueue 4.37189 ms)
[03/03/2026-10:58:55] [I] Average on 10 runs - GPU latency: 4.38262 ms - Host latency: 4.38262 ms (enqueue 4.37476 ms)
[03/03/2026-10:58:55] [I] Average on 10 runs - GPU latency: 4.3817 ms - Host latency: 4.3817 ms (enqueue 4.37323 ms)
[03/03/2026-10:58:55] [I] Average on 10 runs - GPU latency: 4.37878 ms - Host latency: 4.37878 ms (enqueue 4.37047 ms)
[03/03/2026-10:58:55] [I] Average on 10 runs - GPU latency: 4.41106 ms - Host latency: 4.41106 ms (enqueue 4.37439 ms)
[03/03/2026-10:58:55] [I] Average on 10 runs - GPU latency: 4.37482 ms - Host latency: 4.37482 ms (enqueue 4.44961 ms)
[03/03/2026-10:58:55] [I] Average on 10 runs - GPU latency: 4.38088 ms - Host latency: 4.38088 ms (enqueue 4.3718 ms)
[03/03/2026-10:58:55] [I] Average on 10 runs - GPU latency: 4.38145 ms - Host latency: 4.38145 ms (enqueue 4.37319 ms)
[03/03/2026-10:58:55] [I] Average on 10 runs - GPU latency: 4.38064 ms - Host latency: 4.38064 ms (enqueue 4.37241 ms)
[03/03/2026-10:58:55] [I] Average on 10 runs - GPU latency: 4.37927 ms - Host latency: 4.37927 ms (enqueue 4.37095 ms)
[03/03/2026-10:58:55] [I] Average on 10 runs - GPU latency: 4.38167 ms - Host latency: 4.38167 ms (enqueue 4.37375 ms)
[03/03/2026-10:58:55] [I] Average on 10 runs - GPU latency: 4.38101 ms - Host latency: 4.38101 ms (enqueue 4.37273 ms)
[03/03/2026-10:58:55] [I] Average on 10 runs - GPU latency: 4.38181 ms - Host latency: 4.38181 ms (enqueue 4.37356 ms)
[03/03/2026-10:58:55] [I] Average on 10 runs - GPU latency: 4.38081 ms - Host latency: 4.38081 ms (enqueue 4.37278 ms)
[03/03/2026-10:58:55] [I] Average on 10 runs - GPU latency: 4.38533 ms - Host latency: 4.38533 ms (enqueue 4.37722 ms)
[03/03/2026-10:58:55] [I] Average on 10 runs - GPU latency: 4.38159 ms - Host latency: 4.38159 ms (enqueue 4.3738 ms)
[03/03/2026-10:58:55] [I] Average on 10 runs - GPU latency: 4.38015 ms - Host latency: 4.38015 ms (enqueue 4.37234 ms)
[03/03/2026-10:58:55] [I] Average on 10 runs - GPU latency: 4.38333 ms - Host latency: 4.38333 ms (enqueue 4.37495 ms)
[03/03/2026-10:58:55] [I] Average on 10 runs - GPU latency: 4.38438 ms - Host latency: 4.38438 ms (enqueue 4.37598 ms)
[03/03/2026-10:58:55] [I] Average on 10 runs - GPU latency: 4.37417 ms - Host latency: 4.37417 ms (enqueue 4.3668 ms)
[03/03/2026-10:58:55] [I] Average on 10 runs - GPU latency: 4.37981 ms - Host latency: 4.37981 ms (enqueue 4.37202 ms)
[03/03/2026-10:58:55] [I] Average on 10 runs - GPU latency: 4.38264 ms - Host latency: 4.38264 ms (enqueue 4.3741 ms)
[03/03/2026-10:58:55] [I] Average on 10 runs - GPU latency: 4.38181 ms - Host latency: 4.38181 ms (enqueue 4.37339 ms)
[03/03/2026-10:58:55] [I] Average on 10 runs - GPU latency: 4.37576 ms - Host latency: 4.37576 ms (enqueue 4.36763 ms)
[03/03/2026-10:58:55] [I] Average on 10 runs - GPU latency: 4.38918 ms - Host latency: 4.38918 ms (enqueue 4.37898 ms)
[03/03/2026-10:58:55] [I] Average on 10 runs - GPU latency: 4.38564 ms - Host latency: 4.38564 ms (enqueue 4.37734 ms)
[03/03/2026-10:58:55] [I] Average on 10 runs - GPU latency: 4.38281 ms - Host latency: 4.38281 ms (enqueue 4.37478 ms)
[03/03/2026-10:58:55] [I] Average on 10 runs - GPU latency: 4.3885 ms - Host latency: 4.3885 ms (enqueue 4.38005 ms)
[03/03/2026-10:58:55] [I] Average on 10 runs - GPU latency: 4.38477 ms - Host latency: 4.38477 ms (enqueue 4.3771 ms)
[03/03/2026-10:58:55] [I] Average on 10 runs - GPU latency: 4.37927 ms - Host latency: 4.37927 ms (enqueue 4.37139 ms)
[03/03/2026-10:58:55] [I] Average on 10 runs - GPU latency: 4.37959 ms - Host latency: 4.37959 ms (enqueue 4.37156 ms)
[03/03/2026-10:58:55] [I] Average on 10 runs - GPU latency: 4.37932 ms - Host latency: 4.37932 ms (enqueue 4.37129 ms)
[03/03/2026-10:58:55] [I] 
[03/03/2026-10:58:55] [I] === Performance summary ===
[03/03/2026-10:58:55] [I] Throughput: 227.294 qps
[03/03/2026-10:58:55] [I] Latency: min = 4.34015 ms, max = 5.52039 ms, mean = 4.38449 ms, median = 4.38069 ms, percentile(90%) = 4.39502 ms, percentile(95%) = 4.39941 ms, percentile(99%) = 4.42432 ms
[03/03/2026-10:58:55] [I] Enqueue Time: min = 4.33267 ms, max = 5.51221 ms, mean = 4.37697 ms, median = 4.3727 ms, percentile(90%) = 4.38672 ms, percentile(95%) = 4.39178 ms, percentile(99%) = 4.46289 ms
[03/03/2026-10:58:55] [I] H2D Latency: min = 0 ms, max = 0 ms, mean = 0 ms, median = 0 ms, percentile(90%) = 0 ms, percentile(95%) = 0 ms, percentile(99%) = 0 ms
[03/03/2026-10:58:55] [I] GPU Compute Time: min = 4.34015 ms, max = 5.52039 ms, mean = 4.38449 ms, median = 4.38069 ms, percentile(90%) = 4.39502 ms, percentile(95%) = 4.39941 ms, percentile(99%) = 4.42432 ms
[03/03/2026-10:58:55] [I] D2H Latency: min = 0 ms, max = 0 ms, mean = 0 ms, median = 0 ms, percentile(90%) = 0 ms, percentile(95%) = 0 ms, percentile(99%) = 0 ms
[03/03/2026-10:58:55] [I] Total Host Walltime: 3.00932 s
[03/03/2026-10:58:55] [I] Total GPU Compute Time: 2.99899 s
[03/03/2026-10:58:55] [W] * Throughput may be bound by Enqueue Time rather than GPU Compute and the GPU may be under-utilized.
[03/03/2026-10:58:55] [W]   If not already in use, --useCudaGraph (utilize CUDA graphs where possible) may increase the throughput.
[03/03/2026-10:58:55] [W] * GPU compute time is unstable, with coefficient of variance = 1.12747%.
[03/03/2026-10:58:55] [W]   If not already in use, locking GPU clock frequency or adding --useSpinWait may improve the stability.
[03/03/2026-10:58:55] [I] Explanations of the performance metrics are printed in the verbose logs.
[03/03/2026-10:58:55] [I] 
&&&& PASSED TensorRT.trtexec [TensorRT v8502] # /usr/src/tensorrt/bin/trtexec --onnx=/home/user/Edge-ML/models/v5/GRU/bs1/GRU.onnx --saveEngine=/home/user/Edge-ML/models/v5/GRU/bs1/GRU_fp32.engine --exportLayerInfo=/home/user/Edge-ML/models/v5/GRU/bs1/logs/quantisation_fp32_layers.json --memPoolSize=workspace:4096MiB --tacticSources=+CUBLAS,+CUBLAS_LT,+CUDNN --noDataTransfers
