/usr/src/tensorrt/bin/trtexec --onnx=/home/user/Edge-ML/models/v5/GRU/bs1/GRU.onnx --saveEngine=/home/user/Edge-ML/models/v5/GRU/bs1/GRU_int8.engine --int8 --fp16 --exportLayerInfo=/home/user/Edge-ML/models/v5/GRU/bs1/logs/quantisation_int8_layers.json --memPoolSize=workspace:4096MiB --tacticSources=+CUBLAS,+CUBLAS_LT,+CUDNN --noDataTransfers --calib=/home/user/Edge-ML/models/v5/GRU/bs1/GRU.cache

&&&& RUNNING TensorRT.trtexec [TensorRT v8502] # /usr/src/tensorrt/bin/trtexec --onnx=/home/user/Edge-ML/models/v5/GRU/bs1/GRU.onnx --saveEngine=/home/user/Edge-ML/models/v5/GRU/bs1/GRU_int8.engine --int8 --fp16 --exportLayerInfo=/home/user/Edge-ML/models/v5/GRU/bs1/logs/quantisation_int8_layers.json --memPoolSize=workspace:4096MiB --tacticSources=+CUBLAS,+CUBLAS_LT,+CUDNN --noDataTransfers --calib=/home/user/Edge-ML/models/v5/GRU/bs1/GRU.cache
[03/03/2026-10:59:13] [I] === Model Options ===
[03/03/2026-10:59:13] [I] Format: ONNX
[03/03/2026-10:59:13] [I] Model: /home/user/Edge-ML/models/v5/GRU/bs1/GRU.onnx
[03/03/2026-10:59:13] [I] Output:
[03/03/2026-10:59:13] [I] === Build Options ===
[03/03/2026-10:59:13] [I] Max batch: explicit batch
[03/03/2026-10:59:13] [I] Memory Pools: workspace: 4096 MiB, dlaSRAM: default, dlaLocalDRAM: default, dlaGlobalDRAM: default
[03/03/2026-10:59:13] [I] minTiming: 1
[03/03/2026-10:59:13] [I] avgTiming: 8
[03/03/2026-10:59:13] [I] Precision: FP32+FP16+INT8
[03/03/2026-10:59:13] [I] LayerPrecisions: 
[03/03/2026-10:59:13] [I] Calibration: /home/user/Edge-ML/models/v5/GRU/bs1/GRU.cache
[03/03/2026-10:59:13] [I] Refit: Disabled
[03/03/2026-10:59:13] [I] Sparsity: Disabled
[03/03/2026-10:59:13] [I] Safe mode: Disabled
[03/03/2026-10:59:13] [I] DirectIO mode: Disabled
[03/03/2026-10:59:13] [I] Restricted mode: Disabled
[03/03/2026-10:59:13] [I] Build only: Disabled
[03/03/2026-10:59:13] [I] Save engine: /home/user/Edge-ML/models/v5/GRU/bs1/GRU_int8.engine
[03/03/2026-10:59:13] [I] Load engine: 
[03/03/2026-10:59:13] [I] Profiling verbosity: 0
[03/03/2026-10:59:13] [I] Tactic sources: cublas [ON], cublasLt [ON], cudnn [ON], 
[03/03/2026-10:59:13] [I] timingCacheMode: local
[03/03/2026-10:59:13] [I] timingCacheFile: 
[03/03/2026-10:59:13] [I] Heuristic: Disabled
[03/03/2026-10:59:13] [I] Preview Features: Use default preview flags.
[03/03/2026-10:59:13] [I] Input(s)s format: fp32:CHW
[03/03/2026-10:59:13] [I] Output(s)s format: fp32:CHW
[03/03/2026-10:59:13] [I] Input build shapes: model
[03/03/2026-10:59:13] [I] Input calibration shapes: model
[03/03/2026-10:59:13] [I] === System Options ===
[03/03/2026-10:59:13] [I] Device: 0
[03/03/2026-10:59:13] [I] DLACore: 
[03/03/2026-10:59:13] [I] Plugins:
[03/03/2026-10:59:13] [I] === Inference Options ===
[03/03/2026-10:59:13] [I] Batch: Explicit
[03/03/2026-10:59:13] [I] Input inference shapes: model
[03/03/2026-10:59:13] [I] Iterations: 10
[03/03/2026-10:59:13] [I] Duration: 3s (+ 200ms warm up)
[03/03/2026-10:59:13] [I] Sleep time: 0ms
[03/03/2026-10:59:13] [I] Idle time: 0ms
[03/03/2026-10:59:13] [I] Streams: 1
[03/03/2026-10:59:13] [I] ExposeDMA: Disabled
[03/03/2026-10:59:13] [I] Data transfers: Disabled
[03/03/2026-10:59:13] [I] Spin-wait: Disabled
[03/03/2026-10:59:13] [I] Multithreading: Disabled
[03/03/2026-10:59:13] [I] CUDA Graph: Disabled
[03/03/2026-10:59:13] [I] Separate profiling: Disabled
[03/03/2026-10:59:13] [I] Time Deserialize: Disabled
[03/03/2026-10:59:13] [I] Time Refit: Disabled
[03/03/2026-10:59:13] [I] NVTX verbosity: 0
[03/03/2026-10:59:13] [I] Persistent Cache Ratio: 0
[03/03/2026-10:59:13] [I] Inputs:
[03/03/2026-10:59:13] [I] === Reporting Options ===
[03/03/2026-10:59:13] [I] Verbose: Disabled
[03/03/2026-10:59:13] [I] Averages: 10 inferences
[03/03/2026-10:59:13] [I] Percentiles: 90,95,99
[03/03/2026-10:59:13] [I] Dump refittable layers:Disabled
[03/03/2026-10:59:13] [I] Dump output: Disabled
[03/03/2026-10:59:13] [I] Profile: Disabled
[03/03/2026-10:59:13] [I] Export timing to JSON file: 
[03/03/2026-10:59:13] [I] Export output to JSON file: 
[03/03/2026-10:59:13] [I] Export profile to JSON file: 
[03/03/2026-10:59:13] [I] 
[03/03/2026-10:59:13] [I] === Device Information ===
[03/03/2026-10:59:13] [I] Selected Device: Orin
[03/03/2026-10:59:13] [I] Compute Capability: 8.7
[03/03/2026-10:59:13] [I] SMs: 4
[03/03/2026-10:59:13] [I] Compute Clock Rate: 0.624 GHz
[03/03/2026-10:59:13] [I] Device Global Memory: 3425 MiB
[03/03/2026-10:59:13] [I] Shared Memory per SM: 164 KiB
[03/03/2026-10:59:13] [I] Memory Bus Width: 128 bits (ECC disabled)
[03/03/2026-10:59:13] [I] Memory Clock Rate: 0.624 GHz
[03/03/2026-10:59:13] [I] 
[03/03/2026-10:59:13] [I] TensorRT version: 8.5.2
[03/03/2026-10:59:14] [I] [TRT] [MemUsageChange] Init CUDA: CPU +220, GPU +0, now: CPU 249, GPU 1482 (MiB)
[03/03/2026-10:59:16] [I] [TRT] [MemUsageChange] Init builder kernel library: CPU +302, GPU +180, now: CPU 574, GPU 1681 (MiB)
[03/03/2026-10:59:16] [I] Start parsing network model
[03/03/2026-10:59:16] [I] [TRT] ----------------------------------------------------------------
[03/03/2026-10:59:16] [I] [TRT] Input filename:   /home/user/Edge-ML/models/v5/GRU/bs1/GRU.onnx
[03/03/2026-10:59:16] [I] [TRT] ONNX IR version:  0.0.7
[03/03/2026-10:59:16] [I] [TRT] Opset version:    12
[03/03/2026-10:59:16] [I] [TRT] Producer name:    pytorch
[03/03/2026-10:59:16] [I] [TRT] Producer version: 2.5.1
[03/03/2026-10:59:16] [I] [TRT] Domain:           
[03/03/2026-10:59:16] [I] [TRT] Model version:    0
[03/03/2026-10:59:16] [I] [TRT] Doc string:       
[03/03/2026-10:59:16] [I] [TRT] ----------------------------------------------------------------
[03/03/2026-10:59:16] [W] [TRT] onnx2trt_utils.cpp:375: Your ONNX model has been generated with INT64 weights, while TensorRT does not natively support INT64. Attempting to cast down to INT32.
[03/03/2026-10:59:16] [I] Finish parsing network model
[03/03/2026-10:59:16] [I] [TRT] Reading Calibration Cache for calibrator: EntropyCalibration2
[03/03/2026-10:59:16] [I] [TRT] Generated calibration scales using calibration cache. Make sure that calibration cache has latest scales.
[03/03/2026-10:59:16] [I] [TRT] To regenerate calibration cache, please delete the existing one. TensorRT will generate a new calibration cache.
[03/03/2026-10:59:16] [W] [TRT] Missing scale and zero-point for tensor (Unnamed Layer* 9) [Constant]_output, expect fall back to non-int8 implementation for any layer consuming or producing given tensor
[03/03/2026-10:59:16] [W] [TRT] Missing scale and zero-point for tensor /gru/Expand_output_0, expect fall back to non-int8 implementation for any layer consuming or producing given tensor
[03/03/2026-10:59:16] [W] [TRT] Missing scale and zero-point for tensor (Unnamed Layer* 17) [Constant]_output, expect fall back to non-int8 implementation for any layer consuming or producing given tensor
[03/03/2026-10:59:16] [W] [TRT] Missing scale and zero-point for tensor (Unnamed Layer* 18) [Constant]_output, expect fall back to non-int8 implementation for any layer consuming or producing given tensor
[03/03/2026-10:59:16] [W] [TRT] Missing scale and zero-point for tensor (Unnamed Layer* 25) [Slice]_output, expect fall back to non-int8 implementation for any layer consuming or producing given tensor
[03/03/2026-10:59:16] [W] [TRT] Missing scale and zero-point for tensor (Unnamed Layer* 28) [Slice]_output, expect fall back to non-int8 implementation for any layer consuming or producing given tensor
[03/03/2026-10:59:16] [W] [TRT] Missing scale and zero-point for tensor (Unnamed Layer* 29) [Slice]_output, expect fall back to non-int8 implementation for any layer consuming or producing given tensor
[03/03/2026-10:59:16] [W] [TRT] Missing scale and zero-point for tensor (Unnamed Layer* 30) [Slice]_output, expect fall back to non-int8 implementation for any layer consuming or producing given tensor
[03/03/2026-10:59:16] [W] [TRT] Missing scale and zero-point for tensor (Unnamed Layer* 41) [Constant]_output, expect fall back to non-int8 implementation for any layer consuming or producing given tensor
[03/03/2026-10:59:16] [W] [TRT] Missing scale and zero-point for tensor (Unnamed Layer* 43) [Iterator]_output, expect fall back to non-int8 implementation for any layer consuming or producing given tensor
[03/03/2026-10:59:16] [W] [TRT] Missing scale and zero-point for tensor (Unnamed Layer* 44) [Shuffle]_output, expect fall back to non-int8 implementation for any layer consuming or producing given tensor
[03/03/2026-10:59:16] [W] [TRT] Missing scale and zero-point for tensor (Unnamed Layer* 45) [Recurrence]_output, expect fall back to non-int8 implementation for any layer consuming or producing given tensor
[03/03/2026-10:59:16] [W] [TRT] Missing scale and zero-point for tensor (Unnamed Layer* 46) [Matrix Multiply]_output, expect fall back to non-int8 implementation for any layer consuming or producing given tensor
[03/03/2026-10:59:16] [W] [TRT] Missing scale and zero-point for tensor (Unnamed Layer* 47) [Matrix Multiply]_output, expect fall back to non-int8 implementation for any layer consuming or producing given tensor
[03/03/2026-10:59:16] [W] [TRT] Missing scale and zero-point for tensor (Unnamed Layer* 48) [ElementWise]_output, expect fall back to non-int8 implementation for any layer consuming or producing given tensor
[03/03/2026-10:59:16] [W] [TRT] Missing scale and zero-point for tensor (Unnamed Layer* 49) [ElementWise]_output, expect fall back to non-int8 implementation for any layer consuming or producing given tensor
[03/03/2026-10:59:16] [W] [TRT] Missing scale and zero-point for tensor (Unnamed Layer* 50) [ElementWise]_output, expect fall back to non-int8 implementation for any layer consuming or producing given tensor
[03/03/2026-10:59:16] [W] [TRT] Missing scale and zero-point for tensor (Unnamed Layer* 51) [Activation]_output, expect fall back to non-int8 implementation for any layer consuming or producing given tensor
[03/03/2026-10:59:16] [W] [TRT] Missing scale and zero-point for tensor (Unnamed Layer* 52) [Slice]_output, expect fall back to non-int8 implementation for any layer consuming or producing given tensor
[03/03/2026-10:59:16] [W] [TRT] Missing scale and zero-point for tensor (Unnamed Layer* 54) [Slice]_output, expect fall back to non-int8 implementation for any layer consuming or producing given tensor
[03/03/2026-10:59:16] [W] [TRT] Missing scale and zero-point for tensor (Unnamed Layer* 56) [Matrix Multiply]_output, expect fall back to non-int8 implementation for any layer consuming or producing given tensor
[03/03/2026-10:59:16] [W] [TRT] Missing scale and zero-point for tensor (Unnamed Layer* 57) [Matrix Multiply]_output, expect fall back to non-int8 implementation for any layer consuming or producing given tensor
[03/03/2026-10:59:16] [W] [TRT] Missing scale and zero-point for tensor (Unnamed Layer* 58) [ElementWise]_output, expect fall back to non-int8 implementation for any layer consuming or producing given tensor
[03/03/2026-10:59:16] [W] [TRT] Missing scale and zero-point for tensor (Unnamed Layer* 59) [ElementWise]_output, expect fall back to non-int8 implementation for any layer consuming or producing given tensor
[03/03/2026-10:59:16] [W] [TRT] Missing scale and zero-point for tensor (Unnamed Layer* 60) [ElementWise]_output, expect fall back to non-int8 implementation for any layer consuming or producing given tensor
[03/03/2026-10:59:16] [W] [TRT] Missing scale and zero-point for tensor (Unnamed Layer* 61) [ElementWise]_output, expect fall back to non-int8 implementation for any layer consuming or producing given tensor
[03/03/2026-10:59:16] [W] [TRT] Missing scale and zero-point for tensor (Unnamed Layer* 62) [Activation]_output, expect fall back to non-int8 implementation for any layer consuming or producing given tensor
[03/03/2026-10:59:16] [W] [TRT] Missing scale and zero-point for tensor (Unnamed Layer* 63) [Constant]_output, expect fall back to non-int8 implementation for any layer consuming or producing given tensor
[03/03/2026-10:59:16] [W] [TRT] Missing scale and zero-point for tensor (Unnamed Layer* 64) [ElementWise]_output, expect fall back to non-int8 implementation for any layer consuming or producing given tensor
[03/03/2026-10:59:16] [W] [TRT] Missing scale and zero-point for tensor (Unnamed Layer* 65) [ElementWise]_output, expect fall back to non-int8 implementation for any layer consuming or producing given tensor
[03/03/2026-10:59:16] [W] [TRT] Missing scale and zero-point for tensor (Unnamed Layer* 66) [ElementWise]_output, expect fall back to non-int8 implementation for any layer consuming or producing given tensor
[03/03/2026-10:59:16] [W] [TRT] Missing scale and zero-point for tensor (Unnamed Layer* 67) [ElementWise]_output, expect fall back to non-int8 implementation for any layer consuming or producing given tensor
[03/03/2026-10:59:16] [W] [TRT] Missing scale and zero-point for tensor (Unnamed Layer* 81) [Constant]_output, expect fall back to non-int8 implementation for any layer consuming or producing given tensor
[03/03/2026-10:59:16] [W] [TRT] Missing scale and zero-point for tensor /gru/Expand_1_output_0, expect fall back to non-int8 implementation for any layer consuming or producing given tensor
[03/03/2026-10:59:16] [W] [TRT] Missing scale and zero-point for tensor (Unnamed Layer* 89) [Constant]_output, expect fall back to non-int8 implementation for any layer consuming or producing given tensor
[03/03/2026-10:59:16] [W] [TRT] Missing scale and zero-point for tensor (Unnamed Layer* 90) [Constant]_output, expect fall back to non-int8 implementation for any layer consuming or producing given tensor
[03/03/2026-10:59:16] [W] [TRT] Missing scale and zero-point for tensor (Unnamed Layer* 97) [Slice]_output, expect fall back to non-int8 implementation for any layer consuming or producing given tensor
[03/03/2026-10:59:16] [W] [TRT] Missing scale and zero-point for tensor (Unnamed Layer* 100) [Slice]_output, expect fall back to non-int8 implementation for any layer consuming or producing given tensor
[03/03/2026-10:59:16] [W] [TRT] Missing scale and zero-point for tensor (Unnamed Layer* 101) [Slice]_output, expect fall back to non-int8 implementation for any layer consuming or producing given tensor
[03/03/2026-10:59:16] [W] [TRT] Missing scale and zero-point for tensor (Unnamed Layer* 102) [Slice]_output, expect fall back to non-int8 implementation for any layer consuming or producing given tensor
[03/03/2026-10:59:16] [W] [TRT] Missing scale and zero-point for tensor (Unnamed Layer* 113) [Constant]_output, expect fall back to non-int8 implementation for any layer consuming or producing given tensor
[03/03/2026-10:59:16] [W] [TRT] Missing scale and zero-point for tensor (Unnamed Layer* 115) [Iterator]_output, expect fall back to non-int8 implementation for any layer consuming or producing given tensor
[03/03/2026-10:59:16] [W] [TRT] Missing scale and zero-point for tensor (Unnamed Layer* 116) [Shuffle]_output, expect fall back to non-int8 implementation for any layer consuming or producing given tensor
[03/03/2026-10:59:16] [W] [TRT] Missing scale and zero-point for tensor (Unnamed Layer* 117) [Recurrence]_output, expect fall back to non-int8 implementation for any layer consuming or producing given tensor
[03/03/2026-10:59:16] [W] [TRT] Missing scale and zero-point for tensor (Unnamed Layer* 118) [Matrix Multiply]_output, expect fall back to non-int8 implementation for any layer consuming or producing given tensor
[03/03/2026-10:59:16] [W] [TRT] Missing scale and zero-point for tensor (Unnamed Layer* 119) [Matrix Multiply]_output, expect fall back to non-int8 implementation for any layer consuming or producing given tensor
[03/03/2026-10:59:16] [W] [TRT] Missing scale and zero-point for tensor (Unnamed Layer* 120) [ElementWise]_output, expect fall back to non-int8 implementation for any layer consuming or producing given tensor
[03/03/2026-10:59:16] [W] [TRT] Missing scale and zero-point for tensor (Unnamed Layer* 121) [ElementWise]_output, expect fall back to non-int8 implementation for any layer consuming or producing given tensor
[03/03/2026-10:59:16] [W] [TRT] Missing scale and zero-point for tensor (Unnamed Layer* 122) [ElementWise]_output, expect fall back to non-int8 implementation for any layer consuming or producing given tensor
[03/03/2026-10:59:16] [W] [TRT] Missing scale and zero-point for tensor (Unnamed Layer* 123) [Activation]_output, expect fall back to non-int8 implementation for any layer consuming or producing given tensor
[03/03/2026-10:59:16] [W] [TRT] Missing scale and zero-point for tensor (Unnamed Layer* 124) [Slice]_output, expect fall back to non-int8 implementation for any layer consuming or producing given tensor
[03/03/2026-10:59:16] [W] [TRT] Missing scale and zero-point for tensor (Unnamed Layer* 126) [Slice]_output, expect fall back to non-int8 implementation for any layer consuming or producing given tensor
[03/03/2026-10:59:16] [W] [TRT] Missing scale and zero-point for tensor (Unnamed Layer* 128) [Matrix Multiply]_output, expect fall back to non-int8 implementation for any layer consuming or producing given tensor
[03/03/2026-10:59:16] [W] [TRT] Missing scale and zero-point for tensor (Unnamed Layer* 129) [Matrix Multiply]_output, expect fall back to non-int8 implementation for any layer consuming or producing given tensor
[03/03/2026-10:59:16] [W] [TRT] Missing scale and zero-point for tensor (Unnamed Layer* 130) [ElementWise]_output, expect fall back to non-int8 implementation for any layer consuming or producing given tensor
[03/03/2026-10:59:16] [W] [TRT] Missing scale and zero-point for tensor (Unnamed Layer* 131) [ElementWise]_output, expect fall back to non-int8 implementation for any layer consuming or producing given tensor
[03/03/2026-10:59:16] [W] [TRT] Missing scale and zero-point for tensor (Unnamed Layer* 132) [ElementWise]_output, expect fall back to non-int8 implementation for any layer consuming or producing given tensor
[03/03/2026-10:59:16] [W] [TRT] Missing scale and zero-point for tensor (Unnamed Layer* 133) [ElementWise]_output, expect fall back to non-int8 implementation for any layer consuming or producing given tensor
[03/03/2026-10:59:16] [W] [TRT] Missing scale and zero-point for tensor (Unnamed Layer* 134) [Activation]_output, expect fall back to non-int8 implementation for any layer consuming or producing given tensor
[03/03/2026-10:59:16] [W] [TRT] Missing scale and zero-point for tensor (Unnamed Layer* 135) [Constant]_output, expect fall back to non-int8 implementation for any layer consuming or producing given tensor
[03/03/2026-10:59:16] [W] [TRT] Missing scale and zero-point for tensor (Unnamed Layer* 136) [ElementWise]_output, expect fall back to non-int8 implementation for any layer consuming or producing given tensor
[03/03/2026-10:59:16] [W] [TRT] Missing scale and zero-point for tensor (Unnamed Layer* 137) [ElementWise]_output, expect fall back to non-int8 implementation for any layer consuming or producing given tensor
[03/03/2026-10:59:16] [W] [TRT] Missing scale and zero-point for tensor (Unnamed Layer* 138) [ElementWise]_output, expect fall back to non-int8 implementation for any layer consuming or producing given tensor
[03/03/2026-10:59:16] [W] [TRT] Missing scale and zero-point for tensor (Unnamed Layer* 139) [ElementWise]_output, expect fall back to non-int8 implementation for any layer consuming or producing given tensor
[03/03/2026-10:59:16] [W] [TRT] Missing scale and zero-point for tensor (Unnamed Layer* 147) [Constant]_output, expect fall back to non-int8 implementation for any layer consuming or producing given tensor
[03/03/2026-10:59:16] [W] [TRT] Missing scale and zero-point for tensor capacity, expect fall back to non-int8 implementation for any layer consuming or producing given tensor
[03/03/2026-10:59:16] [I] [TRT] ---------- Layers Running on DLA ----------
[03/03/2026-10:59:16] [I] [TRT] ---------- Layers Running on GPU ----------
[03/03/2026-10:59:16] [I] [TRT] [GpuLayer] MYELIN: {ForeignNode[(Unnamed Layer* 41) [Constant].../Squeeze]}
[03/03/2026-10:59:17] [I] [TRT] [MemUsageChange] Init cuBLAS/cuBLASLt: CPU +535, GPU +840, now: CPU 1109, GPU 2521 (MiB)
[03/03/2026-10:59:18] [I] [TRT] [MemUsageChange] Init cuDNN: CPU +82, GPU +148, now: CPU 1191, GPU 2669 (MiB)
[03/03/2026-10:59:18] [I] [TRT] Local timing cache in use. Profiling results in this builder pass will not be stored.
[03/03/2026-10:59:26] [I] [TRT] Total Activation Memory: 4294967296
[03/03/2026-10:59:26] [I] [TRT] Detected 1 inputs and 1 output network tensors.
[03/03/2026-10:59:26] [I] [TRT] Total Host Persistent Memory: 32
[03/03/2026-10:59:26] [I] [TRT] Total Device Persistent Memory: 0
[03/03/2026-10:59:26] [I] [TRT] Total Scratch Memory: 446976
[03/03/2026-10:59:26] [I] [TRT] [MemUsageStats] Peak memory usage of TRT CPU/GPU memory allocators: CPU 0 MiB, GPU 4 MiB
[03/03/2026-10:59:26] [I] [TRT] [BlockAssignment] Started assigning block shifts. This will take 1 steps to complete.
[03/03/2026-10:59:26] [I] [TRT] [BlockAssignment] Algorithm ShiftNTopDown took 0.016385ms to assign 1 blocks to 1 nodes requiring 446976 bytes.
[03/03/2026-10:59:26] [I] [TRT] Total Activation Memory: 446976
[03/03/2026-10:59:26] [W] [TRT] TensorRT encountered issues when converting weights between types and that could affect accuracy.
[03/03/2026-10:59:26] [W] [TRT] If this is not the desired behavior, please modify the weights or retrain with regularization to adjust the magnitude of the weights.
[03/03/2026-10:59:26] [W] [TRT] Check verbose logs for the list of affected weights.
[03/03/2026-10:59:26] [W] [TRT] - 3 weights are affected by this issue: Detected subnormal FP16 values.
[03/03/2026-10:59:26] [I] [TRT] [MemUsageChange] TensorRT-managed allocation in building engine: CPU +0, GPU +4, now: CPU 0, GPU 4 (MiB)
[03/03/2026-10:59:26] [I] Engine built in 13.3776 sec.
[03/03/2026-10:59:27] [I] [TRT] Loaded engine size: 0 MiB
[03/03/2026-10:59:27] [I] [TRT] [MemUsageChange] TensorRT-managed allocation in engine deserialization: CPU +0, GPU +0, now: CPU 0, GPU 0 (MiB)
[03/03/2026-10:59:27] [I] Engine deserialized in 0.00497332 sec.
[03/03/2026-10:59:27] [I] [TRT] [MemUsageChange] TensorRT-managed allocation in IExecutionContext creation: CPU +0, GPU +0, now: CPU 0, GPU 0 (MiB)
[03/03/2026-10:59:27] [I] Setting persistentCacheLimit to 0 bytes.
[03/03/2026-10:59:27] [I] Using random values for input input
[03/03/2026-10:59:27] [I] Created input binding for input with dimensions 1x120
[03/03/2026-10:59:27] [I] Using random values for output capacity
[03/03/2026-10:59:27] [I] Created output binding for capacity with dimensions 
[03/03/2026-10:59:27] [I] [TRT] The profiling verbosity was set to ProfilingVerbosity::kLAYER_NAMES_ONLY when the engine was built, so only the layer names will be returned. Rebuild the engine with ProfilingVerbosity::kDETAILED to get more verbose layer information.
[03/03/2026-10:59:27] [I] Starting inference
[03/03/2026-10:59:30] [I] Warmup completed 44 queries over 200 ms
[03/03/2026-10:59:30] [I] Timing trace has 651 queries over 3.00501 s
[03/03/2026-10:59:30] [I] 
[03/03/2026-10:59:30] [I] === Trace details ===
[03/03/2026-10:59:30] [I] Trace averages of 10 runs:
[03/03/2026-10:59:30] [I] Average on 10 runs - GPU latency: 4.61105 ms - Host latency: 4.61105 ms (enqueue 4.60274 ms)
[03/03/2026-10:59:30] [I] Average on 10 runs - GPU latency: 4.60872 ms - Host latency: 4.60872 ms (enqueue 4.60016 ms)
[03/03/2026-10:59:30] [I] Average on 10 runs - GPU latency: 4.6119 ms - Host latency: 4.6119 ms (enqueue 4.60359 ms)
[03/03/2026-10:59:30] [I] Average on 10 runs - GPU latency: 4.60431 ms - Host latency: 4.60431 ms (enqueue 4.59623 ms)
[03/03/2026-10:59:30] [I] Average on 10 runs - GPU latency: 4.64072 ms - Host latency: 4.64072 ms (enqueue 4.63124 ms)
[03/03/2026-10:59:30] [I] Average on 10 runs - GPU latency: 4.61246 ms - Host latency: 4.61246 ms (enqueue 4.60357 ms)
[03/03/2026-10:59:30] [I] Average on 10 runs - GPU latency: 4.60172 ms - Host latency: 4.60172 ms (enqueue 4.5934 ms)
[03/03/2026-10:59:30] [I] Average on 10 runs - GPU latency: 4.61046 ms - Host latency: 4.61046 ms (enqueue 4.60261 ms)
[03/03/2026-10:59:30] [I] Average on 10 runs - GPU latency: 4.60603 ms - Host latency: 4.60603 ms (enqueue 4.59777 ms)
[03/03/2026-10:59:30] [I] Average on 10 runs - GPU latency: 4.60687 ms - Host latency: 4.60687 ms (enqueue 4.59924 ms)
[03/03/2026-10:59:30] [I] Average on 10 runs - GPU latency: 4.63591 ms - Host latency: 4.63591 ms (enqueue 4.62631 ms)
[03/03/2026-10:59:30] [I] Average on 10 runs - GPU latency: 4.59755 ms - Host latency: 4.59755 ms (enqueue 4.58972 ms)
[03/03/2026-10:59:30] [I] Average on 10 runs - GPU latency: 4.59495 ms - Host latency: 4.59495 ms (enqueue 4.58706 ms)
[03/03/2026-10:59:30] [I] Average on 10 runs - GPU latency: 4.59508 ms - Host latency: 4.59508 ms (enqueue 4.58682 ms)
[03/03/2026-10:59:30] [I] Average on 10 runs - GPU latency: 4.59338 ms - Host latency: 4.59338 ms (enqueue 4.58541 ms)
[03/03/2026-10:59:30] [I] Average on 10 runs - GPU latency: 4.59733 ms - Host latency: 4.59733 ms (enqueue 4.58997 ms)
[03/03/2026-10:59:30] [I] Average on 10 runs - GPU latency: 4.59991 ms - Host latency: 4.59991 ms (enqueue 4.59209 ms)
[03/03/2026-10:59:30] [I] Average on 10 runs - GPU latency: 4.59686 ms - Host latency: 4.59686 ms (enqueue 4.58937 ms)
[03/03/2026-10:59:30] [I] Average on 10 runs - GPU latency: 4.60151 ms - Host latency: 4.60151 ms (enqueue 4.59407 ms)
[03/03/2026-10:59:30] [I] Average on 10 runs - GPU latency: 4.6053 ms - Host latency: 4.6053 ms (enqueue 4.59874 ms)
[03/03/2026-10:59:30] [I] Average on 10 runs - GPU latency: 4.60461 ms - Host latency: 4.60461 ms (enqueue 4.59707 ms)
[03/03/2026-10:59:30] [I] Average on 10 runs - GPU latency: 4.60369 ms - Host latency: 4.60369 ms (enqueue 4.59672 ms)
[03/03/2026-10:59:30] [I] Average on 10 runs - GPU latency: 4.59453 ms - Host latency: 4.59453 ms (enqueue 4.5876 ms)
[03/03/2026-10:59:30] [I] Average on 10 runs - GPU latency: 4.59553 ms - Host latency: 4.59553 ms (enqueue 4.58876 ms)
[03/03/2026-10:59:30] [I] Average on 10 runs - GPU latency: 4.59977 ms - Host latency: 4.59977 ms (enqueue 4.5928 ms)
[03/03/2026-10:59:30] [I] Average on 10 runs - GPU latency: 4.59984 ms - Host latency: 4.59984 ms (enqueue 4.59287 ms)
[03/03/2026-10:59:30] [I] Average on 10 runs - GPU latency: 4.59845 ms - Host latency: 4.59845 ms (enqueue 4.5908 ms)
[03/03/2026-10:59:30] [I] Average on 10 runs - GPU latency: 4.59874 ms - Host latency: 4.59874 ms (enqueue 4.59088 ms)
[03/03/2026-10:59:30] [I] Average on 10 runs - GPU latency: 4.59352 ms - Host latency: 4.59352 ms (enqueue 4.58663 ms)
[03/03/2026-10:59:30] [I] Average on 10 runs - GPU latency: 4.60166 ms - Host latency: 4.60166 ms (enqueue 4.59332 ms)
[03/03/2026-10:59:30] [I] Average on 10 runs - GPU latency: 4.60271 ms - Host latency: 4.60271 ms (enqueue 4.59451 ms)
[03/03/2026-10:59:30] [I] Average on 10 runs - GPU latency: 4.60319 ms - Host latency: 4.60319 ms (enqueue 4.59497 ms)
[03/03/2026-10:59:30] [I] Average on 10 runs - GPU latency: 4.60232 ms - Host latency: 4.60232 ms (enqueue 4.59396 ms)
[03/03/2026-10:59:30] [I] Average on 10 runs - GPU latency: 4.59989 ms - Host latency: 4.59989 ms (enqueue 4.59166 ms)
[03/03/2026-10:59:30] [I] Average on 10 runs - GPU latency: 4.59623 ms - Host latency: 4.59623 ms (enqueue 4.58813 ms)
[03/03/2026-10:59:30] [I] Average on 10 runs - GPU latency: 4.59762 ms - Host latency: 4.59762 ms (enqueue 4.5897 ms)
[03/03/2026-10:59:30] [I] Average on 10 runs - GPU latency: 4.60012 ms - Host latency: 4.60012 ms (enqueue 4.59155 ms)
[03/03/2026-10:59:30] [I] Average on 10 runs - GPU latency: 4.60425 ms - Host latency: 4.60425 ms (enqueue 4.59607 ms)
[03/03/2026-10:59:30] [I] Average on 10 runs - GPU latency: 4.59541 ms - Host latency: 4.59541 ms (enqueue 4.58801 ms)
[03/03/2026-10:59:30] [I] Average on 10 runs - GPU latency: 4.60417 ms - Host latency: 4.60417 ms (enqueue 4.59623 ms)
[03/03/2026-10:59:30] [I] Average on 10 runs - GPU latency: 4.60056 ms - Host latency: 4.60056 ms (enqueue 4.59268 ms)
[03/03/2026-10:59:30] [I] Average on 10 runs - GPU latency: 4.59426 ms - Host latency: 4.59426 ms (enqueue 4.58633 ms)
[03/03/2026-10:59:30] [I] Average on 10 runs - GPU latency: 4.60063 ms - Host latency: 4.60063 ms (enqueue 4.59255 ms)
[03/03/2026-10:59:30] [I] Average on 10 runs - GPU latency: 4.59995 ms - Host latency: 4.59995 ms (enqueue 4.59229 ms)
[03/03/2026-10:59:30] [I] Average on 10 runs - GPU latency: 4.59927 ms - Host latency: 4.59927 ms (enqueue 4.59158 ms)
[03/03/2026-10:59:30] [I] Average on 10 runs - GPU latency: 4.60073 ms - Host latency: 4.60073 ms (enqueue 4.59148 ms)
[03/03/2026-10:59:30] [I] Average on 10 runs - GPU latency: 4.60146 ms - Host latency: 4.60146 ms (enqueue 4.59358 ms)
[03/03/2026-10:59:30] [I] Average on 10 runs - GPU latency: 4.59961 ms - Host latency: 4.59961 ms (enqueue 4.59124 ms)
[03/03/2026-10:59:30] [I] Average on 10 runs - GPU latency: 4.59534 ms - Host latency: 4.59534 ms (enqueue 4.58779 ms)
[03/03/2026-10:59:30] [I] Average on 10 runs - GPU latency: 4.6011 ms - Host latency: 4.6011 ms (enqueue 4.59272 ms)
[03/03/2026-10:59:30] [I] Average on 10 runs - GPU latency: 4.59817 ms - Host latency: 4.59817 ms (enqueue 4.59124 ms)
[03/03/2026-10:59:30] [I] Average on 10 runs - GPU latency: 4.60444 ms - Host latency: 4.60444 ms (enqueue 4.59651 ms)
[03/03/2026-10:59:30] [I] Average on 10 runs - GPU latency: 4.599 ms - Host latency: 4.599 ms (enqueue 4.59202 ms)
[03/03/2026-10:59:30] [I] Average on 10 runs - GPU latency: 4.59617 ms - Host latency: 4.59617 ms (enqueue 4.58904 ms)
[03/03/2026-10:59:30] [I] Average on 10 runs - GPU latency: 4.59995 ms - Host latency: 4.59995 ms (enqueue 4.5928 ms)
[03/03/2026-10:59:30] [I] Average on 10 runs - GPU latency: 4.60156 ms - Host latency: 4.60156 ms (enqueue 4.59407 ms)
[03/03/2026-10:59:30] [I] Average on 10 runs - GPU latency: 4.59795 ms - Host latency: 4.59795 ms (enqueue 4.59053 ms)
[03/03/2026-10:59:30] [I] Average on 10 runs - GPU latency: 4.59949 ms - Host latency: 4.59949 ms (enqueue 4.59241 ms)
[03/03/2026-10:59:30] [I] Average on 10 runs - GPU latency: 4.60095 ms - Host latency: 4.60095 ms (enqueue 4.59312 ms)
[03/03/2026-10:59:30] [I] Average on 10 runs - GPU latency: 4.60024 ms - Host latency: 4.60024 ms (enqueue 4.59314 ms)
[03/03/2026-10:59:30] [I] Average on 10 runs - GPU latency: 4.59959 ms - Host latency: 4.59959 ms (enqueue 4.59233 ms)
[03/03/2026-10:59:30] [I] Average on 10 runs - GPU latency: 4.59905 ms - Host latency: 4.59905 ms (enqueue 4.59138 ms)
[03/03/2026-10:59:30] [I] Average on 10 runs - GPU latency: 4.60095 ms - Host latency: 4.60095 ms (enqueue 4.59321 ms)
[03/03/2026-10:59:30] [I] Average on 10 runs - GPU latency: 4.5998 ms - Host latency: 4.5998 ms (enqueue 4.59167 ms)
[03/03/2026-10:59:30] [I] Average on 10 runs - GPU latency: 4.60139 ms - Host latency: 4.60139 ms (enqueue 4.59343 ms)
[03/03/2026-10:59:30] [I] 
[03/03/2026-10:59:30] [I] === Performance summary ===
[03/03/2026-10:59:30] [I] Throughput: 216.638 qps
[03/03/2026-10:59:30] [I] Latency: min = 4.57306 ms, max = 4.92395 ms, mean = 4.60183 ms, median = 4.60034 ms, percentile(90%) = 4.61328 ms, percentile(95%) = 4.61646 ms, percentile(99%) = 4.62952 ms
[03/03/2026-10:59:30] [I] Enqueue Time: min = 4.56512 ms, max = 4.86389 ms, mean = 4.59401 ms, median = 4.59253 ms, percentile(90%) = 4.60522 ms, percentile(95%) = 4.60849 ms, percentile(99%) = 4.62341 ms
[03/03/2026-10:59:30] [I] H2D Latency: min = 0 ms, max = 0 ms, mean = 0 ms, median = 0 ms, percentile(90%) = 0 ms, percentile(95%) = 0 ms, percentile(99%) = 0 ms
[03/03/2026-10:59:30] [I] GPU Compute Time: min = 4.57306 ms, max = 4.92395 ms, mean = 4.60183 ms, median = 4.60034 ms, percentile(90%) = 4.61328 ms, percentile(95%) = 4.61646 ms, percentile(99%) = 4.62952 ms
[03/03/2026-10:59:30] [I] D2H Latency: min = 0 ms, max = 0 ms, mean = 0 ms, median = 0 ms, percentile(90%) = 0 ms, percentile(95%) = 0 ms, percentile(99%) = 0 ms
[03/03/2026-10:59:30] [I] Total Host Walltime: 3.00501 s
[03/03/2026-10:59:30] [I] Total GPU Compute Time: 2.99579 s
[03/03/2026-10:59:30] [W] * Throughput may be bound by Enqueue Time rather than GPU Compute and the GPU may be under-utilized.
[03/03/2026-10:59:30] [W]   If not already in use, --useCudaGraph (utilize CUDA graphs where possible) may increase the throughput.
[03/03/2026-10:59:30] [I] Explanations of the performance metrics are printed in the verbose logs.
[03/03/2026-10:59:30] [I] 
&&&& PASSED TensorRT.trtexec [TensorRT v8502] # /usr/src/tensorrt/bin/trtexec --onnx=/home/user/Edge-ML/models/v5/GRU/bs1/GRU.onnx --saveEngine=/home/user/Edge-ML/models/v5/GRU/bs1/GRU_int8.engine --int8 --fp16 --exportLayerInfo=/home/user/Edge-ML/models/v5/GRU/bs1/logs/quantisation_int8_layers.json --memPoolSize=workspace:4096MiB --tacticSources=+CUBLAS,+CUBLAS_LT,+CUDNN --noDataTransfers --calib=/home/user/Edge-ML/models/v5/GRU/bs1/GRU.cache
