/usr/src/tensorrt/bin/trtexec --onnx=/home/user/Edge-ML/models/v5/GRU/bs1/GRU.onnx --saveEngine=/home/user/Edge-ML/models/v5/GRU/bs1/GRU_fp16.engine --fp16 --exportLayerInfo=/home/user/Edge-ML/models/v5/GRU/bs1/logs/quantisation_fp16_layers.json --memPoolSize=workspace:4096MiB --tacticSources=+CUBLAS,+CUBLAS_LT,+CUDNN --noDataTransfers

&&&& RUNNING TensorRT.trtexec [TensorRT v8502] # /usr/src/tensorrt/bin/trtexec --onnx=/home/user/Edge-ML/models/v5/GRU/bs1/GRU.onnx --saveEngine=/home/user/Edge-ML/models/v5/GRU/bs1/GRU_fp16.engine --fp16 --exportLayerInfo=/home/user/Edge-ML/models/v5/GRU/bs1/logs/quantisation_fp16_layers.json --memPoolSize=workspace:4096MiB --tacticSources=+CUBLAS,+CUBLAS_LT,+CUDNN --noDataTransfers
[03/03/2026-10:58:56] [I] === Model Options ===
[03/03/2026-10:58:56] [I] Format: ONNX
[03/03/2026-10:58:56] [I] Model: /home/user/Edge-ML/models/v5/GRU/bs1/GRU.onnx
[03/03/2026-10:58:56] [I] Output:
[03/03/2026-10:58:56] [I] === Build Options ===
[03/03/2026-10:58:56] [I] Max batch: explicit batch
[03/03/2026-10:58:56] [I] Memory Pools: workspace: 4096 MiB, dlaSRAM: default, dlaLocalDRAM: default, dlaGlobalDRAM: default
[03/03/2026-10:58:56] [I] minTiming: 1
[03/03/2026-10:58:56] [I] avgTiming: 8
[03/03/2026-10:58:56] [I] Precision: FP32+FP16
[03/03/2026-10:58:56] [I] LayerPrecisions: 
[03/03/2026-10:58:56] [I] Calibration: 
[03/03/2026-10:58:56] [I] Refit: Disabled
[03/03/2026-10:58:56] [I] Sparsity: Disabled
[03/03/2026-10:58:56] [I] Safe mode: Disabled
[03/03/2026-10:58:56] [I] DirectIO mode: Disabled
[03/03/2026-10:58:56] [I] Restricted mode: Disabled
[03/03/2026-10:58:56] [I] Build only: Disabled
[03/03/2026-10:58:56] [I] Save engine: /home/user/Edge-ML/models/v5/GRU/bs1/GRU_fp16.engine
[03/03/2026-10:58:56] [I] Load engine: 
[03/03/2026-10:58:56] [I] Profiling verbosity: 0
[03/03/2026-10:58:56] [I] Tactic sources: cublas [ON], cublasLt [ON], cudnn [ON], 
[03/03/2026-10:58:56] [I] timingCacheMode: local
[03/03/2026-10:58:56] [I] timingCacheFile: 
[03/03/2026-10:58:56] [I] Heuristic: Disabled
[03/03/2026-10:58:56] [I] Preview Features: Use default preview flags.
[03/03/2026-10:58:56] [I] Input(s)s format: fp32:CHW
[03/03/2026-10:58:56] [I] Output(s)s format: fp32:CHW
[03/03/2026-10:58:56] [I] Input build shapes: model
[03/03/2026-10:58:56] [I] Input calibration shapes: model
[03/03/2026-10:58:56] [I] === System Options ===
[03/03/2026-10:58:56] [I] Device: 0
[03/03/2026-10:58:56] [I] DLACore: 
[03/03/2026-10:58:56] [I] Plugins:
[03/03/2026-10:58:56] [I] === Inference Options ===
[03/03/2026-10:58:56] [I] Batch: Explicit
[03/03/2026-10:58:56] [I] Input inference shapes: model
[03/03/2026-10:58:56] [I] Iterations: 10
[03/03/2026-10:58:56] [I] Duration: 3s (+ 200ms warm up)
[03/03/2026-10:58:56] [I] Sleep time: 0ms
[03/03/2026-10:58:56] [I] Idle time: 0ms
[03/03/2026-10:58:56] [I] Streams: 1
[03/03/2026-10:58:56] [I] ExposeDMA: Disabled
[03/03/2026-10:58:56] [I] Data transfers: Disabled
[03/03/2026-10:58:56] [I] Spin-wait: Disabled
[03/03/2026-10:58:56] [I] Multithreading: Disabled
[03/03/2026-10:58:56] [I] CUDA Graph: Disabled
[03/03/2026-10:58:56] [I] Separate profiling: Disabled
[03/03/2026-10:58:56] [I] Time Deserialize: Disabled
[03/03/2026-10:58:56] [I] Time Refit: Disabled
[03/03/2026-10:58:56] [I] NVTX verbosity: 0
[03/03/2026-10:58:56] [I] Persistent Cache Ratio: 0
[03/03/2026-10:58:56] [I] Inputs:
[03/03/2026-10:58:56] [I] === Reporting Options ===
[03/03/2026-10:58:56] [I] Verbose: Disabled
[03/03/2026-10:58:56] [I] Averages: 10 inferences
[03/03/2026-10:58:56] [I] Percentiles: 90,95,99
[03/03/2026-10:58:56] [I] Dump refittable layers:Disabled
[03/03/2026-10:58:56] [I] Dump output: Disabled
[03/03/2026-10:58:56] [I] Profile: Disabled
[03/03/2026-10:58:56] [I] Export timing to JSON file: 
[03/03/2026-10:58:56] [I] Export output to JSON file: 
[03/03/2026-10:58:56] [I] Export profile to JSON file: 
[03/03/2026-10:58:56] [I] 
[03/03/2026-10:58:56] [I] === Device Information ===
[03/03/2026-10:58:56] [I] Selected Device: Orin
[03/03/2026-10:58:56] [I] Compute Capability: 8.7
[03/03/2026-10:58:56] [I] SMs: 4
[03/03/2026-10:58:56] [I] Compute Clock Rate: 0.624 GHz
[03/03/2026-10:58:56] [I] Device Global Memory: 3425 MiB
[03/03/2026-10:58:56] [I] Shared Memory per SM: 164 KiB
[03/03/2026-10:58:56] [I] Memory Bus Width: 128 bits (ECC disabled)
[03/03/2026-10:58:56] [I] Memory Clock Rate: 0.624 GHz
[03/03/2026-10:58:56] [I] 
[03/03/2026-10:58:56] [I] TensorRT version: 8.5.2
[03/03/2026-10:58:56] [I] [TRT] [MemUsageChange] Init CUDA: CPU +220, GPU +0, now: CPU 249, GPU 1482 (MiB)
[03/03/2026-10:58:59] [I] [TRT] [MemUsageChange] Init builder kernel library: CPU +302, GPU +172, now: CPU 574, GPU 1676 (MiB)
[03/03/2026-10:58:59] [I] Start parsing network model
[03/03/2026-10:58:59] [I] [TRT] ----------------------------------------------------------------
[03/03/2026-10:58:59] [I] [TRT] Input filename:   /home/user/Edge-ML/models/v5/GRU/bs1/GRU.onnx
[03/03/2026-10:58:59] [I] [TRT] ONNX IR version:  0.0.7
[03/03/2026-10:58:59] [I] [TRT] Opset version:    12
[03/03/2026-10:58:59] [I] [TRT] Producer name:    pytorch
[03/03/2026-10:58:59] [I] [TRT] Producer version: 2.5.1
[03/03/2026-10:58:59] [I] [TRT] Domain:           
[03/03/2026-10:58:59] [I] [TRT] Model version:    0
[03/03/2026-10:58:59] [I] [TRT] Doc string:       
[03/03/2026-10:58:59] [I] [TRT] ----------------------------------------------------------------
[03/03/2026-10:58:59] [W] [TRT] onnx2trt_utils.cpp:375: Your ONNX model has been generated with INT64 weights, while TensorRT does not natively support INT64. Attempting to cast down to INT32.
[03/03/2026-10:58:59] [I] Finish parsing network model
[03/03/2026-10:58:59] [I] [TRT] ---------- Layers Running on DLA ----------
[03/03/2026-10:58:59] [I] [TRT] ---------- Layers Running on GPU ----------
[03/03/2026-10:58:59] [I] [TRT] [GpuLayer] MYELIN: {ForeignNode[(Unnamed Layer* 41) [Constant].../Squeeze]}
[03/03/2026-10:59:00] [I] [TRT] [MemUsageChange] Init cuBLAS/cuBLASLt: CPU +535, GPU +825, now: CPU 1109, GPU 2501 (MiB)
[03/03/2026-10:59:00] [I] [TRT] [MemUsageChange] Init cuDNN: CPU +82, GPU +129, now: CPU 1191, GPU 2630 (MiB)
[03/03/2026-10:59:00] [I] [TRT] Local timing cache in use. Profiling results in this builder pass will not be stored.
[03/03/2026-10:59:09] [I] [TRT] Total Activation Memory: 4294967296
[03/03/2026-10:59:09] [I] [TRT] Detected 1 inputs and 1 output network tensors.
[03/03/2026-10:59:09] [I] [TRT] Total Host Persistent Memory: 32
[03/03/2026-10:59:09] [I] [TRT] Total Device Persistent Memory: 0
[03/03/2026-10:59:09] [I] [TRT] Total Scratch Memory: 446976
[03/03/2026-10:59:09] [I] [TRT] [MemUsageStats] Peak memory usage of TRT CPU/GPU memory allocators: CPU 0 MiB, GPU 4 MiB
[03/03/2026-10:59:09] [I] [TRT] [BlockAssignment] Started assigning block shifts. This will take 1 steps to complete.
[03/03/2026-10:59:09] [I] [TRT] [BlockAssignment] Algorithm ShiftNTopDown took 0.016352ms to assign 1 blocks to 1 nodes requiring 446976 bytes.
[03/03/2026-10:59:09] [I] [TRT] Total Activation Memory: 446976
[03/03/2026-10:59:09] [W] [TRT] TensorRT encountered issues when converting weights between types and that could affect accuracy.
[03/03/2026-10:59:09] [W] [TRT] If this is not the desired behavior, please modify the weights or retrain with regularization to adjust the magnitude of the weights.
[03/03/2026-10:59:09] [W] [TRT] Check verbose logs for the list of affected weights.
[03/03/2026-10:59:09] [W] [TRT] - 3 weights are affected by this issue: Detected subnormal FP16 values.
[03/03/2026-10:59:09] [I] [TRT] [MemUsageChange] TensorRT-managed allocation in building engine: CPU +0, GPU +4, now: CPU 0, GPU 4 (MiB)
[03/03/2026-10:59:09] [I] Engine built in 13.4018 sec.
[03/03/2026-10:59:09] [I] [TRT] Loaded engine size: 0 MiB
[03/03/2026-10:59:09] [I] [TRT] [MemUsageChange] TensorRT-managed allocation in engine deserialization: CPU +0, GPU +0, now: CPU 0, GPU 0 (MiB)
[03/03/2026-10:59:09] [I] Engine deserialized in 0.00498555 sec.
[03/03/2026-10:59:09] [I] [TRT] [MemUsageChange] TensorRT-managed allocation in IExecutionContext creation: CPU +0, GPU +0, now: CPU 0, GPU 0 (MiB)
[03/03/2026-10:59:09] [I] Setting persistentCacheLimit to 0 bytes.
[03/03/2026-10:59:09] [I] Using random values for input input
[03/03/2026-10:59:09] [I] Created input binding for input with dimensions 1x120
[03/03/2026-10:59:09] [I] Using random values for output capacity
[03/03/2026-10:59:09] [I] Created output binding for capacity with dimensions 
[03/03/2026-10:59:09] [I] [TRT] The profiling verbosity was set to ProfilingVerbosity::kLAYER_NAMES_ONLY when the engine was built, so only the layer names will be returned. Rebuild the engine with ProfilingVerbosity::kDETAILED to get more verbose layer information.
[03/03/2026-10:59:09] [I] Starting inference
[03/03/2026-10:59:13] [I] Warmup completed 44 queries over 200 ms
[03/03/2026-10:59:13] [I] Timing trace has 650 queries over 3.00655 s
[03/03/2026-10:59:13] [I] 
[03/03/2026-10:59:13] [I] === Trace details ===
[03/03/2026-10:59:13] [I] Trace averages of 10 runs:
[03/03/2026-10:59:13] [I] Average on 10 runs - GPU latency: 4.60523 ms - Host latency: 4.60523 ms (enqueue 4.59797 ms)
[03/03/2026-10:59:13] [I] Average on 10 runs - GPU latency: 4.64245 ms - Host latency: 4.64245 ms (enqueue 4.63403 ms)
[03/03/2026-10:59:13] [I] Average on 10 runs - GPU latency: 4.61489 ms - Host latency: 4.61489 ms (enqueue 4.6072 ms)
[03/03/2026-10:59:13] [I] Average on 10 runs - GPU latency: 4.60703 ms - Host latency: 4.60703 ms (enqueue 4.59994 ms)
[03/03/2026-10:59:13] [I] Average on 10 runs - GPU latency: 4.6084 ms - Host latency: 4.6084 ms (enqueue 4.60113 ms)
[03/03/2026-10:59:13] [I] Average on 10 runs - GPU latency: 4.60728 ms - Host latency: 4.60728 ms (enqueue 4.59936 ms)
[03/03/2026-10:59:13] [I] Average on 10 runs - GPU latency: 4.61429 ms - Host latency: 4.61429 ms (enqueue 4.6059 ms)
[03/03/2026-10:59:13] [I] Average on 10 runs - GPU latency: 4.61434 ms - Host latency: 4.61434 ms (enqueue 4.60672 ms)
[03/03/2026-10:59:13] [I] Average on 10 runs - GPU latency: 4.61828 ms - Host latency: 4.61828 ms (enqueue 4.60951 ms)
[03/03/2026-10:59:13] [I] Average on 10 runs - GPU latency: 4.60654 ms - Host latency: 4.60654 ms (enqueue 4.59779 ms)
[03/03/2026-10:59:13] [I] Average on 10 runs - GPU latency: 4.61021 ms - Host latency: 4.61021 ms (enqueue 4.60118 ms)
[03/03/2026-10:59:13] [I] Average on 10 runs - GPU latency: 4.60411 ms - Host latency: 4.60411 ms (enqueue 4.59655 ms)
[03/03/2026-10:59:13] [I] Average on 10 runs - GPU latency: 4.60947 ms - Host latency: 4.60947 ms (enqueue 4.60239 ms)
[03/03/2026-10:59:13] [I] Average on 10 runs - GPU latency: 4.60585 ms - Host latency: 4.60585 ms (enqueue 4.59829 ms)
[03/03/2026-10:59:13] [I] Average on 10 runs - GPU latency: 4.60721 ms - Host latency: 4.60721 ms (enqueue 4.59956 ms)
[03/03/2026-10:59:13] [I] Average on 10 runs - GPU latency: 4.60791 ms - Host latency: 4.60791 ms (enqueue 4.60021 ms)
[03/03/2026-10:59:13] [I] Average on 10 runs - GPU latency: 4.60625 ms - Host latency: 4.60625 ms (enqueue 4.59905 ms)
[03/03/2026-10:59:13] [I] Average on 10 runs - GPU latency: 4.60481 ms - Host latency: 4.60481 ms (enqueue 4.59688 ms)
[03/03/2026-10:59:13] [I] Average on 10 runs - GPU latency: 4.60811 ms - Host latency: 4.60811 ms (enqueue 4.59965 ms)
[03/03/2026-10:59:13] [I] Average on 10 runs - GPU latency: 4.60225 ms - Host latency: 4.60225 ms (enqueue 4.59493 ms)
[03/03/2026-10:59:13] [I] Average on 10 runs - GPU latency: 4.61295 ms - Host latency: 4.61295 ms (enqueue 4.60483 ms)
[03/03/2026-10:59:13] [I] Average on 10 runs - GPU latency: 4.60682 ms - Host latency: 4.60682 ms (enqueue 4.59896 ms)
[03/03/2026-10:59:13] [I] Average on 10 runs - GPU latency: 4.60439 ms - Host latency: 4.60439 ms (enqueue 4.59669 ms)
[03/03/2026-10:59:13] [I] Average on 10 runs - GPU latency: 4.6068 ms - Host latency: 4.6068 ms (enqueue 4.59861 ms)
[03/03/2026-10:59:13] [I] Average on 10 runs - GPU latency: 4.60186 ms - Host latency: 4.60186 ms (enqueue 4.59419 ms)
[03/03/2026-10:59:13] [I] Average on 10 runs - GPU latency: 4.60518 ms - Host latency: 4.60518 ms (enqueue 4.59769 ms)
[03/03/2026-10:59:13] [I] Average on 10 runs - GPU latency: 4.60603 ms - Host latency: 4.60603 ms (enqueue 4.59846 ms)
[03/03/2026-10:59:13] [I] Average on 10 runs - GPU latency: 4.61326 ms - Host latency: 4.61326 ms (enqueue 4.60505 ms)
[03/03/2026-10:59:13] [I] Average on 10 runs - GPU latency: 4.61405 ms - Host latency: 4.61405 ms (enqueue 4.60596 ms)
[03/03/2026-10:59:13] [I] Average on 10 runs - GPU latency: 4.61537 ms - Host latency: 4.61537 ms (enqueue 4.60715 ms)
[03/03/2026-10:59:13] [I] Average on 10 runs - GPU latency: 4.61165 ms - Host latency: 4.61165 ms (enqueue 4.60427 ms)
[03/03/2026-10:59:13] [I] Average on 10 runs - GPU latency: 4.61962 ms - Host latency: 4.61962 ms (enqueue 4.61141 ms)
[03/03/2026-10:59:13] [I] Average on 10 runs - GPU latency: 4.61365 ms - Host latency: 4.61365 ms (enqueue 4.60566 ms)
[03/03/2026-10:59:13] [I] Average on 10 runs - GPU latency: 4.61226 ms - Host latency: 4.61226 ms (enqueue 4.60465 ms)
[03/03/2026-10:59:13] [I] Average on 10 runs - GPU latency: 4.61245 ms - Host latency: 4.61245 ms (enqueue 4.60461 ms)
[03/03/2026-10:59:13] [I] Average on 10 runs - GPU latency: 4.61218 ms - Host latency: 4.61218 ms (enqueue 4.60428 ms)
[03/03/2026-10:59:13] [I] Average on 10 runs - GPU latency: 4.61281 ms - Host latency: 4.61281 ms (enqueue 4.60547 ms)
[03/03/2026-10:59:13] [I] Average on 10 runs - GPU latency: 4.60946 ms - Host latency: 4.60946 ms (enqueue 4.60193 ms)
[03/03/2026-10:59:13] [I] Average on 10 runs - GPU latency: 4.61549 ms - Host latency: 4.61549 ms (enqueue 4.60784 ms)
[03/03/2026-10:59:13] [I] Average on 10 runs - GPU latency: 4.61021 ms - Host latency: 4.61021 ms (enqueue 4.60157 ms)
[03/03/2026-10:59:13] [I] Average on 10 runs - GPU latency: 4.6136 ms - Host latency: 4.6136 ms (enqueue 4.60605 ms)
[03/03/2026-10:59:13] [I] Average on 10 runs - GPU latency: 4.61453 ms - Host latency: 4.61453 ms (enqueue 4.60623 ms)
[03/03/2026-10:59:13] [I] Average on 10 runs - GPU latency: 4.60981 ms - Host latency: 4.60981 ms (enqueue 4.60215 ms)
[03/03/2026-10:59:13] [I] Average on 10 runs - GPU latency: 4.61299 ms - Host latency: 4.61299 ms (enqueue 4.60447 ms)
[03/03/2026-10:59:13] [I] Average on 10 runs - GPU latency: 4.60837 ms - Host latency: 4.60837 ms (enqueue 4.6012 ms)
[03/03/2026-10:59:13] [I] Average on 10 runs - GPU latency: 4.60913 ms - Host latency: 4.60913 ms (enqueue 4.60195 ms)
[03/03/2026-10:59:13] [I] Average on 10 runs - GPU latency: 4.61067 ms - Host latency: 4.61067 ms (enqueue 4.60383 ms)
[03/03/2026-10:59:13] [I] Average on 10 runs - GPU latency: 4.61216 ms - Host latency: 4.61216 ms (enqueue 4.60505 ms)
[03/03/2026-10:59:13] [I] Average on 10 runs - GPU latency: 4.61086 ms - Host latency: 4.61086 ms (enqueue 4.60339 ms)
[03/03/2026-10:59:13] [I] Average on 10 runs - GPU latency: 4.6074 ms - Host latency: 4.6074 ms (enqueue 4.60007 ms)
[03/03/2026-10:59:13] [I] Average on 10 runs - GPU latency: 4.61509 ms - Host latency: 4.61509 ms (enqueue 4.60732 ms)
[03/03/2026-10:59:13] [I] Average on 10 runs - GPU latency: 4.60959 ms - Host latency: 4.60959 ms (enqueue 4.6021 ms)
[03/03/2026-10:59:13] [I] Average on 10 runs - GPU latency: 4.61157 ms - Host latency: 4.61157 ms (enqueue 4.60464 ms)
[03/03/2026-10:59:13] [I] Average on 10 runs - GPU latency: 4.60713 ms - Host latency: 4.60713 ms (enqueue 4.59912 ms)
[03/03/2026-10:59:13] [I] Average on 10 runs - GPU latency: 4.61113 ms - Host latency: 4.61113 ms (enqueue 4.60337 ms)
[03/03/2026-10:59:13] [I] Average on 10 runs - GPU latency: 4.61147 ms - Host latency: 4.61147 ms (enqueue 4.60439 ms)
[03/03/2026-10:59:13] [I] Average on 10 runs - GPU latency: 4.61287 ms - Host latency: 4.61287 ms (enqueue 4.60549 ms)
[03/03/2026-10:59:13] [I] Average on 10 runs - GPU latency: 4.61418 ms - Host latency: 4.61418 ms (enqueue 4.60657 ms)
[03/03/2026-10:59:13] [I] Average on 10 runs - GPU latency: 4.61267 ms - Host latency: 4.61267 ms (enqueue 4.6053 ms)
[03/03/2026-10:59:13] [I] Average on 10 runs - GPU latency: 4.6209 ms - Host latency: 4.6209 ms (enqueue 4.61187 ms)
[03/03/2026-10:59:13] [I] Average on 10 runs - GPU latency: 4.61624 ms - Host latency: 4.61624 ms (enqueue 4.60881 ms)
[03/03/2026-10:59:13] [I] Average on 10 runs - GPU latency: 4.61501 ms - Host latency: 4.61501 ms (enqueue 4.60681 ms)
[03/03/2026-10:59:13] [I] Average on 10 runs - GPU latency: 4.61165 ms - Host latency: 4.61165 ms (enqueue 4.6031 ms)
[03/03/2026-10:59:13] [I] Average on 10 runs - GPU latency: 4.61704 ms - Host latency: 4.61704 ms (enqueue 4.60869 ms)
[03/03/2026-10:59:13] [I] Average on 10 runs - GPU latency: 4.61348 ms - Host latency: 4.61348 ms (enqueue 4.60518 ms)
[03/03/2026-10:59:13] [I] 
[03/03/2026-10:59:13] [I] === Performance summary ===
[03/03/2026-10:59:13] [I] Throughput: 216.195 qps
[03/03/2026-10:59:13] [I] Latency: min = 4.57727 ms, max = 4.93951 ms, mean = 4.61124 ms, median = 4.61011 ms, percentile(90%) = 4.625 ms, percentile(95%) = 4.6308 ms, percentile(99%) = 4.63916 ms
[03/03/2026-10:59:13] [I] Enqueue Time: min = 4.57031 ms, max = 4.8562 ms, mean = 4.60345 ms, median = 4.60234 ms, percentile(90%) = 4.61694 ms, percentile(95%) = 4.6228 ms, percentile(99%) = 4.63245 ms
[03/03/2026-10:59:13] [I] H2D Latency: min = 0 ms, max = 0 ms, mean = 0 ms, median = 0 ms, percentile(90%) = 0 ms, percentile(95%) = 0 ms, percentile(99%) = 0 ms
[03/03/2026-10:59:13] [I] GPU Compute Time: min = 4.57727 ms, max = 4.93951 ms, mean = 4.61124 ms, median = 4.61011 ms, percentile(90%) = 4.625 ms, percentile(95%) = 4.6308 ms, percentile(99%) = 4.63916 ms
[03/03/2026-10:59:13] [I] D2H Latency: min = 0 ms, max = 0 ms, mean = 0 ms, median = 0 ms, percentile(90%) = 0 ms, percentile(95%) = 0 ms, percentile(99%) = 0 ms
[03/03/2026-10:59:13] [I] Total Host Walltime: 3.00655 s
[03/03/2026-10:59:13] [I] Total GPU Compute Time: 2.99731 s
[03/03/2026-10:59:13] [W] * Throughput may be bound by Enqueue Time rather than GPU Compute and the GPU may be under-utilized.
[03/03/2026-10:59:13] [W]   If not already in use, --useCudaGraph (utilize CUDA graphs where possible) may increase the throughput.
[03/03/2026-10:59:13] [I] Explanations of the performance metrics are printed in the verbose logs.
[03/03/2026-10:59:13] [I] 
&&&& PASSED TensorRT.trtexec [TensorRT v8502] # /usr/src/tensorrt/bin/trtexec --onnx=/home/user/Edge-ML/models/v5/GRU/bs1/GRU.onnx --saveEngine=/home/user/Edge-ML/models/v5/GRU/bs1/GRU_fp16.engine --fp16 --exportLayerInfo=/home/user/Edge-ML/models/v5/GRU/bs1/logs/quantisation_fp16_layers.json --memPoolSize=workspace:4096MiB --tacticSources=+CUBLAS,+CUBLAS_LT,+CUDNN --noDataTransfers
