/usr/src/tensorrt/bin/trtexec --onnx=/home/user/Edge-ML/models/v5/LSTM/bs32/LSTM.onnx --saveEngine=/home/user/Edge-ML/models/v5/LSTM/bs32/LSTM_fp32.engine --exportLayerInfo=/home/user/Edge-ML/models/v5/LSTM/bs32/logs/quantisation_fp32_layers.json --memPoolSize=workspace:4096MiB --tacticSources=+CUBLAS,+CUBLAS_LT,+CUDNN --noDataTransfers

&&&& RUNNING TensorRT.trtexec [TensorRT v8502] # /usr/src/tensorrt/bin/trtexec --onnx=/home/user/Edge-ML/models/v5/LSTM/bs32/LSTM.onnx --saveEngine=/home/user/Edge-ML/models/v5/LSTM/bs32/LSTM_fp32.engine --exportLayerInfo=/home/user/Edge-ML/models/v5/LSTM/bs32/logs/quantisation_fp32_layers.json --memPoolSize=workspace:4096MiB --tacticSources=+CUBLAS,+CUBLAS_LT,+CUDNN --noDataTransfers
[03/03/2026-11:01:54] [I] === Model Options ===
[03/03/2026-11:01:54] [I] Format: ONNX
[03/03/2026-11:01:54] [I] Model: /home/user/Edge-ML/models/v5/LSTM/bs32/LSTM.onnx
[03/03/2026-11:01:54] [I] Output:
[03/03/2026-11:01:54] [I] === Build Options ===
[03/03/2026-11:01:54] [I] Max batch: explicit batch
[03/03/2026-11:01:54] [I] Memory Pools: workspace: 4096 MiB, dlaSRAM: default, dlaLocalDRAM: default, dlaGlobalDRAM: default
[03/03/2026-11:01:54] [I] minTiming: 1
[03/03/2026-11:01:54] [I] avgTiming: 8
[03/03/2026-11:01:54] [I] Precision: FP32
[03/03/2026-11:01:54] [I] LayerPrecisions: 
[03/03/2026-11:01:54] [I] Calibration: 
[03/03/2026-11:01:54] [I] Refit: Disabled
[03/03/2026-11:01:54] [I] Sparsity: Disabled
[03/03/2026-11:01:54] [I] Safe mode: Disabled
[03/03/2026-11:01:54] [I] DirectIO mode: Disabled
[03/03/2026-11:01:54] [I] Restricted mode: Disabled
[03/03/2026-11:01:54] [I] Build only: Disabled
[03/03/2026-11:01:54] [I] Save engine: /home/user/Edge-ML/models/v5/LSTM/bs32/LSTM_fp32.engine
[03/03/2026-11:01:54] [I] Load engine: 
[03/03/2026-11:01:54] [I] Profiling verbosity: 0
[03/03/2026-11:01:54] [I] Tactic sources: cublas [ON], cublasLt [ON], cudnn [ON], 
[03/03/2026-11:01:54] [I] timingCacheMode: local
[03/03/2026-11:01:54] [I] timingCacheFile: 
[03/03/2026-11:01:54] [I] Heuristic: Disabled
[03/03/2026-11:01:54] [I] Preview Features: Use default preview flags.
[03/03/2026-11:01:54] [I] Input(s)s format: fp32:CHW
[03/03/2026-11:01:54] [I] Output(s)s format: fp32:CHW
[03/03/2026-11:01:54] [I] Input build shapes: model
[03/03/2026-11:01:54] [I] Input calibration shapes: model
[03/03/2026-11:01:54] [I] === System Options ===
[03/03/2026-11:01:54] [I] Device: 0
[03/03/2026-11:01:54] [I] DLACore: 
[03/03/2026-11:01:54] [I] Plugins:
[03/03/2026-11:01:54] [I] === Inference Options ===
[03/03/2026-11:01:54] [I] Batch: Explicit
[03/03/2026-11:01:54] [I] Input inference shapes: model
[03/03/2026-11:01:54] [I] Iterations: 10
[03/03/2026-11:01:54] [I] Duration: 3s (+ 200ms warm up)
[03/03/2026-11:01:54] [I] Sleep time: 0ms
[03/03/2026-11:01:54] [I] Idle time: 0ms
[03/03/2026-11:01:54] [I] Streams: 1
[03/03/2026-11:01:54] [I] ExposeDMA: Disabled
[03/03/2026-11:01:54] [I] Data transfers: Disabled
[03/03/2026-11:01:54] [I] Spin-wait: Disabled
[03/03/2026-11:01:54] [I] Multithreading: Disabled
[03/03/2026-11:01:54] [I] CUDA Graph: Disabled
[03/03/2026-11:01:54] [I] Separate profiling: Disabled
[03/03/2026-11:01:54] [I] Time Deserialize: Disabled
[03/03/2026-11:01:54] [I] Time Refit: Disabled
[03/03/2026-11:01:54] [I] NVTX verbosity: 0
[03/03/2026-11:01:54] [I] Persistent Cache Ratio: 0
[03/03/2026-11:01:54] [I] Inputs:
[03/03/2026-11:01:54] [I] === Reporting Options ===
[03/03/2026-11:01:54] [I] Verbose: Disabled
[03/03/2026-11:01:54] [I] Averages: 10 inferences
[03/03/2026-11:01:54] [I] Percentiles: 90,95,99
[03/03/2026-11:01:54] [I] Dump refittable layers:Disabled
[03/03/2026-11:01:54] [I] Dump output: Disabled
[03/03/2026-11:01:54] [I] Profile: Disabled
[03/03/2026-11:01:54] [I] Export timing to JSON file: 
[03/03/2026-11:01:54] [I] Export output to JSON file: 
[03/03/2026-11:01:54] [I] Export profile to JSON file: 
[03/03/2026-11:01:54] [I] 
[03/03/2026-11:01:54] [I] === Device Information ===
[03/03/2026-11:01:54] [I] Selected Device: Orin
[03/03/2026-11:01:54] [I] Compute Capability: 8.7
[03/03/2026-11:01:54] [I] SMs: 4
[03/03/2026-11:01:54] [I] Compute Clock Rate: 0.624 GHz
[03/03/2026-11:01:54] [I] Device Global Memory: 3425 MiB
[03/03/2026-11:01:54] [I] Shared Memory per SM: 164 KiB
[03/03/2026-11:01:54] [I] Memory Bus Width: 128 bits (ECC disabled)
[03/03/2026-11:01:54] [I] Memory Clock Rate: 0.624 GHz
[03/03/2026-11:01:54] [I] 
[03/03/2026-11:01:54] [I] TensorRT version: 8.5.2
[03/03/2026-11:01:55] [I] [TRT] [MemUsageChange] Init CUDA: CPU +220, GPU +0, now: CPU 249, GPU 1489 (MiB)
[03/03/2026-11:01:57] [I] [TRT] [MemUsageChange] Init builder kernel library: CPU +302, GPU +164, now: CPU 574, GPU 1675 (MiB)
[03/03/2026-11:01:57] [I] Start parsing network model
[03/03/2026-11:01:57] [I] [TRT] ----------------------------------------------------------------
[03/03/2026-11:01:57] [I] [TRT] Input filename:   /home/user/Edge-ML/models/v5/LSTM/bs32/LSTM.onnx
[03/03/2026-11:01:57] [I] [TRT] ONNX IR version:  0.0.7
[03/03/2026-11:01:57] [I] [TRT] Opset version:    12
[03/03/2026-11:01:57] [I] [TRT] Producer name:    pytorch
[03/03/2026-11:01:57] [I] [TRT] Producer version: 2.5.1
[03/03/2026-11:01:57] [I] [TRT] Domain:           
[03/03/2026-11:01:57] [I] [TRT] Model version:    0
[03/03/2026-11:01:57] [I] [TRT] Doc string:       
[03/03/2026-11:01:57] [I] [TRT] ----------------------------------------------------------------
[03/03/2026-11:01:57] [W] [TRT] onnx2trt_utils.cpp:375: Your ONNX model has been generated with INT64 weights, while TensorRT does not natively support INT64. Attempting to cast down to INT32.
[03/03/2026-11:01:57] [I] Finish parsing network model
[03/03/2026-11:01:57] [I] [TRT] ---------- Layers Running on DLA ----------
[03/03/2026-11:01:57] [I] [TRT] ---------- Layers Running on GPU ----------
[03/03/2026-11:01:57] [I] [TRT] [GpuLayer] MYELIN: {ForeignNode[onnx::LSTM_209.../Squeeze]}
[03/03/2026-11:01:59] [I] [TRT] [MemUsageChange] Init cuBLAS/cuBLASLt: CPU +534, GPU +823, now: CPU 1109, GPU 2499 (MiB)
[03/03/2026-11:01:59] [I] [TRT] [MemUsageChange] Init cuDNN: CPU +82, GPU +121, now: CPU 1191, GPU 2620 (MiB)
[03/03/2026-11:01:59] [I] [TRT] Local timing cache in use. Profiling results in this builder pass will not be stored.
[03/03/2026-11:02:02] [I] [TRT] Total Activation Memory: 4294967296
[03/03/2026-11:02:02] [I] [TRT] Detected 1 inputs and 1 output network tensors.
[03/03/2026-11:02:03] [I] [TRT] Total Host Persistent Memory: 32
[03/03/2026-11:02:03] [I] [TRT] Total Device Persistent Memory: 0
[03/03/2026-11:02:03] [I] [TRT] Total Scratch Memory: 9995264
[03/03/2026-11:02:03] [I] [TRT] [MemUsageStats] Peak memory usage of TRT CPU/GPU memory allocators: CPU 0 MiB, GPU 13 MiB
[03/03/2026-11:02:03] [I] [TRT] [BlockAssignment] Started assigning block shifts. This will take 1 steps to complete.
[03/03/2026-11:02:03] [I] [TRT] [BlockAssignment] Algorithm ShiftNTopDown took 0.015968ms to assign 1 blocks to 1 nodes requiring 9995264 bytes.
[03/03/2026-11:02:03] [I] [TRT] Total Activation Memory: 9995264
[03/03/2026-11:02:03] [I] [TRT] [MemUsageChange] TensorRT-managed allocation in building engine: CPU +0, GPU +4, now: CPU 0, GPU 4 (MiB)
[03/03/2026-11:02:03] [I] Engine built in 8.21149 sec.
[03/03/2026-11:02:03] [I] [TRT] Loaded engine size: 0 MiB
[03/03/2026-11:02:03] [I] [TRT] [MemUsageChange] TensorRT-managed allocation in engine deserialization: CPU +0, GPU +0, now: CPU 0, GPU 0 (MiB)
[03/03/2026-11:02:03] [I] Engine deserialized in 0.00472948 sec.
[03/03/2026-11:02:03] [I] [TRT] [MemUsageChange] TensorRT-managed allocation in IExecutionContext creation: CPU +0, GPU +9, now: CPU 0, GPU 9 (MiB)
[03/03/2026-11:02:03] [I] Setting persistentCacheLimit to 0 bytes.
[03/03/2026-11:02:03] [I] Using random values for input input
[03/03/2026-11:02:03] [I] Created input binding for input with dimensions 32x120
[03/03/2026-11:02:03] [I] Using random values for output capacity
[03/03/2026-11:02:03] [I] Created output binding for capacity with dimensions 32
[03/03/2026-11:02:03] [I] [TRT] The profiling verbosity was set to ProfilingVerbosity::kLAYER_NAMES_ONLY when the engine was built, so only the layer names will be returned. Rebuild the engine with ProfilingVerbosity::kDETAILED to get more verbose layer information.
[03/03/2026-11:02:03] [I] Starting inference
[03/03/2026-11:02:06] [I] Warmup completed 34 queries over 200 ms
[03/03/2026-11:02:06] [I] Timing trace has 510 queries over 3.01242 s
[03/03/2026-11:02:06] [I] 
[03/03/2026-11:02:06] [I] === Trace details ===
[03/03/2026-11:02:06] [I] Trace averages of 10 runs:
[03/03/2026-11:02:06] [I] Average on 10 runs - GPU latency: 5.88648 ms - Host latency: 5.88648 ms (enqueue 5.87953 ms)
[03/03/2026-11:02:06] [I] Average on 10 runs - GPU latency: 5.89471 ms - Host latency: 5.89471 ms (enqueue 5.88737 ms)
[03/03/2026-11:02:06] [I] Average on 10 runs - GPU latency: 5.90468 ms - Host latency: 5.90468 ms (enqueue 5.89712 ms)
[03/03/2026-11:02:06] [I] Average on 10 runs - GPU latency: 5.89185 ms - Host latency: 5.89185 ms (enqueue 5.88477 ms)
[03/03/2026-11:02:06] [I] Average on 10 runs - GPU latency: 5.89614 ms - Host latency: 5.89614 ms (enqueue 5.88909 ms)
[03/03/2026-11:02:06] [I] Average on 10 runs - GPU latency: 5.88966 ms - Host latency: 5.88966 ms (enqueue 5.88252 ms)
[03/03/2026-11:02:06] [I] Average on 10 runs - GPU latency: 5.88249 ms - Host latency: 5.88249 ms (enqueue 5.87479 ms)
[03/03/2026-11:02:06] [I] Average on 10 runs - GPU latency: 5.90062 ms - Host latency: 5.90062 ms (enqueue 5.89246 ms)
[03/03/2026-11:02:06] [I] Average on 10 runs - GPU latency: 5.89672 ms - Host latency: 5.89672 ms (enqueue 5.88957 ms)
[03/03/2026-11:02:06] [I] Average on 10 runs - GPU latency: 5.88839 ms - Host latency: 5.88839 ms (enqueue 5.88118 ms)
[03/03/2026-11:02:06] [I] Average on 10 runs - GPU latency: 5.89274 ms - Host latency: 5.89274 ms (enqueue 5.88555 ms)
[03/03/2026-11:02:06] [I] Average on 10 runs - GPU latency: 5.89255 ms - Host latency: 5.89255 ms (enqueue 5.88549 ms)
[03/03/2026-11:02:06] [I] Average on 10 runs - GPU latency: 5.8847 ms - Host latency: 5.8847 ms (enqueue 5.87748 ms)
[03/03/2026-11:02:06] [I] Average on 10 runs - GPU latency: 5.90162 ms - Host latency: 5.90162 ms (enqueue 5.89384 ms)
[03/03/2026-11:02:06] [I] Average on 10 runs - GPU latency: 5.89302 ms - Host latency: 5.89302 ms (enqueue 5.88563 ms)
[03/03/2026-11:02:06] [I] Average on 10 runs - GPU latency: 5.89048 ms - Host latency: 5.89048 ms (enqueue 5.88312 ms)
[03/03/2026-11:02:06] [I] Average on 10 runs - GPU latency: 5.8929 ms - Host latency: 5.8929 ms (enqueue 5.88579 ms)
[03/03/2026-11:02:06] [I] Average on 10 runs - GPU latency: 5.8851 ms - Host latency: 5.8851 ms (enqueue 5.87777 ms)
[03/03/2026-11:02:06] [I] Average on 10 runs - GPU latency: 5.89058 ms - Host latency: 5.89058 ms (enqueue 5.88304 ms)
[03/03/2026-11:02:06] [I] Average on 10 runs - GPU latency: 5.89341 ms - Host latency: 5.89341 ms (enqueue 5.88633 ms)
[03/03/2026-11:02:06] [I] Average on 10 runs - GPU latency: 5.88883 ms - Host latency: 5.88883 ms (enqueue 5.88169 ms)
[03/03/2026-11:02:06] [I] Average on 10 runs - GPU latency: 5.89071 ms - Host latency: 5.89071 ms (enqueue 5.88368 ms)
[03/03/2026-11:02:06] [I] Average on 10 runs - GPU latency: 5.89235 ms - Host latency: 5.89235 ms (enqueue 5.88531 ms)
[03/03/2026-11:02:06] [I] Average on 10 runs - GPU latency: 5.88959 ms - Host latency: 5.88959 ms (enqueue 5.88258 ms)
[03/03/2026-11:02:06] [I] Average on 10 runs - GPU latency: 5.88994 ms - Host latency: 5.88994 ms (enqueue 5.88268 ms)
[03/03/2026-11:02:06] [I] Average on 10 runs - GPU latency: 5.8907 ms - Host latency: 5.8907 ms (enqueue 5.88358 ms)
[03/03/2026-11:02:06] [I] Average on 10 runs - GPU latency: 5.88599 ms - Host latency: 5.88599 ms (enqueue 5.8786 ms)
[03/03/2026-11:02:06] [I] Average on 10 runs - GPU latency: 5.88938 ms - Host latency: 5.88938 ms (enqueue 5.88199 ms)
[03/03/2026-11:02:06] [I] Average on 10 runs - GPU latency: 5.89167 ms - Host latency: 5.89167 ms (enqueue 5.88402 ms)
[03/03/2026-11:02:06] [I] Average on 10 runs - GPU latency: 5.88767 ms - Host latency: 5.88767 ms (enqueue 5.88042 ms)
[03/03/2026-11:02:06] [I] Average on 10 runs - GPU latency: 5.89618 ms - Host latency: 5.89618 ms (enqueue 5.88885 ms)
[03/03/2026-11:02:06] [I] Average on 10 runs - GPU latency: 5.89474 ms - Host latency: 5.89474 ms (enqueue 5.88735 ms)
[03/03/2026-11:02:06] [I] Average on 10 runs - GPU latency: 5.88591 ms - Host latency: 5.88591 ms (enqueue 5.87861 ms)
[03/03/2026-11:02:06] [I] Average on 10 runs - GPU latency: 5.89177 ms - Host latency: 5.89177 ms (enqueue 5.88423 ms)
[03/03/2026-11:02:06] [I] Average on 10 runs - GPU latency: 5.89075 ms - Host latency: 5.89075 ms (enqueue 5.88381 ms)
[03/03/2026-11:02:06] [I] Average on 10 runs - GPU latency: 5.88896 ms - Host latency: 5.88896 ms (enqueue 5.88193 ms)
[03/03/2026-11:02:06] [I] Average on 10 runs - GPU latency: 5.89607 ms - Host latency: 5.89607 ms (enqueue 5.88901 ms)
[03/03/2026-11:02:06] [I] Average on 10 runs - GPU latency: 5.88491 ms - Host latency: 5.88491 ms (enqueue 5.87754 ms)
[03/03/2026-11:02:06] [I] Average on 10 runs - GPU latency: 5.88704 ms - Host latency: 5.88704 ms (enqueue 5.87988 ms)
[03/03/2026-11:02:06] [I] Average on 10 runs - GPU latency: 5.89512 ms - Host latency: 5.89512 ms (enqueue 5.88792 ms)
[03/03/2026-11:02:06] [I] Average on 10 runs - GPU latency: 5.89155 ms - Host latency: 5.89155 ms (enqueue 5.88455 ms)
[03/03/2026-11:02:06] [I] Average on 10 runs - GPU latency: 5.89617 ms - Host latency: 5.89617 ms (enqueue 5.88877 ms)
[03/03/2026-11:02:06] [I] Average on 10 runs - GPU latency: 5.90054 ms - Host latency: 5.90054 ms (enqueue 5.89314 ms)
[03/03/2026-11:02:06] [I] Average on 10 runs - GPU latency: 5.89033 ms - Host latency: 5.89033 ms (enqueue 5.9103 ms)
[03/03/2026-11:02:06] [I] Average on 10 runs - GPU latency: 5.89307 ms - Host latency: 5.89307 ms (enqueue 5.88555 ms)
[03/03/2026-11:02:06] [I] Average on 10 runs - GPU latency: 5.89844 ms - Host latency: 5.89844 ms (enqueue 5.89121 ms)
[03/03/2026-11:02:06] [I] Average on 10 runs - GPU latency: 5.88789 ms - Host latency: 5.88789 ms (enqueue 5.88062 ms)
[03/03/2026-11:02:06] [I] Average on 10 runs - GPU latency: 5.89622 ms - Host latency: 5.89622 ms (enqueue 5.88904 ms)
[03/03/2026-11:02:06] [I] Average on 10 runs - GPU latency: 5.89072 ms - Host latency: 5.89072 ms (enqueue 5.88325 ms)
[03/03/2026-11:02:06] [I] Average on 10 runs - GPU latency: 5.89368 ms - Host latency: 5.89368 ms (enqueue 5.88674 ms)
[03/03/2026-11:02:06] [I] Average on 10 runs - GPU latency: 5.90195 ms - Host latency: 5.90195 ms (enqueue 5.89458 ms)
[03/03/2026-11:02:06] [I] 
[03/03/2026-11:02:06] [I] === Performance summary ===
[03/03/2026-11:02:06] [I] Throughput: 169.299 qps
[03/03/2026-11:02:06] [I] Latency: min = 5.85272 ms, max = 5.94995 ms, mean = 5.89211 ms, median = 5.89111 ms, percentile(90%) = 5.91089 ms, percentile(95%) = 5.91748 ms, percentile(99%) = 5.92847 ms
[03/03/2026-11:02:06] [I] Enqueue Time: min = 5.84491 ms, max = 6.1438 ms, mean = 5.88537 ms, median = 5.88403 ms, percentile(90%) = 5.90332 ms, percentile(95%) = 5.90967 ms, percentile(99%) = 5.92163 ms
[03/03/2026-11:02:06] [I] H2D Latency: min = 0 ms, max = 0 ms, mean = 0 ms, median = 0 ms, percentile(90%) = 0 ms, percentile(95%) = 0 ms, percentile(99%) = 0 ms
[03/03/2026-11:02:06] [I] GPU Compute Time: min = 5.85272 ms, max = 5.94995 ms, mean = 5.89211 ms, median = 5.89111 ms, percentile(90%) = 5.91089 ms, percentile(95%) = 5.91748 ms, percentile(99%) = 5.92847 ms
[03/03/2026-11:02:06] [I] D2H Latency: min = 0 ms, max = 0 ms, mean = 0 ms, median = 0 ms, percentile(90%) = 0 ms, percentile(95%) = 0 ms, percentile(99%) = 0 ms
[03/03/2026-11:02:06] [I] Total Host Walltime: 3.01242 s
[03/03/2026-11:02:06] [I] Total GPU Compute Time: 3.00498 s
[03/03/2026-11:02:06] [W] * Throughput may be bound by Enqueue Time rather than GPU Compute and the GPU may be under-utilized.
[03/03/2026-11:02:06] [W]   If not already in use, --useCudaGraph (utilize CUDA graphs where possible) may increase the throughput.
[03/03/2026-11:02:06] [I] Explanations of the performance metrics are printed in the verbose logs.
[03/03/2026-11:02:06] [I] 
&&&& PASSED TensorRT.trtexec [TensorRT v8502] # /usr/src/tensorrt/bin/trtexec --onnx=/home/user/Edge-ML/models/v5/LSTM/bs32/LSTM.onnx --saveEngine=/home/user/Edge-ML/models/v5/LSTM/bs32/LSTM_fp32.engine --exportLayerInfo=/home/user/Edge-ML/models/v5/LSTM/bs32/logs/quantisation_fp32_layers.json --memPoolSize=workspace:4096MiB --tacticSources=+CUBLAS,+CUBLAS_LT,+CUDNN --noDataTransfers
