/usr/src/tensorrt/bin/trtexec --onnx=/home/user/Edge-ML/models/v3/LSTM/LSTM.onnx --saveEngine=/home/user/Edge-ML/models/v3/LSTM/LSTM_fp16.engine --fp16 --exportLayerInfo=/home/user/Edge-ML/models/v3/LSTM/logs/quantisation_fp16_layers.json --memPoolSize=workspace:4096MiB --tacticSources=+CUBLAS,+CUBLAS_LT,+CUDNN --noDataTransfers --preview=+fasterDynamicShapes0805

&&&& RUNNING TensorRT.trtexec [TensorRT v8502] # /usr/src/tensorrt/bin/trtexec --onnx=/home/user/Edge-ML/models/v3/LSTM/LSTM.onnx --saveEngine=/home/user/Edge-ML/models/v3/LSTM/LSTM_fp16.engine --fp16 --exportLayerInfo=/home/user/Edge-ML/models/v3/LSTM/logs/quantisation_fp16_layers.json --memPoolSize=workspace:4096MiB --tacticSources=+CUBLAS,+CUBLAS_LT,+CUDNN --noDataTransfers --preview=+fasterDynamicShapes0805
[02/25/2026-14:54:14] [I] === Model Options ===
[02/25/2026-14:54:14] [I] Format: ONNX
[02/25/2026-14:54:14] [I] Model: /home/user/Edge-ML/models/v3/LSTM/LSTM.onnx
[02/25/2026-14:54:14] [I] Output:
[02/25/2026-14:54:14] [I] === Build Options ===
[02/25/2026-14:54:14] [I] Max batch: explicit batch
[02/25/2026-14:54:14] [I] Memory Pools: workspace: 4096 MiB, dlaSRAM: default, dlaLocalDRAM: default, dlaGlobalDRAM: default
[02/25/2026-14:54:14] [I] minTiming: 1
[02/25/2026-14:54:14] [I] avgTiming: 8
[02/25/2026-14:54:14] [I] Precision: FP32+FP16
[02/25/2026-14:54:14] [I] LayerPrecisions: 
[02/25/2026-14:54:14] [I] Calibration: 
[02/25/2026-14:54:14] [I] Refit: Disabled
[02/25/2026-14:54:14] [I] Sparsity: Disabled
[02/25/2026-14:54:14] [I] Safe mode: Disabled
[02/25/2026-14:54:14] [I] DirectIO mode: Disabled
[02/25/2026-14:54:14] [I] Restricted mode: Disabled
[02/25/2026-14:54:14] [I] Build only: Disabled
[02/25/2026-14:54:14] [I] Save engine: /home/user/Edge-ML/models/v3/LSTM/LSTM_fp16.engine
[02/25/2026-14:54:14] [I] Load engine: 
[02/25/2026-14:54:14] [I] Profiling verbosity: 0
[02/25/2026-14:54:14] [I] Tactic sources: cublas [ON], cublasLt [ON], cudnn [ON], 
[02/25/2026-14:54:14] [I] timingCacheMode: local
[02/25/2026-14:54:14] [I] timingCacheFile: 
[02/25/2026-14:54:14] [I] Heuristic: Disabled
[02/25/2026-14:54:14] [I] Preview Features: kFASTER_DYNAMIC_SHAPES_0805 [ON], 
[02/25/2026-14:54:14] [I] Input(s)s format: fp32:CHW
[02/25/2026-14:54:14] [I] Output(s)s format: fp32:CHW
[02/25/2026-14:54:14] [I] Input build shapes: model
[02/25/2026-14:54:14] [I] Input calibration shapes: model
[02/25/2026-14:54:14] [I] === System Options ===
[02/25/2026-14:54:14] [I] Device: 0
[02/25/2026-14:54:14] [I] DLACore: 
[02/25/2026-14:54:14] [I] Plugins:
[02/25/2026-14:54:14] [I] === Inference Options ===
[02/25/2026-14:54:14] [I] Batch: Explicit
[02/25/2026-14:54:14] [I] Input inference shapes: model
[02/25/2026-14:54:14] [I] Iterations: 10
[02/25/2026-14:54:14] [I] Duration: 3s (+ 200ms warm up)
[02/25/2026-14:54:14] [I] Sleep time: 0ms
[02/25/2026-14:54:14] [I] Idle time: 0ms
[02/25/2026-14:54:14] [I] Streams: 1
[02/25/2026-14:54:14] [I] ExposeDMA: Disabled
[02/25/2026-14:54:14] [I] Data transfers: Disabled
[02/25/2026-14:54:14] [I] Spin-wait: Disabled
[02/25/2026-14:54:14] [I] Multithreading: Disabled
[02/25/2026-14:54:14] [I] CUDA Graph: Disabled
[02/25/2026-14:54:14] [I] Separate profiling: Disabled
[02/25/2026-14:54:14] [I] Time Deserialize: Disabled
[02/25/2026-14:54:14] [I] Time Refit: Disabled
[02/25/2026-14:54:14] [I] NVTX verbosity: 0
[02/25/2026-14:54:14] [I] Persistent Cache Ratio: 0
[02/25/2026-14:54:14] [I] Inputs:
[02/25/2026-14:54:14] [I] === Reporting Options ===
[02/25/2026-14:54:14] [I] Verbose: Disabled
[02/25/2026-14:54:14] [I] Averages: 10 inferences
[02/25/2026-14:54:14] [I] Percentiles: 90,95,99
[02/25/2026-14:54:14] [I] Dump refittable layers:Disabled
[02/25/2026-14:54:14] [I] Dump output: Disabled
[02/25/2026-14:54:14] [I] Profile: Disabled
[02/25/2026-14:54:14] [I] Export timing to JSON file: 
[02/25/2026-14:54:14] [I] Export output to JSON file: 
[02/25/2026-14:54:14] [I] Export profile to JSON file: 
[02/25/2026-14:54:14] [I] 
[02/25/2026-14:54:14] [I] === Device Information ===
[02/25/2026-14:54:14] [I] Selected Device: Orin
[02/25/2026-14:54:14] [I] Compute Capability: 8.7
[02/25/2026-14:54:14] [I] SMs: 4
[02/25/2026-14:54:14] [I] Compute Clock Rate: 0.624 GHz
[02/25/2026-14:54:14] [I] Device Global Memory: 3425 MiB
[02/25/2026-14:54:14] [I] Shared Memory per SM: 164 KiB
[02/25/2026-14:54:14] [I] Memory Bus Width: 128 bits (ECC disabled)
[02/25/2026-14:54:14] [I] Memory Clock Rate: 0.624 GHz
[02/25/2026-14:54:14] [I] 
[02/25/2026-14:54:14] [I] TensorRT version: 8.5.2
[02/25/2026-14:54:14] [I] [TRT] [MemUsageChange] Init CUDA: CPU +220, GPU +0, now: CPU 249, GPU 1668 (MiB)
[02/25/2026-14:54:17] [I] [TRT] [MemUsageChange] Init builder kernel library: CPU +302, GPU +117, now: CPU 574, GPU 1805 (MiB)
[02/25/2026-14:54:17] [I] Start parsing network model
[02/25/2026-14:54:17] [I] [TRT] ----------------------------------------------------------------
[02/25/2026-14:54:17] [I] [TRT] Input filename:   /home/user/Edge-ML/models/v3/LSTM/LSTM.onnx
[02/25/2026-14:54:17] [I] [TRT] ONNX IR version:  0.0.7
[02/25/2026-14:54:17] [I] [TRT] Opset version:    12
[02/25/2026-14:54:17] [I] [TRT] Producer name:    pytorch
[02/25/2026-14:54:17] [I] [TRT] Producer version: 2.5.1
[02/25/2026-14:54:17] [I] [TRT] Domain:           
[02/25/2026-14:54:17] [I] [TRT] Model version:    0
[02/25/2026-14:54:17] [I] [TRT] Doc string:       
[02/25/2026-14:54:17] [I] [TRT] ----------------------------------------------------------------
[02/25/2026-14:54:17] [W] [TRT] onnx2trt_utils.cpp:375: Your ONNX model has been generated with INT64 weights, while TensorRT does not natively support INT64. Attempting to cast down to INT32.
[02/25/2026-14:54:17] [I] Finish parsing network model
[02/25/2026-14:54:17] [I] [TRT] ---------- Layers Running on DLA ----------
[02/25/2026-14:54:17] [I] [TRT] ---------- Layers Running on GPU ----------
[02/25/2026-14:54:17] [I] [TRT] [GpuLayer] MYELIN: {ForeignNode[onnx::LSTM_209.../Squeeze]}
[02/25/2026-14:54:18] [I] [TRT] [MemUsageChange] Init cuBLAS/cuBLASLt: CPU +535, GPU +758, now: CPU 1109, GPU 2564 (MiB)
[02/25/2026-14:54:18] [I] [TRT] [MemUsageChange] Init cuDNN: CPU +82, GPU +127, now: CPU 1191, GPU 2691 (MiB)
[02/25/2026-14:54:18] [I] [TRT] Local timing cache in use. Profiling results in this builder pass will not be stored.
[02/25/2026-14:54:18] [W] [TRT] Using kFASTER_DYNAMIC_SHAPES_0805 preview feature.
[02/25/2026-14:54:28] [I] [TRT] Total Activation Memory: 4294967296
[02/25/2026-14:54:28] [I] [TRT] Detected 1 inputs and 1 output network tensors.
[02/25/2026-14:54:28] [I] [TRT] Total Host Persistent Memory: 32
[02/25/2026-14:54:28] [I] [TRT] Total Device Persistent Memory: 0
[02/25/2026-14:54:28] [I] [TRT] Total Scratch Memory: 312832
[02/25/2026-14:54:28] [I] [TRT] [MemUsageStats] Peak memory usage of TRT CPU/GPU memory allocators: CPU 0 MiB, GPU 4 MiB
[02/25/2026-14:54:28] [I] [TRT] [BlockAssignment] Started assigning block shifts. This will take 1 steps to complete.
[02/25/2026-14:54:28] [I] [TRT] [BlockAssignment] Algorithm ShiftNTopDown took 0.01648ms to assign 1 blocks to 1 nodes requiring 312832 bytes.
[02/25/2026-14:54:28] [I] [TRT] Total Activation Memory: 312832
[02/25/2026-14:54:28] [W] [TRT] TensorRT encountered issues when converting weights between types and that could affect accuracy.
[02/25/2026-14:54:28] [W] [TRT] If this is not the desired behavior, please modify the weights or retrain with regularization to adjust the magnitude of the weights.
[02/25/2026-14:54:28] [W] [TRT] Check verbose logs for the list of affected weights.
[02/25/2026-14:54:28] [W] [TRT] - 3 weights are affected by this issue: Detected subnormal FP16 values.
[02/25/2026-14:54:28] [I] [TRT] [MemUsageChange] TensorRT-managed allocation in building engine: CPU +0, GPU +4, now: CPU 0, GPU 4 (MiB)
[02/25/2026-14:54:28] [I] Engine built in 14.4996 sec.
[02/25/2026-14:54:29] [I] [TRT] Loaded engine size: 0 MiB
[02/25/2026-14:54:29] [I] [TRT] [MemUsageChange] TensorRT-managed allocation in engine deserialization: CPU +0, GPU +0, now: CPU 0, GPU 0 (MiB)
[02/25/2026-14:54:29] [I] Engine deserialized in 0.0051576 sec.
[02/25/2026-14:54:29] [I] [TRT] [MemUsageChange] TensorRT-managed allocation in IExecutionContext creation: CPU +0, GPU +0, now: CPU 0, GPU 0 (MiB)
[02/25/2026-14:54:29] [I] Setting persistentCacheLimit to 0 bytes.
[02/25/2026-14:54:29] [I] Using random values for input input
[02/25/2026-14:54:29] [I] Created input binding for input with dimensions 1x120
[02/25/2026-14:54:29] [I] Using random values for output capacity
[02/25/2026-14:54:29] [I] Created output binding for capacity with dimensions 
[02/25/2026-14:54:29] [I] [TRT] The profiling verbosity was set to ProfilingVerbosity::kLAYER_NAMES_ONLY when the engine was built, so only the layer names will be returned. Rebuild the engine with ProfilingVerbosity::kDETAILED to get more verbose layer information.
[02/25/2026-14:54:29] [I] Starting inference
[02/25/2026-14:54:32] [I] Warmup completed 37 queries over 200 ms
[02/25/2026-14:54:32] [I] Timing trace has 629 queries over 3.01354 s
[02/25/2026-14:54:32] [I] 
[02/25/2026-14:54:32] [I] === Trace details ===
[02/25/2026-14:54:32] [I] Trace averages of 10 runs:
[02/25/2026-14:54:32] [I] Average on 10 runs - GPU latency: 4.64914 ms - Host latency: 4.64914 ms (enqueue 4.6883 ms)
[02/25/2026-14:54:32] [I] Average on 10 runs - GPU latency: 4.64724 ms - Host latency: 4.64724 ms (enqueue 4.63945 ms)
[02/25/2026-14:54:32] [I] Average on 10 runs - GPU latency: 5.08286 ms - Host latency: 5.08286 ms (enqueue 5.05775 ms)
[02/25/2026-14:54:32] [I] Average on 10 runs - GPU latency: 4.71706 ms - Host latency: 4.71706 ms (enqueue 4.70644 ms)
[02/25/2026-14:54:32] [I] Average on 10 runs - GPU latency: 4.86143 ms - Host latency: 4.86143 ms (enqueue 4.84468 ms)
[02/25/2026-14:54:32] [I] Average on 10 runs - GPU latency: 4.64326 ms - Host latency: 4.64326 ms (enqueue 4.63513 ms)
[02/25/2026-14:54:32] [I] Average on 10 runs - GPU latency: 4.64874 ms - Host latency: 4.64874 ms (enqueue 4.64026 ms)
[02/25/2026-14:54:32] [I] Average on 10 runs - GPU latency: 4.8614 ms - Host latency: 4.8614 ms (enqueue 4.84545 ms)
[02/25/2026-14:54:32] [I] Average on 10 runs - GPU latency: 4.7865 ms - Host latency: 4.7865 ms (enqueue 4.77361 ms)
[02/25/2026-14:54:32] [I] Average on 10 runs - GPU latency: 4.63683 ms - Host latency: 4.63683 ms (enqueue 4.62926 ms)
[02/25/2026-14:54:32] [I] Average on 10 runs - GPU latency: 4.64432 ms - Host latency: 4.64432 ms (enqueue 4.63691 ms)
[02/25/2026-14:54:32] [I] Average on 10 runs - GPU latency: 5.14974 ms - Host latency: 5.14974 ms (enqueue 5.07681 ms)
[02/25/2026-14:54:32] [I] Average on 10 runs - GPU latency: 4.64092 ms - Host latency: 4.64092 ms (enqueue 4.68103 ms)
[02/25/2026-14:54:32] [I] Average on 10 runs - GPU latency: 4.78963 ms - Host latency: 4.78963 ms (enqueue 4.75854 ms)
[02/25/2026-14:54:32] [I] Average on 10 runs - GPU latency: 4.71899 ms - Host latency: 4.71899 ms (enqueue 4.75593 ms)
[02/25/2026-14:54:32] [I] Average on 10 runs - GPU latency: 4.646 ms - Host latency: 4.646 ms (enqueue 4.63798 ms)
[02/25/2026-14:54:32] [I] Average on 10 runs - GPU latency: 4.64142 ms - Host latency: 4.64142 ms (enqueue 4.63379 ms)
[02/25/2026-14:54:32] [I] Average on 10 runs - GPU latency: 4.78641 ms - Host latency: 4.78641 ms (enqueue 4.77253 ms)
[02/25/2026-14:54:32] [I] Average on 10 runs - GPU latency: 4.78632 ms - Host latency: 4.78632 ms (enqueue 4.80172 ms)
[02/25/2026-14:54:32] [I] Average on 10 runs - GPU latency: 4.8161 ms - Host latency: 4.8161 ms (enqueue 4.80186 ms)
[02/25/2026-14:54:32] [I] Average on 10 runs - GPU latency: 4.78984 ms - Host latency: 4.78984 ms (enqueue 4.77676 ms)
[02/25/2026-14:54:32] [I] Average on 10 runs - GPU latency: 4.78676 ms - Host latency: 4.78676 ms (enqueue 4.7734 ms)
[02/25/2026-14:54:32] [I] Average on 10 runs - GPU latency: 4.79165 ms - Host latency: 4.79165 ms (enqueue 4.77736 ms)
[02/25/2026-14:54:32] [I] Average on 10 runs - GPU latency: 4.79031 ms - Host latency: 4.79031 ms (enqueue 4.77714 ms)
[02/25/2026-14:54:32] [I] Average on 10 runs - GPU latency: 4.7913 ms - Host latency: 4.7913 ms (enqueue 4.77792 ms)
[02/25/2026-14:54:32] [I] Average on 10 runs - GPU latency: 4.78497 ms - Host latency: 4.78497 ms (enqueue 4.77211 ms)
[02/25/2026-14:54:32] [I] Average on 10 runs - GPU latency: 4.78573 ms - Host latency: 4.78573 ms (enqueue 4.77284 ms)
[02/25/2026-14:54:32] [I] Average on 10 runs - GPU latency: 4.78477 ms - Host latency: 4.78477 ms (enqueue 4.77156 ms)
[02/25/2026-14:54:32] [I] Average on 10 runs - GPU latency: 4.78949 ms - Host latency: 4.78949 ms (enqueue 4.77611 ms)
[02/25/2026-14:54:32] [I] Average on 10 runs - GPU latency: 4.78806 ms - Host latency: 4.78806 ms (enqueue 4.77454 ms)
[02/25/2026-14:54:32] [I] Average on 10 runs - GPU latency: 4.77947 ms - Host latency: 4.77947 ms (enqueue 4.7667 ms)
[02/25/2026-14:54:32] [I] Average on 10 runs - GPU latency: 4.81617 ms - Host latency: 4.81617 ms (enqueue 4.80221 ms)
[02/25/2026-14:54:32] [I] Average on 10 runs - GPU latency: 4.78561 ms - Host latency: 4.78561 ms (enqueue 4.77277 ms)
[02/25/2026-14:54:32] [I] Average on 10 runs - GPU latency: 4.7858 ms - Host latency: 4.7858 ms (enqueue 4.7723 ms)
[02/25/2026-14:54:32] [I] Average on 10 runs - GPU latency: 4.78646 ms - Host latency: 4.78646 ms (enqueue 4.77345 ms)
[02/25/2026-14:54:32] [I] Average on 10 runs - GPU latency: 4.78102 ms - Host latency: 4.78102 ms (enqueue 4.76805 ms)
[02/25/2026-14:54:32] [I] Average on 10 runs - GPU latency: 4.78175 ms - Host latency: 4.78175 ms (enqueue 4.76882 ms)
[02/25/2026-14:54:32] [I] Average on 10 runs - GPU latency: 4.79258 ms - Host latency: 4.79258 ms (enqueue 4.77907 ms)
[02/25/2026-14:54:32] [I] Average on 10 runs - GPU latency: 4.78453 ms - Host latency: 4.78453 ms (enqueue 4.77169 ms)
[02/25/2026-14:54:32] [I] Average on 10 runs - GPU latency: 4.78149 ms - Host latency: 4.78149 ms (enqueue 4.76855 ms)
[02/25/2026-14:54:32] [I] Average on 10 runs - GPU latency: 4.78848 ms - Host latency: 4.78848 ms (enqueue 4.77544 ms)
[02/25/2026-14:54:32] [I] Average on 10 runs - GPU latency: 4.78701 ms - Host latency: 4.78701 ms (enqueue 4.77349 ms)
[02/25/2026-14:54:32] [I] Average on 10 runs - GPU latency: 4.78679 ms - Host latency: 4.78679 ms (enqueue 4.7731 ms)
[02/25/2026-14:54:32] [I] Average on 10 runs - GPU latency: 4.78865 ms - Host latency: 4.78865 ms (enqueue 4.77532 ms)
[02/25/2026-14:54:32] [I] Average on 10 runs - GPU latency: 4.78689 ms - Host latency: 4.78689 ms (enqueue 4.77393 ms)
[02/25/2026-14:54:32] [I] Average on 10 runs - GPU latency: 4.78989 ms - Host latency: 4.78989 ms (enqueue 4.77686 ms)
[02/25/2026-14:54:32] [I] Average on 10 runs - GPU latency: 4.78906 ms - Host latency: 4.78906 ms (enqueue 4.77644 ms)
[02/25/2026-14:54:32] [I] Average on 10 runs - GPU latency: 4.78667 ms - Host latency: 4.78667 ms (enqueue 4.77329 ms)
[02/25/2026-14:54:32] [I] Average on 10 runs - GPU latency: 4.79063 ms - Host latency: 4.79063 ms (enqueue 4.77759 ms)
[02/25/2026-14:54:32] [I] Average on 10 runs - GPU latency: 4.78411 ms - Host latency: 4.78411 ms (enqueue 4.77141 ms)
[02/25/2026-14:54:32] [I] Average on 10 runs - GPU latency: 4.7842 ms - Host latency: 4.7842 ms (enqueue 4.7717 ms)
[02/25/2026-14:54:32] [I] Average on 10 runs - GPU latency: 4.78884 ms - Host latency: 4.78884 ms (enqueue 4.77593 ms)
[02/25/2026-14:54:32] [I] Average on 10 runs - GPU latency: 4.79104 ms - Host latency: 4.79104 ms (enqueue 4.7781 ms)
[02/25/2026-14:54:32] [I] Average on 10 runs - GPU latency: 4.78625 ms - Host latency: 4.78625 ms (enqueue 4.77292 ms)
[02/25/2026-14:54:32] [I] Average on 10 runs - GPU latency: 4.78914 ms - Host latency: 4.78914 ms (enqueue 4.77556 ms)
[02/25/2026-14:54:32] [I] Average on 10 runs - GPU latency: 4.78594 ms - Host latency: 4.78594 ms (enqueue 4.77227 ms)
[02/25/2026-14:54:32] [I] Average on 10 runs - GPU latency: 4.74524 ms - Host latency: 4.74524 ms (enqueue 4.73252 ms)
[02/25/2026-14:54:32] [I] Average on 10 runs - GPU latency: 4.78638 ms - Host latency: 4.78638 ms (enqueue 4.77285 ms)
[02/25/2026-14:54:32] [I] Average on 10 runs - GPU latency: 4.7844 ms - Host latency: 4.7844 ms (enqueue 4.7717 ms)
[02/25/2026-14:54:32] [I] Average on 10 runs - GPU latency: 4.7895 ms - Host latency: 4.7895 ms (enqueue 4.77622 ms)
[02/25/2026-14:54:32] [I] Average on 10 runs - GPU latency: 4.78174 ms - Host latency: 4.78174 ms (enqueue 4.76885 ms)
[02/25/2026-14:54:32] [I] Average on 10 runs - GPU latency: 4.7937 ms - Host latency: 4.7937 ms (enqueue 4.78044 ms)
[02/25/2026-14:54:32] [I] 
[02/25/2026-14:54:32] [I] === Performance summary ===
[02/25/2026-14:54:32] [I] Throughput: 208.724 qps
[02/25/2026-14:54:32] [I] Latency: min = 4.61545 ms, max = 5.59155 ms, mean = 4.77779 ms, median = 4.65002 ms, percentile(90%) = 5.3208 ms, percentile(95%) = 5.32947 ms, percentile(99%) = 5.37823 ms
[02/25/2026-14:54:32] [I] Enqueue Time: min = 4.60873 ms, max = 5.3667 ms, mean = 4.76587 ms, median = 4.64172 ms, percentile(90%) = 5.14526 ms, percentile(95%) = 5.16187 ms, percentile(99%) = 5.33887 ms
[02/25/2026-14:54:32] [I] H2D Latency: min = 0 ms, max = 0 ms, mean = 0 ms, median = 0 ms, percentile(90%) = 0 ms, percentile(95%) = 0 ms, percentile(99%) = 0 ms
[02/25/2026-14:54:32] [I] GPU Compute Time: min = 4.61545 ms, max = 5.59155 ms, mean = 4.77779 ms, median = 4.65002 ms, percentile(90%) = 5.3208 ms, percentile(95%) = 5.32947 ms, percentile(99%) = 5.37823 ms
[02/25/2026-14:54:32] [I] D2H Latency: min = 0 ms, max = 0 ms, mean = 0 ms, median = 0 ms, percentile(90%) = 0 ms, percentile(95%) = 0 ms, percentile(99%) = 0 ms
[02/25/2026-14:54:32] [I] Total Host Walltime: 3.01354 s
[02/25/2026-14:54:32] [I] Total GPU Compute Time: 3.00523 s
[02/25/2026-14:54:32] [W] * Throughput may be bound by Enqueue Time rather than GPU Compute and the GPU may be under-utilized.
[02/25/2026-14:54:32] [W]   If not already in use, --useCudaGraph (utilize CUDA graphs where possible) may increase the throughput.
[02/25/2026-14:54:32] [W] * GPU compute time is unstable, with coefficient of variance = 5.51783%.
[02/25/2026-14:54:32] [W]   If not already in use, locking GPU clock frequency or adding --useSpinWait may improve the stability.
[02/25/2026-14:54:32] [I] Explanations of the performance metrics are printed in the verbose logs.
[02/25/2026-14:54:32] [I] 
&&&& PASSED TensorRT.trtexec [TensorRT v8502] # /usr/src/tensorrt/bin/trtexec --onnx=/home/user/Edge-ML/models/v3/LSTM/LSTM.onnx --saveEngine=/home/user/Edge-ML/models/v3/LSTM/LSTM_fp16.engine --fp16 --exportLayerInfo=/home/user/Edge-ML/models/v3/LSTM/logs/quantisation_fp16_layers.json --memPoolSize=workspace:4096MiB --tacticSources=+CUBLAS,+CUBLAS_LT,+CUDNN --noDataTransfers --preview=+fasterDynamicShapes0805
