/usr/src/tensorrt/bin/trtexec --onnx=/home/user/Edge-ML/models/v5/GRU/bs32/GRU.onnx --saveEngine=/home/user/Edge-ML/models/v5/GRU/bs32/GRU_fp16.engine --fp16 --exportLayerInfo=/home/user/Edge-ML/models/v5/GRU/bs32/logs/quantisation_fp16_layers.json --memPoolSize=workspace:4096MiB --tacticSources=+CUBLAS,+CUBLAS_LT,+CUDNN --noDataTransfers

&&&& RUNNING TensorRT.trtexec [TensorRT v8502] # /usr/src/tensorrt/bin/trtexec --onnx=/home/user/Edge-ML/models/v5/GRU/bs32/GRU.onnx --saveEngine=/home/user/Edge-ML/models/v5/GRU/bs32/GRU_fp16.engine --fp16 --exportLayerInfo=/home/user/Edge-ML/models/v5/GRU/bs32/logs/quantisation_fp16_layers.json --memPoolSize=workspace:4096MiB --tacticSources=+CUBLAS,+CUBLAS_LT,+CUDNN --noDataTransfers
[03/03/2026-10:59:43] [I] === Model Options ===
[03/03/2026-10:59:43] [I] Format: ONNX
[03/03/2026-10:59:43] [I] Model: /home/user/Edge-ML/models/v5/GRU/bs32/GRU.onnx
[03/03/2026-10:59:43] [I] Output:
[03/03/2026-10:59:43] [I] === Build Options ===
[03/03/2026-10:59:43] [I] Max batch: explicit batch
[03/03/2026-10:59:43] [I] Memory Pools: workspace: 4096 MiB, dlaSRAM: default, dlaLocalDRAM: default, dlaGlobalDRAM: default
[03/03/2026-10:59:43] [I] minTiming: 1
[03/03/2026-10:59:43] [I] avgTiming: 8
[03/03/2026-10:59:43] [I] Precision: FP32+FP16
[03/03/2026-10:59:43] [I] LayerPrecisions: 
[03/03/2026-10:59:43] [I] Calibration: 
[03/03/2026-10:59:43] [I] Refit: Disabled
[03/03/2026-10:59:43] [I] Sparsity: Disabled
[03/03/2026-10:59:43] [I] Safe mode: Disabled
[03/03/2026-10:59:43] [I] DirectIO mode: Disabled
[03/03/2026-10:59:43] [I] Restricted mode: Disabled
[03/03/2026-10:59:43] [I] Build only: Disabled
[03/03/2026-10:59:43] [I] Save engine: /home/user/Edge-ML/models/v5/GRU/bs32/GRU_fp16.engine
[03/03/2026-10:59:43] [I] Load engine: 
[03/03/2026-10:59:43] [I] Profiling verbosity: 0
[03/03/2026-10:59:43] [I] Tactic sources: cublas [ON], cublasLt [ON], cudnn [ON], 
[03/03/2026-10:59:43] [I] timingCacheMode: local
[03/03/2026-10:59:43] [I] timingCacheFile: 
[03/03/2026-10:59:43] [I] Heuristic: Disabled
[03/03/2026-10:59:43] [I] Preview Features: Use default preview flags.
[03/03/2026-10:59:43] [I] Input(s)s format: fp32:CHW
[03/03/2026-10:59:43] [I] Output(s)s format: fp32:CHW
[03/03/2026-10:59:43] [I] Input build shapes: model
[03/03/2026-10:59:43] [I] Input calibration shapes: model
[03/03/2026-10:59:43] [I] === System Options ===
[03/03/2026-10:59:43] [I] Device: 0
[03/03/2026-10:59:43] [I] DLACore: 
[03/03/2026-10:59:43] [I] Plugins:
[03/03/2026-10:59:43] [I] === Inference Options ===
[03/03/2026-10:59:43] [I] Batch: Explicit
[03/03/2026-10:59:43] [I] Input inference shapes: model
[03/03/2026-10:59:43] [I] Iterations: 10
[03/03/2026-10:59:43] [I] Duration: 3s (+ 200ms warm up)
[03/03/2026-10:59:43] [I] Sleep time: 0ms
[03/03/2026-10:59:43] [I] Idle time: 0ms
[03/03/2026-10:59:43] [I] Streams: 1
[03/03/2026-10:59:43] [I] ExposeDMA: Disabled
[03/03/2026-10:59:43] [I] Data transfers: Disabled
[03/03/2026-10:59:43] [I] Spin-wait: Disabled
[03/03/2026-10:59:43] [I] Multithreading: Disabled
[03/03/2026-10:59:43] [I] CUDA Graph: Disabled
[03/03/2026-10:59:43] [I] Separate profiling: Disabled
[03/03/2026-10:59:43] [I] Time Deserialize: Disabled
[03/03/2026-10:59:43] [I] Time Refit: Disabled
[03/03/2026-10:59:43] [I] NVTX verbosity: 0
[03/03/2026-10:59:43] [I] Persistent Cache Ratio: 0
[03/03/2026-10:59:43] [I] Inputs:
[03/03/2026-10:59:43] [I] === Reporting Options ===
[03/03/2026-10:59:43] [I] Verbose: Disabled
[03/03/2026-10:59:43] [I] Averages: 10 inferences
[03/03/2026-10:59:43] [I] Percentiles: 90,95,99
[03/03/2026-10:59:43] [I] Dump refittable layers:Disabled
[03/03/2026-10:59:43] [I] Dump output: Disabled
[03/03/2026-10:59:43] [I] Profile: Disabled
[03/03/2026-10:59:43] [I] Export timing to JSON file: 
[03/03/2026-10:59:43] [I] Export output to JSON file: 
[03/03/2026-10:59:43] [I] Export profile to JSON file: 
[03/03/2026-10:59:43] [I] 
[03/03/2026-10:59:43] [I] === Device Information ===
[03/03/2026-10:59:43] [I] Selected Device: Orin
[03/03/2026-10:59:43] [I] Compute Capability: 8.7
[03/03/2026-10:59:43] [I] SMs: 4
[03/03/2026-10:59:43] [I] Compute Clock Rate: 0.624 GHz
[03/03/2026-10:59:43] [I] Device Global Memory: 3425 MiB
[03/03/2026-10:59:43] [I] Shared Memory per SM: 164 KiB
[03/03/2026-10:59:43] [I] Memory Bus Width: 128 bits (ECC disabled)
[03/03/2026-10:59:43] [I] Memory Clock Rate: 0.624 GHz
[03/03/2026-10:59:43] [I] 
[03/03/2026-10:59:43] [I] TensorRT version: 8.5.2
[03/03/2026-10:59:43] [I] [TRT] [MemUsageChange] Init CUDA: CPU +220, GPU +0, now: CPU 249, GPU 1543 (MiB)
[03/03/2026-10:59:46] [I] [TRT] [MemUsageChange] Init builder kernel library: CPU +302, GPU +170, now: CPU 574, GPU 1734 (MiB)
[03/03/2026-10:59:46] [I] Start parsing network model
[03/03/2026-10:59:46] [I] [TRT] ----------------------------------------------------------------
[03/03/2026-10:59:46] [I] [TRT] Input filename:   /home/user/Edge-ML/models/v5/GRU/bs32/GRU.onnx
[03/03/2026-10:59:46] [I] [TRT] ONNX IR version:  0.0.7
[03/03/2026-10:59:46] [I] [TRT] Opset version:    12
[03/03/2026-10:59:46] [I] [TRT] Producer name:    pytorch
[03/03/2026-10:59:46] [I] [TRT] Producer version: 2.5.1
[03/03/2026-10:59:46] [I] [TRT] Domain:           
[03/03/2026-10:59:46] [I] [TRT] Model version:    0
[03/03/2026-10:59:46] [I] [TRT] Doc string:       
[03/03/2026-10:59:46] [I] [TRT] ----------------------------------------------------------------
[03/03/2026-10:59:46] [W] [TRT] onnx2trt_utils.cpp:375: Your ONNX model has been generated with INT64 weights, while TensorRT does not natively support INT64. Attempting to cast down to INT32.
[03/03/2026-10:59:46] [I] Finish parsing network model
[03/03/2026-10:59:46] [I] [TRT] ---------- Layers Running on DLA ----------
[03/03/2026-10:59:46] [I] [TRT] ---------- Layers Running on GPU ----------
[03/03/2026-10:59:46] [I] [TRT] [GpuLayer] MYELIN: {ForeignNode[(Unnamed Layer* 41) [Constant].../Squeeze]}
[03/03/2026-10:59:47] [I] [TRT] [MemUsageChange] Init cuBLAS/cuBLASLt: CPU +535, GPU +826, now: CPU 1109, GPU 2560 (MiB)
[03/03/2026-10:59:47] [I] [TRT] [MemUsageChange] Init cuDNN: CPU +82, GPU +130, now: CPU 1191, GPU 2690 (MiB)
[03/03/2026-10:59:47] [I] [TRT] Local timing cache in use. Profiling results in this builder pass will not be stored.
[03/03/2026-10:59:56] [I] [TRT] Total Activation Memory: 4294975488
[03/03/2026-10:59:56] [I] [TRT] Detected 1 inputs and 1 output network tensors.
[03/03/2026-10:59:56] [I] [TRT] Total Host Persistent Memory: 32
[03/03/2026-10:59:56] [I] [TRT] Total Device Persistent Memory: 0
[03/03/2026-10:59:56] [I] [TRT] Total Scratch Memory: 4048384
[03/03/2026-10:59:56] [I] [TRT] [MemUsageStats] Peak memory usage of TRT CPU/GPU memory allocators: CPU 0 MiB, GPU 11 MiB
[03/03/2026-10:59:56] [I] [TRT] [BlockAssignment] Started assigning block shifts. This will take 3 steps to complete.
[03/03/2026-10:59:56] [I] [TRT] [BlockAssignment] Algorithm ShiftNTopDown took 0.05133ms to assign 3 blocks to 3 nodes requiring 4056576 bytes.
[03/03/2026-10:59:56] [I] [TRT] Total Activation Memory: 4056576
[03/03/2026-10:59:56] [W] [TRT] TensorRT encountered issues when converting weights between types and that could affect accuracy.
[03/03/2026-10:59:56] [W] [TRT] If this is not the desired behavior, please modify the weights or retrain with regularization to adjust the magnitude of the weights.
[03/03/2026-10:59:56] [W] [TRT] Check verbose logs for the list of affected weights.
[03/03/2026-10:59:56] [W] [TRT] - 3 weights are affected by this issue: Detected subnormal FP16 values.
[03/03/2026-10:59:56] [I] [TRT] [MemUsageChange] TensorRT-managed allocation in building engine: CPU +0, GPU +4, now: CPU 0, GPU 4 (MiB)
[03/03/2026-10:59:56] [I] Engine built in 13.3815 sec.
[03/03/2026-10:59:56] [I] [TRT] Loaded engine size: 0 MiB
[03/03/2026-10:59:56] [I] [TRT] [MemUsageChange] TensorRT-managed allocation in engine deserialization: CPU +0, GPU +0, now: CPU 0, GPU 0 (MiB)
[03/03/2026-10:59:56] [I] Engine deserialized in 0.00467383 sec.
[03/03/2026-10:59:57] [I] [TRT] [MemUsageChange] TensorRT-managed allocation in IExecutionContext creation: CPU +0, GPU +3, now: CPU 0, GPU 3 (MiB)
[03/03/2026-10:59:57] [I] Setting persistentCacheLimit to 0 bytes.
[03/03/2026-10:59:57] [I] Using random values for input input
[03/03/2026-10:59:57] [I] Created input binding for input with dimensions 32x120
[03/03/2026-10:59:57] [I] Using random values for output capacity
[03/03/2026-10:59:57] [I] Created output binding for capacity with dimensions 32
[03/03/2026-10:59:57] [I] [TRT] The profiling verbosity was set to ProfilingVerbosity::kLAYER_NAMES_ONLY when the engine was built, so only the layer names will be returned. Rebuild the engine with ProfilingVerbosity::kDETAILED to get more verbose layer information.
[03/03/2026-10:59:57] [I] Starting inference
[03/03/2026-11:00:00] [I] Warmup completed 37 queries over 200 ms
[03/03/2026-11:00:00] [I] Timing trace has 560 queries over 3.01094 s
[03/03/2026-11:00:00] [I] 
[03/03/2026-11:00:00] [I] === Trace details ===
[03/03/2026-11:00:00] [I] Trace averages of 10 runs:
[03/03/2026-11:00:00] [I] Average on 10 runs - GPU latency: 5.38301 ms - Host latency: 5.38301 ms (enqueue 5.40298 ms)
[03/03/2026-11:00:00] [I] Average on 10 runs - GPU latency: 5.35209 ms - Host latency: 5.35209 ms (enqueue 5.37392 ms)
[03/03/2026-11:00:00] [I] Average on 10 runs - GPU latency: 5.3727 ms - Host latency: 5.3727 ms (enqueue 5.33727 ms)
[03/03/2026-11:00:00] [I] Average on 10 runs - GPU latency: 5.37115 ms - Host latency: 5.37115 ms (enqueue 5.38976 ms)
[03/03/2026-11:00:00] [I] Average on 10 runs - GPU latency: 5.38514 ms - Host latency: 5.38514 ms (enqueue 5.37697 ms)
[03/03/2026-11:00:00] [I] Average on 10 runs - GPU latency: 5.3509 ms - Host latency: 5.3509 ms (enqueue 5.34318 ms)
[03/03/2026-11:00:00] [I] Average on 10 runs - GPU latency: 5.35337 ms - Host latency: 5.35337 ms (enqueue 5.34566 ms)
[03/03/2026-11:00:00] [I] Average on 10 runs - GPU latency: 5.34735 ms - Host latency: 5.34735 ms (enqueue 5.33968 ms)
[03/03/2026-11:00:00] [I] Average on 10 runs - GPU latency: 5.35004 ms - Host latency: 5.35004 ms (enqueue 5.3422 ms)
[03/03/2026-11:00:00] [I] Average on 10 runs - GPU latency: 5.35289 ms - Host latency: 5.35289 ms (enqueue 5.34559 ms)
[03/03/2026-11:00:00] [I] Average on 10 runs - GPU latency: 5.37787 ms - Host latency: 5.37787 ms (enqueue 5.39872 ms)
[03/03/2026-11:00:00] [I] Average on 10 runs - GPU latency: 5.34165 ms - Host latency: 5.34165 ms (enqueue 5.33413 ms)
[03/03/2026-11:00:00] [I] Average on 10 runs - GPU latency: 5.3327 ms - Host latency: 5.3327 ms (enqueue 5.35428 ms)
[03/03/2026-11:00:00] [I] Average on 10 runs - GPU latency: 5.33071 ms - Host latency: 5.33071 ms (enqueue 5.32329 ms)
[03/03/2026-11:00:00] [I] Average on 10 runs - GPU latency: 5.34275 ms - Host latency: 5.34275 ms (enqueue 5.33464 ms)
[03/03/2026-11:00:00] [I] Average on 10 runs - GPU latency: 5.33811 ms - Host latency: 5.33811 ms (enqueue 5.33091 ms)
[03/03/2026-11:00:00] [I] Average on 10 runs - GPU latency: 5.32852 ms - Host latency: 5.32852 ms (enqueue 5.32114 ms)
[03/03/2026-11:00:00] [I] Average on 10 runs - GPU latency: 5.33661 ms - Host latency: 5.33661 ms (enqueue 5.32891 ms)
[03/03/2026-11:00:00] [I] Average on 10 runs - GPU latency: 5.36592 ms - Host latency: 5.36592 ms (enqueue 5.35704 ms)
[03/03/2026-11:00:00] [I] Average on 10 runs - GPU latency: 5.32612 ms - Host latency: 5.32612 ms (enqueue 5.31898 ms)
[03/03/2026-11:00:00] [I] Average on 10 runs - GPU latency: 5.3376 ms - Host latency: 5.3376 ms (enqueue 5.32992 ms)
[03/03/2026-11:00:00] [I] Average on 10 runs - GPU latency: 5.4075 ms - Host latency: 5.4075 ms (enqueue 5.39807 ms)
[03/03/2026-11:00:00] [I] Average on 10 runs - GPU latency: 5.36705 ms - Host latency: 5.36705 ms (enqueue 5.33252 ms)
[03/03/2026-11:00:00] [I] Average on 10 runs - GPU latency: 5.37289 ms - Host latency: 5.37289 ms (enqueue 5.4201 ms)
[03/03/2026-11:00:00] [I] Average on 10 runs - GPU latency: 5.35146 ms - Host latency: 5.35146 ms (enqueue 5.34473 ms)
[03/03/2026-11:00:00] [I] Average on 10 runs - GPU latency: 5.34785 ms - Host latency: 5.34785 ms (enqueue 5.34044 ms)
[03/03/2026-11:00:00] [I] Average on 10 runs - GPU latency: 5.34519 ms - Host latency: 5.34519 ms (enqueue 5.3381 ms)
[03/03/2026-11:00:00] [I] Average on 10 runs - GPU latency: 5.34141 ms - Host latency: 5.34141 ms (enqueue 5.33467 ms)
[03/03/2026-11:00:00] [I] Average on 10 runs - GPU latency: 5.40896 ms - Host latency: 5.40896 ms (enqueue 5.42853 ms)
[03/03/2026-11:00:00] [I] Average on 10 runs - GPU latency: 5.37407 ms - Host latency: 5.37407 ms (enqueue 5.339 ms)
[03/03/2026-11:00:00] [I] Average on 10 runs - GPU latency: 5.37185 ms - Host latency: 5.37185 ms (enqueue 5.39054 ms)
[03/03/2026-11:00:00] [I] Average on 10 runs - GPU latency: 5.37948 ms - Host latency: 5.37948 ms (enqueue 5.37097 ms)
[03/03/2026-11:00:00] [I] Average on 10 runs - GPU latency: 5.34364 ms - Host latency: 5.34364 ms (enqueue 5.33654 ms)
[03/03/2026-11:00:00] [I] Average on 10 runs - GPU latency: 5.34052 ms - Host latency: 5.34052 ms (enqueue 5.39244 ms)
[03/03/2026-11:00:00] [I] Average on 10 runs - GPU latency: 5.33633 ms - Host latency: 5.33633 ms (enqueue 5.32935 ms)
[03/03/2026-11:00:00] [I] Average on 10 runs - GPU latency: 5.32991 ms - Host latency: 5.32991 ms (enqueue 5.3231 ms)
[03/03/2026-11:00:00] [I] Average on 10 runs - GPU latency: 5.34307 ms - Host latency: 5.34307 ms (enqueue 5.36489 ms)
[03/03/2026-11:00:00] [I] Average on 10 runs - GPU latency: 5.33635 ms - Host latency: 5.33635 ms (enqueue 5.32959 ms)
[03/03/2026-11:00:00] [I] Average on 10 runs - GPU latency: 5.3751 ms - Host latency: 5.3751 ms (enqueue 5.36694 ms)
[03/03/2026-11:00:00] [I] Average on 10 runs - GPU latency: 5.34629 ms - Host latency: 5.34629 ms (enqueue 5.3386 ms)
[03/03/2026-11:00:00] [I] Average on 10 runs - GPU latency: 5.34905 ms - Host latency: 5.34905 ms (enqueue 5.34187 ms)
[03/03/2026-11:00:00] [I] Average on 10 runs - GPU latency: 5.40137 ms - Host latency: 5.40137 ms (enqueue 5.39304 ms)
[03/03/2026-11:00:00] [I] Average on 10 runs - GPU latency: 5.351 ms - Host latency: 5.351 ms (enqueue 5.34416 ms)
[03/03/2026-11:00:00] [I] Average on 10 runs - GPU latency: 5.41563 ms - Host latency: 5.41563 ms (enqueue 5.40579 ms)
[03/03/2026-11:00:00] [I] Average on 10 runs - GPU latency: 5.35103 ms - Host latency: 5.35103 ms (enqueue 5.34397 ms)
[03/03/2026-11:00:00] [I] Average on 10 runs - GPU latency: 5.34717 ms - Host latency: 5.34717 ms (enqueue 5.33921 ms)
[03/03/2026-11:00:00] [I] Average on 10 runs - GPU latency: 5.36128 ms - Host latency: 5.36128 ms (enqueue 5.35388 ms)
[03/03/2026-11:00:00] [I] Average on 10 runs - GPU latency: 5.35742 ms - Host latency: 5.35742 ms (enqueue 5.37961 ms)
[03/03/2026-11:00:00] [I] Average on 10 runs - GPU latency: 5.36008 ms - Host latency: 5.36008 ms (enqueue 5.38198 ms)
[03/03/2026-11:00:00] [I] Average on 10 runs - GPU latency: 5.3948 ms - Host latency: 5.3948 ms (enqueue 5.38606 ms)
[03/03/2026-11:00:00] [I] Average on 10 runs - GPU latency: 5.35867 ms - Host latency: 5.35867 ms (enqueue 5.3512 ms)
[03/03/2026-11:00:00] [I] Average on 10 runs - GPU latency: 5.37339 ms - Host latency: 5.37339 ms (enqueue 5.33911 ms)
[03/03/2026-11:00:00] [I] Average on 10 runs - GPU latency: 5.35161 ms - Host latency: 5.35161 ms (enqueue 5.37075 ms)
[03/03/2026-11:00:00] [I] Average on 10 runs - GPU latency: 5.37895 ms - Host latency: 5.37895 ms (enqueue 5.37024 ms)
[03/03/2026-11:00:00] [I] Average on 10 runs - GPU latency: 5.38755 ms - Host latency: 5.38755 ms (enqueue 5.37949 ms)
[03/03/2026-11:00:00] [I] Average on 10 runs - GPU latency: 5.38257 ms - Host latency: 5.38257 ms (enqueue 5.37412 ms)
[03/03/2026-11:00:00] [I] 
[03/03/2026-11:00:00] [I] === Performance summary ===
[03/03/2026-11:00:00] [I] Throughput: 185.988 qps
[03/03/2026-11:00:00] [I] Latency: min = 5.26514 ms, max = 5.69751 ms, mean = 5.35924 ms, median = 5.34708 ms, percentile(90%) = 5.38977 ms, percentile(95%) = 5.41602 ms, percentile(99%) = 5.67188 ms
[03/03/2026-11:00:00] [I] Enqueue Time: min = 5.25879 ms, max = 5.73071 ms, mean = 5.35719 ms, median = 5.341 ms, percentile(90%) = 5.3894 ms, percentile(95%) = 5.58679 ms, percentile(99%) = 5.65051 ms
[03/03/2026-11:00:00] [I] H2D Latency: min = 0 ms, max = 0 ms, mean = 0 ms, median = 0 ms, percentile(90%) = 0 ms, percentile(95%) = 0 ms, percentile(99%) = 0 ms
[03/03/2026-11:00:00] [I] GPU Compute Time: min = 5.26514 ms, max = 5.69751 ms, mean = 5.35924 ms, median = 5.34708 ms, percentile(90%) = 5.38977 ms, percentile(95%) = 5.41602 ms, percentile(99%) = 5.67188 ms
[03/03/2026-11:00:00] [I] D2H Latency: min = 0 ms, max = 0 ms, mean = 0 ms, median = 0 ms, percentile(90%) = 0 ms, percentile(95%) = 0 ms, percentile(99%) = 0 ms
[03/03/2026-11:00:00] [I] Total Host Walltime: 3.01094 s
[03/03/2026-11:00:00] [I] Total GPU Compute Time: 3.00118 s
[03/03/2026-11:00:00] [W] * Throughput may be bound by Enqueue Time rather than GPU Compute and the GPU may be under-utilized.
[03/03/2026-11:00:00] [W]   If not already in use, --useCudaGraph (utilize CUDA graphs where possible) may increase the throughput.
[03/03/2026-11:00:00] [W] * GPU compute time is unstable, with coefficient of variance = 1.28233%.
[03/03/2026-11:00:00] [W]   If not already in use, locking GPU clock frequency or adding --useSpinWait may improve the stability.
[03/03/2026-11:00:00] [I] Explanations of the performance metrics are printed in the verbose logs.
[03/03/2026-11:00:00] [I] 
&&&& PASSED TensorRT.trtexec [TensorRT v8502] # /usr/src/tensorrt/bin/trtexec --onnx=/home/user/Edge-ML/models/v5/GRU/bs32/GRU.onnx --saveEngine=/home/user/Edge-ML/models/v5/GRU/bs32/GRU_fp16.engine --fp16 --exportLayerInfo=/home/user/Edge-ML/models/v5/GRU/bs32/logs/quantisation_fp16_layers.json --memPoolSize=workspace:4096MiB --tacticSources=+CUBLAS,+CUBLAS_LT,+CUDNN --noDataTransfers
