/usr/src/tensorrt/bin/trtexec --onnx=/home/user/Edge-ML/models/v5/GRU/bs32/GRU.onnx --saveEngine=/home/user/Edge-ML/models/v5/GRU/bs32/GRU_int8.engine --int8 --fp16 --exportLayerInfo=/home/user/Edge-ML/models/v5/GRU/bs32/logs/quantisation_int8_layers.json --memPoolSize=workspace:4096MiB --tacticSources=+CUBLAS,+CUBLAS_LT,+CUDNN --noDataTransfers --calib=/home/user/Edge-ML/models/v5/GRU/bs32/GRU.cache

&&&& RUNNING TensorRT.trtexec [TensorRT v8502] # /usr/src/tensorrt/bin/trtexec --onnx=/home/user/Edge-ML/models/v5/GRU/bs32/GRU.onnx --saveEngine=/home/user/Edge-ML/models/v5/GRU/bs32/GRU_int8.engine --int8 --fp16 --exportLayerInfo=/home/user/Edge-ML/models/v5/GRU/bs32/logs/quantisation_int8_layers.json --memPoolSize=workspace:4096MiB --tacticSources=+CUBLAS,+CUBLAS_LT,+CUDNN --noDataTransfers --calib=/home/user/Edge-ML/models/v5/GRU/bs32/GRU.cache
[03/03/2026-11:00:00] [I] === Model Options ===
[03/03/2026-11:00:00] [I] Format: ONNX
[03/03/2026-11:00:00] [I] Model: /home/user/Edge-ML/models/v5/GRU/bs32/GRU.onnx
[03/03/2026-11:00:00] [I] Output:
[03/03/2026-11:00:00] [I] === Build Options ===
[03/03/2026-11:00:00] [I] Max batch: explicit batch
[03/03/2026-11:00:00] [I] Memory Pools: workspace: 4096 MiB, dlaSRAM: default, dlaLocalDRAM: default, dlaGlobalDRAM: default
[03/03/2026-11:00:00] [I] minTiming: 1
[03/03/2026-11:00:00] [I] avgTiming: 8
[03/03/2026-11:00:00] [I] Precision: FP32+FP16+INT8
[03/03/2026-11:00:00] [I] LayerPrecisions: 
[03/03/2026-11:00:00] [I] Calibration: /home/user/Edge-ML/models/v5/GRU/bs32/GRU.cache
[03/03/2026-11:00:00] [I] Refit: Disabled
[03/03/2026-11:00:00] [I] Sparsity: Disabled
[03/03/2026-11:00:00] [I] Safe mode: Disabled
[03/03/2026-11:00:00] [I] DirectIO mode: Disabled
[03/03/2026-11:00:00] [I] Restricted mode: Disabled
[03/03/2026-11:00:00] [I] Build only: Disabled
[03/03/2026-11:00:00] [I] Save engine: /home/user/Edge-ML/models/v5/GRU/bs32/GRU_int8.engine
[03/03/2026-11:00:00] [I] Load engine: 
[03/03/2026-11:00:00] [I] Profiling verbosity: 0
[03/03/2026-11:00:00] [I] Tactic sources: cublas [ON], cublasLt [ON], cudnn [ON], 
[03/03/2026-11:00:00] [I] timingCacheMode: local
[03/03/2026-11:00:00] [I] timingCacheFile: 
[03/03/2026-11:00:00] [I] Heuristic: Disabled
[03/03/2026-11:00:00] [I] Preview Features: Use default preview flags.
[03/03/2026-11:00:00] [I] Input(s)s format: fp32:CHW
[03/03/2026-11:00:00] [I] Output(s)s format: fp32:CHW
[03/03/2026-11:00:00] [I] Input build shapes: model
[03/03/2026-11:00:00] [I] Input calibration shapes: model
[03/03/2026-11:00:00] [I] === System Options ===
[03/03/2026-11:00:00] [I] Device: 0
[03/03/2026-11:00:00] [I] DLACore: 
[03/03/2026-11:00:00] [I] Plugins:
[03/03/2026-11:00:00] [I] === Inference Options ===
[03/03/2026-11:00:00] [I] Batch: Explicit
[03/03/2026-11:00:00] [I] Input inference shapes: model
[03/03/2026-11:00:00] [I] Iterations: 10
[03/03/2026-11:00:00] [I] Duration: 3s (+ 200ms warm up)
[03/03/2026-11:00:00] [I] Sleep time: 0ms
[03/03/2026-11:00:00] [I] Idle time: 0ms
[03/03/2026-11:00:00] [I] Streams: 1
[03/03/2026-11:00:00] [I] ExposeDMA: Disabled
[03/03/2026-11:00:00] [I] Data transfers: Disabled
[03/03/2026-11:00:00] [I] Spin-wait: Disabled
[03/03/2026-11:00:00] [I] Multithreading: Disabled
[03/03/2026-11:00:00] [I] CUDA Graph: Disabled
[03/03/2026-11:00:00] [I] Separate profiling: Disabled
[03/03/2026-11:00:00] [I] Time Deserialize: Disabled
[03/03/2026-11:00:00] [I] Time Refit: Disabled
[03/03/2026-11:00:00] [I] NVTX verbosity: 0
[03/03/2026-11:00:00] [I] Persistent Cache Ratio: 0
[03/03/2026-11:00:00] [I] Inputs:
[03/03/2026-11:00:00] [I] === Reporting Options ===
[03/03/2026-11:00:00] [I] Verbose: Disabled
[03/03/2026-11:00:00] [I] Averages: 10 inferences
[03/03/2026-11:00:00] [I] Percentiles: 90,95,99
[03/03/2026-11:00:00] [I] Dump refittable layers:Disabled
[03/03/2026-11:00:00] [I] Dump output: Disabled
[03/03/2026-11:00:00] [I] Profile: Disabled
[03/03/2026-11:00:00] [I] Export timing to JSON file: 
[03/03/2026-11:00:00] [I] Export output to JSON file: 
[03/03/2026-11:00:00] [I] Export profile to JSON file: 
[03/03/2026-11:00:00] [I] 
[03/03/2026-11:00:00] [I] === Device Information ===
[03/03/2026-11:00:00] [I] Selected Device: Orin
[03/03/2026-11:00:00] [I] Compute Capability: 8.7
[03/03/2026-11:00:00] [I] SMs: 4
[03/03/2026-11:00:00] [I] Compute Clock Rate: 0.624 GHz
[03/03/2026-11:00:00] [I] Device Global Memory: 3425 MiB
[03/03/2026-11:00:00] [I] Shared Memory per SM: 164 KiB
[03/03/2026-11:00:00] [I] Memory Bus Width: 128 bits (ECC disabled)
[03/03/2026-11:00:00] [I] Memory Clock Rate: 0.624 GHz
[03/03/2026-11:00:00] [I] 
[03/03/2026-11:00:00] [I] TensorRT version: 8.5.2
[03/03/2026-11:00:01] [I] [TRT] [MemUsageChange] Init CUDA: CPU +220, GPU +0, now: CPU 249, GPU 1542 (MiB)
[03/03/2026-11:00:03] [I] [TRT] [MemUsageChange] Init builder kernel library: CPU +302, GPU +171, now: CPU 574, GPU 1734 (MiB)
[03/03/2026-11:00:03] [I] Start parsing network model
[03/03/2026-11:00:03] [I] [TRT] ----------------------------------------------------------------
[03/03/2026-11:00:03] [I] [TRT] Input filename:   /home/user/Edge-ML/models/v5/GRU/bs32/GRU.onnx
[03/03/2026-11:00:03] [I] [TRT] ONNX IR version:  0.0.7
[03/03/2026-11:00:03] [I] [TRT] Opset version:    12
[03/03/2026-11:00:03] [I] [TRT] Producer name:    pytorch
[03/03/2026-11:00:03] [I] [TRT] Producer version: 2.5.1
[03/03/2026-11:00:03] [I] [TRT] Domain:           
[03/03/2026-11:00:03] [I] [TRT] Model version:    0
[03/03/2026-11:00:03] [I] [TRT] Doc string:       
[03/03/2026-11:00:03] [I] [TRT] ----------------------------------------------------------------
[03/03/2026-11:00:03] [W] [TRT] onnx2trt_utils.cpp:375: Your ONNX model has been generated with INT64 weights, while TensorRT does not natively support INT64. Attempting to cast down to INT32.
[03/03/2026-11:00:03] [I] Finish parsing network model
[03/03/2026-11:00:03] [I] [TRT] Reading Calibration Cache for calibrator: EntropyCalibration2
[03/03/2026-11:00:03] [I] [TRT] Generated calibration scales using calibration cache. Make sure that calibration cache has latest scales.
[03/03/2026-11:00:03] [I] [TRT] To regenerate calibration cache, please delete the existing one. TensorRT will generate a new calibration cache.
[03/03/2026-11:00:03] [W] [TRT] Missing scale and zero-point for tensor (Unnamed Layer* 9) [Constant]_output, expect fall back to non-int8 implementation for any layer consuming or producing given tensor
[03/03/2026-11:00:03] [W] [TRT] Missing scale and zero-point for tensor /gru/Expand_output_0, expect fall back to non-int8 implementation for any layer consuming or producing given tensor
[03/03/2026-11:00:03] [W] [TRT] Missing scale and zero-point for tensor (Unnamed Layer* 17) [Constant]_output, expect fall back to non-int8 implementation for any layer consuming or producing given tensor
[03/03/2026-11:00:03] [W] [TRT] Missing scale and zero-point for tensor (Unnamed Layer* 18) [Constant]_output, expect fall back to non-int8 implementation for any layer consuming or producing given tensor
[03/03/2026-11:00:03] [W] [TRT] Missing scale and zero-point for tensor (Unnamed Layer* 25) [Slice]_output, expect fall back to non-int8 implementation for any layer consuming or producing given tensor
[03/03/2026-11:00:03] [W] [TRT] Missing scale and zero-point for tensor (Unnamed Layer* 28) [Slice]_output, expect fall back to non-int8 implementation for any layer consuming or producing given tensor
[03/03/2026-11:00:03] [W] [TRT] Missing scale and zero-point for tensor (Unnamed Layer* 29) [Slice]_output, expect fall back to non-int8 implementation for any layer consuming or producing given tensor
[03/03/2026-11:00:03] [W] [TRT] Missing scale and zero-point for tensor (Unnamed Layer* 30) [Slice]_output, expect fall back to non-int8 implementation for any layer consuming or producing given tensor
[03/03/2026-11:00:03] [W] [TRT] Missing scale and zero-point for tensor (Unnamed Layer* 41) [Constant]_output, expect fall back to non-int8 implementation for any layer consuming or producing given tensor
[03/03/2026-11:00:03] [W] [TRT] Missing scale and zero-point for tensor (Unnamed Layer* 43) [Iterator]_output, expect fall back to non-int8 implementation for any layer consuming or producing given tensor
[03/03/2026-11:00:03] [W] [TRT] Missing scale and zero-point for tensor (Unnamed Layer* 44) [Shuffle]_output, expect fall back to non-int8 implementation for any layer consuming or producing given tensor
[03/03/2026-11:00:03] [W] [TRT] Missing scale and zero-point for tensor (Unnamed Layer* 45) [Recurrence]_output, expect fall back to non-int8 implementation for any layer consuming or producing given tensor
[03/03/2026-11:00:03] [W] [TRT] Missing scale and zero-point for tensor (Unnamed Layer* 46) [Matrix Multiply]_output, expect fall back to non-int8 implementation for any layer consuming or producing given tensor
[03/03/2026-11:00:03] [W] [TRT] Missing scale and zero-point for tensor (Unnamed Layer* 47) [Matrix Multiply]_output, expect fall back to non-int8 implementation for any layer consuming or producing given tensor
[03/03/2026-11:00:03] [W] [TRT] Missing scale and zero-point for tensor (Unnamed Layer* 48) [ElementWise]_output, expect fall back to non-int8 implementation for any layer consuming or producing given tensor
[03/03/2026-11:00:03] [W] [TRT] Missing scale and zero-point for tensor (Unnamed Layer* 49) [ElementWise]_output, expect fall back to non-int8 implementation for any layer consuming or producing given tensor
[03/03/2026-11:00:03] [W] [TRT] Missing scale and zero-point for tensor (Unnamed Layer* 50) [ElementWise]_output, expect fall back to non-int8 implementation for any layer consuming or producing given tensor
[03/03/2026-11:00:03] [W] [TRT] Missing scale and zero-point for tensor (Unnamed Layer* 51) [Activation]_output, expect fall back to non-int8 implementation for any layer consuming or producing given tensor
[03/03/2026-11:00:03] [W] [TRT] Missing scale and zero-point for tensor (Unnamed Layer* 52) [Slice]_output, expect fall back to non-int8 implementation for any layer consuming or producing given tensor
[03/03/2026-11:00:03] [W] [TRT] Missing scale and zero-point for tensor (Unnamed Layer* 54) [Slice]_output, expect fall back to non-int8 implementation for any layer consuming or producing given tensor
[03/03/2026-11:00:03] [W] [TRT] Missing scale and zero-point for tensor (Unnamed Layer* 56) [Matrix Multiply]_output, expect fall back to non-int8 implementation for any layer consuming or producing given tensor
[03/03/2026-11:00:03] [W] [TRT] Missing scale and zero-point for tensor (Unnamed Layer* 57) [Matrix Multiply]_output, expect fall back to non-int8 implementation for any layer consuming or producing given tensor
[03/03/2026-11:00:03] [W] [TRT] Missing scale and zero-point for tensor (Unnamed Layer* 58) [ElementWise]_output, expect fall back to non-int8 implementation for any layer consuming or producing given tensor
[03/03/2026-11:00:03] [W] [TRT] Missing scale and zero-point for tensor (Unnamed Layer* 59) [ElementWise]_output, expect fall back to non-int8 implementation for any layer consuming or producing given tensor
[03/03/2026-11:00:03] [W] [TRT] Missing scale and zero-point for tensor (Unnamed Layer* 60) [ElementWise]_output, expect fall back to non-int8 implementation for any layer consuming or producing given tensor
[03/03/2026-11:00:03] [W] [TRT] Missing scale and zero-point for tensor (Unnamed Layer* 61) [ElementWise]_output, expect fall back to non-int8 implementation for any layer consuming or producing given tensor
[03/03/2026-11:00:03] [W] [TRT] Missing scale and zero-point for tensor (Unnamed Layer* 62) [Activation]_output, expect fall back to non-int8 implementation for any layer consuming or producing given tensor
[03/03/2026-11:00:03] [W] [TRT] Missing scale and zero-point for tensor (Unnamed Layer* 63) [Constant]_output, expect fall back to non-int8 implementation for any layer consuming or producing given tensor
[03/03/2026-11:00:03] [W] [TRT] Missing scale and zero-point for tensor (Unnamed Layer* 64) [ElementWise]_output, expect fall back to non-int8 implementation for any layer consuming or producing given tensor
[03/03/2026-11:00:03] [W] [TRT] Missing scale and zero-point for tensor (Unnamed Layer* 65) [ElementWise]_output, expect fall back to non-int8 implementation for any layer consuming or producing given tensor
[03/03/2026-11:00:03] [W] [TRT] Missing scale and zero-point for tensor (Unnamed Layer* 66) [ElementWise]_output, expect fall back to non-int8 implementation for any layer consuming or producing given tensor
[03/03/2026-11:00:03] [W] [TRT] Missing scale and zero-point for tensor (Unnamed Layer* 67) [ElementWise]_output, expect fall back to non-int8 implementation for any layer consuming or producing given tensor
[03/03/2026-11:00:03] [W] [TRT] Missing scale and zero-point for tensor (Unnamed Layer* 81) [Constant]_output, expect fall back to non-int8 implementation for any layer consuming or producing given tensor
[03/03/2026-11:00:03] [W] [TRT] Missing scale and zero-point for tensor /gru/Expand_1_output_0, expect fall back to non-int8 implementation for any layer consuming or producing given tensor
[03/03/2026-11:00:03] [W] [TRT] Missing scale and zero-point for tensor (Unnamed Layer* 89) [Constant]_output, expect fall back to non-int8 implementation for any layer consuming or producing given tensor
[03/03/2026-11:00:03] [W] [TRT] Missing scale and zero-point for tensor (Unnamed Layer* 90) [Constant]_output, expect fall back to non-int8 implementation for any layer consuming or producing given tensor
[03/03/2026-11:00:03] [W] [TRT] Missing scale and zero-point for tensor (Unnamed Layer* 97) [Slice]_output, expect fall back to non-int8 implementation for any layer consuming or producing given tensor
[03/03/2026-11:00:03] [W] [TRT] Missing scale and zero-point for tensor (Unnamed Layer* 100) [Slice]_output, expect fall back to non-int8 implementation for any layer consuming or producing given tensor
[03/03/2026-11:00:03] [W] [TRT] Missing scale and zero-point for tensor (Unnamed Layer* 101) [Slice]_output, expect fall back to non-int8 implementation for any layer consuming or producing given tensor
[03/03/2026-11:00:03] [W] [TRT] Missing scale and zero-point for tensor (Unnamed Layer* 102) [Slice]_output, expect fall back to non-int8 implementation for any layer consuming or producing given tensor
[03/03/2026-11:00:03] [W] [TRT] Missing scale and zero-point for tensor (Unnamed Layer* 113) [Constant]_output, expect fall back to non-int8 implementation for any layer consuming or producing given tensor
[03/03/2026-11:00:03] [W] [TRT] Missing scale and zero-point for tensor (Unnamed Layer* 115) [Iterator]_output, expect fall back to non-int8 implementation for any layer consuming or producing given tensor
[03/03/2026-11:00:03] [W] [TRT] Missing scale and zero-point for tensor (Unnamed Layer* 116) [Shuffle]_output, expect fall back to non-int8 implementation for any layer consuming or producing given tensor
[03/03/2026-11:00:03] [W] [TRT] Missing scale and zero-point for tensor (Unnamed Layer* 117) [Recurrence]_output, expect fall back to non-int8 implementation for any layer consuming or producing given tensor
[03/03/2026-11:00:03] [W] [TRT] Missing scale and zero-point for tensor (Unnamed Layer* 118) [Matrix Multiply]_output, expect fall back to non-int8 implementation for any layer consuming or producing given tensor
[03/03/2026-11:00:03] [W] [TRT] Missing scale and zero-point for tensor (Unnamed Layer* 119) [Matrix Multiply]_output, expect fall back to non-int8 implementation for any layer consuming or producing given tensor
[03/03/2026-11:00:03] [W] [TRT] Missing scale and zero-point for tensor (Unnamed Layer* 120) [ElementWise]_output, expect fall back to non-int8 implementation for any layer consuming or producing given tensor
[03/03/2026-11:00:03] [W] [TRT] Missing scale and zero-point for tensor (Unnamed Layer* 121) [ElementWise]_output, expect fall back to non-int8 implementation for any layer consuming or producing given tensor
[03/03/2026-11:00:03] [W] [TRT] Missing scale and zero-point for tensor (Unnamed Layer* 122) [ElementWise]_output, expect fall back to non-int8 implementation for any layer consuming or producing given tensor
[03/03/2026-11:00:03] [W] [TRT] Missing scale and zero-point for tensor (Unnamed Layer* 123) [Activation]_output, expect fall back to non-int8 implementation for any layer consuming or producing given tensor
[03/03/2026-11:00:03] [W] [TRT] Missing scale and zero-point for tensor (Unnamed Layer* 124) [Slice]_output, expect fall back to non-int8 implementation for any layer consuming or producing given tensor
[03/03/2026-11:00:03] [W] [TRT] Missing scale and zero-point for tensor (Unnamed Layer* 126) [Slice]_output, expect fall back to non-int8 implementation for any layer consuming or producing given tensor
[03/03/2026-11:00:03] [W] [TRT] Missing scale and zero-point for tensor (Unnamed Layer* 128) [Matrix Multiply]_output, expect fall back to non-int8 implementation for any layer consuming or producing given tensor
[03/03/2026-11:00:03] [W] [TRT] Missing scale and zero-point for tensor (Unnamed Layer* 129) [Matrix Multiply]_output, expect fall back to non-int8 implementation for any layer consuming or producing given tensor
[03/03/2026-11:00:03] [W] [TRT] Missing scale and zero-point for tensor (Unnamed Layer* 130) [ElementWise]_output, expect fall back to non-int8 implementation for any layer consuming or producing given tensor
[03/03/2026-11:00:03] [W] [TRT] Missing scale and zero-point for tensor (Unnamed Layer* 131) [ElementWise]_output, expect fall back to non-int8 implementation for any layer consuming or producing given tensor
[03/03/2026-11:00:03] [W] [TRT] Missing scale and zero-point for tensor (Unnamed Layer* 132) [ElementWise]_output, expect fall back to non-int8 implementation for any layer consuming or producing given tensor
[03/03/2026-11:00:03] [W] [TRT] Missing scale and zero-point for tensor (Unnamed Layer* 133) [ElementWise]_output, expect fall back to non-int8 implementation for any layer consuming or producing given tensor
[03/03/2026-11:00:03] [W] [TRT] Missing scale and zero-point for tensor (Unnamed Layer* 134) [Activation]_output, expect fall back to non-int8 implementation for any layer consuming or producing given tensor
[03/03/2026-11:00:03] [W] [TRT] Missing scale and zero-point for tensor (Unnamed Layer* 135) [Constant]_output, expect fall back to non-int8 implementation for any layer consuming or producing given tensor
[03/03/2026-11:00:03] [W] [TRT] Missing scale and zero-point for tensor (Unnamed Layer* 136) [ElementWise]_output, expect fall back to non-int8 implementation for any layer consuming or producing given tensor
[03/03/2026-11:00:03] [W] [TRT] Missing scale and zero-point for tensor (Unnamed Layer* 137) [ElementWise]_output, expect fall back to non-int8 implementation for any layer consuming or producing given tensor
[03/03/2026-11:00:03] [W] [TRT] Missing scale and zero-point for tensor (Unnamed Layer* 138) [ElementWise]_output, expect fall back to non-int8 implementation for any layer consuming or producing given tensor
[03/03/2026-11:00:03] [W] [TRT] Missing scale and zero-point for tensor (Unnamed Layer* 139) [ElementWise]_output, expect fall back to non-int8 implementation for any layer consuming or producing given tensor
[03/03/2026-11:00:03] [W] [TRT] Missing scale and zero-point for tensor (Unnamed Layer* 147) [Constant]_output, expect fall back to non-int8 implementation for any layer consuming or producing given tensor
[03/03/2026-11:00:03] [I] [TRT] ---------- Layers Running on DLA ----------
[03/03/2026-11:00:03] [I] [TRT] ---------- Layers Running on GPU ----------
[03/03/2026-11:00:03] [I] [TRT] [GpuLayer] MYELIN: {ForeignNode[(Unnamed Layer* 41) [Constant].../Squeeze]}
[03/03/2026-11:00:05] [I] [TRT] [MemUsageChange] Init cuBLAS/cuBLASLt: CPU +535, GPU +827, now: CPU 1109, GPU 2561 (MiB)
[03/03/2026-11:00:05] [I] [TRT] [MemUsageChange] Init cuDNN: CPU +82, GPU +130, now: CPU 1191, GPU 2691 (MiB)
[03/03/2026-11:00:05] [I] [TRT] Local timing cache in use. Profiling results in this builder pass will not be stored.
[03/03/2026-11:00:13] [I] [TRT] Total Activation Memory: 4294975488
[03/03/2026-11:00:13] [I] [TRT] Detected 1 inputs and 1 output network tensors.
[03/03/2026-11:00:14] [I] [TRT] Total Host Persistent Memory: 32
[03/03/2026-11:00:14] [I] [TRT] Total Device Persistent Memory: 0
[03/03/2026-11:00:14] [I] [TRT] Total Scratch Memory: 4048384
[03/03/2026-11:00:14] [I] [TRT] [MemUsageStats] Peak memory usage of TRT CPU/GPU memory allocators: CPU 0 MiB, GPU 11 MiB
[03/03/2026-11:00:14] [I] [TRT] [BlockAssignment] Started assigning block shifts. This will take 3 steps to complete.
[03/03/2026-11:00:14] [I] [TRT] [BlockAssignment] Algorithm ShiftNTopDown took 0.050081ms to assign 3 blocks to 3 nodes requiring 4056576 bytes.
[03/03/2026-11:00:14] [I] [TRT] Total Activation Memory: 4056576
[03/03/2026-11:00:14] [W] [TRT] TensorRT encountered issues when converting weights between types and that could affect accuracy.
[03/03/2026-11:00:14] [W] [TRT] If this is not the desired behavior, please modify the weights or retrain with regularization to adjust the magnitude of the weights.
[03/03/2026-11:00:14] [W] [TRT] Check verbose logs for the list of affected weights.
[03/03/2026-11:00:14] [W] [TRT] - 3 weights are affected by this issue: Detected subnormal FP16 values.
[03/03/2026-11:00:14] [I] [TRT] [MemUsageChange] TensorRT-managed allocation in building engine: CPU +0, GPU +4, now: CPU 0, GPU 4 (MiB)
[03/03/2026-11:00:14] [I] Engine built in 13.4197 sec.
[03/03/2026-11:00:14] [I] [TRT] Loaded engine size: 0 MiB
[03/03/2026-11:00:14] [I] [TRT] [MemUsageChange] TensorRT-managed allocation in engine deserialization: CPU +0, GPU +0, now: CPU 0, GPU 0 (MiB)
[03/03/2026-11:00:14] [I] Engine deserialized in 0.00481818 sec.
[03/03/2026-11:00:14] [I] [TRT] [MemUsageChange] TensorRT-managed allocation in IExecutionContext creation: CPU +0, GPU +3, now: CPU 0, GPU 3 (MiB)
[03/03/2026-11:00:14] [I] Setting persistentCacheLimit to 0 bytes.
[03/03/2026-11:00:14] [I] Using random values for input input
[03/03/2026-11:00:14] [I] Created input binding for input with dimensions 32x120
[03/03/2026-11:00:14] [I] Using random values for output capacity
[03/03/2026-11:00:14] [I] Created output binding for capacity with dimensions 32
[03/03/2026-11:00:14] [I] [TRT] The profiling verbosity was set to ProfilingVerbosity::kLAYER_NAMES_ONLY when the engine was built, so only the layer names will be returned. Rebuild the engine with ProfilingVerbosity::kDETAILED to get more verbose layer information.
[03/03/2026-11:00:14] [I] Starting inference
[03/03/2026-11:00:17] [I] Warmup completed 37 queries over 200 ms
[03/03/2026-11:00:17] [I] Timing trace has 558 queries over 3.01581 s
[03/03/2026-11:00:17] [I] 
[03/03/2026-11:00:17] [I] === Trace details ===
[03/03/2026-11:00:17] [I] Trace averages of 10 runs:
[03/03/2026-11:00:17] [I] Average on 10 runs - GPU latency: 5.37718 ms - Host latency: 5.37718 ms (enqueue 5.37004 ms)
[03/03/2026-11:00:17] [I] Average on 10 runs - GPU latency: 5.3988 ms - Host latency: 5.3988 ms (enqueue 5.39049 ms)
[03/03/2026-11:00:17] [I] Average on 10 runs - GPU latency: 5.43659 ms - Host latency: 5.43659 ms (enqueue 5.42645 ms)
[03/03/2026-11:00:17] [I] Average on 10 runs - GPU latency: 5.38883 ms - Host latency: 5.38883 ms (enqueue 5.38163 ms)
[03/03/2026-11:00:17] [I] Average on 10 runs - GPU latency: 5.37833 ms - Host latency: 5.37833 ms (enqueue 5.3706 ms)
[03/03/2026-11:00:17] [I] Average on 10 runs - GPU latency: 5.39055 ms - Host latency: 5.39055 ms (enqueue 5.35494 ms)
[03/03/2026-11:00:17] [I] Average on 10 runs - GPU latency: 5.40438 ms - Host latency: 5.40438 ms (enqueue 5.4233 ms)
[03/03/2026-11:00:17] [I] Average on 10 runs - GPU latency: 5.4042 ms - Host latency: 5.4042 ms (enqueue 5.39611 ms)
[03/03/2026-11:00:17] [I] Average on 10 runs - GPU latency: 5.36855 ms - Host latency: 5.36855 ms (enqueue 5.36141 ms)
[03/03/2026-11:00:17] [I] Average on 10 runs - GPU latency: 5.37061 ms - Host latency: 5.37061 ms (enqueue 5.36384 ms)
[03/03/2026-11:00:17] [I] Average on 10 runs - GPU latency: 5.37924 ms - Host latency: 5.37924 ms (enqueue 5.37251 ms)
[03/03/2026-11:00:17] [I] Average on 10 runs - GPU latency: 5.37071 ms - Host latency: 5.37071 ms (enqueue 5.36392 ms)
[03/03/2026-11:00:17] [I] Average on 10 runs - GPU latency: 5.37541 ms - Host latency: 5.37541 ms (enqueue 5.42609 ms)
[03/03/2026-11:00:17] [I] Average on 10 runs - GPU latency: 5.37895 ms - Host latency: 5.37895 ms (enqueue 5.37197 ms)
[03/03/2026-11:00:17] [I] Average on 10 runs - GPU latency: 5.37485 ms - Host latency: 5.37485 ms (enqueue 5.3681 ms)
[03/03/2026-11:00:17] [I] Average on 10 runs - GPU latency: 5.39984 ms - Host latency: 5.39984 ms (enqueue 5.4207 ms)
[03/03/2026-11:00:17] [I] Average on 10 runs - GPU latency: 5.37576 ms - Host latency: 5.37576 ms (enqueue 5.36912 ms)
[03/03/2026-11:00:17] [I] Average on 10 runs - GPU latency: 5.37577 ms - Host latency: 5.37577 ms (enqueue 5.3684 ms)
[03/03/2026-11:00:17] [I] Average on 10 runs - GPU latency: 5.37314 ms - Host latency: 5.37314 ms (enqueue 5.36597 ms)
[03/03/2026-11:00:17] [I] Average on 10 runs - GPU latency: 5.37649 ms - Host latency: 5.37649 ms (enqueue 5.3981 ms)
[03/03/2026-11:00:17] [I] Average on 10 runs - GPU latency: 5.36198 ms - Host latency: 5.36198 ms (enqueue 5.3549 ms)
[03/03/2026-11:00:17] [I] Average on 10 runs - GPU latency: 5.40051 ms - Host latency: 5.40051 ms (enqueue 5.39222 ms)
[03/03/2026-11:00:17] [I] Average on 10 runs - GPU latency: 5.36516 ms - Host latency: 5.36516 ms (enqueue 5.35853 ms)
[03/03/2026-11:00:17] [I] Average on 10 runs - GPU latency: 5.37645 ms - Host latency: 5.37645 ms (enqueue 5.36932 ms)
[03/03/2026-11:00:17] [I] Average on 10 runs - GPU latency: 5.39945 ms - Host latency: 5.39945 ms (enqueue 5.42087 ms)
[03/03/2026-11:00:17] [I] Average on 10 runs - GPU latency: 5.37256 ms - Host latency: 5.37256 ms (enqueue 5.3653 ms)
[03/03/2026-11:00:17] [I] Average on 10 runs - GPU latency: 5.37377 ms - Host latency: 5.37377 ms (enqueue 5.39075 ms)
[03/03/2026-11:00:17] [I] Average on 10 runs - GPU latency: 5.3995 ms - Host latency: 5.3995 ms (enqueue 5.36257 ms)
[03/03/2026-11:00:17] [I] Average on 10 runs - GPU latency: 5.38258 ms - Host latency: 5.38258 ms (enqueue 5.40407 ms)
[03/03/2026-11:00:17] [I] Average on 10 runs - GPU latency: 5.37432 ms - Host latency: 5.37432 ms (enqueue 5.39625 ms)
[03/03/2026-11:00:17] [I] Average on 10 runs - GPU latency: 5.35798 ms - Host latency: 5.35798 ms (enqueue 5.38009 ms)
[03/03/2026-11:00:17] [I] Average on 10 runs - GPU latency: 5.40057 ms - Host latency: 5.40057 ms (enqueue 5.3925 ms)
[03/03/2026-11:00:17] [I] Average on 10 runs - GPU latency: 5.37924 ms - Host latency: 5.37924 ms (enqueue 5.37214 ms)
[03/03/2026-11:00:17] [I] Average on 10 runs - GPU latency: 5.3727 ms - Host latency: 5.3727 ms (enqueue 5.36549 ms)
[03/03/2026-11:00:17] [I] Average on 10 runs - GPU latency: 5.37871 ms - Host latency: 5.37871 ms (enqueue 5.37169 ms)
[03/03/2026-11:00:17] [I] Average on 10 runs - GPU latency: 5.36069 ms - Host latency: 5.36069 ms (enqueue 5.35371 ms)
[03/03/2026-11:00:17] [I] Average on 10 runs - GPU latency: 5.39724 ms - Host latency: 5.39724 ms (enqueue 5.38875 ms)
[03/03/2026-11:00:17] [I] Average on 10 runs - GPU latency: 5.404 ms - Host latency: 5.404 ms (enqueue 5.39639 ms)
[03/03/2026-11:00:17] [I] Average on 10 runs - GPU latency: 5.38638 ms - Host latency: 5.38638 ms (enqueue 5.40862 ms)
[03/03/2026-11:00:17] [I] Average on 10 runs - GPU latency: 5.377 ms - Host latency: 5.377 ms (enqueue 5.39871 ms)
[03/03/2026-11:00:17] [I] Average on 10 runs - GPU latency: 5.40393 ms - Host latency: 5.40393 ms (enqueue 5.42449 ms)
[03/03/2026-11:00:17] [I] Average on 10 runs - GPU latency: 5.40273 ms - Host latency: 5.40273 ms (enqueue 5.39429 ms)
[03/03/2026-11:00:17] [I] Average on 10 runs - GPU latency: 5.40505 ms - Host latency: 5.40505 ms (enqueue 5.36877 ms)
[03/03/2026-11:00:17] [I] Average on 10 runs - GPU latency: 5.38206 ms - Host latency: 5.38206 ms (enqueue 5.40325 ms)
[03/03/2026-11:00:17] [I] Average on 10 runs - GPU latency: 5.36646 ms - Host latency: 5.36646 ms (enqueue 5.3594 ms)
[03/03/2026-11:00:17] [I] Average on 10 runs - GPU latency: 5.3821 ms - Host latency: 5.3821 ms (enqueue 5.37485 ms)
[03/03/2026-11:00:17] [I] Average on 10 runs - GPU latency: 5.37314 ms - Host latency: 5.37314 ms (enqueue 5.36597 ms)
[03/03/2026-11:00:17] [I] Average on 10 runs - GPU latency: 5.37922 ms - Host latency: 5.37922 ms (enqueue 5.37222 ms)
[03/03/2026-11:00:17] [I] Average on 10 runs - GPU latency: 5.40168 ms - Host latency: 5.40168 ms (enqueue 5.39314 ms)
[03/03/2026-11:00:17] [I] Average on 10 runs - GPU latency: 5.36418 ms - Host latency: 5.36418 ms (enqueue 5.35676 ms)
[03/03/2026-11:00:17] [I] Average on 10 runs - GPU latency: 5.37759 ms - Host latency: 5.37759 ms (enqueue 5.3698 ms)
[03/03/2026-11:00:17] [I] Average on 10 runs - GPU latency: 5.44114 ms - Host latency: 5.44114 ms (enqueue 5.43208 ms)
[03/03/2026-11:00:17] [I] Average on 10 runs - GPU latency: 5.43889 ms - Host latency: 5.43889 ms (enqueue 5.42898 ms)
[03/03/2026-11:00:17] [I] Average on 10 runs - GPU latency: 5.373 ms - Host latency: 5.373 ms (enqueue 5.36606 ms)
[03/03/2026-11:00:17] [I] Average on 10 runs - GPU latency: 5.3717 ms - Host latency: 5.3717 ms (enqueue 5.3939 ms)
[03/03/2026-11:00:17] [I] 
[03/03/2026-11:00:17] [I] === Performance summary ===
[03/03/2026-11:00:17] [I] Throughput: 185.025 qps
[03/03/2026-11:00:17] [I] Latency: min = 5.07922 ms, max = 5.74182 ms, mean = 5.38638 ms, median = 5.37726 ms, percentile(90%) = 5.41718 ms, percentile(95%) = 5.44556 ms, percentile(99%) = 5.69946 ms
[03/03/2026-11:00:17] [I] Enqueue Time: min = 5.27344 ms, max = 5.71271 ms, mean = 5.38545 ms, median = 5.37268 ms, percentile(90%) = 5.41699 ms, percentile(95%) = 5.62732 ms, percentile(99%) = 5.68121 ms
[03/03/2026-11:00:17] [I] H2D Latency: min = 0 ms, max = 0 ms, mean = 0 ms, median = 0 ms, percentile(90%) = 0 ms, percentile(95%) = 0 ms, percentile(99%) = 0 ms
[03/03/2026-11:00:17] [I] GPU Compute Time: min = 5.07922 ms, max = 5.74182 ms, mean = 5.38638 ms, median = 5.37726 ms, percentile(90%) = 5.41718 ms, percentile(95%) = 5.44556 ms, percentile(99%) = 5.69946 ms
[03/03/2026-11:00:17] [I] D2H Latency: min = 0 ms, max = 0 ms, mean = 0 ms, median = 0 ms, percentile(90%) = 0 ms, percentile(95%) = 0 ms, percentile(99%) = 0 ms
[03/03/2026-11:00:17] [I] Total Host Walltime: 3.01581 s
[03/03/2026-11:00:17] [I] Total GPU Compute Time: 3.0056 s
[03/03/2026-11:00:17] [W] * Throughput may be bound by Enqueue Time rather than GPU Compute and the GPU may be under-utilized.
[03/03/2026-11:00:17] [W]   If not already in use, --useCudaGraph (utilize CUDA graphs where possible) may increase the throughput.
[03/03/2026-11:00:17] [W] * GPU compute time is unstable, with coefficient of variance = 1.28873%.
[03/03/2026-11:00:17] [W]   If not already in use, locking GPU clock frequency or adding --useSpinWait may improve the stability.
[03/03/2026-11:00:17] [I] Explanations of the performance metrics are printed in the verbose logs.
[03/03/2026-11:00:17] [I] 
&&&& PASSED TensorRT.trtexec [TensorRT v8502] # /usr/src/tensorrt/bin/trtexec --onnx=/home/user/Edge-ML/models/v5/GRU/bs32/GRU.onnx --saveEngine=/home/user/Edge-ML/models/v5/GRU/bs32/GRU_int8.engine --int8 --fp16 --exportLayerInfo=/home/user/Edge-ML/models/v5/GRU/bs32/logs/quantisation_int8_layers.json --memPoolSize=workspace:4096MiB --tacticSources=+CUBLAS,+CUBLAS_LT,+CUDNN --noDataTransfers --calib=/home/user/Edge-ML/models/v5/GRU/bs32/GRU.cache
