/usr/src/tensorrt/bin/trtexec --onnx=/home/user/Edge-ML/models/v5/LSTM/bs96/LSTM.onnx --saveEngine=/home/user/Edge-ML/models/v5/LSTM/bs96/LSTM_fp16.engine --fp16 --exportLayerInfo=/home/user/Edge-ML/models/v5/LSTM/bs96/logs/quantisation_fp16_layers.json --memPoolSize=workspace:4096MiB --tacticSources=+CUBLAS,+CUBLAS_LT,+CUDNN --noDataTransfers

&&&& RUNNING TensorRT.trtexec [TensorRT v8502] # /usr/src/tensorrt/bin/trtexec --onnx=/home/user/Edge-ML/models/v5/LSTM/bs96/LSTM.onnx --saveEngine=/home/user/Edge-ML/models/v5/LSTM/bs96/LSTM_fp16.engine --fp16 --exportLayerInfo=/home/user/Edge-ML/models/v5/LSTM/bs96/logs/quantisation_fp16_layers.json --memPoolSize=workspace:4096MiB --tacticSources=+CUBLAS,+CUBLAS_LT,+CUDNN --noDataTransfers
[03/03/2026-11:02:53] [I] === Model Options ===
[03/03/2026-11:02:53] [I] Format: ONNX
[03/03/2026-11:02:53] [I] Model: /home/user/Edge-ML/models/v5/LSTM/bs96/LSTM.onnx
[03/03/2026-11:02:53] [I] Output:
[03/03/2026-11:02:53] [I] === Build Options ===
[03/03/2026-11:02:53] [I] Max batch: explicit batch
[03/03/2026-11:02:53] [I] Memory Pools: workspace: 4096 MiB, dlaSRAM: default, dlaLocalDRAM: default, dlaGlobalDRAM: default
[03/03/2026-11:02:53] [I] minTiming: 1
[03/03/2026-11:02:53] [I] avgTiming: 8
[03/03/2026-11:02:53] [I] Precision: FP32+FP16
[03/03/2026-11:02:53] [I] LayerPrecisions: 
[03/03/2026-11:02:53] [I] Calibration: 
[03/03/2026-11:02:53] [I] Refit: Disabled
[03/03/2026-11:02:53] [I] Sparsity: Disabled
[03/03/2026-11:02:53] [I] Safe mode: Disabled
[03/03/2026-11:02:53] [I] DirectIO mode: Disabled
[03/03/2026-11:02:53] [I] Restricted mode: Disabled
[03/03/2026-11:02:53] [I] Build only: Disabled
[03/03/2026-11:02:53] [I] Save engine: /home/user/Edge-ML/models/v5/LSTM/bs96/LSTM_fp16.engine
[03/03/2026-11:02:53] [I] Load engine: 
[03/03/2026-11:02:53] [I] Profiling verbosity: 0
[03/03/2026-11:02:53] [I] Tactic sources: cublas [ON], cublasLt [ON], cudnn [ON], 
[03/03/2026-11:02:53] [I] timingCacheMode: local
[03/03/2026-11:02:53] [I] timingCacheFile: 
[03/03/2026-11:02:53] [I] Heuristic: Disabled
[03/03/2026-11:02:53] [I] Preview Features: Use default preview flags.
[03/03/2026-11:02:53] [I] Input(s)s format: fp32:CHW
[03/03/2026-11:02:53] [I] Output(s)s format: fp32:CHW
[03/03/2026-11:02:53] [I] Input build shapes: model
[03/03/2026-11:02:53] [I] Input calibration shapes: model
[03/03/2026-11:02:53] [I] === System Options ===
[03/03/2026-11:02:53] [I] Device: 0
[03/03/2026-11:02:53] [I] DLACore: 
[03/03/2026-11:02:53] [I] Plugins:
[03/03/2026-11:02:53] [I] === Inference Options ===
[03/03/2026-11:02:53] [I] Batch: Explicit
[03/03/2026-11:02:53] [I] Input inference shapes: model
[03/03/2026-11:02:53] [I] Iterations: 10
[03/03/2026-11:02:53] [I] Duration: 3s (+ 200ms warm up)
[03/03/2026-11:02:53] [I] Sleep time: 0ms
[03/03/2026-11:02:53] [I] Idle time: 0ms
[03/03/2026-11:02:53] [I] Streams: 1
[03/03/2026-11:02:53] [I] ExposeDMA: Disabled
[03/03/2026-11:02:53] [I] Data transfers: Disabled
[03/03/2026-11:02:53] [I] Spin-wait: Disabled
[03/03/2026-11:02:53] [I] Multithreading: Disabled
[03/03/2026-11:02:53] [I] CUDA Graph: Disabled
[03/03/2026-11:02:53] [I] Separate profiling: Disabled
[03/03/2026-11:02:53] [I] Time Deserialize: Disabled
[03/03/2026-11:02:53] [I] Time Refit: Disabled
[03/03/2026-11:02:53] [I] NVTX verbosity: 0
[03/03/2026-11:02:53] [I] Persistent Cache Ratio: 0
[03/03/2026-11:02:53] [I] Inputs:
[03/03/2026-11:02:53] [I] === Reporting Options ===
[03/03/2026-11:02:53] [I] Verbose: Disabled
[03/03/2026-11:02:53] [I] Averages: 10 inferences
[03/03/2026-11:02:53] [I] Percentiles: 90,95,99
[03/03/2026-11:02:53] [I] Dump refittable layers:Disabled
[03/03/2026-11:02:53] [I] Dump output: Disabled
[03/03/2026-11:02:53] [I] Profile: Disabled
[03/03/2026-11:02:53] [I] Export timing to JSON file: 
[03/03/2026-11:02:53] [I] Export output to JSON file: 
[03/03/2026-11:02:53] [I] Export profile to JSON file: 
[03/03/2026-11:02:53] [I] 
[03/03/2026-11:02:53] [I] === Device Information ===
[03/03/2026-11:02:53] [I] Selected Device: Orin
[03/03/2026-11:02:53] [I] Compute Capability: 8.7
[03/03/2026-11:02:53] [I] SMs: 4
[03/03/2026-11:02:53] [I] Compute Clock Rate: 0.624 GHz
[03/03/2026-11:02:53] [I] Device Global Memory: 3425 MiB
[03/03/2026-11:02:53] [I] Shared Memory per SM: 164 KiB
[03/03/2026-11:02:53] [I] Memory Bus Width: 128 bits (ECC disabled)
[03/03/2026-11:02:53] [I] Memory Clock Rate: 0.624 GHz
[03/03/2026-11:02:53] [I] 
[03/03/2026-11:02:53] [I] TensorRT version: 8.5.2
[03/03/2026-11:02:54] [I] [TRT] [MemUsageChange] Init CUDA: CPU +220, GPU +0, now: CPU 249, GPU 1490 (MiB)
[03/03/2026-11:02:56] [I] [TRT] [MemUsageChange] Init builder kernel library: CPU +302, GPU +164, now: CPU 574, GPU 1674 (MiB)
[03/03/2026-11:02:56] [I] Start parsing network model
[03/03/2026-11:02:56] [I] [TRT] ----------------------------------------------------------------
[03/03/2026-11:02:56] [I] [TRT] Input filename:   /home/user/Edge-ML/models/v5/LSTM/bs96/LSTM.onnx
[03/03/2026-11:02:56] [I] [TRT] ONNX IR version:  0.0.7
[03/03/2026-11:02:56] [I] [TRT] Opset version:    12
[03/03/2026-11:02:56] [I] [TRT] Producer name:    pytorch
[03/03/2026-11:02:56] [I] [TRT] Producer version: 2.5.1
[03/03/2026-11:02:56] [I] [TRT] Domain:           
[03/03/2026-11:02:56] [I] [TRT] Model version:    0
[03/03/2026-11:02:56] [I] [TRT] Doc string:       
[03/03/2026-11:02:56] [I] [TRT] ----------------------------------------------------------------
[03/03/2026-11:02:56] [W] [TRT] onnx2trt_utils.cpp:375: Your ONNX model has been generated with INT64 weights, while TensorRT does not natively support INT64. Attempting to cast down to INT32.
[03/03/2026-11:02:56] [I] Finish parsing network model
[03/03/2026-11:02:56] [I] [TRT] ---------- Layers Running on DLA ----------
[03/03/2026-11:02:56] [I] [TRT] ---------- Layers Running on GPU ----------
[03/03/2026-11:02:56] [I] [TRT] [GpuLayer] MYELIN: {ForeignNode[onnx::LSTM_209.../Squeeze]}
[03/03/2026-11:02:57] [I] [TRT] [MemUsageChange] Init cuBLAS/cuBLASLt: CPU +534, GPU +788, now: CPU 1109, GPU 2463 (MiB)
[03/03/2026-11:02:58] [I] [TRT] [MemUsageChange] Init cuDNN: CPU +82, GPU +120, now: CPU 1191, GPU 2583 (MiB)
[03/03/2026-11:02:58] [I] [TRT] Local timing cache in use. Profiling results in this builder pass will not be stored.
[03/03/2026-11:03:07] [I] [TRT] Total Activation Memory: 4294990848
[03/03/2026-11:03:07] [I] [TRT] Detected 1 inputs and 1 output network tensors.
[03/03/2026-11:03:07] [I] [TRT] Total Host Persistent Memory: 32
[03/03/2026-11:03:07] [I] [TRT] Total Device Persistent Memory: 0
[03/03/2026-11:03:07] [I] [TRT] Total Scratch Memory: 14925312
[03/03/2026-11:03:07] [I] [TRT] [MemUsageStats] Peak memory usage of TRT CPU/GPU memory allocators: CPU 0 MiB, GPU 32 MiB
[03/03/2026-11:03:07] [I] [TRT] [BlockAssignment] Started assigning block shifts. This will take 3 steps to complete.
[03/03/2026-11:03:07] [I] [TRT] [BlockAssignment] Algorithm ShiftNTopDown took 0.076194ms to assign 3 blocks to 3 nodes requiring 14948864 bytes.
[03/03/2026-11:03:07] [I] [TRT] Total Activation Memory: 14948864
[03/03/2026-11:03:07] [W] [TRT] TensorRT encountered issues when converting weights between types and that could affect accuracy.
[03/03/2026-11:03:07] [W] [TRT] If this is not the desired behavior, please modify the weights or retrain with regularization to adjust the magnitude of the weights.
[03/03/2026-11:03:07] [W] [TRT] Check verbose logs for the list of affected weights.
[03/03/2026-11:03:07] [W] [TRT] - 3 weights are affected by this issue: Detected subnormal FP16 values.
[03/03/2026-11:03:07] [I] [TRT] [MemUsageChange] TensorRT-managed allocation in building engine: CPU +0, GPU +4, now: CPU 0, GPU 4 (MiB)
[03/03/2026-11:03:07] [I] Engine built in 13.7337 sec.
[03/03/2026-11:03:07] [I] [TRT] Loaded engine size: 0 MiB
[03/03/2026-11:03:07] [I] [TRT] [MemUsageChange] TensorRT-managed allocation in engine deserialization: CPU +0, GPU +0, now: CPU 0, GPU 0 (MiB)
[03/03/2026-11:03:07] [I] Engine deserialized in 0.00504446 sec.
[03/03/2026-11:03:07] [I] [TRT] [MemUsageChange] TensorRT-managed allocation in IExecutionContext creation: CPU +0, GPU +14, now: CPU 0, GPU 14 (MiB)
[03/03/2026-11:03:07] [I] Setting persistentCacheLimit to 0 bytes.
[03/03/2026-11:03:07] [I] Using random values for input input
[03/03/2026-11:03:07] [I] Created input binding for input with dimensions 96x120
[03/03/2026-11:03:07] [I] Using random values for output capacity
[03/03/2026-11:03:07] [I] Created output binding for capacity with dimensions 96
[03/03/2026-11:03:07] [I] [TRT] The profiling verbosity was set to ProfilingVerbosity::kLAYER_NAMES_ONLY when the engine was built, so only the layer names will be returned. Rebuild the engine with ProfilingVerbosity::kDETAILED to get more verbose layer information.
[03/03/2026-11:03:07] [I] Starting inference
[03/03/2026-11:03:10] [I] Warmup completed 29 queries over 200 ms
[03/03/2026-11:03:10] [I] Timing trace has 433 queries over 3.01343 s
[03/03/2026-11:03:10] [I] 
[03/03/2026-11:03:10] [I] === Trace details ===
[03/03/2026-11:03:10] [I] Trace averages of 10 runs:
[03/03/2026-11:03:10] [I] Average on 10 runs - GPU latency: 6.94625 ms - Host latency: 6.94625 ms (enqueue 6.93943 ms)
[03/03/2026-11:03:10] [I] Average on 10 runs - GPU latency: 6.93128 ms - Host latency: 6.93128 ms (enqueue 6.92508 ms)
[03/03/2026-11:03:10] [I] Average on 10 runs - GPU latency: 6.9351 ms - Host latency: 6.9351 ms (enqueue 6.92859 ms)
[03/03/2026-11:03:10] [I] Average on 10 runs - GPU latency: 6.94565 ms - Host latency: 6.94565 ms (enqueue 6.93905 ms)
[03/03/2026-11:03:10] [I] Average on 10 runs - GPU latency: 6.93743 ms - Host latency: 6.93743 ms (enqueue 6.93037 ms)
[03/03/2026-11:03:10] [I] Average on 10 runs - GPU latency: 6.94901 ms - Host latency: 6.94901 ms (enqueue 6.94212 ms)
[03/03/2026-11:03:10] [I] Average on 10 runs - GPU latency: 6.9503 ms - Host latency: 6.9503 ms (enqueue 6.94374 ms)
[03/03/2026-11:03:10] [I] Average on 10 runs - GPU latency: 6.93643 ms - Host latency: 6.93643 ms (enqueue 6.92972 ms)
[03/03/2026-11:03:10] [I] Average on 10 runs - GPU latency: 6.94498 ms - Host latency: 6.94498 ms (enqueue 6.93795 ms)
[03/03/2026-11:03:10] [I] Average on 10 runs - GPU latency: 6.94341 ms - Host latency: 6.94341 ms (enqueue 6.93704 ms)
[03/03/2026-11:03:10] [I] Average on 10 runs - GPU latency: 6.93878 ms - Host latency: 6.93878 ms (enqueue 6.93204 ms)
[03/03/2026-11:03:10] [I] Average on 10 runs - GPU latency: 6.94346 ms - Host latency: 6.94346 ms (enqueue 6.93673 ms)
[03/03/2026-11:03:10] [I] Average on 10 runs - GPU latency: 6.93322 ms - Host latency: 6.93322 ms (enqueue 6.92692 ms)
[03/03/2026-11:03:10] [I] Average on 10 runs - GPU latency: 6.96777 ms - Host latency: 6.96777 ms (enqueue 6.9605 ms)
[03/03/2026-11:03:10] [I] Average on 10 runs - GPU latency: 6.94619 ms - Host latency: 6.94619 ms (enqueue 6.93942 ms)
[03/03/2026-11:03:10] [I] Average on 10 runs - GPU latency: 6.97693 ms - Host latency: 6.97693 ms (enqueue 6.96875 ms)
[03/03/2026-11:03:10] [I] Average on 10 runs - GPU latency: 6.9369 ms - Host latency: 6.9369 ms (enqueue 6.93041 ms)
[03/03/2026-11:03:10] [I] Average on 10 runs - GPU latency: 6.97683 ms - Host latency: 6.97683 ms (enqueue 6.96881 ms)
[03/03/2026-11:03:10] [I] Average on 10 runs - GPU latency: 6.9395 ms - Host latency: 6.9395 ms (enqueue 6.93317 ms)
[03/03/2026-11:03:10] [I] Average on 10 runs - GPU latency: 6.93859 ms - Host latency: 6.93859 ms (enqueue 6.93198 ms)
[03/03/2026-11:03:10] [I] Average on 10 runs - GPU latency: 6.94512 ms - Host latency: 6.94512 ms (enqueue 6.938 ms)
[03/03/2026-11:03:10] [I] Average on 10 runs - GPU latency: 6.94058 ms - Host latency: 6.94058 ms (enqueue 6.93368 ms)
[03/03/2026-11:03:10] [I] Average on 10 runs - GPU latency: 6.93518 ms - Host latency: 6.93518 ms (enqueue 6.9286 ms)
[03/03/2026-11:03:10] [I] Average on 10 runs - GPU latency: 7.00773 ms - Host latency: 7.00773 ms (enqueue 6.96877 ms)
[03/03/2026-11:03:10] [I] Average on 10 runs - GPU latency: 6.97582 ms - Host latency: 6.97582 ms (enqueue 6.9974 ms)
[03/03/2026-11:03:10] [I] Average on 10 runs - GPU latency: 6.94231 ms - Host latency: 6.94231 ms (enqueue 6.93567 ms)
[03/03/2026-11:03:10] [I] Average on 10 runs - GPU latency: 6.94525 ms - Host latency: 6.94525 ms (enqueue 6.93887 ms)
[03/03/2026-11:03:10] [I] Average on 10 runs - GPU latency: 6.93709 ms - Host latency: 6.93709 ms (enqueue 6.93015 ms)
[03/03/2026-11:03:10] [I] Average on 10 runs - GPU latency: 6.9459 ms - Host latency: 6.9459 ms (enqueue 6.93875 ms)
[03/03/2026-11:03:10] [I] Average on 10 runs - GPU latency: 6.94675 ms - Host latency: 6.94675 ms (enqueue 6.93945 ms)
[03/03/2026-11:03:10] [I] Average on 10 runs - GPU latency: 6.96775 ms - Host latency: 6.96775 ms (enqueue 6.96033 ms)
[03/03/2026-11:03:10] [I] Average on 10 runs - GPU latency: 6.93857 ms - Host latency: 6.93857 ms (enqueue 6.93218 ms)
[03/03/2026-11:03:10] [I] Average on 10 runs - GPU latency: 6.93542 ms - Host latency: 6.93542 ms (enqueue 6.92881 ms)
[03/03/2026-11:03:10] [I] Average on 10 runs - GPU latency: 6.93486 ms - Host latency: 6.93486 ms (enqueue 6.92842 ms)
[03/03/2026-11:03:10] [I] Average on 10 runs - GPU latency: 6.94109 ms - Host latency: 6.94109 ms (enqueue 6.9345 ms)
[03/03/2026-11:03:10] [I] Average on 10 runs - GPU latency: 6.93672 ms - Host latency: 6.93672 ms (enqueue 6.93059 ms)
[03/03/2026-11:03:10] [I] Average on 10 runs - GPU latency: 6.93823 ms - Host latency: 6.93823 ms (enqueue 6.93164 ms)
[03/03/2026-11:03:10] [I] Average on 10 runs - GPU latency: 6.94145 ms - Host latency: 6.94145 ms (enqueue 6.93494 ms)
[03/03/2026-11:03:10] [I] Average on 10 runs - GPU latency: 6.97065 ms - Host latency: 6.97065 ms (enqueue 6.96277 ms)
[03/03/2026-11:03:10] [I] Average on 10 runs - GPU latency: 6.93791 ms - Host latency: 6.93791 ms (enqueue 6.93132 ms)
[03/03/2026-11:03:10] [I] Average on 10 runs - GPU latency: 6.94126 ms - Host latency: 6.94126 ms (enqueue 6.96348 ms)
[03/03/2026-11:03:10] [I] Average on 10 runs - GPU latency: 6.96777 ms - Host latency: 6.96777 ms (enqueue 6.95991 ms)
[03/03/2026-11:03:10] [I] Average on 10 runs - GPU latency: 6.94185 ms - Host latency: 6.94185 ms (enqueue 6.93464 ms)
[03/03/2026-11:03:10] [I] 
[03/03/2026-11:03:10] [I] === Performance summary ===
[03/03/2026-11:03:10] [I] Throughput: 143.69 qps
[03/03/2026-11:03:10] [I] Latency: min = 6.90918 ms, max = 7.27234 ms, mean = 6.94725 ms, median = 6.94141 ms, percentile(90%) = 6.96069 ms, percentile(95%) = 6.96997 ms, percentile(99%) = 7.23743 ms
[03/03/2026-11:03:10] [I] Enqueue Time: min = 6.90308 ms, max = 7.26233 ms, mean = 6.941 ms, median = 6.93433 ms, percentile(90%) = 6.95288 ms, percentile(95%) = 6.96265 ms, percentile(99%) = 7.23987 ms
[03/03/2026-11:03:10] [I] H2D Latency: min = 0 ms, max = 0 ms, mean = 0 ms, median = 0 ms, percentile(90%) = 0 ms, percentile(95%) = 0 ms, percentile(99%) = 0 ms
[03/03/2026-11:03:10] [I] GPU Compute Time: min = 6.90918 ms, max = 7.27234 ms, mean = 6.94725 ms, median = 6.94141 ms, percentile(90%) = 6.96069 ms, percentile(95%) = 6.96997 ms, percentile(99%) = 7.23743 ms
[03/03/2026-11:03:10] [I] D2H Latency: min = 0 ms, max = 0 ms, mean = 0 ms, median = 0 ms, percentile(90%) = 0 ms, percentile(95%) = 0 ms, percentile(99%) = 0 ms
[03/03/2026-11:03:10] [I] Total Host Walltime: 3.01343 s
[03/03/2026-11:03:10] [I] Total GPU Compute Time: 3.00816 s
[03/03/2026-11:03:10] [W] * Throughput may be bound by Enqueue Time rather than GPU Compute and the GPU may be under-utilized.
[03/03/2026-11:03:10] [W]   If not already in use, --useCudaGraph (utilize CUDA graphs where possible) may increase the throughput.
[03/03/2026-11:03:10] [I] Explanations of the performance metrics are printed in the verbose logs.
[03/03/2026-11:03:10] [I] 
&&&& PASSED TensorRT.trtexec [TensorRT v8502] # /usr/src/tensorrt/bin/trtexec --onnx=/home/user/Edge-ML/models/v5/LSTM/bs96/LSTM.onnx --saveEngine=/home/user/Edge-ML/models/v5/LSTM/bs96/LSTM_fp16.engine --fp16 --exportLayerInfo=/home/user/Edge-ML/models/v5/LSTM/bs96/logs/quantisation_fp16_layers.json --memPoolSize=workspace:4096MiB --tacticSources=+CUBLAS,+CUBLAS_LT,+CUDNN --noDataTransfers
