/usr/src/tensorrt/bin/trtexec --onnx=/home/user/Edge-ML/models/v5/LSTM/bs96/LSTM.onnx --saveEngine=/home/user/Edge-ML/models/v5/LSTM/bs96/LSTM_fp32.engine --exportLayerInfo=/home/user/Edge-ML/models/v5/LSTM/bs96/logs/quantisation_fp32_layers.json --memPoolSize=workspace:4096MiB --tacticSources=+CUBLAS,+CUBLAS_LT,+CUDNN --noDataTransfers

&&&& RUNNING TensorRT.trtexec [TensorRT v8502] # /usr/src/tensorrt/bin/trtexec --onnx=/home/user/Edge-ML/models/v5/LSTM/bs96/LSTM.onnx --saveEngine=/home/user/Edge-ML/models/v5/LSTM/bs96/LSTM_fp32.engine --exportLayerInfo=/home/user/Edge-ML/models/v5/LSTM/bs96/logs/quantisation_fp32_layers.json --memPoolSize=workspace:4096MiB --tacticSources=+CUBLAS,+CUBLAS_LT,+CUDNN --noDataTransfers
[03/03/2026-11:02:41] [I] === Model Options ===
[03/03/2026-11:02:41] [I] Format: ONNX
[03/03/2026-11:02:41] [I] Model: /home/user/Edge-ML/models/v5/LSTM/bs96/LSTM.onnx
[03/03/2026-11:02:41] [I] Output:
[03/03/2026-11:02:41] [I] === Build Options ===
[03/03/2026-11:02:41] [I] Max batch: explicit batch
[03/03/2026-11:02:41] [I] Memory Pools: workspace: 4096 MiB, dlaSRAM: default, dlaLocalDRAM: default, dlaGlobalDRAM: default
[03/03/2026-11:02:41] [I] minTiming: 1
[03/03/2026-11:02:41] [I] avgTiming: 8
[03/03/2026-11:02:41] [I] Precision: FP32
[03/03/2026-11:02:41] [I] LayerPrecisions: 
[03/03/2026-11:02:41] [I] Calibration: 
[03/03/2026-11:02:41] [I] Refit: Disabled
[03/03/2026-11:02:41] [I] Sparsity: Disabled
[03/03/2026-11:02:41] [I] Safe mode: Disabled
[03/03/2026-11:02:41] [I] DirectIO mode: Disabled
[03/03/2026-11:02:41] [I] Restricted mode: Disabled
[03/03/2026-11:02:41] [I] Build only: Disabled
[03/03/2026-11:02:41] [I] Save engine: /home/user/Edge-ML/models/v5/LSTM/bs96/LSTM_fp32.engine
[03/03/2026-11:02:41] [I] Load engine: 
[03/03/2026-11:02:41] [I] Profiling verbosity: 0
[03/03/2026-11:02:41] [I] Tactic sources: cublas [ON], cublasLt [ON], cudnn [ON], 
[03/03/2026-11:02:41] [I] timingCacheMode: local
[03/03/2026-11:02:41] [I] timingCacheFile: 
[03/03/2026-11:02:41] [I] Heuristic: Disabled
[03/03/2026-11:02:41] [I] Preview Features: Use default preview flags.
[03/03/2026-11:02:41] [I] Input(s)s format: fp32:CHW
[03/03/2026-11:02:41] [I] Output(s)s format: fp32:CHW
[03/03/2026-11:02:41] [I] Input build shapes: model
[03/03/2026-11:02:41] [I] Input calibration shapes: model
[03/03/2026-11:02:41] [I] === System Options ===
[03/03/2026-11:02:41] [I] Device: 0
[03/03/2026-11:02:41] [I] DLACore: 
[03/03/2026-11:02:41] [I] Plugins:
[03/03/2026-11:02:41] [I] === Inference Options ===
[03/03/2026-11:02:41] [I] Batch: Explicit
[03/03/2026-11:02:41] [I] Input inference shapes: model
[03/03/2026-11:02:41] [I] Iterations: 10
[03/03/2026-11:02:41] [I] Duration: 3s (+ 200ms warm up)
[03/03/2026-11:02:41] [I] Sleep time: 0ms
[03/03/2026-11:02:41] [I] Idle time: 0ms
[03/03/2026-11:02:41] [I] Streams: 1
[03/03/2026-11:02:41] [I] ExposeDMA: Disabled
[03/03/2026-11:02:41] [I] Data transfers: Disabled
[03/03/2026-11:02:41] [I] Spin-wait: Disabled
[03/03/2026-11:02:41] [I] Multithreading: Disabled
[03/03/2026-11:02:41] [I] CUDA Graph: Disabled
[03/03/2026-11:02:41] [I] Separate profiling: Disabled
[03/03/2026-11:02:41] [I] Time Deserialize: Disabled
[03/03/2026-11:02:41] [I] Time Refit: Disabled
[03/03/2026-11:02:41] [I] NVTX verbosity: 0
[03/03/2026-11:02:41] [I] Persistent Cache Ratio: 0
[03/03/2026-11:02:41] [I] Inputs:
[03/03/2026-11:02:41] [I] === Reporting Options ===
[03/03/2026-11:02:41] [I] Verbose: Disabled
[03/03/2026-11:02:41] [I] Averages: 10 inferences
[03/03/2026-11:02:41] [I] Percentiles: 90,95,99
[03/03/2026-11:02:41] [I] Dump refittable layers:Disabled
[03/03/2026-11:02:41] [I] Dump output: Disabled
[03/03/2026-11:02:41] [I] Profile: Disabled
[03/03/2026-11:02:41] [I] Export timing to JSON file: 
[03/03/2026-11:02:41] [I] Export output to JSON file: 
[03/03/2026-11:02:41] [I] Export profile to JSON file: 
[03/03/2026-11:02:41] [I] 
[03/03/2026-11:02:41] [I] === Device Information ===
[03/03/2026-11:02:41] [I] Selected Device: Orin
[03/03/2026-11:02:41] [I] Compute Capability: 8.7
[03/03/2026-11:02:41] [I] SMs: 4
[03/03/2026-11:02:41] [I] Compute Clock Rate: 0.624 GHz
[03/03/2026-11:02:41] [I] Device Global Memory: 3425 MiB
[03/03/2026-11:02:41] [I] Shared Memory per SM: 164 KiB
[03/03/2026-11:02:41] [I] Memory Bus Width: 128 bits (ECC disabled)
[03/03/2026-11:02:41] [I] Memory Clock Rate: 0.624 GHz
[03/03/2026-11:02:41] [I] 
[03/03/2026-11:02:41] [I] TensorRT version: 8.5.2
[03/03/2026-11:02:41] [I] [TRT] [MemUsageChange] Init CUDA: CPU +220, GPU +0, now: CPU 249, GPU 1495 (MiB)
[03/03/2026-11:02:43] [I] [TRT] [MemUsageChange] Init builder kernel library: CPU +302, GPU +164, now: CPU 574, GPU 1679 (MiB)
[03/03/2026-11:02:43] [I] Start parsing network model
[03/03/2026-11:02:44] [I] [TRT] ----------------------------------------------------------------
[03/03/2026-11:02:44] [I] [TRT] Input filename:   /home/user/Edge-ML/models/v5/LSTM/bs96/LSTM.onnx
[03/03/2026-11:02:44] [I] [TRT] ONNX IR version:  0.0.7
[03/03/2026-11:02:44] [I] [TRT] Opset version:    12
[03/03/2026-11:02:44] [I] [TRT] Producer name:    pytorch
[03/03/2026-11:02:44] [I] [TRT] Producer version: 2.5.1
[03/03/2026-11:02:44] [I] [TRT] Domain:           
[03/03/2026-11:02:44] [I] [TRT] Model version:    0
[03/03/2026-11:02:44] [I] [TRT] Doc string:       
[03/03/2026-11:02:44] [I] [TRT] ----------------------------------------------------------------
[03/03/2026-11:02:44] [W] [TRT] onnx2trt_utils.cpp:375: Your ONNX model has been generated with INT64 weights, while TensorRT does not natively support INT64. Attempting to cast down to INT32.
[03/03/2026-11:02:44] [I] Finish parsing network model
[03/03/2026-11:02:44] [I] [TRT] ---------- Layers Running on DLA ----------
[03/03/2026-11:02:44] [I] [TRT] ---------- Layers Running on GPU ----------
[03/03/2026-11:02:44] [I] [TRT] [GpuLayer] MYELIN: {ForeignNode[onnx::LSTM_209.../Squeeze]}
[03/03/2026-11:02:45] [I] [TRT] [MemUsageChange] Init cuBLAS/cuBLASLt: CPU +534, GPU +815, now: CPU 1109, GPU 2494 (MiB)
[03/03/2026-11:02:45] [I] [TRT] [MemUsageChange] Init cuDNN: CPU +82, GPU +138, now: CPU 1191, GPU 2632 (MiB)
[03/03/2026-11:02:45] [I] [TRT] Local timing cache in use. Profiling results in this builder pass will not be stored.
[03/03/2026-11:02:49] [I] [TRT] Total Activation Memory: 4294967296
[03/03/2026-11:02:49] [I] [TRT] Detected 1 inputs and 1 output network tensors.
[03/03/2026-11:02:49] [I] [TRT] Total Host Persistent Memory: 32
[03/03/2026-11:02:49] [I] [TRT] Total Device Persistent Memory: 0
[03/03/2026-11:02:49] [I] [TRT] Total Scratch Memory: 29850624
[03/03/2026-11:02:49] [I] [TRT] [MemUsageStats] Peak memory usage of TRT CPU/GPU memory allocators: CPU 0 MiB, GPU 32 MiB
[03/03/2026-11:02:49] [I] [TRT] [BlockAssignment] Started assigning block shifts. This will take 1 steps to complete.
[03/03/2026-11:02:49] [I] [TRT] [BlockAssignment] Algorithm ShiftNTopDown took 0.0168ms to assign 1 blocks to 1 nodes requiring 29850624 bytes.
[03/03/2026-11:02:49] [I] [TRT] Total Activation Memory: 29850624
[03/03/2026-11:02:49] [I] [TRT] [MemUsageChange] TensorRT-managed allocation in building engine: CPU +0, GPU +4, now: CPU 0, GPU 4 (MiB)
[03/03/2026-11:02:49] [I] Engine built in 8.53471 sec.
[03/03/2026-11:02:49] [I] [TRT] Loaded engine size: 0 MiB
[03/03/2026-11:02:49] [I] [TRT] [MemUsageChange] TensorRT-managed allocation in engine deserialization: CPU +0, GPU +0, now: CPU 0, GPU 0 (MiB)
[03/03/2026-11:02:49] [I] Engine deserialized in 0.00472989 sec.
[03/03/2026-11:02:49] [I] [TRT] [MemUsageChange] TensorRT-managed allocation in IExecutionContext creation: CPU +0, GPU +28, now: CPU 0, GPU 28 (MiB)
[03/03/2026-11:02:49] [I] Setting persistentCacheLimit to 0 bytes.
[03/03/2026-11:02:49] [I] Using random values for input input
[03/03/2026-11:02:49] [I] Created input binding for input with dimensions 96x120
[03/03/2026-11:02:49] [I] Using random values for output capacity
[03/03/2026-11:02:49] [I] Created output binding for capacity with dimensions 96
[03/03/2026-11:02:49] [I] [TRT] The profiling verbosity was set to ProfilingVerbosity::kLAYER_NAMES_ONLY when the engine was built, so only the layer names will be returned. Rebuild the engine with ProfilingVerbosity::kDETAILED to get more verbose layer information.
[03/03/2026-11:02:49] [I] Starting inference
[03/03/2026-11:02:53] [I] Warmup completed 24 queries over 200 ms
[03/03/2026-11:02:53] [I] Timing trace has 355 queries over 3.01297 s
[03/03/2026-11:02:53] [I] 
[03/03/2026-11:02:53] [I] === Trace details ===
[03/03/2026-11:02:53] [I] Trace averages of 10 runs:
[03/03/2026-11:02:53] [I] Average on 10 runs - GPU latency: 8.45002 ms - Host latency: 8.45002 ms (enqueue 8.55337 ms)
[03/03/2026-11:02:53] [I] Average on 10 runs - GPU latency: 8.43961 ms - Host latency: 8.43961 ms (enqueue 8.49022 ms)
[03/03/2026-11:02:53] [I] Average on 10 runs - GPU latency: 8.47862 ms - Host latency: 8.47862 ms (enqueue 8.49982 ms)
[03/03/2026-11:02:53] [I] Average on 10 runs - GPU latency: 8.45291 ms - Host latency: 8.45291 ms (enqueue 8.47377 ms)
[03/03/2026-11:02:53] [I] Average on 10 runs - GPU latency: 8.44949 ms - Host latency: 8.44949 ms (enqueue 8.47046 ms)
[03/03/2026-11:02:53] [I] Average on 10 runs - GPU latency: 8.4401 ms - Host latency: 8.4401 ms (enqueue 8.46 ms)
[03/03/2026-11:02:53] [I] Average on 10 runs - GPU latency: 8.47125 ms - Host latency: 8.47125 ms (enqueue 8.46387 ms)
[03/03/2026-11:02:53] [I] Average on 10 runs - GPU latency: 8.44086 ms - Host latency: 8.44086 ms (enqueue 8.45956 ms)
[03/03/2026-11:02:53] [I] Average on 10 runs - GPU latency: 8.47096 ms - Host latency: 8.47096 ms (enqueue 8.48893 ms)
[03/03/2026-11:02:53] [I] Average on 10 runs - GPU latency: 8.43995 ms - Host latency: 8.43995 ms (enqueue 8.49165 ms)
[03/03/2026-11:02:53] [I] Average on 10 runs - GPU latency: 8.46614 ms - Host latency: 8.46614 ms (enqueue 8.45751 ms)
[03/03/2026-11:02:53] [I] Average on 10 runs - GPU latency: 8.44191 ms - Host latency: 8.44191 ms (enqueue 8.4637 ms)
[03/03/2026-11:02:53] [I] Average on 10 runs - GPU latency: 8.43624 ms - Host latency: 8.43624 ms (enqueue 8.42916 ms)
[03/03/2026-11:02:53] [I] Average on 10 runs - GPU latency: 8.43632 ms - Host latency: 8.43632 ms (enqueue 8.42909 ms)
[03/03/2026-11:02:53] [I] Average on 10 runs - GPU latency: 8.44086 ms - Host latency: 8.44086 ms (enqueue 8.43303 ms)
[03/03/2026-11:02:53] [I] Average on 10 runs - GPU latency: 8.44308 ms - Host latency: 8.44308 ms (enqueue 8.43557 ms)
[03/03/2026-11:02:53] [I] Average on 10 runs - GPU latency: 8.43876 ms - Host latency: 8.43876 ms (enqueue 8.4595 ms)
[03/03/2026-11:02:53] [I] Average on 10 runs - GPU latency: 8.4427 ms - Host latency: 8.4427 ms (enqueue 8.46321 ms)
[03/03/2026-11:02:53] [I] Average on 10 runs - GPU latency: 8.47284 ms - Host latency: 8.47284 ms (enqueue 8.46453 ms)
[03/03/2026-11:02:53] [I] Average on 10 runs - GPU latency: 8.44248 ms - Host latency: 8.44248 ms (enqueue 8.48921 ms)
[03/03/2026-11:02:53] [I] Average on 10 runs - GPU latency: 8.44009 ms - Host latency: 8.44009 ms (enqueue 8.43317 ms)
[03/03/2026-11:02:53] [I] Average on 10 runs - GPU latency: 8.43822 ms - Host latency: 8.43822 ms (enqueue 8.43104 ms)
[03/03/2026-11:02:53] [I] Average on 10 runs - GPU latency: 8.4396 ms - Host latency: 8.4396 ms (enqueue 8.43196 ms)
[03/03/2026-11:02:53] [I] Average on 10 runs - GPU latency: 8.47634 ms - Host latency: 8.47634 ms (enqueue 8.5218 ms)
[03/03/2026-11:02:53] [I] Average on 10 runs - GPU latency: 8.46916 ms - Host latency: 8.46916 ms (enqueue 8.46074 ms)
[03/03/2026-11:02:53] [I] Average on 10 runs - GPU latency: 8.43755 ms - Host latency: 8.43755 ms (enqueue 8.45942 ms)
[03/03/2026-11:02:53] [I] Average on 10 runs - GPU latency: 8.4426 ms - Host latency: 8.4426 ms (enqueue 8.49268 ms)
[03/03/2026-11:02:53] [I] Average on 10 runs - GPU latency: 8.43667 ms - Host latency: 8.43667 ms (enqueue 8.42878 ms)
[03/03/2026-11:02:53] [I] Average on 10 runs - GPU latency: 8.47224 ms - Host latency: 8.47224 ms (enqueue 8.49392 ms)
[03/03/2026-11:02:53] [I] Average on 10 runs - GPU latency: 8.43494 ms - Host latency: 8.43494 ms (enqueue 8.45662 ms)
[03/03/2026-11:02:53] [I] Average on 10 runs - GPU latency: 8.44043 ms - Host latency: 8.44043 ms (enqueue 8.46077 ms)
[03/03/2026-11:02:53] [I] Average on 10 runs - GPU latency: 8.44299 ms - Host latency: 8.44299 ms (enqueue 8.43564 ms)
[03/03/2026-11:02:53] [I] Average on 10 runs - GPU latency: 8.44902 ms - Host latency: 8.44902 ms (enqueue 8.49868 ms)
[03/03/2026-11:02:53] [I] Average on 10 runs - GPU latency: 8.44341 ms - Host latency: 8.44341 ms (enqueue 8.46509 ms)
[03/03/2026-11:02:53] [I] Average on 10 runs - GPU latency: 8.44053 ms - Host latency: 8.44053 ms (enqueue 8.43264 ms)
[03/03/2026-11:02:53] [I] 
[03/03/2026-11:02:53] [I] === Performance summary ===
[03/03/2026-11:02:53] [I] Throughput: 117.824 qps
[03/03/2026-11:02:53] [I] Latency: min = 8.39587 ms, max = 8.76611 ms, mean = 8.44934 ms, median = 8.44153 ms, percentile(90%) = 8.46033 ms, percentile(95%) = 8.46967 ms, percentile(99%) = 8.75183 ms
[03/03/2026-11:02:53] [I] Enqueue Time: min = 8.38901 ms, max = 8.77103 ms, mean = 8.46636 ms, median = 8.43384 ms, percentile(90%) = 8.71179 ms, percentile(95%) = 8.73773 ms, percentile(99%) = 8.75513 ms
[03/03/2026-11:02:53] [I] H2D Latency: min = 0 ms, max = 0 ms, mean = 0 ms, median = 0 ms, percentile(90%) = 0 ms, percentile(95%) = 0 ms, percentile(99%) = 0 ms
[03/03/2026-11:02:53] [I] GPU Compute Time: min = 8.39587 ms, max = 8.76611 ms, mean = 8.44934 ms, median = 8.44153 ms, percentile(90%) = 8.46033 ms, percentile(95%) = 8.46967 ms, percentile(99%) = 8.75183 ms
[03/03/2026-11:02:53] [I] D2H Latency: min = 0 ms, max = 0 ms, mean = 0 ms, median = 0 ms, percentile(90%) = 0 ms, percentile(95%) = 0 ms, percentile(99%) = 0 ms
[03/03/2026-11:02:53] [I] Total Host Walltime: 3.01297 s
[03/03/2026-11:02:53] [I] Total GPU Compute Time: 2.99952 s
[03/03/2026-11:02:53] [W] * Throughput may be bound by Enqueue Time rather than GPU Compute and the GPU may be under-utilized.
[03/03/2026-11:02:53] [W]   If not already in use, --useCudaGraph (utilize CUDA graphs where possible) may increase the throughput.
[03/03/2026-11:02:53] [I] Explanations of the performance metrics are printed in the verbose logs.
[03/03/2026-11:02:53] [I] 
&&&& PASSED TensorRT.trtexec [TensorRT v8502] # /usr/src/tensorrt/bin/trtexec --onnx=/home/user/Edge-ML/models/v5/LSTM/bs96/LSTM.onnx --saveEngine=/home/user/Edge-ML/models/v5/LSTM/bs96/LSTM_fp32.engine --exportLayerInfo=/home/user/Edge-ML/models/v5/LSTM/bs96/logs/quantisation_fp32_layers.json --memPoolSize=workspace:4096MiB --tacticSources=+CUBLAS,+CUBLAS_LT,+CUDNN --noDataTransfers
