/usr/src/tensorrt/bin/trtexec --onnx=/home/user/Edge-ML/models/v5/CNN-GRU/bs32/CNN-GRU.onnx --saveEngine=/home/user/Edge-ML/models/v5/CNN-GRU/bs32/CNN-GRU_fp16.engine --fp16 --exportLayerInfo=/home/user/Edge-ML/models/v5/CNN-GRU/bs32/logs/quantisation_fp16_layers.json --memPoolSize=workspace:4096MiB --tacticSources=+CUBLAS,+CUBLAS_LT,+CUDNN --noDataTransfers

&&&& RUNNING TensorRT.trtexec [TensorRT v8502] # /usr/src/tensorrt/bin/trtexec --onnx=/home/user/Edge-ML/models/v5/CNN-GRU/bs32/CNN-GRU.onnx --saveEngine=/home/user/Edge-ML/models/v5/CNN-GRU/bs32/CNN-GRU_fp16.engine --fp16 --exportLayerInfo=/home/user/Edge-ML/models/v5/CNN-GRU/bs32/logs/quantisation_fp16_layers.json --memPoolSize=workspace:4096MiB --tacticSources=+CUBLAS,+CUBLAS_LT,+CUDNN --noDataTransfers
[03/03/2026-10:50:28] [I] === Model Options ===
[03/03/2026-10:50:28] [I] Format: ONNX
[03/03/2026-10:50:28] [I] Model: /home/user/Edge-ML/models/v5/CNN-GRU/bs32/CNN-GRU.onnx
[03/03/2026-10:50:28] [I] Output:
[03/03/2026-10:50:28] [I] === Build Options ===
[03/03/2026-10:50:28] [I] Max batch: explicit batch
[03/03/2026-10:50:28] [I] Memory Pools: workspace: 4096 MiB, dlaSRAM: default, dlaLocalDRAM: default, dlaGlobalDRAM: default
[03/03/2026-10:50:28] [I] minTiming: 1
[03/03/2026-10:50:28] [I] avgTiming: 8
[03/03/2026-10:50:28] [I] Precision: FP32+FP16
[03/03/2026-10:50:28] [I] LayerPrecisions: 
[03/03/2026-10:50:28] [I] Calibration: 
[03/03/2026-10:50:28] [I] Refit: Disabled
[03/03/2026-10:50:28] [I] Sparsity: Disabled
[03/03/2026-10:50:28] [I] Safe mode: Disabled
[03/03/2026-10:50:28] [I] DirectIO mode: Disabled
[03/03/2026-10:50:28] [I] Restricted mode: Disabled
[03/03/2026-10:50:28] [I] Build only: Disabled
[03/03/2026-10:50:28] [I] Save engine: /home/user/Edge-ML/models/v5/CNN-GRU/bs32/CNN-GRU_fp16.engine
[03/03/2026-10:50:28] [I] Load engine: 
[03/03/2026-10:50:28] [I] Profiling verbosity: 0
[03/03/2026-10:50:28] [I] Tactic sources: cublas [ON], cublasLt [ON], cudnn [ON], 
[03/03/2026-10:50:28] [I] timingCacheMode: local
[03/03/2026-10:50:28] [I] timingCacheFile: 
[03/03/2026-10:50:28] [I] Heuristic: Disabled
[03/03/2026-10:50:28] [I] Preview Features: Use default preview flags.
[03/03/2026-10:50:28] [I] Input(s)s format: fp32:CHW
[03/03/2026-10:50:28] [I] Output(s)s format: fp32:CHW
[03/03/2026-10:50:28] [I] Input build shapes: model
[03/03/2026-10:50:28] [I] Input calibration shapes: model
[03/03/2026-10:50:28] [I] === System Options ===
[03/03/2026-10:50:28] [I] Device: 0
[03/03/2026-10:50:28] [I] DLACore: 
[03/03/2026-10:50:28] [I] Plugins:
[03/03/2026-10:50:28] [I] === Inference Options ===
[03/03/2026-10:50:28] [I] Batch: Explicit
[03/03/2026-10:50:28] [I] Input inference shapes: model
[03/03/2026-10:50:28] [I] Iterations: 10
[03/03/2026-10:50:28] [I] Duration: 3s (+ 200ms warm up)
[03/03/2026-10:50:28] [I] Sleep time: 0ms
[03/03/2026-10:50:28] [I] Idle time: 0ms
[03/03/2026-10:50:28] [I] Streams: 1
[03/03/2026-10:50:28] [I] ExposeDMA: Disabled
[03/03/2026-10:50:28] [I] Data transfers: Disabled
[03/03/2026-10:50:28] [I] Spin-wait: Disabled
[03/03/2026-10:50:28] [I] Multithreading: Disabled
[03/03/2026-10:50:28] [I] CUDA Graph: Disabled
[03/03/2026-10:50:28] [I] Separate profiling: Disabled
[03/03/2026-10:50:28] [I] Time Deserialize: Disabled
[03/03/2026-10:50:28] [I] Time Refit: Disabled
[03/03/2026-10:50:28] [I] NVTX verbosity: 0
[03/03/2026-10:50:28] [I] Persistent Cache Ratio: 0
[03/03/2026-10:50:28] [I] Inputs:
[03/03/2026-10:50:28] [I] === Reporting Options ===
[03/03/2026-10:50:28] [I] Verbose: Disabled
[03/03/2026-10:50:28] [I] Averages: 10 inferences
[03/03/2026-10:50:28] [I] Percentiles: 90,95,99
[03/03/2026-10:50:28] [I] Dump refittable layers:Disabled
[03/03/2026-10:50:28] [I] Dump output: Disabled
[03/03/2026-10:50:28] [I] Profile: Disabled
[03/03/2026-10:50:28] [I] Export timing to JSON file: 
[03/03/2026-10:50:28] [I] Export output to JSON file: 
[03/03/2026-10:50:28] [I] Export profile to JSON file: 
[03/03/2026-10:50:28] [I] 
[03/03/2026-10:50:28] [I] === Device Information ===
[03/03/2026-10:50:28] [I] Selected Device: Orin
[03/03/2026-10:50:28] [I] Compute Capability: 8.7
[03/03/2026-10:50:28] [I] SMs: 4
[03/03/2026-10:50:28] [I] Compute Clock Rate: 0.624 GHz
[03/03/2026-10:50:28] [I] Device Global Memory: 3425 MiB
[03/03/2026-10:50:28] [I] Shared Memory per SM: 164 KiB
[03/03/2026-10:50:28] [I] Memory Bus Width: 128 bits (ECC disabled)
[03/03/2026-10:50:28] [I] Memory Clock Rate: 0.624 GHz
[03/03/2026-10:50:28] [I] 
[03/03/2026-10:50:28] [I] TensorRT version: 8.5.2
[03/03/2026-10:50:29] [I] [TRT] [MemUsageChange] Init CUDA: CPU +220, GPU +0, now: CPU 249, GPU 1535 (MiB)
[03/03/2026-10:50:31] [I] [TRT] [MemUsageChange] Init builder kernel library: CPU +302, GPU +286, now: CPU 574, GPU 1843 (MiB)
[03/03/2026-10:50:31] [I] Start parsing network model
[03/03/2026-10:50:31] [I] [TRT] ----------------------------------------------------------------
[03/03/2026-10:50:31] [I] [TRT] Input filename:   /home/user/Edge-ML/models/v5/CNN-GRU/bs32/CNN-GRU.onnx
[03/03/2026-10:50:31] [I] [TRT] ONNX IR version:  0.0.7
[03/03/2026-10:50:31] [I] [TRT] Opset version:    12
[03/03/2026-10:50:31] [I] [TRT] Producer name:    pytorch
[03/03/2026-10:50:31] [I] [TRT] Producer version: 2.5.1
[03/03/2026-10:50:31] [I] [TRT] Domain:           
[03/03/2026-10:50:31] [I] [TRT] Model version:    0
[03/03/2026-10:50:31] [I] [TRT] Doc string:       
[03/03/2026-10:50:31] [I] [TRT] ----------------------------------------------------------------
[03/03/2026-10:50:31] [W] [TRT] onnx2trt_utils.cpp:375: Your ONNX model has been generated with INT64 weights, while TensorRT does not natively support INT64. Attempting to cast down to INT32.
[03/03/2026-10:50:31] [I] Finish parsing network model
[03/03/2026-10:50:31] [I] [TRT] ---------- Layers Running on DLA ----------
[03/03/2026-10:50:31] [I] [TRT] ---------- Layers Running on GPU ----------
[03/03/2026-10:50:31] [I] [TRT] [GpuLayer] SHUFFLE: /Unsqueeze + (Unnamed Layer* 1) [Shuffle]
[03/03/2026-10:50:31] [I] [TRT] [GpuLayer] SHUFFLE: shuffle_between_(Unnamed Layer* 1) [Shuffle]_output_and_/cnn/cnn.0/Conv + /cnn/cnn.2/Relu
[03/03/2026-10:50:31] [I] [TRT] [GpuLayer] CONVOLUTION: /cnn/cnn.0/Conv + /cnn/cnn.2/Relu
[03/03/2026-10:50:31] [I] [TRT] [GpuLayer] SHUFFLE: shuffle_after_/cnn/cnn.2/Relu_out_tensor
[03/03/2026-10:50:31] [I] [TRT] [GpuLayer] SHUFFLE: shuffle_between_/cnn/cnn.2/Relu_out_tensor_and_/cnn/cnn.4/Conv + /cnn/cnn.6/Relu
[03/03/2026-10:50:31] [I] [TRT] [GpuLayer] CONVOLUTION: /cnn/cnn.4/Conv + /cnn/cnn.6/Relu
[03/03/2026-10:50:31] [I] [TRT] [GpuLayer] SHUFFLE: shuffle_after_/cnn/cnn.6/Relu_out_tensor
[03/03/2026-10:50:31] [I] [TRT] [GpuLayer] SHUFFLE: shuffle_between_/cnn/cnn.6/Relu_out_tensor_and_/cnn/cnn.8/Conv
[03/03/2026-10:50:31] [I] [TRT] [GpuLayer] CONVOLUTION: /cnn/cnn.8/Conv
[03/03/2026-10:50:31] [I] [TRT] [GpuLayer] SHUFFLE: shuffle_after_(Unnamed Layer* 10) [Convolution]_output
[03/03/2026-10:50:31] [I] [TRT] [GpuLayer] MYELIN: {ForeignNode[(Unnamed Layer* 53) [Constant].../Squeeze]}
[03/03/2026-10:50:33] [I] [TRT] [MemUsageChange] Init cuBLAS/cuBLASLt: CPU +534, GPU +816, now: CPU 1109, GPU 2660 (MiB)
[03/03/2026-10:50:34] [I] [TRT] [MemUsageChange] Init cuDNN: CPU +82, GPU -11, now: CPU 1191, GPU 2649 (MiB)
[03/03/2026-10:50:34] [I] [TRT] Local timing cache in use. Profiling results in this builder pass will not be stored.
[03/03/2026-10:50:44] [W] [TRT] Tactic Device request: 391MB Available: 307MB. Device memory is insufficient to use tactic.
[03/03/2026-10:50:44] [W] [TRT] Skipping tactic 8 due to insufficient memory on requested size of 391 detected for tactic 0x000000000000003c.
Try decreasing the workspace size with IBuilderConfig::setMemoryPoolLimit().
[03/03/2026-10:50:44] [W] [TRT] Tactic Device request: 391MB Available: 307MB. Device memory is insufficient to use tactic.
[03/03/2026-10:50:44] [W] [TRT] Skipping tactic 13 due to insufficient memory on requested size of 391 detected for tactic 0x0000000000000074.
Try decreasing the workspace size with IBuilderConfig::setMemoryPoolLimit().
[03/03/2026-10:50:45] [W] [TRT] Tactic Device request: 390MB Available: 307MB. Device memory is insufficient to use tactic.
[03/03/2026-10:50:45] [W] [TRT] Skipping tactic 3 due to insufficient memory on requested size of 390 detected for tactic 0x0000000000000004.
Try decreasing the workspace size with IBuilderConfig::setMemoryPoolLimit().
[03/03/2026-10:50:45] [W] [TRT] Tactic Device request: 390MB Available: 307MB. Device memory is insufficient to use tactic.
[03/03/2026-10:50:45] [W] [TRT] Skipping tactic 7 due to insufficient memory on requested size of 390 detected for tactic 0x000000000000003c.
Try decreasing the workspace size with IBuilderConfig::setMemoryPoolLimit().
[03/03/2026-10:50:58] [I] [TRT] Total Activation Memory: 4295862784
[03/03/2026-10:50:58] [I] [TRT] Detected 1 inputs and 1 output network tensors.
[03/03/2026-10:50:58] [I] [TRT] Total Host Persistent Memory: 8928
[03/03/2026-10:50:58] [I] [TRT] Total Device Persistent Memory: 0
[03/03/2026-10:50:58] [I] [TRT] Total Scratch Memory: 4064768
[03/03/2026-10:50:58] [I] [TRT] [MemUsageStats] Peak memory usage of TRT CPU/GPU memory allocators: CPU 0 MiB, GPU 395 MiB
[03/03/2026-10:50:58] [I] [TRT] [BlockAssignment] Started assigning block shifts. This will take 14 steps to complete.
[03/03/2026-10:50:58] [I] [TRT] [BlockAssignment] Algorithm ShiftNTopDown took 0.385355ms to assign 4 blocks to 14 nodes requiring 4557312 bytes.
[03/03/2026-10:50:58] [I] [TRT] Total Activation Memory: 4557312
[03/03/2026-10:50:58] [W] [TRT] TensorRT encountered issues when converting weights between types and that could affect accuracy.
[03/03/2026-10:50:58] [W] [TRT] If this is not the desired behavior, please modify the weights or retrain with regularization to adjust the magnitude of the weights.
[03/03/2026-10:50:58] [W] [TRT] Check verbose logs for the list of affected weights.
[03/03/2026-10:50:58] [W] [TRT] - 7 weights are affected by this issue: Detected subnormal FP16 values.
[03/03/2026-10:50:58] [I] [TRT] [MemUsageChange] TensorRT-managed allocation in building engine: CPU +0, GPU +4, now: CPU 0, GPU 4 (MiB)
[03/03/2026-10:50:58] [I] Engine built in 29.5889 sec.
[03/03/2026-10:50:59] [I] [TRT] Loaded engine size: 0 MiB
[03/03/2026-10:50:59] [I] [TRT] [MemUsageChange] TensorRT-managed allocation in engine deserialization: CPU +0, GPU +0, now: CPU 0, GPU 0 (MiB)
[03/03/2026-10:50:59] [I] Engine deserialized in 0.00929954 sec.
[03/03/2026-10:50:59] [I] [TRT] [MemUsageChange] TensorRT-managed allocation in IExecutionContext creation: CPU +0, GPU +4, now: CPU 0, GPU 4 (MiB)
[03/03/2026-10:50:59] [I] Setting persistentCacheLimit to 0 bytes.
[03/03/2026-10:50:59] [I] Using random values for input input
[03/03/2026-10:50:59] [I] Created input binding for input with dimensions 32x120
[03/03/2026-10:50:59] [I] Using random values for output capacity
[03/03/2026-10:50:59] [I] Created output binding for capacity with dimensions 32
[03/03/2026-10:50:59] [I] [TRT] The profiling verbosity was set to ProfilingVerbosity::kLAYER_NAMES_ONLY when the engine was built, so only the layer names will be returned. Rebuild the engine with ProfilingVerbosity::kDETAILED to get more verbose layer information.
[03/03/2026-10:50:59] [I] Starting inference
[03/03/2026-10:51:02] [I] Warmup completed 36 queries over 200 ms
[03/03/2026-10:51:02] [I] Timing trace has 550 queries over 3.01232 s
[03/03/2026-10:51:02] [I] 
[03/03/2026-10:51:02] [I] === Trace details ===
[03/03/2026-10:51:02] [I] Trace averages of 10 runs:
[03/03/2026-10:51:02] [I] Average on 10 runs - GPU latency: 5.44105 ms - Host latency: 5.44105 ms (enqueue 5.46306 ms)
[03/03/2026-10:51:02] [I] Average on 10 runs - GPU latency: 5.44113 ms - Host latency: 5.44113 ms (enqueue 5.43394 ms)
[03/03/2026-10:51:02] [I] Average on 10 runs - GPU latency: 5.47555 ms - Host latency: 5.47555 ms (enqueue 5.44083 ms)
[03/03/2026-10:51:02] [I] Average on 10 runs - GPU latency: 5.47465 ms - Host latency: 5.47465 ms (enqueue 5.49257 ms)
[03/03/2026-10:51:02] [I] Average on 10 runs - GPU latency: 5.44876 ms - Host latency: 5.44876 ms (enqueue 5.4412 ms)
[03/03/2026-10:51:02] [I] Average on 10 runs - GPU latency: 5.44327 ms - Host latency: 5.44327 ms (enqueue 5.4656 ms)
[03/03/2026-10:51:02] [I] Average on 10 runs - GPU latency: 5.47266 ms - Host latency: 5.47266 ms (enqueue 5.46439 ms)
[03/03/2026-10:51:02] [I] Average on 10 runs - GPU latency: 5.45256 ms - Host latency: 5.45256 ms (enqueue 5.44559 ms)
[03/03/2026-10:51:02] [I] Average on 10 runs - GPU latency: 5.45654 ms - Host latency: 5.45654 ms (enqueue 5.47906 ms)
[03/03/2026-10:51:02] [I] Average on 10 runs - GPU latency: 5.51389 ms - Host latency: 5.51389 ms (enqueue 5.50293 ms)
[03/03/2026-10:51:02] [I] Average on 10 runs - GPU latency: 5.48595 ms - Host latency: 5.48595 ms (enqueue 5.4778 ms)
[03/03/2026-10:51:02] [I] Average on 10 runs - GPU latency: 5.45908 ms - Host latency: 5.45908 ms (enqueue 5.45208 ms)
[03/03/2026-10:51:02] [I] Average on 10 runs - GPU latency: 5.46049 ms - Host latency: 5.46049 ms (enqueue 5.45369 ms)
[03/03/2026-10:51:02] [I] Average on 10 runs - GPU latency: 5.45803 ms - Host latency: 5.45803 ms (enqueue 5.45111 ms)
[03/03/2026-10:51:02] [I] Average on 10 runs - GPU latency: 5.47753 ms - Host latency: 5.47753 ms (enqueue 5.46964 ms)
[03/03/2026-10:51:02] [I] Average on 10 runs - GPU latency: 5.44202 ms - Host latency: 5.44202 ms (enqueue 5.43503 ms)
[03/03/2026-10:51:02] [I] Average on 10 runs - GPU latency: 5.44244 ms - Host latency: 5.44244 ms (enqueue 5.4352 ms)
[03/03/2026-10:51:02] [I] Average on 10 runs - GPU latency: 5.43185 ms - Host latency: 5.43185 ms (enqueue 5.42484 ms)
[03/03/2026-10:51:02] [I] Average on 10 runs - GPU latency: 5.4343 ms - Host latency: 5.4343 ms (enqueue 5.42714 ms)
[03/03/2026-10:51:02] [I] Average on 10 runs - GPU latency: 5.44526 ms - Host latency: 5.44526 ms (enqueue 5.43842 ms)
[03/03/2026-10:51:02] [I] Average on 10 runs - GPU latency: 5.4465 ms - Host latency: 5.4465 ms (enqueue 5.4688 ms)
[03/03/2026-10:51:02] [I] Average on 10 runs - GPU latency: 5.45785 ms - Host latency: 5.45785 ms (enqueue 5.45079 ms)
[03/03/2026-10:51:02] [I] Average on 10 runs - GPU latency: 5.46212 ms - Host latency: 5.46212 ms (enqueue 5.48525 ms)
[03/03/2026-10:51:02] [I] Average on 10 runs - GPU latency: 5.48434 ms - Host latency: 5.48434 ms (enqueue 5.47622 ms)
[03/03/2026-10:51:02] [I] Average on 10 runs - GPU latency: 5.4775 ms - Host latency: 5.4775 ms (enqueue 5.47034 ms)
[03/03/2026-10:51:02] [I] Average on 10 runs - GPU latency: 5.49132 ms - Host latency: 5.49132 ms (enqueue 5.51305 ms)
[03/03/2026-10:51:02] [I] Average on 10 runs - GPU latency: 5.45785 ms - Host latency: 5.45785 ms (enqueue 5.45096 ms)
[03/03/2026-10:51:02] [I] Average on 10 runs - GPU latency: 5.45492 ms - Host latency: 5.45492 ms (enqueue 5.44813 ms)
[03/03/2026-10:51:02] [I] Average on 10 runs - GPU latency: 5.44629 ms - Host latency: 5.44629 ms (enqueue 5.43937 ms)
[03/03/2026-10:51:02] [I] Average on 10 runs - GPU latency: 5.45283 ms - Host latency: 5.45283 ms (enqueue 5.44601 ms)
[03/03/2026-10:51:02] [I] Average on 10 runs - GPU latency: 5.4491 ms - Host latency: 5.4491 ms (enqueue 5.44219 ms)
[03/03/2026-10:51:02] [I] Average on 10 runs - GPU latency: 5.45787 ms - Host latency: 5.45787 ms (enqueue 5.45081 ms)
[03/03/2026-10:51:02] [I] Average on 10 runs - GPU latency: 5.48318 ms - Host latency: 5.48318 ms (enqueue 5.47535 ms)
[03/03/2026-10:51:02] [I] Average on 10 runs - GPU latency: 5.48479 ms - Host latency: 5.48479 ms (enqueue 5.47633 ms)
[03/03/2026-10:51:02] [I] Average on 10 runs - GPU latency: 5.45667 ms - Host latency: 5.45667 ms (enqueue 5.44951 ms)
[03/03/2026-10:51:02] [I] Average on 10 runs - GPU latency: 5.47397 ms - Host latency: 5.47397 ms (enqueue 5.46536 ms)
[03/03/2026-10:51:02] [I] Average on 10 runs - GPU latency: 5.45518 ms - Host latency: 5.45518 ms (enqueue 5.44778 ms)
[03/03/2026-10:51:02] [I] Average on 10 runs - GPU latency: 5.45125 ms - Host latency: 5.45125 ms (enqueue 5.44375 ms)
[03/03/2026-10:51:02] [I] Average on 10 runs - GPU latency: 5.44827 ms - Host latency: 5.44827 ms (enqueue 5.44114 ms)
[03/03/2026-10:51:02] [I] Average on 10 runs - GPU latency: 5.45518 ms - Host latency: 5.45518 ms (enqueue 5.44834 ms)
[03/03/2026-10:51:02] [I] Average on 10 runs - GPU latency: 5.44971 ms - Host latency: 5.44971 ms (enqueue 5.44309 ms)
[03/03/2026-10:51:02] [I] Average on 10 runs - GPU latency: 5.45398 ms - Host latency: 5.45398 ms (enqueue 5.44736 ms)
[03/03/2026-10:51:02] [I] Average on 10 runs - GPU latency: 5.50513 ms - Host latency: 5.50513 ms (enqueue 5.49546 ms)
[03/03/2026-10:51:02] [I] Average on 10 runs - GPU latency: 5.45015 ms - Host latency: 5.45015 ms (enqueue 5.44329 ms)
[03/03/2026-10:51:02] [I] Average on 10 runs - GPU latency: 5.45967 ms - Host latency: 5.45967 ms (enqueue 5.45247 ms)
[03/03/2026-10:51:02] [I] Average on 10 runs - GPU latency: 5.44714 ms - Host latency: 5.44714 ms (enqueue 5.44009 ms)
[03/03/2026-10:51:02] [I] Average on 10 runs - GPU latency: 5.45364 ms - Host latency: 5.45364 ms (enqueue 5.44663 ms)
[03/03/2026-10:51:02] [I] Average on 10 runs - GPU latency: 5.46321 ms - Host latency: 5.46321 ms (enqueue 5.45588 ms)
[03/03/2026-10:51:02] [I] Average on 10 runs - GPU latency: 5.45393 ms - Host latency: 5.45393 ms (enqueue 5.44712 ms)
[03/03/2026-10:51:02] [I] Average on 10 runs - GPU latency: 5.46213 ms - Host latency: 5.46213 ms (enqueue 5.4554 ms)
[03/03/2026-10:51:02] [I] Average on 10 runs - GPU latency: 5.45464 ms - Host latency: 5.45464 ms (enqueue 5.44788 ms)
[03/03/2026-10:51:02] [I] Average on 10 runs - GPU latency: 5.46606 ms - Host latency: 5.46606 ms (enqueue 5.45896 ms)
[03/03/2026-10:51:02] [I] Average on 10 runs - GPU latency: 5.45083 ms - Host latency: 5.45083 ms (enqueue 5.47253 ms)
[03/03/2026-10:51:02] [I] Average on 10 runs - GPU latency: 5.49033 ms - Host latency: 5.49033 ms (enqueue 5.45498 ms)
[03/03/2026-10:51:02] [I] Average on 10 runs - GPU latency: 5.48875 ms - Host latency: 5.48875 ms (enqueue 5.50808 ms)
[03/03/2026-10:51:02] [I] 
[03/03/2026-10:51:02] [I] === Performance summary ===
[03/03/2026-10:51:02] [I] Throughput: 182.583 qps
[03/03/2026-10:51:02] [I] Latency: min = 5.36279 ms, max = 5.80859 ms, mean = 5.46097 ms, median = 5.45551 ms, percentile(90%) = 5.48596 ms, percentile(95%) = 5.49744 ms, percentile(99%) = 5.76013 ms
[03/03/2026-10:51:02] [I] Enqueue Time: min = 5.3562 ms, max = 5.78772 ms, mean = 5.45732 ms, median = 5.44891 ms, percentile(90%) = 5.48071 ms, percentile(95%) = 5.49451 ms, percentile(99%) = 5.755 ms
[03/03/2026-10:51:02] [I] H2D Latency: min = 0 ms, max = 0 ms, mean = 0 ms, median = 0 ms, percentile(90%) = 0 ms, percentile(95%) = 0 ms, percentile(99%) = 0 ms
[03/03/2026-10:51:02] [I] GPU Compute Time: min = 5.36279 ms, max = 5.80859 ms, mean = 5.46097 ms, median = 5.45551 ms, percentile(90%) = 5.48596 ms, percentile(95%) = 5.49744 ms, percentile(99%) = 5.76013 ms
[03/03/2026-10:51:02] [I] D2H Latency: min = 0 ms, max = 0 ms, mean = 0 ms, median = 0 ms, percentile(90%) = 0 ms, percentile(95%) = 0 ms, percentile(99%) = 0 ms
[03/03/2026-10:51:02] [I] Total Host Walltime: 3.01232 s
[03/03/2026-10:51:02] [I] Total GPU Compute Time: 3.00353 s
[03/03/2026-10:51:02] [W] * Throughput may be bound by Enqueue Time rather than GPU Compute and the GPU may be under-utilized.
[03/03/2026-10:51:02] [W]   If not already in use, --useCudaGraph (utilize CUDA graphs where possible) may increase the throughput.
[03/03/2026-10:51:02] [W] * GPU compute time is unstable, with coefficient of variance = 1.02232%.
[03/03/2026-10:51:02] [W]   If not already in use, locking GPU clock frequency or adding --useSpinWait may improve the stability.
[03/03/2026-10:51:02] [I] Explanations of the performance metrics are printed in the verbose logs.
[03/03/2026-10:51:02] [I] 
&&&& PASSED TensorRT.trtexec [TensorRT v8502] # /usr/src/tensorrt/bin/trtexec --onnx=/home/user/Edge-ML/models/v5/CNN-GRU/bs32/CNN-GRU.onnx --saveEngine=/home/user/Edge-ML/models/v5/CNN-GRU/bs32/CNN-GRU_fp16.engine --fp16 --exportLayerInfo=/home/user/Edge-ML/models/v5/CNN-GRU/bs32/logs/quantisation_fp16_layers.json --memPoolSize=workspace:4096MiB --tacticSources=+CUBLAS,+CUBLAS_LT,+CUDNN --noDataTransfers
