/usr/src/tensorrt/bin/trtexec --onnx=/home/user/Edge-ML/models/v5/CNN-GRU/bs32/CNN-GRU.onnx --saveEngine=/home/user/Edge-ML/models/v5/CNN-GRU/bs32/CNN-GRU_int8.engine --int8 --fp16 --exportLayerInfo=/home/user/Edge-ML/models/v5/CNN-GRU/bs32/logs/quantisation_int8_layers.json --memPoolSize=workspace:4096MiB --tacticSources=+CUBLAS,+CUBLAS_LT,+CUDNN --noDataTransfers --calib=/home/user/Edge-ML/models/v5/CNN-GRU/bs32/CNN-GRU.cache

&&&& RUNNING TensorRT.trtexec [TensorRT v8502] # /usr/src/tensorrt/bin/trtexec --onnx=/home/user/Edge-ML/models/v5/CNN-GRU/bs32/CNN-GRU.onnx --saveEngine=/home/user/Edge-ML/models/v5/CNN-GRU/bs32/CNN-GRU_int8.engine --int8 --fp16 --exportLayerInfo=/home/user/Edge-ML/models/v5/CNN-GRU/bs32/logs/quantisation_int8_layers.json --memPoolSize=workspace:4096MiB --tacticSources=+CUBLAS,+CUBLAS_LT,+CUDNN --noDataTransfers --calib=/home/user/Edge-ML/models/v5/CNN-GRU/bs32/CNN-GRU.cache
[03/03/2026-10:51:03] [I] === Model Options ===
[03/03/2026-10:51:03] [I] Format: ONNX
[03/03/2026-10:51:03] [I] Model: /home/user/Edge-ML/models/v5/CNN-GRU/bs32/CNN-GRU.onnx
[03/03/2026-10:51:03] [I] Output:
[03/03/2026-10:51:03] [I] === Build Options ===
[03/03/2026-10:51:03] [I] Max batch: explicit batch
[03/03/2026-10:51:03] [I] Memory Pools: workspace: 4096 MiB, dlaSRAM: default, dlaLocalDRAM: default, dlaGlobalDRAM: default
[03/03/2026-10:51:03] [I] minTiming: 1
[03/03/2026-10:51:03] [I] avgTiming: 8
[03/03/2026-10:51:03] [I] Precision: FP32+FP16+INT8
[03/03/2026-10:51:03] [I] LayerPrecisions: 
[03/03/2026-10:51:03] [I] Calibration: /home/user/Edge-ML/models/v5/CNN-GRU/bs32/CNN-GRU.cache
[03/03/2026-10:51:03] [I] Refit: Disabled
[03/03/2026-10:51:03] [I] Sparsity: Disabled
[03/03/2026-10:51:03] [I] Safe mode: Disabled
[03/03/2026-10:51:03] [I] DirectIO mode: Disabled
[03/03/2026-10:51:03] [I] Restricted mode: Disabled
[03/03/2026-10:51:03] [I] Build only: Disabled
[03/03/2026-10:51:03] [I] Save engine: /home/user/Edge-ML/models/v5/CNN-GRU/bs32/CNN-GRU_int8.engine
[03/03/2026-10:51:03] [I] Load engine: 
[03/03/2026-10:51:03] [I] Profiling verbosity: 0
[03/03/2026-10:51:03] [I] Tactic sources: cublas [ON], cublasLt [ON], cudnn [ON], 
[03/03/2026-10:51:03] [I] timingCacheMode: local
[03/03/2026-10:51:03] [I] timingCacheFile: 
[03/03/2026-10:51:03] [I] Heuristic: Disabled
[03/03/2026-10:51:03] [I] Preview Features: Use default preview flags.
[03/03/2026-10:51:03] [I] Input(s)s format: fp32:CHW
[03/03/2026-10:51:03] [I] Output(s)s format: fp32:CHW
[03/03/2026-10:51:03] [I] Input build shapes: model
[03/03/2026-10:51:03] [I] Input calibration shapes: model
[03/03/2026-10:51:03] [I] === System Options ===
[03/03/2026-10:51:03] [I] Device: 0
[03/03/2026-10:51:03] [I] DLACore: 
[03/03/2026-10:51:03] [I] Plugins:
[03/03/2026-10:51:03] [I] === Inference Options ===
[03/03/2026-10:51:03] [I] Batch: Explicit
[03/03/2026-10:51:03] [I] Input inference shapes: model
[03/03/2026-10:51:03] [I] Iterations: 10
[03/03/2026-10:51:03] [I] Duration: 3s (+ 200ms warm up)
[03/03/2026-10:51:03] [I] Sleep time: 0ms
[03/03/2026-10:51:03] [I] Idle time: 0ms
[03/03/2026-10:51:03] [I] Streams: 1
[03/03/2026-10:51:03] [I] ExposeDMA: Disabled
[03/03/2026-10:51:03] [I] Data transfers: Disabled
[03/03/2026-10:51:03] [I] Spin-wait: Disabled
[03/03/2026-10:51:03] [I] Multithreading: Disabled
[03/03/2026-10:51:03] [I] CUDA Graph: Disabled
[03/03/2026-10:51:03] [I] Separate profiling: Disabled
[03/03/2026-10:51:03] [I] Time Deserialize: Disabled
[03/03/2026-10:51:03] [I] Time Refit: Disabled
[03/03/2026-10:51:03] [I] NVTX verbosity: 0
[03/03/2026-10:51:03] [I] Persistent Cache Ratio: 0
[03/03/2026-10:51:03] [I] Inputs:
[03/03/2026-10:51:03] [I] === Reporting Options ===
[03/03/2026-10:51:03] [I] Verbose: Disabled
[03/03/2026-10:51:03] [I] Averages: 10 inferences
[03/03/2026-10:51:03] [I] Percentiles: 90,95,99
[03/03/2026-10:51:03] [I] Dump refittable layers:Disabled
[03/03/2026-10:51:03] [I] Dump output: Disabled
[03/03/2026-10:51:03] [I] Profile: Disabled
[03/03/2026-10:51:03] [I] Export timing to JSON file: 
[03/03/2026-10:51:03] [I] Export output to JSON file: 
[03/03/2026-10:51:03] [I] Export profile to JSON file: 
[03/03/2026-10:51:03] [I] 
[03/03/2026-10:51:03] [I] === Device Information ===
[03/03/2026-10:51:03] [I] Selected Device: Orin
[03/03/2026-10:51:03] [I] Compute Capability: 8.7
[03/03/2026-10:51:03] [I] SMs: 4
[03/03/2026-10:51:03] [I] Compute Clock Rate: 0.624 GHz
[03/03/2026-10:51:03] [I] Device Global Memory: 3425 MiB
[03/03/2026-10:51:03] [I] Shared Memory per SM: 164 KiB
[03/03/2026-10:51:03] [I] Memory Bus Width: 128 bits (ECC disabled)
[03/03/2026-10:51:03] [I] Memory Clock Rate: 0.624 GHz
[03/03/2026-10:51:03] [I] 
[03/03/2026-10:51:03] [I] TensorRT version: 8.5.2
[03/03/2026-10:51:04] [I] [TRT] [MemUsageChange] Init CUDA: CPU +220, GPU +0, now: CPU 249, GPU 1507 (MiB)
[03/03/2026-10:51:06] [I] [TRT] [MemUsageChange] Init builder kernel library: CPU +302, GPU +208, now: CPU 574, GPU 1737 (MiB)
[03/03/2026-10:51:06] [I] Start parsing network model
[03/03/2026-10:51:06] [I] [TRT] ----------------------------------------------------------------
[03/03/2026-10:51:06] [I] [TRT] Input filename:   /home/user/Edge-ML/models/v5/CNN-GRU/bs32/CNN-GRU.onnx
[03/03/2026-10:51:06] [I] [TRT] ONNX IR version:  0.0.7
[03/03/2026-10:51:06] [I] [TRT] Opset version:    12
[03/03/2026-10:51:06] [I] [TRT] Producer name:    pytorch
[03/03/2026-10:51:06] [I] [TRT] Producer version: 2.5.1
[03/03/2026-10:51:06] [I] [TRT] Domain:           
[03/03/2026-10:51:06] [I] [TRT] Model version:    0
[03/03/2026-10:51:06] [I] [TRT] Doc string:       
[03/03/2026-10:51:06] [I] [TRT] ----------------------------------------------------------------
[03/03/2026-10:51:06] [W] [TRT] onnx2trt_utils.cpp:375: Your ONNX model has been generated with INT64 weights, while TensorRT does not natively support INT64. Attempting to cast down to INT32.
[03/03/2026-10:51:07] [I] Finish parsing network model
[03/03/2026-10:51:07] [I] [TRT] Reading Calibration Cache for calibrator: EntropyCalibration2
[03/03/2026-10:51:07] [I] [TRT] Generated calibration scales using calibration cache. Make sure that calibration cache has latest scales.
[03/03/2026-10:51:07] [I] [TRT] To regenerate calibration cache, please delete the existing one. TensorRT will generate a new calibration cache.
[03/03/2026-10:51:07] [W] [TRT] Missing scale and zero-point for tensor (Unnamed Layer* 21) [Constant]_output, expect fall back to non-int8 implementation for any layer consuming or producing given tensor
[03/03/2026-10:51:07] [W] [TRT] Missing scale and zero-point for tensor /gru/Expand_output_0, expect fall back to non-int8 implementation for any layer consuming or producing given tensor
[03/03/2026-10:51:07] [W] [TRT] Missing scale and zero-point for tensor (Unnamed Layer* 29) [Constant]_output, expect fall back to non-int8 implementation for any layer consuming or producing given tensor
[03/03/2026-10:51:07] [W] [TRT] Missing scale and zero-point for tensor (Unnamed Layer* 30) [Constant]_output, expect fall back to non-int8 implementation for any layer consuming or producing given tensor
[03/03/2026-10:51:07] [W] [TRT] Missing scale and zero-point for tensor (Unnamed Layer* 37) [Slice]_output, expect fall back to non-int8 implementation for any layer consuming or producing given tensor
[03/03/2026-10:51:07] [W] [TRT] Missing scale and zero-point for tensor (Unnamed Layer* 40) [Slice]_output, expect fall back to non-int8 implementation for any layer consuming or producing given tensor
[03/03/2026-10:51:07] [W] [TRT] Missing scale and zero-point for tensor (Unnamed Layer* 41) [Slice]_output, expect fall back to non-int8 implementation for any layer consuming or producing given tensor
[03/03/2026-10:51:07] [W] [TRT] Missing scale and zero-point for tensor (Unnamed Layer* 42) [Slice]_output, expect fall back to non-int8 implementation for any layer consuming or producing given tensor
[03/03/2026-10:51:07] [W] [TRT] Missing scale and zero-point for tensor (Unnamed Layer* 53) [Constant]_output, expect fall back to non-int8 implementation for any layer consuming or producing given tensor
[03/03/2026-10:51:07] [W] [TRT] Missing scale and zero-point for tensor (Unnamed Layer* 55) [Iterator]_output, expect fall back to non-int8 implementation for any layer consuming or producing given tensor
[03/03/2026-10:51:07] [W] [TRT] Missing scale and zero-point for tensor (Unnamed Layer* 56) [Shuffle]_output, expect fall back to non-int8 implementation for any layer consuming or producing given tensor
[03/03/2026-10:51:07] [W] [TRT] Missing scale and zero-point for tensor (Unnamed Layer* 57) [Recurrence]_output, expect fall back to non-int8 implementation for any layer consuming or producing given tensor
[03/03/2026-10:51:07] [W] [TRT] Missing scale and zero-point for tensor (Unnamed Layer* 58) [Matrix Multiply]_output, expect fall back to non-int8 implementation for any layer consuming or producing given tensor
[03/03/2026-10:51:07] [W] [TRT] Missing scale and zero-point for tensor (Unnamed Layer* 59) [Matrix Multiply]_output, expect fall back to non-int8 implementation for any layer consuming or producing given tensor
[03/03/2026-10:51:07] [W] [TRT] Missing scale and zero-point for tensor (Unnamed Layer* 60) [ElementWise]_output, expect fall back to non-int8 implementation for any layer consuming or producing given tensor
[03/03/2026-10:51:07] [W] [TRT] Missing scale and zero-point for tensor (Unnamed Layer* 61) [ElementWise]_output, expect fall back to non-int8 implementation for any layer consuming or producing given tensor
[03/03/2026-10:51:07] [W] [TRT] Missing scale and zero-point for tensor (Unnamed Layer* 62) [ElementWise]_output, expect fall back to non-int8 implementation for any layer consuming or producing given tensor
[03/03/2026-10:51:07] [W] [TRT] Missing scale and zero-point for tensor (Unnamed Layer* 63) [Activation]_output, expect fall back to non-int8 implementation for any layer consuming or producing given tensor
[03/03/2026-10:51:07] [W] [TRT] Missing scale and zero-point for tensor (Unnamed Layer* 64) [Slice]_output, expect fall back to non-int8 implementation for any layer consuming or producing given tensor
[03/03/2026-10:51:07] [W] [TRT] Missing scale and zero-point for tensor (Unnamed Layer* 66) [Slice]_output, expect fall back to non-int8 implementation for any layer consuming or producing given tensor
[03/03/2026-10:51:07] [W] [TRT] Missing scale and zero-point for tensor (Unnamed Layer* 68) [Matrix Multiply]_output, expect fall back to non-int8 implementation for any layer consuming or producing given tensor
[03/03/2026-10:51:07] [W] [TRT] Missing scale and zero-point for tensor (Unnamed Layer* 69) [Matrix Multiply]_output, expect fall back to non-int8 implementation for any layer consuming or producing given tensor
[03/03/2026-10:51:07] [W] [TRT] Missing scale and zero-point for tensor (Unnamed Layer* 70) [ElementWise]_output, expect fall back to non-int8 implementation for any layer consuming or producing given tensor
[03/03/2026-10:51:07] [W] [TRT] Missing scale and zero-point for tensor (Unnamed Layer* 71) [ElementWise]_output, expect fall back to non-int8 implementation for any layer consuming or producing given tensor
[03/03/2026-10:51:07] [W] [TRT] Missing scale and zero-point for tensor (Unnamed Layer* 72) [ElementWise]_output, expect fall back to non-int8 implementation for any layer consuming or producing given tensor
[03/03/2026-10:51:07] [W] [TRT] Missing scale and zero-point for tensor (Unnamed Layer* 73) [ElementWise]_output, expect fall back to non-int8 implementation for any layer consuming or producing given tensor
[03/03/2026-10:51:07] [W] [TRT] Missing scale and zero-point for tensor (Unnamed Layer* 74) [Activation]_output, expect fall back to non-int8 implementation for any layer consuming or producing given tensor
[03/03/2026-10:51:07] [W] [TRT] Missing scale and zero-point for tensor (Unnamed Layer* 75) [Constant]_output, expect fall back to non-int8 implementation for any layer consuming or producing given tensor
[03/03/2026-10:51:07] [W] [TRT] Missing scale and zero-point for tensor (Unnamed Layer* 76) [ElementWise]_output, expect fall back to non-int8 implementation for any layer consuming or producing given tensor
[03/03/2026-10:51:07] [W] [TRT] Missing scale and zero-point for tensor (Unnamed Layer* 77) [ElementWise]_output, expect fall back to non-int8 implementation for any layer consuming or producing given tensor
[03/03/2026-10:51:07] [W] [TRT] Missing scale and zero-point for tensor (Unnamed Layer* 78) [ElementWise]_output, expect fall back to non-int8 implementation for any layer consuming or producing given tensor
[03/03/2026-10:51:07] [W] [TRT] Missing scale and zero-point for tensor (Unnamed Layer* 79) [ElementWise]_output, expect fall back to non-int8 implementation for any layer consuming or producing given tensor
[03/03/2026-10:51:07] [W] [TRT] Missing scale and zero-point for tensor (Unnamed Layer* 93) [Constant]_output, expect fall back to non-int8 implementation for any layer consuming or producing given tensor
[03/03/2026-10:51:07] [W] [TRT] Missing scale and zero-point for tensor /gru/Expand_1_output_0, expect fall back to non-int8 implementation for any layer consuming or producing given tensor
[03/03/2026-10:51:07] [W] [TRT] Missing scale and zero-point for tensor (Unnamed Layer* 101) [Constant]_output, expect fall back to non-int8 implementation for any layer consuming or producing given tensor
[03/03/2026-10:51:07] [W] [TRT] Missing scale and zero-point for tensor (Unnamed Layer* 102) [Constant]_output, expect fall back to non-int8 implementation for any layer consuming or producing given tensor
[03/03/2026-10:51:07] [W] [TRT] Missing scale and zero-point for tensor (Unnamed Layer* 109) [Slice]_output, expect fall back to non-int8 implementation for any layer consuming or producing given tensor
[03/03/2026-10:51:07] [W] [TRT] Missing scale and zero-point for tensor (Unnamed Layer* 112) [Slice]_output, expect fall back to non-int8 implementation for any layer consuming or producing given tensor
[03/03/2026-10:51:07] [W] [TRT] Missing scale and zero-point for tensor (Unnamed Layer* 113) [Slice]_output, expect fall back to non-int8 implementation for any layer consuming or producing given tensor
[03/03/2026-10:51:07] [W] [TRT] Missing scale and zero-point for tensor (Unnamed Layer* 114) [Slice]_output, expect fall back to non-int8 implementation for any layer consuming or producing given tensor
[03/03/2026-10:51:07] [W] [TRT] Missing scale and zero-point for tensor (Unnamed Layer* 125) [Constant]_output, expect fall back to non-int8 implementation for any layer consuming or producing given tensor
[03/03/2026-10:51:07] [W] [TRT] Missing scale and zero-point for tensor (Unnamed Layer* 127) [Iterator]_output, expect fall back to non-int8 implementation for any layer consuming or producing given tensor
[03/03/2026-10:51:07] [W] [TRT] Missing scale and zero-point for tensor (Unnamed Layer* 128) [Shuffle]_output, expect fall back to non-int8 implementation for any layer consuming or producing given tensor
[03/03/2026-10:51:07] [W] [TRT] Missing scale and zero-point for tensor (Unnamed Layer* 129) [Recurrence]_output, expect fall back to non-int8 implementation for any layer consuming or producing given tensor
[03/03/2026-10:51:07] [W] [TRT] Missing scale and zero-point for tensor (Unnamed Layer* 130) [Matrix Multiply]_output, expect fall back to non-int8 implementation for any layer consuming or producing given tensor
[03/03/2026-10:51:07] [W] [TRT] Missing scale and zero-point for tensor (Unnamed Layer* 131) [Matrix Multiply]_output, expect fall back to non-int8 implementation for any layer consuming or producing given tensor
[03/03/2026-10:51:07] [W] [TRT] Missing scale and zero-point for tensor (Unnamed Layer* 132) [ElementWise]_output, expect fall back to non-int8 implementation for any layer consuming or producing given tensor
[03/03/2026-10:51:07] [W] [TRT] Missing scale and zero-point for tensor (Unnamed Layer* 133) [ElementWise]_output, expect fall back to non-int8 implementation for any layer consuming or producing given tensor
[03/03/2026-10:51:07] [W] [TRT] Missing scale and zero-point for tensor (Unnamed Layer* 134) [ElementWise]_output, expect fall back to non-int8 implementation for any layer consuming or producing given tensor
[03/03/2026-10:51:07] [W] [TRT] Missing scale and zero-point for tensor (Unnamed Layer* 135) [Activation]_output, expect fall back to non-int8 implementation for any layer consuming or producing given tensor
[03/03/2026-10:51:07] [W] [TRT] Missing scale and zero-point for tensor (Unnamed Layer* 136) [Slice]_output, expect fall back to non-int8 implementation for any layer consuming or producing given tensor
[03/03/2026-10:51:07] [W] [TRT] Missing scale and zero-point for tensor (Unnamed Layer* 138) [Slice]_output, expect fall back to non-int8 implementation for any layer consuming or producing given tensor
[03/03/2026-10:51:07] [W] [TRT] Missing scale and zero-point for tensor (Unnamed Layer* 140) [Matrix Multiply]_output, expect fall back to non-int8 implementation for any layer consuming or producing given tensor
[03/03/2026-10:51:07] [W] [TRT] Missing scale and zero-point for tensor (Unnamed Layer* 141) [Matrix Multiply]_output, expect fall back to non-int8 implementation for any layer consuming or producing given tensor
[03/03/2026-10:51:07] [W] [TRT] Missing scale and zero-point for tensor (Unnamed Layer* 142) [ElementWise]_output, expect fall back to non-int8 implementation for any layer consuming or producing given tensor
[03/03/2026-10:51:07] [W] [TRT] Missing scale and zero-point for tensor (Unnamed Layer* 143) [ElementWise]_output, expect fall back to non-int8 implementation for any layer consuming or producing given tensor
[03/03/2026-10:51:07] [W] [TRT] Missing scale and zero-point for tensor (Unnamed Layer* 144) [ElementWise]_output, expect fall back to non-int8 implementation for any layer consuming or producing given tensor
[03/03/2026-10:51:07] [W] [TRT] Missing scale and zero-point for tensor (Unnamed Layer* 145) [ElementWise]_output, expect fall back to non-int8 implementation for any layer consuming or producing given tensor
[03/03/2026-10:51:07] [W] [TRT] Missing scale and zero-point for tensor (Unnamed Layer* 146) [Activation]_output, expect fall back to non-int8 implementation for any layer consuming or producing given tensor
[03/03/2026-10:51:07] [W] [TRT] Missing scale and zero-point for tensor (Unnamed Layer* 147) [Constant]_output, expect fall back to non-int8 implementation for any layer consuming or producing given tensor
[03/03/2026-10:51:07] [W] [TRT] Missing scale and zero-point for tensor (Unnamed Layer* 148) [ElementWise]_output, expect fall back to non-int8 implementation for any layer consuming or producing given tensor
[03/03/2026-10:51:07] [W] [TRT] Missing scale and zero-point for tensor (Unnamed Layer* 149) [ElementWise]_output, expect fall back to non-int8 implementation for any layer consuming or producing given tensor
[03/03/2026-10:51:07] [W] [TRT] Missing scale and zero-point for tensor (Unnamed Layer* 150) [ElementWise]_output, expect fall back to non-int8 implementation for any layer consuming or producing given tensor
[03/03/2026-10:51:07] [W] [TRT] Missing scale and zero-point for tensor (Unnamed Layer* 151) [ElementWise]_output, expect fall back to non-int8 implementation for any layer consuming or producing given tensor
[03/03/2026-10:51:07] [W] [TRT] Missing scale and zero-point for tensor (Unnamed Layer* 159) [Constant]_output, expect fall back to non-int8 implementation for any layer consuming or producing given tensor
[03/03/2026-10:51:07] [I] [TRT] ---------- Layers Running on DLA ----------
[03/03/2026-10:51:07] [I] [TRT] ---------- Layers Running on GPU ----------
[03/03/2026-10:51:07] [I] [TRT] [GpuLayer] SHUFFLE: /Unsqueeze + (Unnamed Layer* 1) [Shuffle]
[03/03/2026-10:51:07] [I] [TRT] [GpuLayer] SHUFFLE: shuffle_between_(Unnamed Layer* 1) [Shuffle]_output_and_/cnn/cnn.0/Conv + /cnn/cnn.2/Relu
[03/03/2026-10:51:07] [I] [TRT] [GpuLayer] CONVOLUTION: /cnn/cnn.0/Conv + /cnn/cnn.2/Relu
[03/03/2026-10:51:07] [I] [TRT] [GpuLayer] SHUFFLE: shuffle_after_/cnn/cnn.2/Relu_out_tensor
[03/03/2026-10:51:07] [I] [TRT] [GpuLayer] SHUFFLE: shuffle_between_/cnn/cnn.2/Relu_out_tensor_and_/cnn/cnn.4/Conv + /cnn/cnn.6/Relu
[03/03/2026-10:51:07] [I] [TRT] [GpuLayer] CONVOLUTION: /cnn/cnn.4/Conv + /cnn/cnn.6/Relu
[03/03/2026-10:51:07] [I] [TRT] [GpuLayer] SHUFFLE: shuffle_after_/cnn/cnn.6/Relu_out_tensor
[03/03/2026-10:51:07] [I] [TRT] [GpuLayer] SHUFFLE: shuffle_between_/cnn/cnn.6/Relu_out_tensor_and_/cnn/cnn.8/Conv
[03/03/2026-10:51:07] [I] [TRT] [GpuLayer] CONVOLUTION: /cnn/cnn.8/Conv
[03/03/2026-10:51:07] [I] [TRT] [GpuLayer] SHUFFLE: shuffle_after_(Unnamed Layer* 10) [Convolution]_output
[03/03/2026-10:51:07] [I] [TRT] [GpuLayer] MYELIN: {ForeignNode[(Unnamed Layer* 53) [Constant].../Squeeze]}
[03/03/2026-10:51:08] [I] [TRT] [MemUsageChange] Init cuBLAS/cuBLASLt: CPU +534, GPU +745, now: CPU 1109, GPU 2483 (MiB)
[03/03/2026-10:51:09] [I] [TRT] [MemUsageChange] Init cuDNN: CPU +82, GPU +97, now: CPU 1191, GPU 2580 (MiB)
[03/03/2026-10:51:09] [I] [TRT] Local timing cache in use. Profiling results in this builder pass will not be stored.
[03/03/2026-10:51:28] [W] [TRT] Tactic Device request: 391MB Available: 352MB. Device memory is insufficient to use tactic.
[03/03/2026-10:51:28] [W] [TRT] Skipping tactic 8 due to insufficient memory on requested size of 391 detected for tactic 0x000000000000003c.
Try decreasing the workspace size with IBuilderConfig::setMemoryPoolLimit().
[03/03/2026-10:51:28] [W] [TRT] Tactic Device request: 391MB Available: 351MB. Device memory is insufficient to use tactic.
[03/03/2026-10:51:28] [W] [TRT] Skipping tactic 13 due to insufficient memory on requested size of 391 detected for tactic 0x0000000000000074.
Try decreasing the workspace size with IBuilderConfig::setMemoryPoolLimit().
[03/03/2026-10:51:28] [W] [TRT] Tactic Device request: 390MB Available: 350MB. Device memory is insufficient to use tactic.
[03/03/2026-10:51:28] [W] [TRT] Skipping tactic 3 due to insufficient memory on requested size of 390 detected for tactic 0x0000000000000004.
Try decreasing the workspace size with IBuilderConfig::setMemoryPoolLimit().
[03/03/2026-10:51:28] [W] [TRT] Tactic Device request: 390MB Available: 350MB. Device memory is insufficient to use tactic.
[03/03/2026-10:51:28] [W] [TRT] Skipping tactic 7 due to insufficient memory on requested size of 390 detected for tactic 0x000000000000003c.
Try decreasing the workspace size with IBuilderConfig::setMemoryPoolLimit().
[03/03/2026-10:51:42] [I] [TRT] Total Activation Memory: 4295862272
[03/03/2026-10:51:42] [I] [TRT] Detected 1 inputs and 1 output network tensors.
[03/03/2026-10:51:42] [I] [TRT] Total Host Persistent Memory: 8928
[03/03/2026-10:51:42] [I] [TRT] Total Device Persistent Memory: 0
[03/03/2026-10:51:42] [I] [TRT] Total Scratch Memory: 4064768
[03/03/2026-10:51:42] [I] [TRT] [MemUsageStats] Peak memory usage of TRT CPU/GPU memory allocators: CPU 0 MiB, GPU 395 MiB
[03/03/2026-10:51:42] [I] [TRT] [BlockAssignment] Started assigning block shifts. This will take 13 steps to complete.
[03/03/2026-10:51:42] [I] [TRT] [BlockAssignment] Algorithm ShiftNTopDown took 0.401739ms to assign 4 blocks to 13 nodes requiring 4557312 bytes.
[03/03/2026-10:51:42] [I] [TRT] Total Activation Memory: 4557312
[03/03/2026-10:51:42] [W] [TRT] TensorRT encountered issues when converting weights between types and that could affect accuracy.
[03/03/2026-10:51:42] [W] [TRT] If this is not the desired behavior, please modify the weights or retrain with regularization to adjust the magnitude of the weights.
[03/03/2026-10:51:42] [W] [TRT] Check verbose logs for the list of affected weights.
[03/03/2026-10:51:42] [W] [TRT] - 7 weights are affected by this issue: Detected subnormal FP16 values.
[03/03/2026-10:51:42] [I] [TRT] [MemUsageChange] TensorRT-managed allocation in building engine: CPU +0, GPU +4, now: CPU 0, GPU 4 (MiB)
[03/03/2026-10:51:42] [I] Engine built in 38.5712 sec.
[03/03/2026-10:51:43] [I] [TRT] Loaded engine size: 0 MiB
[03/03/2026-10:51:43] [I] [TRT] [MemUsageChange] TensorRT-managed allocation in engine deserialization: CPU +0, GPU +0, now: CPU 0, GPU 0 (MiB)
[03/03/2026-10:51:43] [I] Engine deserialized in 0.00898405 sec.
[03/03/2026-10:51:43] [I] [TRT] [MemUsageChange] TensorRT-managed allocation in IExecutionContext creation: CPU +0, GPU +4, now: CPU 0, GPU 4 (MiB)
[03/03/2026-10:51:43] [I] Setting persistentCacheLimit to 0 bytes.
[03/03/2026-10:51:43] [I] Using random values for input input
[03/03/2026-10:51:43] [I] Created input binding for input with dimensions 32x120
[03/03/2026-10:51:43] [I] Using random values for output capacity
[03/03/2026-10:51:43] [I] Created output binding for capacity with dimensions 32
[03/03/2026-10:51:43] [I] [TRT] The profiling verbosity was set to ProfilingVerbosity::kLAYER_NAMES_ONLY when the engine was built, so only the layer names will be returned. Rebuild the engine with ProfilingVerbosity::kDETAILED to get more verbose layer information.
[03/03/2026-10:51:43] [I] Starting inference
[03/03/2026-10:51:46] [I] Warmup completed 36 queries over 200 ms
[03/03/2026-10:51:46] [I] Timing trace has 542 queries over 3.00784 s
[03/03/2026-10:51:46] [I] 
[03/03/2026-10:51:46] [I] === Trace details ===
[03/03/2026-10:51:46] [I] Trace averages of 10 runs:
[03/03/2026-10:51:46] [I] Average on 10 runs - GPU latency: 5.54613 ms - Host latency: 5.54613 ms (enqueue 5.53755 ms)
[03/03/2026-10:51:46] [I] Average on 10 runs - GPU latency: 5.53968 ms - Host latency: 5.53968 ms (enqueue 5.53121 ms)
[03/03/2026-10:51:46] [I] Average on 10 runs - GPU latency: 5.50786 ms - Host latency: 5.50786 ms (enqueue 5.50089 ms)
[03/03/2026-10:51:46] [I] Average on 10 runs - GPU latency: 5.57209 ms - Host latency: 5.57209 ms (enqueue 5.56275 ms)
[03/03/2026-10:51:46] [I] Average on 10 runs - GPU latency: 5.49155 ms - Host latency: 5.49155 ms (enqueue 5.4841 ms)
[03/03/2026-10:51:46] [I] Average on 10 runs - GPU latency: 5.56974 ms - Host latency: 5.56974 ms (enqueue 5.534 ms)
[03/03/2026-10:51:46] [I] Average on 10 runs - GPU latency: 5.55365 ms - Host latency: 5.55365 ms (enqueue 5.57171 ms)
[03/03/2026-10:51:46] [I] Average on 10 runs - GPU latency: 5.52092 ms - Host latency: 5.52092 ms (enqueue 5.51353 ms)
[03/03/2026-10:51:46] [I] Average on 10 runs - GPU latency: 5.51837 ms - Host latency: 5.51837 ms (enqueue 5.5113 ms)
[03/03/2026-10:51:46] [I] Average on 10 runs - GPU latency: 5.57426 ms - Host latency: 5.57426 ms (enqueue 5.53597 ms)
[03/03/2026-10:51:46] [I] Average on 10 runs - GPU latency: 5.57275 ms - Host latency: 5.57275 ms (enqueue 5.56317 ms)
[03/03/2026-10:51:46] [I] Average on 10 runs - GPU latency: 5.63229 ms - Host latency: 5.63229 ms (enqueue 5.64888 ms)
[03/03/2026-10:51:46] [I] Average on 10 runs - GPU latency: 5.64089 ms - Host latency: 5.64089 ms (enqueue 5.62924 ms)
[03/03/2026-10:51:46] [I] Average on 10 runs - GPU latency: 5.50407 ms - Host latency: 5.50407 ms (enqueue 5.49702 ms)
[03/03/2026-10:51:46] [I] Average on 10 runs - GPU latency: 5.57855 ms - Host latency: 5.57855 ms (enqueue 5.56932 ms)
[03/03/2026-10:51:46] [I] Average on 10 runs - GPU latency: 5.50841 ms - Host latency: 5.50841 ms (enqueue 5.5012 ms)
[03/03/2026-10:51:46] [I] Average on 10 runs - GPU latency: 5.51512 ms - Host latency: 5.51512 ms (enqueue 5.50773 ms)
[03/03/2026-10:51:46] [I] Average on 10 runs - GPU latency: 5.54644 ms - Host latency: 5.54644 ms (enqueue 5.51163 ms)
[03/03/2026-10:51:46] [I] Average on 10 runs - GPU latency: 5.50928 ms - Host latency: 5.50928 ms (enqueue 5.52882 ms)
[03/03/2026-10:51:46] [I] Average on 10 runs - GPU latency: 5.5043 ms - Host latency: 5.5043 ms (enqueue 5.49725 ms)
[03/03/2026-10:51:46] [I] Average on 10 runs - GPU latency: 5.51122 ms - Host latency: 5.51122 ms (enqueue 5.50421 ms)
[03/03/2026-10:51:46] [I] Average on 10 runs - GPU latency: 5.57404 ms - Host latency: 5.57404 ms (enqueue 5.56501 ms)
[03/03/2026-10:51:46] [I] Average on 10 runs - GPU latency: 5.54067 ms - Host latency: 5.54067 ms (enqueue 5.53236 ms)
[03/03/2026-10:51:46] [I] Average on 10 runs - GPU latency: 5.51556 ms - Host latency: 5.51556 ms (enqueue 5.50852 ms)
[03/03/2026-10:51:46] [I] Average on 10 runs - GPU latency: 5.54271 ms - Host latency: 5.54271 ms (enqueue 5.50518 ms)
[03/03/2026-10:51:46] [I] Average on 10 runs - GPU latency: 5.51809 ms - Host latency: 5.51809 ms (enqueue 5.54037 ms)
[03/03/2026-10:51:46] [I] Average on 10 runs - GPU latency: 5.55635 ms - Host latency: 5.55635 ms (enqueue 5.57751 ms)
[03/03/2026-10:51:46] [I] Average on 10 runs - GPU latency: 5.52053 ms - Host latency: 5.52053 ms (enqueue 5.51345 ms)
[03/03/2026-10:51:46] [I] Average on 10 runs - GPU latency: 5.53801 ms - Host latency: 5.53801 ms (enqueue 5.53003 ms)
[03/03/2026-10:51:46] [I] Average on 10 runs - GPU latency: 5.51018 ms - Host latency: 5.51018 ms (enqueue 5.53232 ms)
[03/03/2026-10:51:46] [I] Average on 10 runs - GPU latency: 5.50303 ms - Host latency: 5.50303 ms (enqueue 5.49574 ms)
[03/03/2026-10:51:46] [I] Average on 10 runs - GPU latency: 5.58085 ms - Host latency: 5.58085 ms (enqueue 5.57153 ms)
[03/03/2026-10:51:46] [I] Average on 10 runs - GPU latency: 5.50812 ms - Host latency: 5.50812 ms (enqueue 5.50104 ms)
[03/03/2026-10:51:46] [I] Average on 10 runs - GPU latency: 5.50586 ms - Host latency: 5.50586 ms (enqueue 5.4993 ms)
[03/03/2026-10:51:46] [I] Average on 10 runs - GPU latency: 5.50588 ms - Host latency: 5.50588 ms (enqueue 5.49883 ms)
[03/03/2026-10:51:46] [I] Average on 10 runs - GPU latency: 5.54543 ms - Host latency: 5.54543 ms (enqueue 5.53696 ms)
[03/03/2026-10:51:46] [I] Average on 10 runs - GPU latency: 5.5199 ms - Host latency: 5.5199 ms (enqueue 5.51294 ms)
[03/03/2026-10:51:46] [I] Average on 10 runs - GPU latency: 5.50928 ms - Host latency: 5.50928 ms (enqueue 5.53174 ms)
[03/03/2026-10:51:46] [I] Average on 10 runs - GPU latency: 5.57808 ms - Host latency: 5.57808 ms (enqueue 5.56938 ms)
[03/03/2026-10:51:46] [I] Average on 10 runs - GPU latency: 5.54546 ms - Host latency: 5.54546 ms (enqueue 5.53748 ms)
[03/03/2026-10:51:46] [I] Average on 10 runs - GPU latency: 5.53833 ms - Host latency: 5.53833 ms (enqueue 5.53042 ms)
[03/03/2026-10:51:46] [I] Average on 10 runs - GPU latency: 5.52029 ms - Host latency: 5.52029 ms (enqueue 5.5135 ms)
[03/03/2026-10:51:46] [I] Average on 10 runs - GPU latency: 5.51194 ms - Host latency: 5.51194 ms (enqueue 5.50471 ms)
[03/03/2026-10:51:46] [I] Average on 10 runs - GPU latency: 5.49531 ms - Host latency: 5.49531 ms (enqueue 5.48845 ms)
[03/03/2026-10:51:46] [I] Average on 10 runs - GPU latency: 5.57947 ms - Host latency: 5.57947 ms (enqueue 5.57034 ms)
[03/03/2026-10:51:46] [I] Average on 10 runs - GPU latency: 5.57268 ms - Host latency: 5.57268 ms (enqueue 5.56345 ms)
[03/03/2026-10:51:46] [I] Average on 10 runs - GPU latency: 5.51143 ms - Host latency: 5.51143 ms (enqueue 5.50466 ms)
[03/03/2026-10:51:46] [I] Average on 10 runs - GPU latency: 5.50967 ms - Host latency: 5.50967 ms (enqueue 5.50293 ms)
[03/03/2026-10:51:46] [I] Average on 10 runs - GPU latency: 5.54006 ms - Host latency: 5.54006 ms (enqueue 5.53235 ms)
[03/03/2026-10:51:46] [I] Average on 10 runs - GPU latency: 5.51372 ms - Host latency: 5.51372 ms (enqueue 5.5063 ms)
[03/03/2026-10:51:46] [I] Average on 10 runs - GPU latency: 5.54285 ms - Host latency: 5.54285 ms (enqueue 5.53428 ms)
[03/03/2026-10:51:46] [I] Average on 10 runs - GPU latency: 5.54758 ms - Host latency: 5.54758 ms (enqueue 5.53962 ms)
[03/03/2026-10:51:46] [I] Average on 10 runs - GPU latency: 5.5072 ms - Host latency: 5.5072 ms (enqueue 5.50015 ms)
[03/03/2026-10:51:46] [I] Average on 10 runs - GPU latency: 5.54766 ms - Host latency: 5.54766 ms (enqueue 5.53989 ms)
[03/03/2026-10:51:46] [I] 
[03/03/2026-10:51:46] [I] === Performance summary ===
[03/03/2026-10:51:46] [I] Throughput: 180.196 qps
[03/03/2026-10:51:46] [I] Latency: min = 5.41055 ms, max = 5.8587 ms, mean = 5.53642 ms, median = 5.51489 ms, percentile(90%) = 5.55176 ms, percentile(95%) = 5.81091 ms, percentile(99%) = 5.84106 ms
[03/03/2026-10:51:46] [I] Enqueue Time: min = 5.40353 ms, max = 5.85571 ms, mean = 5.53009 ms, median = 5.50765 ms, percentile(90%) = 5.54297 ms, percentile(95%) = 5.79883 ms, percentile(99%) = 5.8295 ms
[03/03/2026-10:51:46] [I] H2D Latency: min = 0 ms, max = 0 ms, mean = 0 ms, median = 0 ms, percentile(90%) = 0 ms, percentile(95%) = 0 ms, percentile(99%) = 0 ms
[03/03/2026-10:51:46] [I] GPU Compute Time: min = 5.41055 ms, max = 5.8587 ms, mean = 5.53642 ms, median = 5.51489 ms, percentile(90%) = 5.55176 ms, percentile(95%) = 5.81091 ms, percentile(99%) = 5.84106 ms
[03/03/2026-10:51:46] [I] D2H Latency: min = 0 ms, max = 0 ms, mean = 0 ms, median = 0 ms, percentile(90%) = 0 ms, percentile(95%) = 0 ms, percentile(99%) = 0 ms
[03/03/2026-10:51:46] [I] Total Host Walltime: 3.00784 s
[03/03/2026-10:51:46] [I] Total GPU Compute Time: 3.00074 s
[03/03/2026-10:51:46] [W] * Throughput may be bound by Enqueue Time rather than GPU Compute and the GPU may be under-utilized.
[03/03/2026-10:51:46] [W]   If not already in use, --useCudaGraph (utilize CUDA graphs where possible) may increase the throughput.
[03/03/2026-10:51:46] [W] * GPU compute time is unstable, with coefficient of variance = 1.54243%.
[03/03/2026-10:51:46] [W]   If not already in use, locking GPU clock frequency or adding --useSpinWait may improve the stability.
[03/03/2026-10:51:46] [I] Explanations of the performance metrics are printed in the verbose logs.
[03/03/2026-10:51:46] [I] 
&&&& PASSED TensorRT.trtexec [TensorRT v8502] # /usr/src/tensorrt/bin/trtexec --onnx=/home/user/Edge-ML/models/v5/CNN-GRU/bs32/CNN-GRU.onnx --saveEngine=/home/user/Edge-ML/models/v5/CNN-GRU/bs32/CNN-GRU_int8.engine --int8 --fp16 --exportLayerInfo=/home/user/Edge-ML/models/v5/CNN-GRU/bs32/logs/quantisation_int8_layers.json --memPoolSize=workspace:4096MiB --tacticSources=+CUBLAS,+CUBLAS_LT,+CUDNN --noDataTransfers --calib=/home/user/Edge-ML/models/v5/CNN-GRU/bs32/CNN-GRU.cache
