/usr/src/tensorrt/bin/trtexec --onnx=/home/user/Edge-ML/models/v5/CNN-GRU/bs32/CNN-GRU.onnx --saveEngine=/home/user/Edge-ML/models/v5/CNN-GRU/bs32/CNN-GRU_fp32.engine --exportLayerInfo=/home/user/Edge-ML/models/v5/CNN-GRU/bs32/logs/quantisation_fp32_layers.json --memPoolSize=workspace:4096MiB --tacticSources=+CUBLAS,+CUBLAS_LT,+CUDNN --noDataTransfers

&&&& RUNNING TensorRT.trtexec [TensorRT v8502] # /usr/src/tensorrt/bin/trtexec --onnx=/home/user/Edge-ML/models/v5/CNN-GRU/bs32/CNN-GRU.onnx --saveEngine=/home/user/Edge-ML/models/v5/CNN-GRU/bs32/CNN-GRU_fp32.engine --exportLayerInfo=/home/user/Edge-ML/models/v5/CNN-GRU/bs32/logs/quantisation_fp32_layers.json --memPoolSize=workspace:4096MiB --tacticSources=+CUBLAS,+CUBLAS_LT,+CUDNN --noDataTransfers
[03/03/2026-10:50:07] [I] === Model Options ===
[03/03/2026-10:50:07] [I] Format: ONNX
[03/03/2026-10:50:07] [I] Model: /home/user/Edge-ML/models/v5/CNN-GRU/bs32/CNN-GRU.onnx
[03/03/2026-10:50:07] [I] Output:
[03/03/2026-10:50:07] [I] === Build Options ===
[03/03/2026-10:50:07] [I] Max batch: explicit batch
[03/03/2026-10:50:07] [I] Memory Pools: workspace: 4096 MiB, dlaSRAM: default, dlaLocalDRAM: default, dlaGlobalDRAM: default
[03/03/2026-10:50:07] [I] minTiming: 1
[03/03/2026-10:50:07] [I] avgTiming: 8
[03/03/2026-10:50:07] [I] Precision: FP32
[03/03/2026-10:50:07] [I] LayerPrecisions: 
[03/03/2026-10:50:07] [I] Calibration: 
[03/03/2026-10:50:07] [I] Refit: Disabled
[03/03/2026-10:50:07] [I] Sparsity: Disabled
[03/03/2026-10:50:07] [I] Safe mode: Disabled
[03/03/2026-10:50:07] [I] DirectIO mode: Disabled
[03/03/2026-10:50:07] [I] Restricted mode: Disabled
[03/03/2026-10:50:07] [I] Build only: Disabled
[03/03/2026-10:50:07] [I] Save engine: /home/user/Edge-ML/models/v5/CNN-GRU/bs32/CNN-GRU_fp32.engine
[03/03/2026-10:50:07] [I] Load engine: 
[03/03/2026-10:50:07] [I] Profiling verbosity: 0
[03/03/2026-10:50:07] [I] Tactic sources: cublas [ON], cublasLt [ON], cudnn [ON], 
[03/03/2026-10:50:07] [I] timingCacheMode: local
[03/03/2026-10:50:07] [I] timingCacheFile: 
[03/03/2026-10:50:07] [I] Heuristic: Disabled
[03/03/2026-10:50:07] [I] Preview Features: Use default preview flags.
[03/03/2026-10:50:07] [I] Input(s)s format: fp32:CHW
[03/03/2026-10:50:07] [I] Output(s)s format: fp32:CHW
[03/03/2026-10:50:07] [I] Input build shapes: model
[03/03/2026-10:50:07] [I] Input calibration shapes: model
[03/03/2026-10:50:07] [I] === System Options ===
[03/03/2026-10:50:07] [I] Device: 0
[03/03/2026-10:50:07] [I] DLACore: 
[03/03/2026-10:50:07] [I] Plugins:
[03/03/2026-10:50:07] [I] === Inference Options ===
[03/03/2026-10:50:07] [I] Batch: Explicit
[03/03/2026-10:50:07] [I] Input inference shapes: model
[03/03/2026-10:50:07] [I] Iterations: 10
[03/03/2026-10:50:07] [I] Duration: 3s (+ 200ms warm up)
[03/03/2026-10:50:07] [I] Sleep time: 0ms
[03/03/2026-10:50:07] [I] Idle time: 0ms
[03/03/2026-10:50:07] [I] Streams: 1
[03/03/2026-10:50:07] [I] ExposeDMA: Disabled
[03/03/2026-10:50:07] [I] Data transfers: Disabled
[03/03/2026-10:50:07] [I] Spin-wait: Disabled
[03/03/2026-10:50:07] [I] Multithreading: Disabled
[03/03/2026-10:50:07] [I] CUDA Graph: Disabled
[03/03/2026-10:50:07] [I] Separate profiling: Disabled
[03/03/2026-10:50:07] [I] Time Deserialize: Disabled
[03/03/2026-10:50:07] [I] Time Refit: Disabled
[03/03/2026-10:50:07] [I] NVTX verbosity: 0
[03/03/2026-10:50:07] [I] Persistent Cache Ratio: 0
[03/03/2026-10:50:07] [I] Inputs:
[03/03/2026-10:50:07] [I] === Reporting Options ===
[03/03/2026-10:50:07] [I] Verbose: Disabled
[03/03/2026-10:50:07] [I] Averages: 10 inferences
[03/03/2026-10:50:07] [I] Percentiles: 90,95,99
[03/03/2026-10:50:07] [I] Dump refittable layers:Disabled
[03/03/2026-10:50:07] [I] Dump output: Disabled
[03/03/2026-10:50:07] [I] Profile: Disabled
[03/03/2026-10:50:07] [I] Export timing to JSON file: 
[03/03/2026-10:50:07] [I] Export output to JSON file: 
[03/03/2026-10:50:07] [I] Export profile to JSON file: 
[03/03/2026-10:50:07] [I] 
[03/03/2026-10:50:07] [I] === Device Information ===
[03/03/2026-10:50:07] [I] Selected Device: Orin
[03/03/2026-10:50:07] [I] Compute Capability: 8.7
[03/03/2026-10:50:07] [I] SMs: 4
[03/03/2026-10:50:07] [I] Compute Clock Rate: 0.624 GHz
[03/03/2026-10:50:07] [I] Device Global Memory: 3425 MiB
[03/03/2026-10:50:07] [I] Shared Memory per SM: 164 KiB
[03/03/2026-10:50:07] [I] Memory Bus Width: 128 bits (ECC disabled)
[03/03/2026-10:50:07] [I] Memory Clock Rate: 0.624 GHz
[03/03/2026-10:50:07] [I] 
[03/03/2026-10:50:07] [I] TensorRT version: 8.5.2
[03/03/2026-10:50:07] [I] [TRT] [MemUsageChange] Init CUDA: CPU +220, GPU +0, now: CPU 249, GPU 1550 (MiB)
[03/03/2026-10:50:10] [I] [TRT] [MemUsageChange] Init builder kernel library: CPU +302, GPU +111, now: CPU 574, GPU 1682 (MiB)
[03/03/2026-10:50:10] [I] Start parsing network model
[03/03/2026-10:50:10] [I] [TRT] ----------------------------------------------------------------
[03/03/2026-10:50:10] [I] [TRT] Input filename:   /home/user/Edge-ML/models/v5/CNN-GRU/bs32/CNN-GRU.onnx
[03/03/2026-10:50:10] [I] [TRT] ONNX IR version:  0.0.7
[03/03/2026-10:50:10] [I] [TRT] Opset version:    12
[03/03/2026-10:50:10] [I] [TRT] Producer name:    pytorch
[03/03/2026-10:50:10] [I] [TRT] Producer version: 2.5.1
[03/03/2026-10:50:10] [I] [TRT] Domain:           
[03/03/2026-10:50:10] [I] [TRT] Model version:    0
[03/03/2026-10:50:10] [I] [TRT] Doc string:       
[03/03/2026-10:50:10] [I] [TRT] ----------------------------------------------------------------
[03/03/2026-10:50:10] [W] [TRT] onnx2trt_utils.cpp:375: Your ONNX model has been generated with INT64 weights, while TensorRT does not natively support INT64. Attempting to cast down to INT32.
[03/03/2026-10:50:10] [I] Finish parsing network model
[03/03/2026-10:50:10] [I] [TRT] ---------- Layers Running on DLA ----------
[03/03/2026-10:50:10] [I] [TRT] ---------- Layers Running on GPU ----------
[03/03/2026-10:50:10] [I] [TRT] [GpuLayer] SHUFFLE: /Unsqueeze + (Unnamed Layer* 1) [Shuffle]
[03/03/2026-10:50:10] [I] [TRT] [GpuLayer] SHUFFLE: shuffle_between_(Unnamed Layer* 1) [Shuffle]_output_and_/cnn/cnn.0/Conv + /cnn/cnn.2/Relu
[03/03/2026-10:50:10] [I] [TRT] [GpuLayer] CONVOLUTION: /cnn/cnn.0/Conv + /cnn/cnn.2/Relu
[03/03/2026-10:50:10] [I] [TRT] [GpuLayer] SHUFFLE: shuffle_after_/cnn/cnn.2/Relu_out_tensor
[03/03/2026-10:50:10] [I] [TRT] [GpuLayer] SHUFFLE: shuffle_between_/cnn/cnn.2/Relu_out_tensor_and_/cnn/cnn.4/Conv + /cnn/cnn.6/Relu
[03/03/2026-10:50:10] [I] [TRT] [GpuLayer] CONVOLUTION: /cnn/cnn.4/Conv + /cnn/cnn.6/Relu
[03/03/2026-10:50:10] [I] [TRT] [GpuLayer] SHUFFLE: shuffle_after_/cnn/cnn.6/Relu_out_tensor
[03/03/2026-10:50:10] [I] [TRT] [GpuLayer] SHUFFLE: shuffle_between_/cnn/cnn.6/Relu_out_tensor_and_/cnn/cnn.8/Conv
[03/03/2026-10:50:10] [I] [TRT] [GpuLayer] CONVOLUTION: /cnn/cnn.8/Conv
[03/03/2026-10:50:10] [I] [TRT] [GpuLayer] SHUFFLE: shuffle_after_(Unnamed Layer* 10) [Convolution]_output
[03/03/2026-10:50:10] [I] [TRT] [GpuLayer] MYELIN: {ForeignNode[(Unnamed Layer* 53) [Constant].../Squeeze]}
[03/03/2026-10:50:11] [I] [TRT] [MemUsageChange] Init cuBLAS/cuBLASLt: CPU +534, GPU +829, now: CPU 1109, GPU 2513 (MiB)
[03/03/2026-10:50:12] [I] [TRT] [MemUsageChange] Init cuDNN: CPU +82, GPU +213, now: CPU 1191, GPU 2726 (MiB)
[03/03/2026-10:50:12] [I] [TRT] Local timing cache in use. Profiling results in this builder pass will not be stored.
[03/03/2026-10:50:18] [W] [TRT] Tactic Device request: 391MB Available: 364MB. Device memory is insufficient to use tactic.
[03/03/2026-10:50:18] [W] [TRT] Skipping tactic 8 due to insufficient memory on requested size of 391 detected for tactic 0x000000000000003c.
Try decreasing the workspace size with IBuilderConfig::setMemoryPoolLimit().
[03/03/2026-10:50:18] [W] [TRT] Tactic Device request: 391MB Available: 363MB. Device memory is insufficient to use tactic.
[03/03/2026-10:50:18] [W] [TRT] Skipping tactic 13 due to insufficient memory on requested size of 391 detected for tactic 0x0000000000000074.
Try decreasing the workspace size with IBuilderConfig::setMemoryPoolLimit().
[03/03/2026-10:50:23] [I] [TRT] Total Activation Memory: 4297675776
[03/03/2026-10:50:23] [I] [TRT] Detected 1 inputs and 1 output network tensors.
[03/03/2026-10:50:23] [I] [TRT] Total Host Persistent Memory: 8928
[03/03/2026-10:50:23] [I] [TRT] Total Device Persistent Memory: 0
[03/03/2026-10:50:23] [I] [TRT] Total Scratch Memory: 8129536
[03/03/2026-10:50:23] [I] [TRT] [MemUsageStats] Peak memory usage of TRT CPU/GPU memory allocators: CPU 0 MiB, GPU 395 MiB
[03/03/2026-10:50:23] [I] [TRT] [BlockAssignment] Started assigning block shifts. This will take 15 steps to complete.
[03/03/2026-10:50:23] [I] [TRT] [BlockAssignment] Algorithm ShiftNTopDown took 0.321929ms to assign 4 blocks to 15 nodes requiring 9113600 bytes.
[03/03/2026-10:50:23] [I] [TRT] Total Activation Memory: 9113600
[03/03/2026-10:50:23] [I] [TRT] [MemUsageChange] TensorRT-managed allocation in building engine: CPU +0, GPU +4, now: CPU 0, GPU 4 (MiB)
[03/03/2026-10:50:23] [I] Engine built in 16.3091 sec.
[03/03/2026-10:50:24] [I] [TRT] Loaded engine size: 0 MiB
[03/03/2026-10:50:24] [I] [TRT] [MemUsageChange] TensorRT-managed allocation in engine deserialization: CPU +0, GPU +0, now: CPU 0, GPU 0 (MiB)
[03/03/2026-10:50:24] [I] Engine deserialized in 0.00894378 sec.
[03/03/2026-10:50:24] [I] [TRT] [MemUsageChange] TensorRT-managed allocation in IExecutionContext creation: CPU +0, GPU +8, now: CPU 0, GPU 8 (MiB)
[03/03/2026-10:50:24] [I] Setting persistentCacheLimit to 0 bytes.
[03/03/2026-10:50:24] [I] Using random values for input input
[03/03/2026-10:50:24] [I] Created input binding for input with dimensions 32x120
[03/03/2026-10:50:24] [I] Using random values for output capacity
[03/03/2026-10:50:24] [I] Created output binding for capacity with dimensions 32
[03/03/2026-10:50:24] [I] [TRT] The profiling verbosity was set to ProfilingVerbosity::kLAYER_NAMES_ONLY when the engine was built, so only the layer names will be returned. Rebuild the engine with ProfilingVerbosity::kDETAILED to get more verbose layer information.
[03/03/2026-10:50:24] [I] Starting inference
[03/03/2026-10:50:27] [I] Warmup completed 28 queries over 200 ms
[03/03/2026-10:50:27] [I] Timing trace has 415 queries over 3.01564 s
[03/03/2026-10:50:27] [I] 
[03/03/2026-10:50:27] [I] === Trace details ===
[03/03/2026-10:50:27] [I] Trace averages of 10 runs:
[03/03/2026-10:50:27] [I] Average on 10 runs - GPU latency: 7.23676 ms - Host latency: 7.23676 ms (enqueue 7.22951 ms)
[03/03/2026-10:50:27] [I] Average on 10 runs - GPU latency: 7.2331 ms - Host latency: 7.2331 ms (enqueue 7.2257 ms)
[03/03/2026-10:50:27] [I] Average on 10 runs - GPU latency: 7.24457 ms - Host latency: 7.24457 ms (enqueue 7.23703 ms)
[03/03/2026-10:50:27] [I] Average on 10 runs - GPU latency: 7.24219 ms - Host latency: 7.24219 ms (enqueue 7.23475 ms)
[03/03/2026-10:50:27] [I] Average on 10 runs - GPU latency: 7.24832 ms - Host latency: 7.24832 ms (enqueue 7.26759 ms)
[03/03/2026-10:50:27] [I] Average on 10 runs - GPU latency: 7.24471 ms - Host latency: 7.24471 ms (enqueue 7.23647 ms)
[03/03/2026-10:50:27] [I] Average on 10 runs - GPU latency: 7.24366 ms - Host latency: 7.24366 ms (enqueue 7.23658 ms)
[03/03/2026-10:50:27] [I] Average on 10 runs - GPU latency: 7.24219 ms - Host latency: 7.24219 ms (enqueue 7.23482 ms)
[03/03/2026-10:50:27] [I] Average on 10 runs - GPU latency: 7.2563 ms - Host latency: 7.2563 ms (enqueue 7.30494 ms)
[03/03/2026-10:50:27] [I] Average on 10 runs - GPU latency: 7.24436 ms - Host latency: 7.24436 ms (enqueue 7.23701 ms)
[03/03/2026-10:50:27] [I] Average on 10 runs - GPU latency: 7.2425 ms - Host latency: 7.2425 ms (enqueue 7.26476 ms)
[03/03/2026-10:50:27] [I] Average on 10 runs - GPU latency: 7.24668 ms - Host latency: 7.24668 ms (enqueue 7.23944 ms)
[03/03/2026-10:50:27] [I] Average on 10 runs - GPU latency: 7.24154 ms - Host latency: 7.24154 ms (enqueue 7.23402 ms)
[03/03/2026-10:50:27] [I] Average on 10 runs - GPU latency: 7.24222 ms - Host latency: 7.24222 ms (enqueue 7.23506 ms)
[03/03/2026-10:50:27] [I] Average on 10 runs - GPU latency: 7.24004 ms - Host latency: 7.24004 ms (enqueue 7.2327 ms)
[03/03/2026-10:50:27] [I] Average on 10 runs - GPU latency: 7.23188 ms - Host latency: 7.23188 ms (enqueue 7.22441 ms)
[03/03/2026-10:50:27] [I] Average on 10 runs - GPU latency: 7.23795 ms - Host latency: 7.23795 ms (enqueue 7.23019 ms)
[03/03/2026-10:50:27] [I] Average on 10 runs - GPU latency: 7.24185 ms - Host latency: 7.24185 ms (enqueue 7.26311 ms)
[03/03/2026-10:50:27] [I] Average on 10 runs - GPU latency: 7.24248 ms - Host latency: 7.24248 ms (enqueue 7.2351 ms)
[03/03/2026-10:50:27] [I] Average on 10 runs - GPU latency: 7.24087 ms - Host latency: 7.24087 ms (enqueue 7.2335 ms)
[03/03/2026-10:50:27] [I] Average on 10 runs - GPU latency: 7.23616 ms - Host latency: 7.23616 ms (enqueue 7.22935 ms)
[03/03/2026-10:50:27] [I] Average on 10 runs - GPU latency: 7.23934 ms - Host latency: 7.23934 ms (enqueue 7.23245 ms)
[03/03/2026-10:50:27] [I] Average on 10 runs - GPU latency: 7.24086 ms - Host latency: 7.24086 ms (enqueue 7.23373 ms)
[03/03/2026-10:50:27] [I] Average on 10 runs - GPU latency: 7.23687 ms - Host latency: 7.23687 ms (enqueue 7.22963 ms)
[03/03/2026-10:50:27] [I] Average on 10 runs - GPU latency: 7.2392 ms - Host latency: 7.2392 ms (enqueue 7.23218 ms)
[03/03/2026-10:50:27] [I] Average on 10 runs - GPU latency: 7.25068 ms - Host latency: 7.25068 ms (enqueue 7.24369 ms)
[03/03/2026-10:50:27] [I] Average on 10 runs - GPU latency: 7.23694 ms - Host latency: 7.23694 ms (enqueue 7.22996 ms)
[03/03/2026-10:50:27] [I] Average on 10 runs - GPU latency: 7.24111 ms - Host latency: 7.24111 ms (enqueue 7.23391 ms)
[03/03/2026-10:50:27] [I] Average on 10 runs - GPU latency: 7.23577 ms - Host latency: 7.23577 ms (enqueue 7.22866 ms)
[03/03/2026-10:50:27] [I] Average on 10 runs - GPU latency: 7.23762 ms - Host latency: 7.23762 ms (enqueue 7.23027 ms)
[03/03/2026-10:50:27] [I] Average on 10 runs - GPU latency: 7.23628 ms - Host latency: 7.23628 ms (enqueue 7.22922 ms)
[03/03/2026-10:50:27] [I] Average on 10 runs - GPU latency: 7.23811 ms - Host latency: 7.23811 ms (enqueue 7.2313 ms)
[03/03/2026-10:50:27] [I] Average on 10 runs - GPU latency: 7.24214 ms - Host latency: 7.24214 ms (enqueue 7.23486 ms)
[03/03/2026-10:50:27] [I] Average on 10 runs - GPU latency: 7.23889 ms - Host latency: 7.23889 ms (enqueue 7.23167 ms)
[03/03/2026-10:50:27] [I] Average on 10 runs - GPU latency: 7.2374 ms - Host latency: 7.2374 ms (enqueue 7.2583 ms)
[03/03/2026-10:50:27] [I] Average on 10 runs - GPU latency: 7.23828 ms - Host latency: 7.23828 ms (enqueue 7.2313 ms)
[03/03/2026-10:50:27] [I] Average on 10 runs - GPU latency: 7.28865 ms - Host latency: 7.28865 ms (enqueue 7.36311 ms)
[03/03/2026-10:50:27] [I] Average on 10 runs - GPU latency: 7.24031 ms - Host latency: 7.24031 ms (enqueue 7.2604 ms)
[03/03/2026-10:50:27] [I] Average on 10 runs - GPU latency: 7.24202 ms - Host latency: 7.24202 ms (enqueue 7.26392 ms)
[03/03/2026-10:50:27] [I] Average on 10 runs - GPU latency: 7.30317 ms - Host latency: 7.30317 ms (enqueue 7.31865 ms)
[03/03/2026-10:50:27] [I] Average on 10 runs - GPU latency: 7.24143 ms - Host latency: 7.24143 ms (enqueue 7.26287 ms)
[03/03/2026-10:50:27] [I] 
[03/03/2026-10:50:27] [I] === Performance summary ===
[03/03/2026-10:50:27] [I] Throughput: 137.616 qps
[03/03/2026-10:50:27] [I] Latency: min = 7.19019 ms, max = 7.56372 ms, mean = 7.24359 ms, median = 7.23975 ms, percentile(90%) = 7.26489 ms, percentile(95%) = 7.27313 ms, percentile(99%) = 7.29663 ms
[03/03/2026-10:50:27] [I] Enqueue Time: min = 7.18359 ms, max = 7.58325 ms, mean = 7.24496 ms, median = 7.23218 ms, percentile(90%) = 7.25806 ms, percentile(95%) = 7.27002 ms, percentile(99%) = 7.54974 ms
[03/03/2026-10:50:27] [I] H2D Latency: min = 0 ms, max = 0 ms, mean = 0 ms, median = 0 ms, percentile(90%) = 0 ms, percentile(95%) = 0 ms, percentile(99%) = 0 ms
[03/03/2026-10:50:27] [I] GPU Compute Time: min = 7.19019 ms, max = 7.56372 ms, mean = 7.24359 ms, median = 7.23975 ms, percentile(90%) = 7.26489 ms, percentile(95%) = 7.27313 ms, percentile(99%) = 7.29663 ms
[03/03/2026-10:50:27] [I] D2H Latency: min = 0 ms, max = 0 ms, mean = 0 ms, median = 0 ms, percentile(90%) = 0 ms, percentile(95%) = 0 ms, percentile(99%) = 0 ms
[03/03/2026-10:50:27] [I] Total Host Walltime: 3.01564 s
[03/03/2026-10:50:27] [I] Total GPU Compute Time: 3.00609 s
[03/03/2026-10:50:27] [W] * Throughput may be bound by Enqueue Time rather than GPU Compute and the GPU may be under-utilized.
[03/03/2026-10:50:27] [W]   If not already in use, --useCudaGraph (utilize CUDA graphs where possible) may increase the throughput.
[03/03/2026-10:50:27] [I] Explanations of the performance metrics are printed in the verbose logs.
[03/03/2026-10:50:27] [I] 
&&&& PASSED TensorRT.trtexec [TensorRT v8502] # /usr/src/tensorrt/bin/trtexec --onnx=/home/user/Edge-ML/models/v5/CNN-GRU/bs32/CNN-GRU.onnx --saveEngine=/home/user/Edge-ML/models/v5/CNN-GRU/bs32/CNN-GRU_fp32.engine --exportLayerInfo=/home/user/Edge-ML/models/v5/CNN-GRU/bs32/logs/quantisation_fp32_layers.json --memPoolSize=workspace:4096MiB --tacticSources=+CUBLAS,+CUBLAS_LT,+CUDNN --noDataTransfers
