03-03-2026 14:48:09 RAM 1802/3425MB (lfb 85x1MB) SWAP 227/1713MB (cached 1MB) CPU [0%@1510,0%@1510,50%@1510,0%@1510,0%@1510,0%@1510] EMC_FREQ 0% GR3D_FREQ 87%@[0] CV0@-256C CPU@50.5C SOC2@49.781C SOC0@47.656C CV1@-256C GPU@50.718C tj@50.718C SOC1@50.468C CV2@-256C
03-03-2026 14:48:09 RAM 1802/3425MB (lfb 85x1MB) SWAP 227/1713MB (cached 1MB) CPU [0%@1510,0%@1510,60%@1510,0%@1510,0%@1510,0%@1510] EMC_FREQ 0% GR3D_FREQ 87%@[0] CV0@-256C CPU@50.062C SOC2@49.687C SOC0@47.562C CV1@-256C GPU@50.843C tj@50.843C SOC1@50.593C CV2@-256C
03-03-2026 14:48:09 RAM 1802/3425MB (lfb 85x1MB) SWAP 227/1713MB (cached 1MB) CPU [0%@1510,0%@1510,40%@1510,0%@1510,0%@1510,0%@1510] EMC_FREQ 0% GR3D_FREQ 86%@[0] CV0@-256C CPU@50.593C SOC2@49.75C SOC0@47.656C CV1@-256C GPU@50.25C tj@50.593C SOC1@50.5C CV2@-256C
03-03-2026 14:48:09 RAM 1802/3425MB (lfb 85x1MB) SWAP 227/1713MB (cached 1MB) CPU [0%@1510,0%@1510,60%@1510,0%@1510,0%@1510,0%@1510] EMC_FREQ 0% GR3D_FREQ 87%@[0] CV0@-256C CPU@50.093C SOC2@49.75C SOC0@47.593C CV1@-256C GPU@50.343C tj@50.781C SOC1@50.781C CV2@-256C
03-03-2026 14:48:09 RAM 1802/3425MB (lfb 85x1MB) SWAP 227/1713MB (cached 1MB) CPU [0%@1510,0%@1510,50%@1510,0%@1510,0%@1510,0%@1510] EMC_FREQ 0% GR3D_FREQ 87%@[0] CV0@-256C CPU@50.093C SOC2@49.843C SOC0@47.718C CV1@-256C GPU@50.781C tj@50.781C SOC1@50.5C CV2@-256C
03-03-2026 14:48:09 RAM 1802/3425MB (lfb 85x1MB) SWAP 227/1713MB (cached 1MB) CPU [14%@1510,0%@1510,40%@1510,0%@1510,0%@1510,0%@1510] EMC_FREQ 0% GR3D_FREQ 86%@[0] CV0@-256C CPU@50.125C SOC2@49.781C SOC0@47.562C CV1@-256C GPU@50.343C tj@50.437C SOC1@50.437C CV2@-256C
03-03-2026 14:48:10 RAM 1802/3425MB (lfb 85x1MB) SWAP 227/1713MB (cached 1MB) CPU [0%@1510,0%@1510,60%@1510,0%@1510,0%@1510,0%@1510] EMC_FREQ 0% GR3D_FREQ 86%@[0] CV0@-256C CPU@50.125C SOC2@49.937C SOC0@47.781C CV1@-256C GPU@50.312C tj@50.593C SOC1@50.593C CV2@-256C
03-03-2026 14:48:10 RAM 1802/3425MB (lfb 85x1MB) SWAP 227/1713MB (cached 1MB) CPU [0%@1510,0%@1510,50%@1510,0%@1510,0%@1510,0%@1510] EMC_FREQ 0% GR3D_FREQ 87%@[0] CV0@-256C CPU@50.156C SOC2@49.875C SOC0@47.625C CV1@-256C GPU@50.531C tj@50.593C SOC1@50.593C CV2@-256C
03-03-2026 14:48:10 RAM 1802/3425MB (lfb 85x1MB) SWAP 227/1713MB (cached 1MB) CPU [0%@1510,0%@1510,60%@1510,0%@1510,0%@1510,0%@1510] EMC_FREQ 0% GR3D_FREQ 87%@[0] CV0@-256C CPU@50.093C SOC2@49.781C SOC0@47.625C CV1@-256C GPU@50.531C tj@50.656C SOC1@50.656C CV2@-256C
03-03-2026 14:48:10 RAM 1802/3425MB (lfb 85x1MB) SWAP 227/1713MB (cached 1MB) CPU [0%@1510,0%@1510,50%@1510,0%@1510,0%@1510,0%@1510] EMC_FREQ 0% GR3D_FREQ 87%@[0] CV0@-256C CPU@50.218C SOC2@49.812C SOC0@47.687C CV1@-256C GPU@50.718C tj@50.718C SOC1@50.562C CV2@-256C
03-03-2026 14:48:10 RAM 1802/3425MB (lfb 85x1MB) SWAP 227/1713MB (cached 1MB) CPU [16%@1510,0%@1510,50%@1510,0%@1510,0%@1510,0%@1510] EMC_FREQ 0% GR3D_FREQ 86%@[0] CV0@-256C CPU@50.187C SOC2@49.75C SOC0@47.625C CV1@-256C GPU@50.718C tj@50.718C SOC1@50.656C CV2@-256C
03-03-2026 14:48:10 RAM 1802/3425MB (lfb 85x1MB) SWAP 227/1713MB (cached 1MB) CPU [0%@1510,0%@1510,50%@1510,0%@1510,0%@1510,0%@1510] EMC_FREQ 0% GR3D_FREQ 86%@[0] CV0@-256C CPU@50.156C SOC2@49.812C SOC0@47.656C CV1@-256C GPU@50.437C tj@50.468C SOC1@50.468C CV2@-256C
03-03-2026 14:48:10 RAM 1802/3425MB (lfb 85x1MB) SWAP 227/1713MB (cached 1MB) CPU [0%@1510,0%@1510,60%@1510,0%@1510,0%@1510,0%@1510] EMC_FREQ 0% GR3D_FREQ 86%@[0] CV0@-256C CPU@50.187C SOC2@49.75C SOC0@47.593C CV1@-256C GPU@50.687C tj@50.687C SOC1@50.468C CV2@-256C
03-03-2026 14:48:10 RAM 1802/3425MB (lfb 85x1MB) SWAP 227/1713MB (cached 1MB) CPU [0%@1510,0%@1510,40%@1510,0%@1510,0%@1510,0%@1510] EMC_FREQ 0% GR3D_FREQ 87%@[0] CV0@-256C CPU@50.031C SOC2@49.812C SOC0@47.812C CV1@-256C GPU@50.718C tj@50.718C SOC1@50.593C CV2@-256C
03-03-2026 14:48:10 RAM 1802/3425MB (lfb 85x1MB) SWAP 227/1713MB (cached 1MB) CPU [0%@1510,0%@1510,50%@1510,0%@1510,0%@1510,0%@1510] EMC_FREQ 0% GR3D_FREQ 86%@[0] CV0@-256C CPU@50.281C SOC2@49.781C SOC0@47.593C CV1@-256C GPU@50.281C tj@50.437C SOC1@50.437C CV2@-256C
03-03-2026 14:48:10 RAM 1802/3425MB (lfb 85x1MB) SWAP 227/1713MB (cached 1MB) CPU [0%@1510,0%@1510,50%@1510,0%@1510,0%@1510,0%@1510] EMC_FREQ 0% GR3D_FREQ 87%@[0] CV0@-256C CPU@50.156C SOC2@49.75C SOC0@47.843C CV1@-256C GPU@50.343C tj@50.656C SOC1@50.656C CV2@-256C
03-03-2026 14:48:10 RAM 1802/3425MB (lfb 85x1MB) SWAP 227/1713MB (cached 1MB) CPU [0%@1510,0%@1510,50%@1510,0%@1510,0%@1510,0%@1510] EMC_FREQ 0% GR3D_FREQ 87%@[0] CV0@-256C CPU@50.437C SOC2@49.75C SOC0@47.656C CV1@-256C GPU@50.375C tj@50.562C SOC1@50.562C CV2@-256C
03-03-2026 14:48:10 RAM 1802/3425MB (lfb 85x1MB) SWAP 227/1713MB (cached 1MB) CPU [0%@1510,0%@1510,50%@1510,0%@1510,0%@1510,0%@1510] EMC_FREQ 0% GR3D_FREQ 87%@[0] CV0@-256C CPU@50.156C SOC2@49.75C SOC0@47.593C CV1@-256C GPU@50.312C tj@50.687C SOC1@50.687C CV2@-256C
03-03-2026 14:48:10 RAM 1802/3425MB (lfb 85x1MB) SWAP 227/1713MB (cached 1MB) CPU [0%@1510,0%@1510,40%@1510,0%@1510,0%@1510,0%@1510] EMC_FREQ 0% GR3D_FREQ 87%@[0] CV0@-256C CPU@50.5C SOC2@49.75C SOC0@47.656C CV1@-256C GPU@50.312C tj@50.562C SOC1@50.562C CV2@-256C
03-03-2026 14:48:10 RAM 1802/3425MB (lfb 85x1MB) SWAP 227/1713MB (cached 1MB) CPU [0%@1510,0%@1510,60%@1510,0%@1510,0%@1510,0%@1510] EMC_FREQ 0% GR3D_FREQ 86%@[0] CV0@-256C CPU@50.25C SOC2@49.812C SOC0@47.625C CV1@-256C GPU@50.406C tj@50.718C SOC1@50.718C CV2@-256C
03-03-2026 14:48:10 RAM 1802/3425MB (lfb 85x1MB) SWAP 227/1713MB (cached 1MB) CPU [0%@1510,0%@1510,50%@1510,0%@1510,0%@1510,0%@1510] EMC_FREQ 0% GR3D_FREQ 87%@[0] CV0@-256C CPU@50.062C SOC2@49.75C SOC0@47.843C CV1@-256C GPU@50.468C tj@50.625C SOC1@50.625C CV2@-256C
03-03-2026 14:48:10 RAM 1802/3425MB (lfb 85x1MB) SWAP 227/1713MB (cached 1MB) CPU [0%@1510,0%@1510,60%@1510,0%@1510,0%@1510,0%@1510] EMC_FREQ 0% GR3D_FREQ 87%@[0] CV0@-256C CPU@50.468C SOC2@49.781C SOC0@47.687C CV1@-256C GPU@50.656C tj@50.843C SOC1@50.843C CV2@-256C
03-03-2026 14:48:10 RAM 1802/3425MB (lfb 85x1MB) SWAP 227/1713MB (cached 1MB) CPU [0%@1510,0%@1510,50%@1510,0%@1510,0%@1510,0%@1510] EMC_FREQ 0% GR3D_FREQ 87%@[0] CV0@-256C CPU@50.062C SOC2@49.781C SOC0@47.843C CV1@-256C GPU@50.718C tj@50.718C SOC1@50.656C CV2@-256C
03-03-2026 14:48:10 RAM 1802/3425MB (lfb 85x1MB) SWAP 227/1713MB (cached 1MB) CPU [0%@1510,0%@1510,50%@1510,0%@1510,0%@1510,0%@1510] EMC_FREQ 0% GR3D_FREQ 86%@[0] CV0@-256C CPU@50.593C SOC2@49.812C SOC0@47.75C CV1@-256C GPU@50.281C tj@50.593C SOC1@50.593C CV2@-256C
03-03-2026 14:48:10 RAM 1802/3425MB (lfb 85x1MB) SWAP 227/1713MB (cached 1MB) CPU [0%@1510,0%@1510,50%@1510,0%@1510,0%@1510,0%@1510] EMC_FREQ 0% GR3D_FREQ 86%@[0] CV0@-256C CPU@50.125C SOC2@49.781C SOC0@47.593C CV1@-256C GPU@50.656C tj@50.687C SOC1@50.687C CV2@-256C
03-03-2026 14:48:10 RAM 1802/3425MB (lfb 85x1MB) SWAP 227/1713MB (cached 1MB) CPU [0%@1510,0%@1510,60%@1510,0%@1510,0%@1510,0%@1510] EMC_FREQ 0% GR3D_FREQ 86%@[0] CV0@-256C CPU@50.062C SOC2@49.843C SOC0@47.781C CV1@-256C GPU@50.781C tj@50.781C SOC1@50.656C CV2@-256C
03-03-2026 14:48:11 RAM 1802/3425MB (lfb 85x1MB) SWAP 227/1713MB (cached 1MB) CPU [0%@1510,0%@1510,40%@1510,0%@1510,0%@1510,0%@1510] EMC_FREQ 0% GR3D_FREQ 86%@[0] CV0@-256C CPU@50.093C SOC2@49.781C SOC0@47.687C CV1@-256C GPU@50.281C tj@50.718C SOC1@50.718C CV2@-256C
03-03-2026 14:48:11 RAM 1802/3425MB (lfb 85x1MB) SWAP 227/1713MB (cached 1MB) CPU [0%@1510,0%@1510,60%@1510,0%@1510,0%@1510,0%@1510] EMC_FREQ 0% GR3D_FREQ 87%@[0] CV0@-256C CPU@50.062C SOC2@49.875C SOC0@47.812C CV1@-256C GPU@50.375C tj@50.562C SOC1@50.562C CV2@-256C
03-03-2026 14:48:11 RAM 1802/3425MB (lfb 85x1MB) SWAP 227/1713MB (cached 1MB) CPU [0%@1510,0%@1510,40%@1510,0%@1510,0%@1510,0%@1510] EMC_FREQ 0% GR3D_FREQ 87%@[0] CV0@-256C CPU@50.156C SOC2@49.812C SOC0@47.687C CV1@-256C GPU@50.468C tj@50.875C SOC1@50.875C CV2@-256C
03-03-2026 14:48:11 RAM 1802/3425MB (lfb 85x1MB) SWAP 227/1713MB (cached 1MB) CPU [0%@1510,0%@1510,50%@1510,0%@1510,0%@1510,0%@1510] EMC_FREQ 0% GR3D_FREQ 87%@[0] CV0@-256C CPU@50.093C SOC2@50C SOC0@47.843C CV1@-256C GPU@50.5C tj@50.625C SOC1@50.625C CV2@-256C
03-03-2026 14:48:11 RAM 1802/3425MB (lfb 85x1MB) SWAP 227/1713MB (cached 1MB) CPU [0%@1510,0%@1510,50%@1510,0%@1510,0%@1510,0%@1510] EMC_FREQ 0% GR3D_FREQ 86%@[0] CV0@-256C CPU@50.25C SOC2@49.843C SOC0@47.687C CV1@-256C GPU@50.343C tj@50.531C SOC1@50.531C CV2@-256C
03-03-2026 14:48:11 RAM 1802/3425MB (lfb 85x1MB) SWAP 227/1713MB (cached 1MB) CPU [0%@1510,0%@1510,50%@1510,0%@1510,0%@1510,0%@1510] EMC_FREQ 0% GR3D_FREQ 86%@[0] CV0@-256C CPU@50.125C SOC2@49.843C SOC0@47.843C CV1@-256C GPU@50.406C tj@50.718C SOC1@50.718C CV2@-256C
03-03-2026 14:48:11 RAM 1802/3425MB (lfb 85x1MB) SWAP 227/1713MB (cached 1MB) CPU [0%@1510,0%@1510,60%@1510,0%@1510,0%@1510,0%@1510] EMC_FREQ 0% GR3D_FREQ 86%@[0] CV0@-256C CPU@50.375C SOC2@49.75C SOC0@47.687C CV1@-256C GPU@50.468C tj@50.562C SOC1@50.562C CV2@-256C
03-03-2026 14:48:11 RAM 1802/3425MB (lfb 85x1MB) SWAP 227/1713MB (cached 1MB) CPU [0%@1510,0%@1510,40%@1510,0%@1510,0%@1510,0%@1510] EMC_FREQ 0% GR3D_FREQ 86%@[0] CV0@-256C CPU@50.281C SOC2@49.781C SOC0@47.687C CV1@-256C GPU@50.562C tj@50.812C SOC1@50.812C CV2@-256C
03-03-2026 14:48:11 RAM 1802/3425MB (lfb 85x1MB) SWAP 227/1713MB (cached 1MB) CPU [0%@1510,0%@1510,60%@1510,0%@1510,0%@1510,0%@1510] EMC_FREQ 0% GR3D_FREQ 87%@[0] CV0@-256C CPU@50.531C SOC2@49.812C SOC0@47.812C CV1@-256C GPU@50.75C tj@50.75C SOC1@50.625C CV2@-256C
03-03-2026 14:48:11 RAM 1802/3425MB (lfb 85x1MB) SWAP 227/1713MB (cached 1MB) CPU [16%@1510,0%@1510,50%@1510,0%@1510,0%@1510,0%@1510] EMC_FREQ 0% GR3D_FREQ 87%@[0] CV0@-256C CPU@50.312C SOC2@49.812C SOC0@47.656C CV1@-256C GPU@50.25C tj@50.843C SOC1@50.843C CV2@-256C
03-03-2026 14:48:11 RAM 1802/3425MB (lfb 85x1MB) SWAP 227/1713MB (cached 1MB) CPU [0%@1510,0%@1510,50%@1510,0%@1510,0%@1510,0%@1510] EMC_FREQ 0% GR3D_FREQ 87%@[0] CV0@-256C CPU@50C SOC2@49.937C SOC0@47.875C CV1@-256C GPU@50.406C tj@50.687C SOC1@50.687C CV2@-256C
03-03-2026 14:48:11 RAM 1802/3425MB (lfb 85x1MB) SWAP 227/1713MB (cached 1MB) CPU [0%@1510,0%@1510,40%@1510,0%@1510,0%@1510,0%@1510] EMC_FREQ 0% GR3D_FREQ 87%@[0] CV0@-256C CPU@50.343C SOC2@49.875C SOC0@47.718C CV1@-256C GPU@50.781C tj@50.781C SOC1@50.562C CV2@-256C
03-03-2026 14:48:11 RAM 1802/3425MB (lfb 85x1MB) SWAP 227/1713MB (cached 1MB) CPU [0%@1510,0%@1510,50%@1510,0%@1510,0%@1510,0%@1510] EMC_FREQ 0% GR3D_FREQ 86%@[0] CV0@-256C CPU@50.125C SOC2@49.75C SOC0@47.843C CV1@-256C GPU@50.375C tj@50.625C SOC1@50.625C CV2@-256C
03-03-2026 14:48:11 RAM 1802/3425MB (lfb 85x1MB) SWAP 227/1713MB (cached 1MB) CPU [0%@1510,0%@1510,60%@1510,0%@1510,0%@1510,0%@1510] EMC_FREQ 0% GR3D_FREQ 87%@[0] CV0@-256C CPU@50.531C SOC2@49.875C SOC0@47.718C CV1@-256C GPU@50.343C tj@50.562C SOC1@50.562C CV2@-256C
03-03-2026 14:48:11 RAM 1802/3425MB (lfb 85x1MB) SWAP 227/1713MB (cached 1MB) CPU [0%@1510,0%@1510,40%@1510,0%@1510,0%@1510,0%@1510] EMC_FREQ 0% GR3D_FREQ 87%@[0] CV0@-256C CPU@50.125C SOC2@49.843C SOC0@47.656C CV1@-256C GPU@50.5C tj@50.687C SOC1@50.687C CV2@-256C
03-03-2026 14:48:11 RAM 1802/3425MB (lfb 85x1MB) SWAP 227/1713MB (cached 1MB) CPU [0%@1510,0%@1510,60%@1510,0%@1510,0%@1510,0%@1510] EMC_FREQ 0% GR3D_FREQ 86%@[0] CV0@-256C CPU@50.156C SOC2@49.843C SOC0@47.781C CV1@-256C GPU@50.562C tj@50.562C SOC1@50.531C CV2@-256C
03-03-2026 14:48:11 RAM 1802/3425MB (lfb 85x1MB) SWAP 227/1713MB (cached 1MB) CPU [0%@1510,0%@1510,50%@1510,0%@1510,0%@1510,0%@1510] EMC_FREQ 0% GR3D_FREQ 86%@[0] CV0@-256C CPU@50.5C SOC2@49.812C SOC0@47.718C CV1@-256C GPU@50.625C tj@50.812C SOC1@50.812C CV2@-256C
03-03-2026 14:48:11 RAM 1802/3425MB (lfb 85x1MB) SWAP 227/1713MB (cached 1MB) CPU [0%@1510,0%@1510,50%@1510,0%@1510,0%@1510,0%@1510] EMC_FREQ 0% GR3D_FREQ 87%@[0] CV0@-256C CPU@50.125C SOC2@49.843C SOC0@47.812C CV1@-256C GPU@50.5C tj@50.687C SOC1@50.625C CV2@-256C
03-03-2026 14:48:11 RAM 1802/3425MB (lfb 85x1MB) SWAP 227/1713MB (cached 1MB) CPU [0%@1510,0%@1510,50%@1510,0%@1510,0%@1510,0%@1510] EMC_FREQ 0% GR3D_FREQ 87%@[0] CV0@-256C CPU@50.562C SOC2@49.843C SOC0@47.75C CV1@-256C GPU@50.625C tj@50.625C SOC1@50.5C CV2@-256C
03-03-2026 14:48:12 RAM 1802/3425MB (lfb 85x1MB) SWAP 227/1713MB (cached 1MB) CPU [0%@1510,16%@1510,50%@1510,0%@1510,0%@1510,0%@1510] EMC_FREQ 0% GR3D_FREQ 87%@[0] CV0@-256C CPU@50.156C SOC2@49.781C SOC0@47.906C CV1@-256C GPU@50.625C tj@50.656C SOC1@50.656C CV2@-256C
03-03-2026 14:48:12 RAM 1802/3425MB (lfb 85x1MB) SWAP 227/1713MB (cached 1MB) CPU [0%@1510,0%@1510,50%@1510,0%@1510,0%@1510,0%@1510] EMC_FREQ 0% GR3D_FREQ 87%@[0] CV0@-256C CPU@50.093C SOC2@49.75C SOC0@47.75C CV1@-256C GPU@50.781C tj@50.781C SOC1@50.531C CV2@-256C
03-03-2026 14:48:12 RAM 1802/3425MB (lfb 85x1MB) SWAP 227/1713MB (cached 1MB) CPU [0%@1510,16%@1510,50%@1510,0%@1510,0%@1510,0%@1510] EMC_FREQ 0% GR3D_FREQ 86%@[0] CV0@-256C CPU@50.218C SOC2@49.781C SOC0@47.656C CV1@-256C GPU@50.312C tj@50.781C SOC1@50.781C CV2@-256C
03-03-2026 14:48:12 RAM 1802/3425MB (lfb 85x1MB) SWAP 227/1713MB (cached 1MB) CPU [0%@1510,0%@1510,50%@1510,0%@1510,0%@1510,0%@1510] EMC_FREQ 0% GR3D_FREQ 86%@[0] CV0@-256C CPU@50.031C SOC2@49.843C SOC0@47.843C CV1@-256C GPU@50.406C tj@50.593C SOC1@50.593C CV2@-256C
03-03-2026 14:48:12 RAM 1802/3425MB (lfb 85x1MB) SWAP 227/1713MB (cached 1MB) CPU [0%@1510,0%@1510,50%@1510,0%@1510,0%@1510,0%@1510] EMC_FREQ 0% GR3D_FREQ 87%@[0] CV0@-256C CPU@50.187C SOC2@49.875C SOC0@47.687C CV1@-256C GPU@50.812C tj@50.875C SOC1@50.875C CV2@-256C
03-03-2026 14:48:12 RAM 1802/3425MB (lfb 85x1MB) SWAP 227/1713MB (cached 1MB) CPU [0%@1510,0%@1510,50%@1510,0%@1510,0%@1510,0%@1510] EMC_FREQ 0% GR3D_FREQ 87%@[0] CV0@-256C CPU@50.156C SOC2@49.906C SOC0@47.812C CV1@-256C GPU@50.312C tj@50.593C SOC1@50.593C CV2@-256C
03-03-2026 14:48:12 RAM 1802/3425MB (lfb 85x1MB) SWAP 227/1713MB (cached 1MB) CPU [0%@1510,0%@1510,50%@1510,0%@1510,0%@1510,0%@1510] EMC_FREQ 0% GR3D_FREQ 87%@[0] CV0@-256C CPU@50.25C SOC2@49.75C SOC0@47.718C CV1@-256C GPU@50.343C tj@50.562C SOC1@50.562C CV2@-256C
03-03-2026 14:48:12 RAM 1802/3425MB (lfb 85x1MB) SWAP 227/1713MB (cached 1MB) CPU [16%@1510,0%@1510,60%@1510,0%@1510,0%@1510,0%@1510] EMC_FREQ 0% GR3D_FREQ 86%@[0] CV0@-256C CPU@50.156C SOC2@49.781C SOC0@47.906C CV1@-256C GPU@50.437C tj@50.718C SOC1@50.718C CV2@-256C
03-03-2026 14:48:12 RAM 1802/3425MB (lfb 85x1MB) SWAP 227/1713MB (cached 1MB) CPU [0%@1510,0%@1510,50%@1510,0%@1510,0%@1510,0%@1510] EMC_FREQ 0% GR3D_FREQ 87%@[0] CV0@-256C CPU@50.343C SOC2@49.875C SOC0@47.781C CV1@-256C GPU@50.593C tj@50.593C SOC1@50.593C CV2@-256C
03-03-2026 14:48:12 RAM 1802/3425MB (lfb 85x1MB) SWAP 227/1713MB (cached 1MB) CPU [0%@1510,0%@1510,50%@1510,0%@1510,0%@1510,0%@1510] EMC_FREQ 0% GR3D_FREQ 86%@[0] CV0@-256C CPU@50.218C SOC2@49.781C SOC0@47.656C CV1@-256C GPU@50.687C tj@50.75C SOC1@50.75C CV2@-256C
03-03-2026 14:48:12 RAM 1802/3425MB (lfb 85x1MB) SWAP 227/1713MB (cached 1MB) CPU [0%@1510,0%@1510,50%@1510,0%@1510,0%@1510,0%@1510] EMC_FREQ 0% GR3D_FREQ 86%@[0] CV0@-256C CPU@50.5C SOC2@49.781C SOC0@47.812C CV1@-256C GPU@50.5C tj@50.562C SOC1@50.593C CV2@-256C
03-03-2026 14:48:12 RAM 1802/3425MB (lfb 85x1MB) SWAP 227/1713MB (cached 1MB) CPU [16%@1510,0%@1510,40%@1510,0%@1510,0%@1510,0%@1510] EMC_FREQ 0% GR3D_FREQ 87%@[0] CV0@-256C CPU@50.312C SOC2@49.812C SOC0@47.687C CV1@-256C GPU@50.5C tj@50.781C SOC1@50.781C CV2@-256C
03-03-2026 14:48:12 RAM 1802/3425MB (lfb 85x1MB) SWAP 227/1713MB (cached 1MB) CPU [0%@1510,0%@1510,60%@1510,0%@1510,0%@1510,0%@1510] EMC_FREQ 0% GR3D_FREQ 87%@[0] CV0@-256C CPU@50.031C SOC2@49.906C SOC0@47.781C CV1@-256C GPU@50.625C tj@50.687C SOC1@50.687C CV2@-256C
03-03-2026 14:48:12 RAM 1802/3425MB (lfb 85x1MB) SWAP 227/1713MB (cached 1MB) CPU [0%@1510,0%@1510,50%@1510,0%@1510,0%@1510,0%@1510] EMC_FREQ 0% GR3D_FREQ 87%@[0] CV0@-256C CPU@50.5C SOC2@49.875C SOC0@47.718C CV1@-256C GPU@50.75C tj@50.75C SOC1@50.562C CV2@-256C
03-03-2026 14:48:12 RAM 1802/3425MB (lfb 85x1MB) SWAP 227/1713MB (cached 1MB) CPU [0%@1510,0%@1510,60%@1510,0%@1510,0%@1510,0%@1510] EMC_FREQ 0% GR3D_FREQ 86%@[0] CV0@-256C CPU@50.031C SOC2@49.812C SOC0@47.875C CV1@-256C GPU@50.343C tj@50.687C SOC1@50.687C CV2@-256C
03-03-2026 14:48:12 RAM 1802/3425MB (lfb 85x1MB) SWAP 227/1713MB (cached 1MB) CPU [0%@1510,0%@1510,50%@1510,0%@1510,0%@1510,0%@1510] EMC_FREQ 0% GR3D_FREQ 87%@[0] CV0@-256C CPU@50.531C SOC2@49.812C SOC0@47.75C CV1@-256C GPU@50.5C tj@50.593C SOC1@50.593C CV2@-256C
03-03-2026 14:48:12 RAM 1802/3425MB (lfb 85x1MB) SWAP 227/1713MB (cached 1MB) CPU [0%@1510,0%@1510,60%@1510,0%@1510,0%@1510,0%@1510] EMC_FREQ 0% GR3D_FREQ 86%@[0] CV0@-256C CPU@50.125C SOC2@49.781C SOC0@47.656C CV1@-256C GPU@50.437C tj@50.718C SOC1@50.718C CV2@-256C
03-03-2026 14:48:12 RAM 1802/3425MB (lfb 85x1MB) SWAP 227/1713MB (cached 1MB) CPU [0%@1510,0%@1510,40%@1510,0%@1510,0%@1510,0%@1510] EMC_FREQ 0% GR3D_FREQ 86%@[0] CV0@-256C CPU@50.031C SOC2@49.812C SOC0@47.781C CV1@-256C GPU@50.437C tj@50.625C SOC1@50.625C CV2@-256C
03-03-2026 14:48:12 RAM 1802/3425MB (lfb 85x1MB) SWAP 227/1713MB (cached 1MB) CPU [0%@1510,0%@1510,50%@1510,0%@1510,0%@1510,0%@1510] EMC_FREQ 0% GR3D_FREQ 86%@[0] CV0@-256C CPU@50.125C SOC2@49.843C SOC0@47.656C CV1@-256C GPU@50.437C tj@50.781C SOC1@50.781C CV2@-256C
03-03-2026 14:48:13 RAM 1802/3425MB (lfb 85x1MB) SWAP 227/1713MB (cached 1MB) CPU [0%@1510,0%@1510,60%@1510,0%@1510,0%@1510,0%@1510] EMC_FREQ 0% GR3D_FREQ 86%@[0] CV0@-256C CPU@50.187C SOC2@49.937C SOC0@47.812C CV1@-256C GPU@50.375C tj@50.625C SOC1@50.625C CV2@-256C
03-03-2026 14:48:13 RAM 1802/3425MB (lfb 85x1MB) SWAP 227/1713MB (cached 1MB) CPU [0%@1510,0%@1510,40%@1510,0%@1510,0%@1510,0%@1510] EMC_FREQ 0% GR3D_FREQ 87%@[0] CV0@-256C CPU@50.218C SOC2@49.812C SOC0@47.718C CV1@-256C GPU@50.531C tj@50.593C SOC1@50.562C CV2@-256C
03-03-2026 14:48:13 RAM 1802/3425MB (lfb 85x1MB) SWAP 227/1713MB (cached 1MB) CPU [0%@1510,0%@1510,60%@1510,0%@1510,0%@1510,0%@1510] EMC_FREQ 0% GR3D_FREQ 87%@[0] CV0@-256C CPU@50.125C SOC2@49.968C SOC0@47.906C CV1@-256C GPU@50.656C tj@50.718C SOC1@50.718C CV2@-256C
03-03-2026 14:48:13 RAM 1802/3425MB (lfb 85x1MB) SWAP 227/1713MB (cached 1MB) CPU [0%@1510,0%@1510,50%@1510,0%@1510,0%@1510,0%@1510] EMC_FREQ 0% GR3D_FREQ 87%@[0] CV0@-256C CPU@50.25C SOC2@49.843C SOC0@47.718C CV1@-256C GPU@50.781C tj@50.781C SOC1@50.5C CV2@-256C
03-03-2026 14:48:13 RAM 1802/3425MB (lfb 85x1MB) SWAP 227/1713MB (cached 1MB) CPU [0%@1510,0%@1510,50%@1510,0%@1510,0%@1510,0%@1510] EMC_FREQ 0% GR3D_FREQ 86%@[0] CV0@-256C CPU@50.156C SOC2@49.843C SOC0@47.593C CV1@-256C GPU@50.375C tj@50.656C SOC1@50.656C CV2@-256C
03-03-2026 14:48:13 RAM 1802/3425MB (lfb 85x1MB) SWAP 227/1713MB (cached 1MB) CPU [0%@1510,0%@1510,50%@1510,0%@1510,0%@1510,0%@1510] EMC_FREQ 0% GR3D_FREQ 86%@[0] CV0@-256C CPU@50.062C SOC2@49.781C SOC0@47.812C CV1@-256C GPU@50.593C tj@50.687C SOC1@50.687C CV2@-256C
03-03-2026 14:48:13 RAM 1802/3425MB (lfb 85x1MB) SWAP 227/1713MB (cached 1MB) CPU [0%@1510,0%@1510,50%@1510,0%@1510,0%@1510,0%@1510] EMC_FREQ 0% GR3D_FREQ 86%@[0] CV0@-256C CPU@50.125C SOC2@49.906C SOC0@47.656C CV1@-256C GPU@50.843C tj@50.843C SOC1@50.812C CV2@-256C
03-03-2026 14:48:13 RAM 1802/3425MB (lfb 85x1MB) SWAP 227/1713MB (cached 1MB) CPU [0%@1510,0%@1510,50%@1510,0%@1510,0%@1510,0%@1510] EMC_FREQ 0% GR3D_FREQ 86%@[0] CV0@-256C CPU@50.093C SOC2@49.843C SOC0@47.843C CV1@-256C GPU@50.281C tj@50.562C SOC1@50.562C CV2@-256C
03-03-2026 14:48:13 RAM 1802/3425MB (lfb 85x1MB) SWAP 227/1713MB (cached 1MB) CPU [16%@1510,0%@1510,40%@1510,0%@1510,0%@1510,0%@1510] EMC_FREQ 0% GR3D_FREQ 86%@[0] CV0@-256C CPU@50.312C SOC2@49.812C SOC0@47.687C CV1@-256C GPU@50.343C tj@50.531C SOC1@50.531C CV2@-256C
03-03-2026 14:48:13 RAM 1802/3425MB (lfb 85x1MB) SWAP 227/1713MB (cached 1MB) CPU [0%@1510,0%@1510,60%@1510,0%@1510,0%@1510,0%@1510] EMC_FREQ 0% GR3D_FREQ 87%@[0] CV0@-256C CPU@50.093C SOC2@49.968C SOC0@47.906C CV1@-256C GPU@50.468C tj@50.687C SOC1@50.687C CV2@-256C
03-03-2026 14:48:13 RAM 1802/3425MB (lfb 85x1MB) SWAP 227/1713MB (cached 1MB) CPU [0%@1510,0%@1510,40%@1510,0%@1510,0%@1510,0%@1510] EMC_FREQ 0% GR3D_FREQ 87%@[0] CV0@-256C CPU@50.343C SOC2@49.781C SOC0@47.75C CV1@-256C GPU@50.468C tj@50.562C SOC1@50.562C CV2@-256C
03-03-2026 14:48:13 RAM 1802/3425MB (lfb 85x1MB) SWAP 227/1713MB (cached 1MB) CPU [0%@1510,0%@1510,50%@1510,0%@1510,0%@1510,0%@1510] EMC_FREQ 0% GR3D_FREQ 87%@[0] CV0@-256C CPU@50.218C SOC2@49.75C SOC0@47.875C CV1@-256C GPU@50.625C tj@50.687C SOC1@50.687C CV2@-256C
03-03-2026 14:48:13 RAM 1802/3425MB (lfb 85x1MB) SWAP 227/1713MB (cached 1MB) CPU [0%@1510,0%@1510,50%@1510,0%@1510,0%@1510,0%@1510] EMC_FREQ 0% GR3D_FREQ 86%@[0] CV0@-256C CPU@50.468C SOC2@49.906C SOC0@47.781C CV1@-256C GPU@50.468C tj@50.656C SOC1@50.656C CV2@-256C
03-03-2026 14:48:13 RAM 1802/3425MB (lfb 85x1MB) SWAP 227/1713MB (cached 1MB) CPU [0%@1510,0%@1510,50%@1510,0%@1510,0%@1510,0%@1510] EMC_FREQ 0% GR3D_FREQ 86%@[0] CV0@-256C CPU@50.25C SOC2@49.781C SOC0@47.625C CV1@-256C GPU@50.531C tj@50.687C SOC1@50.687C CV2@-256C
03-03-2026 14:48:13 RAM 1802/3425MB (lfb 85x1MB) SWAP 227/1713MB (cached 1MB) CPU [0%@1510,0%@1510,50%@1510,0%@1510,0%@1510,0%@1510] EMC_FREQ 0% GR3D_FREQ 87%@[0] CV0@-256C CPU@50.593C SOC2@49.875C SOC0@47.781C CV1@-256C GPU@50.593C tj@50.593C SOC1@50.593C CV2@-256C
03-03-2026 14:48:13 RAM 1802/3425MB (lfb 85x1MB) SWAP 227/1713MB (cached 1MB) CPU [0%@1510,0%@1510,50%@1510,0%@1510,0%@1510,0%@1510] EMC_FREQ 0% GR3D_FREQ 87%@[0] CV0@-256C CPU@50.343C SOC2@49.843C SOC0@47.687C CV1@-256C GPU@50.781C tj@50.812C SOC1@50.812C CV2@-256C
03-03-2026 14:48:13 RAM 1802/3425MB (lfb 85x1MB) SWAP 227/1713MB (cached 1MB) CPU [16%@1510,0%@1510,50%@1510,0%@1510,0%@1510,0%@1510] EMC_FREQ 0% GR3D_FREQ 87%@[0] CV0@-256C CPU@50.125C SOC2@49.875C SOC0@47.781C CV1@-256C GPU@50.343C tj@50.625C SOC1@50.625C CV2@-256C
03-03-2026 14:48:13 RAM 1802/3425MB (lfb 85x1MB) SWAP 227/1713MB (cached 1MB) CPU [0%@1510,0%@1510,50%@1510,0%@1510,0%@1510,0%@1510] EMC_FREQ 0% GR3D_FREQ 86%@[0] CV0@-256C CPU@50.468C SOC2@49.875C SOC0@47.656C CV1@-256C GPU@50.343C tj@50.562C SOC1@50.562C CV2@-256C
03-03-2026 14:48:13 RAM 1802/3425MB (lfb 85x1MB) SWAP 227/1713MB (cached 1MB) CPU [0%@1510,0%@1510,50%@1510,0%@1510,0%@1510,0%@1510] EMC_FREQ 0% GR3D_FREQ 87%@[0] CV0@-256C CPU@50.093C SOC2@49.875C SOC0@47.906C CV1@-256C GPU@50.5C tj@50.718C SOC1@50.687C CV2@-256C
03-03-2026 14:48:13 RAM 1802/3425MB (lfb 85x1MB) SWAP 227/1713MB (cached 1MB) CPU [0%@1510,0%@1510,50%@1510,0%@1510,0%@1510,0%@1510] EMC_FREQ 0% GR3D_FREQ 86%@[0] CV0@-256C CPU@50.093C SOC2@49.812C SOC0@47.687C CV1@-256C GPU@50.281C tj@50.562C SOC1@50.562C CV2@-256C
03-03-2026 14:48:14 RAM 1802/3425MB (lfb 85x1MB) SWAP 227/1713MB (cached 1MB) CPU [0%@1510,0%@1510,60%@1510,0%@1510,0%@1510,0%@1510] EMC_FREQ 0% GR3D_FREQ 86%@[0] CV0@-256C CPU@50.125C SOC2@49.812C SOC0@47.625C CV1@-256C GPU@50.468C tj@50.75C SOC1@50.75C CV2@-256C
03-03-2026 14:48:14 RAM 1802/3425MB (lfb 85x1MB) SWAP 227/1713MB (cached 1MB) CPU [0%@1510,16%@1510,40%@1510,0%@1510,0%@1510,0%@1510] EMC_FREQ 0% GR3D_FREQ 86%@[0] CV0@-256C CPU@50.156C SOC2@49.906C SOC0@47.781C CV1@-256C GPU@50.468C tj@50.625C SOC1@50.687C CV2@-256C
03-03-2026 14:48:14 RAM 1802/3425MB (lfb 85x1MB) SWAP 227/1713MB (cached 1MB) CPU [0%@1510,0%@1510,50%@1510,0%@1510,0%@1510,0%@1510] EMC_FREQ 0% GR3D_FREQ 87%@[0] CV0@-256C CPU@50.187C SOC2@49.812C SOC0@47.625C CV1@-256C GPU@50.531C tj@50.781C SOC1@50.781C CV2@-256C
03-03-2026 14:48:14 RAM 1802/3425MB (lfb 85x1MB) SWAP 227/1713MB (cached 1MB) CPU [0%@1510,0%@1510,60%@1510,0%@1510,0%@1510,0%@1510] EMC_FREQ 0% GR3D_FREQ 87%@[0] CV0@-256C CPU@50.25C SOC2@49.875C SOC0@47.781C CV1@-256C GPU@50.656C tj@50.687C SOC1@50.687C CV2@-256C
03-03-2026 14:48:14 RAM 1802/3425MB (lfb 85x1MB) SWAP 227/1713MB (cached 1MB) CPU [0%@1510,16%@1510,50%@1510,0%@1510,0%@1510,0%@1510] EMC_FREQ 0% GR3D_FREQ 86%@[0] CV0@-256C CPU@50.25C SOC2@49.812C SOC0@47.687C CV1@-256C GPU@50.781C tj@50.781C SOC1@50.468C CV2@-256C
03-03-2026 14:48:14 RAM 1802/3425MB (lfb 85x1MB) SWAP 227/1713MB (cached 1MB) CPU [0%@1510,0%@1510,50%@1510,0%@1510,0%@1510,0%@1510] EMC_FREQ 0% GR3D_FREQ 87%@[0] CV0@-256C CPU@50.218C SOC2@49.843C SOC0@47.937C CV1@-256C GPU@50.562C tj@50.75C SOC1@50.75C CV2@-256C
03-03-2026 14:48:14 RAM 1802/3425MB (lfb 85x1MB) SWAP 227/1713MB (cached 1MB) CPU [0%@1510,0%@1510,50%@1510,0%@1510,0%@1510,0%@1510] EMC_FREQ 0% GR3D_FREQ 86%@[0] CV0@-256C CPU@50.187C SOC2@49.875C SOC0@47.687C CV1@-256C GPU@50.656C tj@50.656C SOC1@50.593C CV2@-256C
03-03-2026 14:48:14 RAM 1802/3425MB (lfb 85x1MB) SWAP 227/1713MB (cached 1MB) CPU [0%@1510,0%@1510,50%@1510,0%@1510,0%@1510,0%@1510] EMC_FREQ 0% GR3D_FREQ 86%@[0] CV0@-256C CPU@50.25C SOC2@49.812C SOC0@47.656C CV1@-256C GPU@50.718C tj@50.718C SOC1@50.718C CV2@-256C
03-03-2026 14:48:14 RAM 1802/3425MB (lfb 85x1MB) SWAP 227/1713MB (cached 1MB) CPU [0%@1510,0%@1510,50%@1510,0%@1510,0%@1510,0%@1510] EMC_FREQ 0% GR3D_FREQ 86%@[0] CV0@-256C CPU@50.437C SOC2@49.906C SOC0@47.781C CV1@-256C GPU@50.343C tj@50.625C SOC1@50.625C CV2@-256C
03-03-2026 14:48:14 RAM 1802/3425MB (lfb 85x1MB) SWAP 227/1713MB (cached 1MB) CPU [0%@1510,0%@1510,50%@1510,0%@1510,0%@1510,0%@1510] EMC_FREQ 0% GR3D_FREQ 86%@[0] CV0@-256C CPU@50.343C SOC2@49.875C SOC0@47.656C CV1@-256C GPU@50.437C tj@50.781C SOC1@50.781C CV2@-256C
03-03-2026 14:48:14 RAM 1802/3425MB (lfb 85x1MB) SWAP 227/1713MB (cached 1MB) CPU [0%@1510,0%@1510,50%@1510,0%@1510,0%@1510,0%@1510] EMC_FREQ 0% GR3D_FREQ 87%@[0] CV0@-256C CPU@50.531C SOC2@49.906C SOC0@47.781C CV1@-256C GPU@50.406C tj@50.625C SOC1@50.625C CV2@-256C
03-03-2026 14:48:14 RAM 1802/3425MB (lfb 85x1MB) SWAP 227/1713MB (cached 1MB) CPU [0%@1510,0%@1510,50%@1510,0%@1510,0%@1510,0%@1510] EMC_FREQ 0% GR3D_FREQ 87%@[0] CV0@-256C CPU@50.375C SOC2@49.781C SOC0@47.625C CV1@-256C GPU@50.468C tj@50.531C SOC1@50.531C CV2@-256C
03-03-2026 14:48:14 RAM 1802/3425MB (lfb 85x1MB) SWAP 227/1713MB (cached 1MB) CPU [0%@1510,0%@1510,50%@1510,0%@1510,0%@1510,0%@1510] EMC_FREQ 0% GR3D_FREQ 87%@[0] CV0@-256C CPU@50.093C SOC2@49.937C SOC0@47.843C CV1@-256C GPU@50.687C tj@50.656C SOC1@50.656C CV2@-256C
03-03-2026 14:48:14 RAM 1802/3425MB (lfb 85x1MB) SWAP 227/1713MB (cached 1MB) CPU [0%@1510,0%@1510,50%@1510,0%@1510,0%@1510,0%@1510] EMC_FREQ 0% GR3D_FREQ 86%@[0] CV0@-256C CPU@50.5C SOC2@49.843C SOC0@47.75C CV1@-256C GPU@50.437C tj@50.656C SOC1@50.656C CV2@-256C
03-03-2026 14:48:14 RAM 1802/3425MB (lfb 85x1MB) SWAP 227/1713MB (cached 1MB) CPU [0%@1510,0%@1510,50%@1510,0%@1510,0%@1510,0%@1510] EMC_FREQ 0% GR3D_FREQ 87%@[0] CV0@-256C CPU@50.156C SOC2@49.781C SOC0@47.656C CV1@-256C GPU@50.625C tj@50.687C SOC1@50.687C CV2@-256C
03-03-2026 14:48:14 RAM 1802/3425MB (lfb 85x1MB) SWAP 227/1713MB (cached 1MB) CPU [0%@1510,0%@1510,50%@1510,0%@1510,0%@1510,0%@1510] EMC_FREQ 0% GR3D_FREQ 87%@[0] CV0@-256C CPU@50.562C SOC2@49.843C SOC0@47.812C CV1@-256C GPU@50.656C tj@50.656C SOC1@50.5C CV2@-256C
03-03-2026 14:48:14 RAM 1802/3425MB (lfb 85x1MB) SWAP 227/1713MB (cached 1MB) CPU [0%@1510,0%@1510,50%@1510,0%@1510,0%@1510,0%@1510] EMC_FREQ 0% GR3D_FREQ 87%@[0] CV0@-256C CPU@50.187C SOC2@49.875C SOC0@47.687C CV1@-256C GPU@50.781C tj@50.781C SOC1@50.656C CV2@-256C
03-03-2026 14:48:14 RAM 1802/3425MB (lfb 85x1MB) SWAP 227/1713MB (cached 1MB) CPU [0%@1510,0%@1510,50%@1510,0%@1510,0%@1510,0%@1510] EMC_FREQ 0% GR3D_FREQ 87%@[0] CV0@-256C CPU@50.062C SOC2@49.906C SOC0@47.781C CV1@-256C GPU@50.375C tj@50.625C SOC1@50.625C CV2@-256C
03-03-2026 14:48:14 RAM 1802/3425MB (lfb 85x1MB) SWAP 227/1713MB (cached 1MB) CPU [0%@1510,0%@1510,50%@1510,0%@1510,0%@1510,0%@1510] EMC_FREQ 0% GR3D_FREQ 86%@[0] CV0@-256C CPU@50.281C SOC2@49.875C SOC0@47.781C CV1@-256C GPU@50.406C tj@50.531C SOC1@50.531C CV2@-256C
03-03-2026 14:48:15 RAM 1802/3425MB (lfb 85x1MB) SWAP 227/1713MB (cached 1MB) CPU [0%@1510,0%@1510,50%@1510,0%@1510,0%@1510,0%@1510] EMC_FREQ 0% GR3D_FREQ 87%@[0] CV0@-256C CPU@50.125C SOC2@49.937C SOC0@47.937C CV1@-256C GPU@50.468C tj@50.875C SOC1@50.562C CV2@-256C
03-03-2026 14:48:15 RAM 1802/3425MB (lfb 85x1MB) SWAP 227/1713MB (cached 1MB) CPU [0%@1510,0%@1510,40%@1510,0%@1510,0%@1510,0%@1510] EMC_FREQ 0% GR3D_FREQ 86%@[0] CV0@-256C CPU@50.312C SOC2@49.75C SOC0@47.75C CV1@-256C GPU@51C tj@51C SOC1@50.531C CV2@-256C
03-03-2026 14:48:15 RAM 1802/3425MB (lfb 85x1MB) SWAP 227/1713MB (cached 1MB) CPU [0%@1510,0%@1510,60%@1510,0%@1510,0%@1510,0%@1510] EMC_FREQ 0% GR3D_FREQ 86%@[0] CV0@-256C CPU@50.187C SOC2@49.875C SOC0@47.906C CV1@-256C GPU@50.375C tj@50.687C SOC1@50.687C CV2@-256C
03-03-2026 14:48:15 RAM 1802/3425MB (lfb 85x1MB) SWAP 227/1713MB (cached 1MB) CPU [0%@1510,0%@1510,40%@1510,0%@1510,0%@1510,0%@1510] EMC_FREQ 0% GR3D_FREQ 87%@[0] CV0@-256C CPU@50.312C SOC2@49.875C SOC0@47.75C CV1@-256C GPU@50.406C tj@50.562C SOC1@50.562C CV2@-256C
03-03-2026 14:48:15 RAM 1802/3425MB (lfb 85x1MB) SWAP 227/1713MB (cached 1MB) CPU [0%@1510,0%@1510,60%@1510,0%@1510,0%@1510,0%@1510] EMC_FREQ 0% GR3D_FREQ 87%@[0] CV0@-256C CPU@50.312C SOC2@49.75C SOC0@47.593C CV1@-256C GPU@50.593C tj@50.75C SOC1@50.75C CV2@-256C
03-03-2026 14:48:15 RAM 1802/3425MB (lfb 85x1MB) SWAP 227/1713MB (cached 1MB) CPU [0%@1510,0%@1510,50%@1510,0%@1510,0%@1510,0%@1510] EMC_FREQ 0% GR3D_FREQ 87%@[0] CV0@-256C CPU@50.437C SOC2@49.875C SOC0@47.781C CV1@-256C GPU@50.687C tj@50.687C SOC1@50.687C CV2@-256C
03-03-2026 14:48:15 RAM 1802/3425MB (lfb 85x1MB) SWAP 227/1713MB (cached 1MB) CPU [0%@1510,0%@1510,50%@1510,0%@1510,0%@1510,0%@1510] EMC_FREQ 0% GR3D_FREQ 86%@[0] CV0@-256C CPU@50.25C SOC2@49.906C SOC0@47.718C CV1@-256C GPU@50.781C tj@50.781C SOC1@50.75C CV2@-256C
03-03-2026 14:48:15 RAM 1802/3425MB (lfb 85x1MB) SWAP 227/1713MB (cached 1MB) CPU [0%@1510,0%@1510,50%@1510,0%@1510,0%@1510,0%@1510] EMC_FREQ 0% GR3D_FREQ 87%@[0] CV0@-256C CPU@50.5C SOC2@49.937C SOC0@47.781C CV1@-256C GPU@50.593C tj@50.687C SOC1@50.687C CV2@-256C
03-03-2026 14:48:15 RAM 1802/3425MB (lfb 85x1MB) SWAP 227/1713MB (cached 1MB) CPU [16%@1510,0%@1510,50%@1510,0%@1510,0%@1510,0%@1510] EMC_FREQ 0% GR3D_FREQ 86%@[0] CV0@-256C CPU@50.375C SOC2@49.906C SOC0@47.687C CV1@-256C GPU@50.687C tj@50.843C SOC1@50.843C CV2@-256C
03-03-2026 14:48:15 RAM 1802/3425MB (lfb 85x1MB) SWAP 227/1713MB (cached 1MB) CPU [0%@1510,0%@1510,50%@1510,0%@1510,0%@1510,0%@1510] EMC_FREQ 0% GR3D_FREQ 86%@[0] CV0@-256C CPU@50.25C SOC2@50.031C SOC0@48C CV1@-256C GPU@50.812C tj@50.812C SOC1@50.656C CV2@-256C
03-03-2026 14:48:15 RAM 1802/3425MB (lfb 85x1MB) SWAP 227/1713MB (cached 1MB) CPU [0%@1510,0%@1510,40%@1510,0%@1510,0%@1510,0%@1510] EMC_FREQ 0% GR3D_FREQ 87%@[0] CV0@-256C CPU@50.406C SOC2@49.843C SOC0@47.75C CV1@-256C GPU@50.312C tj@50.656C SOC1@50.656C CV2@-256C
03-03-2026 14:48:15 RAM 1802/3425MB (lfb 85x1MB) SWAP 227/1713MB (cached 1MB) CPU [0%@1510,16%@1510,60%@1510,0%@1510,0%@1510,0%@1510] EMC_FREQ 0% GR3D_FREQ 86%@[0] CV0@-256C CPU@50.343C SOC2@49.75C SOC0@47.718C CV1@-256C GPU@50.375C tj@50.781C SOC1@50.781C CV2@-256C
03-03-2026 14:48:15 RAM 1802/3425MB (lfb 85x1MB) SWAP 227/1713MB (cached 1MB) CPU [0%@1510,0%@1510,50%@1510,0%@1510,0%@1510,0%@1510] EMC_FREQ 0% GR3D_FREQ 87%@[0] CV0@-256C CPU@50.656C SOC2@49.875C SOC0@47.812C CV1@-256C GPU@50.531C tj@50.656C SOC1@50.562C CV2@-256C
03-03-2026 14:48:15 RAM 1802/3425MB (lfb 85x1MB) SWAP 227/1713MB (cached 1MB) CPU [0%@1510,16%@1510,50%@1510,0%@1510,0%@1510,0%@1510] EMC_FREQ 0% GR3D_FREQ 87%@[0] CV0@-256C CPU@50.437C SOC2@49.75C SOC0@47.718C CV1@-256C GPU@50.531C tj@50.781C SOC1@50.781C CV2@-256C
03-03-2026 14:48:15 RAM 1802/3425MB (lfb 85x1MB) SWAP 227/1713MB (cached 1MB) CPU [0%@1510,0%@1510,50%@1510,0%@1510,0%@1510,0%@1510] EMC_FREQ 0% GR3D_FREQ 87%@[0] CV0@-256C CPU@50.125C SOC2@50C SOC0@47.843C CV1@-256C GPU@50.375C tj@50.687C SOC1@50.687C CV2@-256C
