/usr/src/tensorrt/bin/trtexec --onnx=/home/user/Edge-ML/models/v3/CNN-LSTM/CNN-LSTM.onnx --saveEngine=/home/user/Edge-ML/models/v3/CNN-LSTM/CNN-LSTM_int8.engine --int8 --fp16 --exportLayerInfo=/home/user/Edge-ML/models/v3/CNN-LSTM/logs/quantisation_int8_layers.json --memPoolSize=workspace:4096MiB --tacticSources=+CUBLAS,+CUBLAS_LT,+CUDNN --noDataTransfers --preview=+fasterDynamicShapes0805 --calib=/home/user/Edge-ML/models/v3/CNN-LSTM/CNN-LSTM.cache

&&&& RUNNING TensorRT.trtexec [TensorRT v8502] # /usr/src/tensorrt/bin/trtexec --onnx=/home/user/Edge-ML/models/v3/CNN-LSTM/CNN-LSTM.onnx --saveEngine=/home/user/Edge-ML/models/v3/CNN-LSTM/CNN-LSTM_int8.engine --int8 --fp16 --exportLayerInfo=/home/user/Edge-ML/models/v3/CNN-LSTM/logs/quantisation_int8_layers.json --memPoolSize=workspace:4096MiB --tacticSources=+CUBLAS,+CUBLAS_LT,+CUDNN --noDataTransfers --preview=+fasterDynamicShapes0805 --calib=/home/user/Edge-ML/models/v3/CNN-LSTM/CNN-LSTM.cache
[02/25/2026-14:52:29] [I] === Model Options ===
[02/25/2026-14:52:29] [I] Format: ONNX
[02/25/2026-14:52:29] [I] Model: /home/user/Edge-ML/models/v3/CNN-LSTM/CNN-LSTM.onnx
[02/25/2026-14:52:29] [I] Output:
[02/25/2026-14:52:29] [I] === Build Options ===
[02/25/2026-14:52:29] [I] Max batch: explicit batch
[02/25/2026-14:52:29] [I] Memory Pools: workspace: 4096 MiB, dlaSRAM: default, dlaLocalDRAM: default, dlaGlobalDRAM: default
[02/25/2026-14:52:29] [I] minTiming: 1
[02/25/2026-14:52:29] [I] avgTiming: 8
[02/25/2026-14:52:29] [I] Precision: FP32+FP16+INT8
[02/25/2026-14:52:29] [I] LayerPrecisions: 
[02/25/2026-14:52:29] [I] Calibration: /home/user/Edge-ML/models/v3/CNN-LSTM/CNN-LSTM.cache
[02/25/2026-14:52:29] [I] Refit: Disabled
[02/25/2026-14:52:29] [I] Sparsity: Disabled
[02/25/2026-14:52:29] [I] Safe mode: Disabled
[02/25/2026-14:52:29] [I] DirectIO mode: Disabled
[02/25/2026-14:52:29] [I] Restricted mode: Disabled
[02/25/2026-14:52:29] [I] Build only: Disabled
[02/25/2026-14:52:29] [I] Save engine: /home/user/Edge-ML/models/v3/CNN-LSTM/CNN-LSTM_int8.engine
[02/25/2026-14:52:29] [I] Load engine: 
[02/25/2026-14:52:29] [I] Profiling verbosity: 0
[02/25/2026-14:52:29] [I] Tactic sources: cublas [ON], cublasLt [ON], cudnn [ON], 
[02/25/2026-14:52:29] [I] timingCacheMode: local
[02/25/2026-14:52:29] [I] timingCacheFile: 
[02/25/2026-14:52:29] [I] Heuristic: Disabled
[02/25/2026-14:52:29] [I] Preview Features: kFASTER_DYNAMIC_SHAPES_0805 [ON], 
[02/25/2026-14:52:29] [I] Input(s)s format: fp32:CHW
[02/25/2026-14:52:29] [I] Output(s)s format: fp32:CHW
[02/25/2026-14:52:29] [I] Input build shapes: model
[02/25/2026-14:52:29] [I] Input calibration shapes: model
[02/25/2026-14:52:29] [I] === System Options ===
[02/25/2026-14:52:29] [I] Device: 0
[02/25/2026-14:52:29] [I] DLACore: 
[02/25/2026-14:52:29] [I] Plugins:
[02/25/2026-14:52:29] [I] === Inference Options ===
[02/25/2026-14:52:29] [I] Batch: Explicit
[02/25/2026-14:52:29] [I] Input inference shapes: model
[02/25/2026-14:52:29] [I] Iterations: 10
[02/25/2026-14:52:29] [I] Duration: 3s (+ 200ms warm up)
[02/25/2026-14:52:29] [I] Sleep time: 0ms
[02/25/2026-14:52:29] [I] Idle time: 0ms
[02/25/2026-14:52:29] [I] Streams: 1
[02/25/2026-14:52:29] [I] ExposeDMA: Disabled
[02/25/2026-14:52:29] [I] Data transfers: Disabled
[02/25/2026-14:52:29] [I] Spin-wait: Disabled
[02/25/2026-14:52:29] [I] Multithreading: Disabled
[02/25/2026-14:52:29] [I] CUDA Graph: Disabled
[02/25/2026-14:52:29] [I] Separate profiling: Disabled
[02/25/2026-14:52:29] [I] Time Deserialize: Disabled
[02/25/2026-14:52:29] [I] Time Refit: Disabled
[02/25/2026-14:52:29] [I] NVTX verbosity: 0
[02/25/2026-14:52:29] [I] Persistent Cache Ratio: 0
[02/25/2026-14:52:29] [I] Inputs:
[02/25/2026-14:52:29] [I] === Reporting Options ===
[02/25/2026-14:52:29] [I] Verbose: Disabled
[02/25/2026-14:52:29] [I] Averages: 10 inferences
[02/25/2026-14:52:29] [I] Percentiles: 90,95,99
[02/25/2026-14:52:29] [I] Dump refittable layers:Disabled
[02/25/2026-14:52:29] [I] Dump output: Disabled
[02/25/2026-14:52:29] [I] Profile: Disabled
[02/25/2026-14:52:29] [I] Export timing to JSON file: 
[02/25/2026-14:52:29] [I] Export output to JSON file: 
[02/25/2026-14:52:29] [I] Export profile to JSON file: 
[02/25/2026-14:52:29] [I] 
[02/25/2026-14:52:29] [I] === Device Information ===
[02/25/2026-14:52:29] [I] Selected Device: Orin
[02/25/2026-14:52:29] [I] Compute Capability: 8.7
[02/25/2026-14:52:29] [I] SMs: 4
[02/25/2026-14:52:29] [I] Compute Clock Rate: 0.624 GHz
[02/25/2026-14:52:29] [I] Device Global Memory: 3425 MiB
[02/25/2026-14:52:29] [I] Shared Memory per SM: 164 KiB
[02/25/2026-14:52:29] [I] Memory Bus Width: 128 bits (ECC disabled)
[02/25/2026-14:52:29] [I] Memory Clock Rate: 0.624 GHz
[02/25/2026-14:52:29] [I] 
[02/25/2026-14:52:29] [I] TensorRT version: 8.5.2
[02/25/2026-14:52:30] [I] [TRT] [MemUsageChange] Init CUDA: CPU +220, GPU +0, now: CPU 249, GPU 1595 (MiB)
[02/25/2026-14:52:32] [I] [TRT] [MemUsageChange] Init builder kernel library: CPU +302, GPU +170, now: CPU 574, GPU 1780 (MiB)
[02/25/2026-14:52:32] [I] Start parsing network model
[02/25/2026-14:52:32] [I] [TRT] ----------------------------------------------------------------
[02/25/2026-14:52:32] [I] [TRT] Input filename:   /home/user/Edge-ML/models/v3/CNN-LSTM/CNN-LSTM.onnx
[02/25/2026-14:52:32] [I] [TRT] ONNX IR version:  0.0.7
[02/25/2026-14:52:32] [I] [TRT] Opset version:    12
[02/25/2026-14:52:32] [I] [TRT] Producer name:    pytorch
[02/25/2026-14:52:32] [I] [TRT] Producer version: 2.5.1
[02/25/2026-14:52:32] [I] [TRT] Domain:           
[02/25/2026-14:52:32] [I] [TRT] Model version:    0
[02/25/2026-14:52:32] [I] [TRT] Doc string:       
[02/25/2026-14:52:32] [I] [TRT] ----------------------------------------------------------------
[02/25/2026-14:52:32] [W] [TRT] onnx2trt_utils.cpp:375: Your ONNX model has been generated with INT64 weights, while TensorRT does not natively support INT64. Attempting to cast down to INT32.
[02/25/2026-14:52:32] [I] Finish parsing network model
[02/25/2026-14:52:32] [I] [TRT] Reading Calibration Cache for calibrator: EntropyCalibration2
[02/25/2026-14:52:32] [I] [TRT] Generated calibration scales using calibration cache. Make sure that calibration cache has latest scales.
[02/25/2026-14:52:32] [I] [TRT] To regenerate calibration cache, please delete the existing one. TensorRT will generate a new calibration cache.
[02/25/2026-14:52:32] [W] [TRT] Missing scale and zero-point for tensor (Unnamed Layer* 21) [Constant]_output, expect fall back to non-int8 implementation for any layer consuming or producing given tensor
[02/25/2026-14:52:32] [W] [TRT] Missing scale and zero-point for tensor /lstm/Expand_output_0, expect fall back to non-int8 implementation for any layer consuming or producing given tensor
[02/25/2026-14:52:32] [W] [TRT] Missing scale and zero-point for tensor (Unnamed Layer* 36) [Constant]_output, expect fall back to non-int8 implementation for any layer consuming or producing given tensor
[02/25/2026-14:52:32] [W] [TRT] Missing scale and zero-point for tensor /lstm/Expand_1_output_0, expect fall back to non-int8 implementation for any layer consuming or producing given tensor
[02/25/2026-14:52:32] [W] [TRT] Missing scale and zero-point for tensor (Unnamed Layer* 44) [Constant]_output, expect fall back to non-int8 implementation for any layer consuming or producing given tensor
[02/25/2026-14:52:32] [W] [TRT] Missing scale and zero-point for tensor (Unnamed Layer* 45) [Constant]_output, expect fall back to non-int8 implementation for any layer consuming or producing given tensor
[02/25/2026-14:52:32] [W] [TRT] Missing scale and zero-point for tensor (Unnamed Layer* 53) [Constant]_output, expect fall back to non-int8 implementation for any layer consuming or producing given tensor
[02/25/2026-14:52:32] [W] [TRT] Missing scale and zero-point for tensor (Unnamed Layer* 55) [Iterator]_output, expect fall back to non-int8 implementation for any layer consuming or producing given tensor
[02/25/2026-14:52:32] [W] [TRT] Missing scale and zero-point for tensor (Unnamed Layer* 56) [Shuffle]_output, expect fall back to non-int8 implementation for any layer consuming or producing given tensor
[02/25/2026-14:52:32] [W] [TRT] Missing scale and zero-point for tensor (Unnamed Layer* 57) [Recurrence]_output, expect fall back to non-int8 implementation for any layer consuming or producing given tensor
[02/25/2026-14:52:32] [W] [TRT] Missing scale and zero-point for tensor (Unnamed Layer* 58) [Recurrence]_output, expect fall back to non-int8 implementation for any layer consuming or producing given tensor
[02/25/2026-14:52:32] [W] [TRT] Missing scale and zero-point for tensor (Unnamed Layer* 59) [Matrix Multiply]_output, expect fall back to non-int8 implementation for any layer consuming or producing given tensor
[02/25/2026-14:52:32] [W] [TRT] Missing scale and zero-point for tensor (Unnamed Layer* 60) [Matrix Multiply]_output, expect fall back to non-int8 implementation for any layer consuming or producing given tensor
[02/25/2026-14:52:32] [W] [TRT] Missing scale and zero-point for tensor (Unnamed Layer* 61) [ElementWise]_output, expect fall back to non-int8 implementation for any layer consuming or producing given tensor
[02/25/2026-14:52:32] [W] [TRT] Missing scale and zero-point for tensor (Unnamed Layer* 62) [ElementWise]_output, expect fall back to non-int8 implementation for any layer consuming or producing given tensor
[02/25/2026-14:52:32] [W] [TRT] Missing scale and zero-point for tensor (Unnamed Layer* 63) [Slice]_output, expect fall back to non-int8 implementation for any layer consuming or producing given tensor
[02/25/2026-14:52:32] [W] [TRT] Missing scale and zero-point for tensor (Unnamed Layer* 65) [Activation]_output, expect fall back to non-int8 implementation for any layer consuming or producing given tensor
[02/25/2026-14:52:32] [W] [TRT] Missing scale and zero-point for tensor (Unnamed Layer* 66) [Slice]_output, expect fall back to non-int8 implementation for any layer consuming or producing given tensor
[02/25/2026-14:52:32] [W] [TRT] Missing scale and zero-point for tensor (Unnamed Layer* 68) [Activation]_output, expect fall back to non-int8 implementation for any layer consuming or producing given tensor
[02/25/2026-14:52:32] [W] [TRT] Missing scale and zero-point for tensor (Unnamed Layer* 69) [Slice]_output, expect fall back to non-int8 implementation for any layer consuming or producing given tensor
[02/25/2026-14:52:32] [W] [TRT] Missing scale and zero-point for tensor (Unnamed Layer* 71) [Activation]_output, expect fall back to non-int8 implementation for any layer consuming or producing given tensor
[02/25/2026-14:52:32] [W] [TRT] Missing scale and zero-point for tensor (Unnamed Layer* 72) [ElementWise]_output, expect fall back to non-int8 implementation for any layer consuming or producing given tensor
[02/25/2026-14:52:32] [W] [TRT] Missing scale and zero-point for tensor (Unnamed Layer* 73) [ElementWise]_output, expect fall back to non-int8 implementation for any layer consuming or producing given tensor
[02/25/2026-14:52:32] [W] [TRT] Missing scale and zero-point for tensor (Unnamed Layer* 74) [ElementWise]_output, expect fall back to non-int8 implementation for any layer consuming or producing given tensor
[02/25/2026-14:52:32] [W] [TRT] Missing scale and zero-point for tensor (Unnamed Layer* 77) [Slice]_output, expect fall back to non-int8 implementation for any layer consuming or producing given tensor
[02/25/2026-14:52:32] [W] [TRT] Missing scale and zero-point for tensor (Unnamed Layer* 79) [Activation]_output, expect fall back to non-int8 implementation for any layer consuming or producing given tensor
[02/25/2026-14:52:32] [W] [TRT] Missing scale and zero-point for tensor (Unnamed Layer* 80) [Activation]_output, expect fall back to non-int8 implementation for any layer consuming or producing given tensor
[02/25/2026-14:52:32] [W] [TRT] Missing scale and zero-point for tensor (Unnamed Layer* 81) [ElementWise]_output, expect fall back to non-int8 implementation for any layer consuming or producing given tensor
[02/25/2026-14:52:32] [W] [TRT] Missing scale and zero-point for tensor (Unnamed Layer* 94) [Constant]_output, expect fall back to non-int8 implementation for any layer consuming or producing given tensor
[02/25/2026-14:52:32] [W] [TRT] Missing scale and zero-point for tensor /lstm/Expand_2_output_0, expect fall back to non-int8 implementation for any layer consuming or producing given tensor
[02/25/2026-14:52:32] [W] [TRT] Missing scale and zero-point for tensor (Unnamed Layer* 109) [Constant]_output, expect fall back to non-int8 implementation for any layer consuming or producing given tensor
[02/25/2026-14:52:32] [W] [TRT] Missing scale and zero-point for tensor /lstm/Expand_3_output_0, expect fall back to non-int8 implementation for any layer consuming or producing given tensor
[02/25/2026-14:52:32] [W] [TRT] Missing scale and zero-point for tensor (Unnamed Layer* 117) [Constant]_output, expect fall back to non-int8 implementation for any layer consuming or producing given tensor
[02/25/2026-14:52:32] [W] [TRT] Missing scale and zero-point for tensor (Unnamed Layer* 118) [Constant]_output, expect fall back to non-int8 implementation for any layer consuming or producing given tensor
[02/25/2026-14:52:32] [W] [TRT] Missing scale and zero-point for tensor (Unnamed Layer* 126) [Constant]_output, expect fall back to non-int8 implementation for any layer consuming or producing given tensor
[02/25/2026-14:52:32] [W] [TRT] Missing scale and zero-point for tensor (Unnamed Layer* 128) [Iterator]_output, expect fall back to non-int8 implementation for any layer consuming or producing given tensor
[02/25/2026-14:52:32] [W] [TRT] Missing scale and zero-point for tensor (Unnamed Layer* 129) [Shuffle]_output, expect fall back to non-int8 implementation for any layer consuming or producing given tensor
[02/25/2026-14:52:32] [W] [TRT] Missing scale and zero-point for tensor (Unnamed Layer* 130) [Recurrence]_output, expect fall back to non-int8 implementation for any layer consuming or producing given tensor
[02/25/2026-14:52:32] [W] [TRT] Missing scale and zero-point for tensor (Unnamed Layer* 131) [Recurrence]_output, expect fall back to non-int8 implementation for any layer consuming or producing given tensor
[02/25/2026-14:52:32] [W] [TRT] Missing scale and zero-point for tensor (Unnamed Layer* 132) [Matrix Multiply]_output, expect fall back to non-int8 implementation for any layer consuming or producing given tensor
[02/25/2026-14:52:32] [W] [TRT] Missing scale and zero-point for tensor (Unnamed Layer* 133) [Matrix Multiply]_output, expect fall back to non-int8 implementation for any layer consuming or producing given tensor
[02/25/2026-14:52:32] [W] [TRT] Missing scale and zero-point for tensor (Unnamed Layer* 134) [ElementWise]_output, expect fall back to non-int8 implementation for any layer consuming or producing given tensor
[02/25/2026-14:52:32] [W] [TRT] Missing scale and zero-point for tensor (Unnamed Layer* 135) [ElementWise]_output, expect fall back to non-int8 implementation for any layer consuming or producing given tensor
[02/25/2026-14:52:32] [W] [TRT] Missing scale and zero-point for tensor (Unnamed Layer* 136) [Slice]_output, expect fall back to non-int8 implementation for any layer consuming or producing given tensor
[02/25/2026-14:52:32] [W] [TRT] Missing scale and zero-point for tensor (Unnamed Layer* 138) [Activation]_output, expect fall back to non-int8 implementation for any layer consuming or producing given tensor
[02/25/2026-14:52:32] [W] [TRT] Missing scale and zero-point for tensor (Unnamed Layer* 139) [Slice]_output, expect fall back to non-int8 implementation for any layer consuming or producing given tensor
[02/25/2026-14:52:32] [W] [TRT] Missing scale and zero-point for tensor (Unnamed Layer* 141) [Activation]_output, expect fall back to non-int8 implementation for any layer consuming or producing given tensor
[02/25/2026-14:52:32] [W] [TRT] Missing scale and zero-point for tensor (Unnamed Layer* 142) [Slice]_output, expect fall back to non-int8 implementation for any layer consuming or producing given tensor
[02/25/2026-14:52:32] [W] [TRT] Missing scale and zero-point for tensor (Unnamed Layer* 144) [Activation]_output, expect fall back to non-int8 implementation for any layer consuming or producing given tensor
[02/25/2026-14:52:32] [W] [TRT] Missing scale and zero-point for tensor (Unnamed Layer* 145) [ElementWise]_output, expect fall back to non-int8 implementation for any layer consuming or producing given tensor
[02/25/2026-14:52:32] [W] [TRT] Missing scale and zero-point for tensor (Unnamed Layer* 146) [ElementWise]_output, expect fall back to non-int8 implementation for any layer consuming or producing given tensor
[02/25/2026-14:52:32] [W] [TRT] Missing scale and zero-point for tensor (Unnamed Layer* 147) [ElementWise]_output, expect fall back to non-int8 implementation for any layer consuming or producing given tensor
[02/25/2026-14:52:32] [W] [TRT] Missing scale and zero-point for tensor (Unnamed Layer* 150) [Slice]_output, expect fall back to non-int8 implementation for any layer consuming or producing given tensor
[02/25/2026-14:52:32] [W] [TRT] Missing scale and zero-point for tensor (Unnamed Layer* 152) [Activation]_output, expect fall back to non-int8 implementation for any layer consuming or producing given tensor
[02/25/2026-14:52:32] [W] [TRT] Missing scale and zero-point for tensor (Unnamed Layer* 153) [Activation]_output, expect fall back to non-int8 implementation for any layer consuming or producing given tensor
[02/25/2026-14:52:32] [W] [TRT] Missing scale and zero-point for tensor (Unnamed Layer* 154) [ElementWise]_output, expect fall back to non-int8 implementation for any layer consuming or producing given tensor
[02/25/2026-14:52:32] [W] [TRT] Missing scale and zero-point for tensor (Unnamed Layer* 161) [Constant]_output, expect fall back to non-int8 implementation for any layer consuming or producing given tensor
[02/25/2026-14:52:32] [W] [TRT] Missing scale and zero-point for tensor capacity, expect fall back to non-int8 implementation for any layer consuming or producing given tensor
[02/25/2026-14:52:32] [I] [TRT] ---------- Layers Running on DLA ----------
[02/25/2026-14:52:32] [I] [TRT] ---------- Layers Running on GPU ----------
[02/25/2026-14:52:32] [I] [TRT] [GpuLayer] SHUFFLE: /Unsqueeze + (Unnamed Layer* 1) [Shuffle]
[02/25/2026-14:52:32] [I] [TRT] [GpuLayer] SHUFFLE: shuffle_between_(Unnamed Layer* 1) [Shuffle]_output_and_/cnn/cnn.0/Conv + /cnn/cnn.2/Relu
[02/25/2026-14:52:32] [I] [TRT] [GpuLayer] CONVOLUTION: /cnn/cnn.0/Conv + /cnn/cnn.2/Relu
[02/25/2026-14:52:32] [I] [TRT] [GpuLayer] SHUFFLE: shuffle_after_/cnn/cnn.2/Relu_out_tensor
[02/25/2026-14:52:32] [I] [TRT] [GpuLayer] SHUFFLE: shuffle_between_/cnn/cnn.2/Relu_out_tensor_and_/cnn/cnn.4/Conv + /cnn/cnn.6/Relu
[02/25/2026-14:52:32] [I] [TRT] [GpuLayer] CONVOLUTION: /cnn/cnn.4/Conv + /cnn/cnn.6/Relu
[02/25/2026-14:52:32] [I] [TRT] [GpuLayer] SHUFFLE: shuffle_after_/cnn/cnn.6/Relu_out_tensor
[02/25/2026-14:52:32] [I] [TRT] [GpuLayer] SHUFFLE: shuffle_between_/cnn/cnn.6/Relu_out_tensor_and_/cnn/cnn.8/Conv
[02/25/2026-14:52:32] [I] [TRT] [GpuLayer] CONVOLUTION: /cnn/cnn.8/Conv
[02/25/2026-14:52:32] [I] [TRT] [GpuLayer] SHUFFLE: shuffle_after_(Unnamed Layer* 10) [Convolution]_output
[02/25/2026-14:52:32] [I] [TRT] [GpuLayer] MYELIN: {ForeignNode[onnx::LSTM_252.../Squeeze]}
[02/25/2026-14:52:34] [I] [TRT] [MemUsageChange] Init cuBLAS/cuBLASLt: CPU +534, GPU +779, now: CPU 1109, GPU 2560 (MiB)
[02/25/2026-14:52:35] [I] [TRT] [MemUsageChange] Init cuDNN: CPU +82, GPU +74, now: CPU 1191, GPU 2634 (MiB)
[02/25/2026-14:52:35] [I] [TRT] Local timing cache in use. Profiling results in this builder pass will not be stored.
[02/25/2026-14:52:35] [W] [TRT] Using kFASTER_DYNAMIC_SHAPES_0805 preview feature.
[02/25/2026-14:53:08] [I] [TRT] Total Activation Memory: 4295000576
[02/25/2026-14:53:08] [I] [TRT] Detected 1 inputs and 1 output network tensors.
[02/25/2026-14:53:08] [I] [TRT] Total Host Persistent Memory: 9568
[02/25/2026-14:53:08] [I] [TRT] Total Device Persistent Memory: 0
[02/25/2026-14:53:08] [I] [TRT] Total Scratch Memory: 109056
[02/25/2026-14:53:08] [I] [TRT] [MemUsageStats] Peak memory usage of TRT CPU/GPU memory allocators: CPU 0 MiB, GPU 268 MiB
[02/25/2026-14:53:08] [I] [TRT] [BlockAssignment] Started assigning block shifts. This will take 13 steps to complete.
[02/25/2026-14:53:08] [I] [TRT] [BlockAssignment] Algorithm ShiftNTopDown took 0.330816ms to assign 4 blocks to 13 nodes requiring 125440 bytes.
[02/25/2026-14:53:08] [I] [TRT] Total Activation Memory: 125440
[02/25/2026-14:53:08] [W] [TRT] TensorRT encountered issues when converting weights between types and that could affect accuracy.
[02/25/2026-14:53:08] [W] [TRT] If this is not the desired behavior, please modify the weights or retrain with regularization to adjust the magnitude of the weights.
[02/25/2026-14:53:08] [W] [TRT] Check verbose logs for the list of affected weights.
[02/25/2026-14:53:08] [W] [TRT] - 6 weights are affected by this issue: Detected subnormal FP16 values.
[02/25/2026-14:53:08] [I] [TRT] [MemUsageChange] TensorRT-managed allocation in building engine: CPU +0, GPU +4, now: CPU 0, GPU 4 (MiB)
[02/25/2026-14:53:08] [I] Engine built in 38.5596 sec.
[02/25/2026-14:53:09] [I] [TRT] Loaded engine size: 0 MiB
[02/25/2026-14:53:09] [I] [TRT] [MemUsageChange] TensorRT-managed allocation in engine deserialization: CPU +0, GPU +0, now: CPU 0, GPU 0 (MiB)
[02/25/2026-14:53:09] [I] Engine deserialized in 0.00896746 sec.
[02/25/2026-14:53:09] [I] [TRT] [MemUsageChange] TensorRT-managed allocation in IExecutionContext creation: CPU +0, GPU +0, now: CPU 0, GPU 0 (MiB)
[02/25/2026-14:53:09] [I] Setting persistentCacheLimit to 0 bytes.
[02/25/2026-14:53:09] [I] Using random values for input input
[02/25/2026-14:53:09] [I] Created input binding for input with dimensions 1x120
[02/25/2026-14:53:09] [I] Using random values for output capacity
[02/25/2026-14:53:09] [I] Created output binding for capacity with dimensions 
[02/25/2026-14:53:09] [I] [TRT] The profiling verbosity was set to ProfilingVerbosity::kLAYER_NAMES_ONLY when the engine was built, so only the layer names will be returned. Rebuild the engine with ProfilingVerbosity::kDETAILED to get more verbose layer information.
[02/25/2026-14:53:09] [I] Starting inference
[02/25/2026-14:53:12] [I] Warmup completed 36 queries over 200 ms
[02/25/2026-14:53:12] [I] Timing trace has 630 queries over 3.0114 s
[02/25/2026-14:53:12] [I] 
[02/25/2026-14:53:12] [I] === Trace details ===
[02/25/2026-14:53:12] [I] Trace averages of 10 runs:
[02/25/2026-14:53:12] [I] Average on 10 runs - GPU latency: 4.87041 ms - Host latency: 4.87041 ms (enqueue 4.82818 ms)
[02/25/2026-14:53:12] [I] Average on 10 runs - GPU latency: 4.92957 ms - Host latency: 4.92957 ms (enqueue 4.91713 ms)
[02/25/2026-14:53:12] [I] Average on 10 runs - GPU latency: 4.88012 ms - Host latency: 4.88012 ms (enqueue 4.8935 ms)
[02/25/2026-14:53:12] [I] Average on 10 runs - GPU latency: 4.82629 ms - Host latency: 4.82629 ms (enqueue 4.81409 ms)
[02/25/2026-14:53:12] [I] Average on 10 runs - GPU latency: 4.93134 ms - Host latency: 4.93134 ms (enqueue 4.88923 ms)
[02/25/2026-14:53:12] [I] Average on 10 runs - GPU latency: 4.83387 ms - Host latency: 4.83387 ms (enqueue 4.84793 ms)
[02/25/2026-14:53:12] [I] Average on 10 runs - GPU latency: 4.69824 ms - Host latency: 4.69824 ms (enqueue 4.69106 ms)
[02/25/2026-14:53:12] [I] Average on 10 runs - GPU latency: 4.68253 ms - Host latency: 4.68253 ms (enqueue 4.67529 ms)
[02/25/2026-14:53:12] [I] Average on 10 runs - GPU latency: 4.68579 ms - Host latency: 4.68579 ms (enqueue 4.679 ms)
[02/25/2026-14:53:12] [I] Average on 10 runs - GPU latency: 4.69052 ms - Host latency: 4.69052 ms (enqueue 4.68367 ms)
[02/25/2026-14:53:12] [I] Average on 10 runs - GPU latency: 4.68887 ms - Host latency: 4.68887 ms (enqueue 4.68217 ms)
[02/25/2026-14:53:12] [I] Average on 10 runs - GPU latency: 4.68536 ms - Host latency: 4.68536 ms (enqueue 4.67861 ms)
[02/25/2026-14:53:12] [I] Average on 10 runs - GPU latency: 4.69257 ms - Host latency: 4.69257 ms (enqueue 4.68572 ms)
[02/25/2026-14:53:12] [I] Average on 10 runs - GPU latency: 4.69527 ms - Host latency: 4.69527 ms (enqueue 4.68818 ms)
[02/25/2026-14:53:12] [I] Average on 10 runs - GPU latency: 4.68952 ms - Host latency: 4.68952 ms (enqueue 4.68257 ms)
[02/25/2026-14:53:12] [I] Average on 10 runs - GPU latency: 4.69171 ms - Host latency: 4.69171 ms (enqueue 4.68251 ms)
[02/25/2026-14:53:12] [I] Average on 10 runs - GPU latency: 4.72517 ms - Host latency: 4.72517 ms (enqueue 4.71551 ms)
[02/25/2026-14:53:12] [I] Average on 10 runs - GPU latency: 4.69169 ms - Host latency: 4.69169 ms (enqueue 4.68329 ms)
[02/25/2026-14:53:12] [I] Average on 10 runs - GPU latency: 4.7183 ms - Host latency: 4.7183 ms (enqueue 4.71005 ms)
[02/25/2026-14:53:12] [I] Average on 10 runs - GPU latency: 4.68877 ms - Host latency: 4.68877 ms (enqueue 4.68187 ms)
[02/25/2026-14:53:12] [I] Average on 10 runs - GPU latency: 4.69309 ms - Host latency: 4.69309 ms (enqueue 4.68561 ms)
[02/25/2026-14:53:12] [I] Average on 10 runs - GPU latency: 4.68737 ms - Host latency: 4.68737 ms (enqueue 4.68071 ms)
[02/25/2026-14:53:12] [I] Average on 10 runs - GPU latency: 4.68867 ms - Host latency: 4.68867 ms (enqueue 4.68166 ms)
[02/25/2026-14:53:12] [I] Average on 10 runs - GPU latency: 4.68562 ms - Host latency: 4.68562 ms (enqueue 4.67887 ms)
[02/25/2026-14:53:12] [I] Average on 10 runs - GPU latency: 4.72445 ms - Host latency: 4.72445 ms (enqueue 4.71633 ms)
[02/25/2026-14:53:12] [I] Average on 10 runs - GPU latency: 4.68485 ms - Host latency: 4.68485 ms (enqueue 4.67821 ms)
[02/25/2026-14:53:12] [I] Average on 10 runs - GPU latency: 4.68914 ms - Host latency: 4.68914 ms (enqueue 4.68226 ms)
[02/25/2026-14:53:12] [I] Average on 10 runs - GPU latency: 4.69426 ms - Host latency: 4.69426 ms (enqueue 4.68729 ms)
[02/25/2026-14:53:12] [I] Average on 10 runs - GPU latency: 4.69391 ms - Host latency: 4.69391 ms (enqueue 4.68695 ms)
[02/25/2026-14:53:12] [I] Average on 10 runs - GPU latency: 4.69379 ms - Host latency: 4.69379 ms (enqueue 4.68683 ms)
[02/25/2026-14:53:12] [I] Average on 10 runs - GPU latency: 4.69552 ms - Host latency: 4.69552 ms (enqueue 4.68843 ms)
[02/25/2026-14:53:12] [I] Average on 10 runs - GPU latency: 4.69032 ms - Host latency: 4.69032 ms (enqueue 4.68311 ms)
[02/25/2026-14:53:12] [I] Average on 10 runs - GPU latency: 4.87318 ms - Host latency: 4.87318 ms (enqueue 4.86078 ms)
[02/25/2026-14:53:12] [I] Average on 10 runs - GPU latency: 4.90148 ms - Host latency: 4.90148 ms (enqueue 4.88768 ms)
[02/25/2026-14:53:12] [I] Average on 10 runs - GPU latency: 4.87415 ms - Host latency: 4.87415 ms (enqueue 4.83456 ms)
[02/25/2026-14:53:12] [I] Average on 10 runs - GPU latency: 4.77181 ms - Host latency: 4.77181 ms (enqueue 4.78948 ms)
[02/25/2026-14:53:12] [I] Average on 10 runs - GPU latency: 4.83437 ms - Host latency: 4.83437 ms (enqueue 4.8234 ms)
[02/25/2026-14:53:12] [I] Average on 10 runs - GPU latency: 4.69905 ms - Host latency: 4.69905 ms (enqueue 4.69181 ms)
[02/25/2026-14:53:12] [I] Average on 10 runs - GPU latency: 4.70295 ms - Host latency: 4.70295 ms (enqueue 4.69589 ms)
[02/25/2026-14:53:12] [I] Average on 10 runs - GPU latency: 4.83738 ms - Host latency: 4.83738 ms (enqueue 4.79885 ms)
[02/25/2026-14:53:12] [I] Average on 10 runs - GPU latency: 4.90254 ms - Host latency: 4.90254 ms (enqueue 4.88948 ms)
[02/25/2026-14:53:12] [I] Average on 10 runs - GPU latency: 4.8105 ms - Host latency: 4.8105 ms (enqueue 4.8272 ms)
[02/25/2026-14:53:12] [I] Average on 10 runs - GPU latency: 4.76624 ms - Host latency: 4.76624 ms (enqueue 4.72932 ms)
[02/25/2026-14:53:12] [I] Average on 10 runs - GPU latency: 4.7688 ms - Host latency: 4.7688 ms (enqueue 4.78645 ms)
[02/25/2026-14:53:12] [I] Average on 10 runs - GPU latency: 4.69719 ms - Host latency: 4.69719 ms (enqueue 4.69028 ms)
[02/25/2026-14:53:12] [I] Average on 10 runs - GPU latency: 4.76348 ms - Host latency: 4.76348 ms (enqueue 4.72781 ms)
[02/25/2026-14:53:12] [I] Average on 10 runs - GPU latency: 4.85229 ms - Host latency: 4.85229 ms (enqueue 4.86982 ms)
[02/25/2026-14:53:12] [I] Average on 10 runs - GPU latency: 4.73516 ms - Host latency: 4.73516 ms (enqueue 4.75349 ms)
[02/25/2026-14:53:12] [I] Average on 10 runs - GPU latency: 4.80244 ms - Host latency: 4.80244 ms (enqueue 4.79241 ms)
[02/25/2026-14:53:12] [I] Average on 10 runs - GPU latency: 4.96406 ms - Host latency: 4.96406 ms (enqueue 4.94934 ms)
[02/25/2026-14:53:12] [I] Average on 10 runs - GPU latency: 5.06321 ms - Host latency: 5.06321 ms (enqueue 5.04629 ms)
[02/25/2026-14:53:12] [I] Average on 10 runs - GPU latency: 4.69917 ms - Host latency: 4.69917 ms (enqueue 4.69204 ms)
[02/25/2026-14:53:12] [I] Average on 10 runs - GPU latency: 4.94636 ms - Host latency: 4.94636 ms (enqueue 4.93186 ms)
[02/25/2026-14:53:12] [I] Average on 10 runs - GPU latency: 4.76482 ms - Host latency: 4.76482 ms (enqueue 4.75703 ms)
[02/25/2026-14:53:12] [I] Average on 10 runs - GPU latency: 4.69387 ms - Host latency: 4.69387 ms (enqueue 4.68679 ms)
[02/25/2026-14:53:12] [I] Average on 10 runs - GPU latency: 4.69785 ms - Host latency: 4.69785 ms (enqueue 4.69067 ms)
[02/25/2026-14:53:12] [I] Average on 10 runs - GPU latency: 4.76443 ms - Host latency: 4.76443 ms (enqueue 4.75596 ms)
[02/25/2026-14:53:12] [I] Average on 10 runs - GPU latency: 4.8437 ms - Host latency: 4.8437 ms (enqueue 4.83291 ms)
[02/25/2026-14:53:12] [I] Average on 10 runs - GPU latency: 4.76616 ms - Host latency: 4.76616 ms (enqueue 4.75745 ms)
[02/25/2026-14:53:12] [I] Average on 10 runs - GPU latency: 4.83918 ms - Host latency: 4.83918 ms (enqueue 4.82832 ms)
[02/25/2026-14:53:12] [I] Average on 10 runs - GPU latency: 4.84773 ms - Host latency: 4.84773 ms (enqueue 4.83682 ms)
[02/25/2026-14:53:12] [I] Average on 10 runs - GPU latency: 4.77092 ms - Host latency: 4.77092 ms (enqueue 4.76257 ms)
[02/25/2026-14:53:12] [I] Average on 10 runs - GPU latency: 4.84495 ms - Host latency: 4.84495 ms (enqueue 4.83418 ms)
[02/25/2026-14:53:12] [I] 
[02/25/2026-14:53:12] [I] === Performance summary ===
[02/25/2026-14:53:12] [I] Throughput: 209.205 qps
[02/25/2026-14:53:12] [I] Latency: min = 4.64911 ms, max = 5.43701 ms, mean = 4.76851 ms, median = 4.69891 ms, percentile(90%) = 5.02649 ms, percentile(95%) = 5.04297 ms, percentile(99%) = 5.38696 ms
[02/25/2026-14:53:12] [I] Enqueue Time: min = 4.64087 ms, max = 5.45508 ms, mean = 4.75963 ms, median = 4.69199 ms, percentile(90%) = 5.00989 ms, percentile(95%) = 5.03833 ms, percentile(99%) = 5.21375 ms
[02/25/2026-14:53:12] [I] H2D Latency: min = 0 ms, max = 0 ms, mean = 0 ms, median = 0 ms, percentile(90%) = 0 ms, percentile(95%) = 0 ms, percentile(99%) = 0 ms
[02/25/2026-14:53:12] [I] GPU Compute Time: min = 4.64911 ms, max = 5.43701 ms, mean = 4.76851 ms, median = 4.69891 ms, percentile(90%) = 5.02649 ms, percentile(95%) = 5.04297 ms, percentile(99%) = 5.38696 ms
[02/25/2026-14:53:12] [I] D2H Latency: min = 0 ms, max = 0 ms, mean = 0 ms, median = 0 ms, percentile(90%) = 0 ms, percentile(95%) = 0 ms, percentile(99%) = 0 ms
[02/25/2026-14:53:12] [I] Total Host Walltime: 3.0114 s
[02/25/2026-14:53:12] [I] Total GPU Compute Time: 3.00416 s
[02/25/2026-14:53:12] [W] * Throughput may be bound by Enqueue Time rather than GPU Compute and the GPU may be under-utilized.
[02/25/2026-14:53:12] [W]   If not already in use, --useCudaGraph (utilize CUDA graphs where possible) may increase the throughput.
[02/25/2026-14:53:12] [W] * GPU compute time is unstable, with coefficient of variance = 3.37642%.
[02/25/2026-14:53:12] [W]   If not already in use, locking GPU clock frequency or adding --useSpinWait may improve the stability.
[02/25/2026-14:53:12] [I] Explanations of the performance metrics are printed in the verbose logs.
[02/25/2026-14:53:12] [I] 
&&&& PASSED TensorRT.trtexec [TensorRT v8502] # /usr/src/tensorrt/bin/trtexec --onnx=/home/user/Edge-ML/models/v3/CNN-LSTM/CNN-LSTM.onnx --saveEngine=/home/user/Edge-ML/models/v3/CNN-LSTM/CNN-LSTM_int8.engine --int8 --fp16 --exportLayerInfo=/home/user/Edge-ML/models/v3/CNN-LSTM/logs/quantisation_int8_layers.json --memPoolSize=workspace:4096MiB --tacticSources=+CUBLAS,+CUBLAS_LT,+CUDNN --noDataTransfers --preview=+fasterDynamicShapes0805 --calib=/home/user/Edge-ML/models/v3/CNN-LSTM/CNN-LSTM.cache
