03-03-2026 22:21:38 RAM 1808/3425MB (lfb 39x1MB) SWAP 216/1713MB (cached 4MB) CPU [0%@1510,0%@1510,0%@1510,0%@1510,83%@1510,0%@1510] EMC_FREQ 0% GR3D_FREQ 85%@[0] CV0@-256C CPU@49.531C SOC2@48.843C SOC0@46.75C CV1@-256C GPU@49.937C tj@49.937C SOC1@49.781C CV2@-256C
03-03-2026 22:21:38 RAM 1808/3425MB (lfb 39x1MB) SWAP 216/1713MB (cached 4MB) CPU [0%@1510,0%@1510,0%@1510,0%@1510,100%@1510,0%@1510] EMC_FREQ 0% GR3D_FREQ 85%@[0] CV0@-256C CPU@49.75C SOC2@49C SOC0@46.812C CV1@-256C GPU@49.375C tj@49.75C SOC1@49.687C CV2@-256C
03-03-2026 22:21:38 RAM 1808/3425MB (lfb 39x1MB) SWAP 216/1713MB (cached 4MB) CPU [0%@1510,0%@1510,0%@1510,0%@1510,80%@1510,0%@1510] EMC_FREQ 0% GR3D_FREQ 86%@[0] CV0@-256C CPU@49.625C SOC2@48.906C SOC0@46.718C CV1@-256C GPU@49.531C tj@49.843C SOC1@49.843C CV2@-256C
03-03-2026 22:21:38 RAM 1808/3425MB (lfb 39x1MB) SWAP 216/1713MB (cached 4MB) CPU [14%@1510,0%@1510,0%@1510,0%@1510,100%@1510,0%@1510] EMC_FREQ 0% GR3D_FREQ 85%@[0] CV0@-256C CPU@49.875C SOC2@49C SOC0@46.968C CV1@-256C GPU@49.531C tj@49.875C SOC1@49.687C CV2@-256C
03-03-2026 22:21:38 RAM 1808/3425MB (lfb 39x1MB) SWAP 216/1713MB (cached 4MB) CPU [0%@1510,16%@1510,0%@1510,0%@1510,100%@1510,0%@1510] EMC_FREQ 0% GR3D_FREQ 85%@[0] CV0@-256C CPU@49.562C SOC2@48.875C SOC0@46.718C CV1@-256C GPU@49.656C tj@49.656C SOC1@49.625C CV2@-256C
03-03-2026 22:21:39 RAM 1807/3425MB (lfb 39x1MB) SWAP 216/1713MB (cached 4MB) CPU [0%@1510,0%@1510,0%@1510,0%@1510,80%@1510,0%@1510] EMC_FREQ 0% GR3D_FREQ 86%@[0] CV0@-256C CPU@49.468C SOC2@48.875C SOC0@46.968C CV1@-256C GPU@49.75C tj@49.75C SOC1@49.687C CV2@-256C
03-03-2026 22:21:39 RAM 1807/3425MB (lfb 39x1MB) SWAP 216/1713MB (cached 4MB) CPU [0%@1510,0%@1510,0%@1510,0%@1510,100%@1510,0%@1510] EMC_FREQ 0% GR3D_FREQ 86%@[0] CV0@-256C CPU@49.843C SOC2@48.906C SOC0@46.75C CV1@-256C GPU@49.531C tj@49.843C SOC1@49.593C CV2@-256C
03-03-2026 22:21:39 RAM 1807/3425MB (lfb 39x1MB) SWAP 216/1713MB (cached 4MB) CPU [0%@1510,0%@1510,0%@1510,0%@1510,83%@1510,0%@1510] EMC_FREQ 0% GR3D_FREQ 85%@[0] CV0@-256C CPU@49.5C SOC2@48.968C SOC0@46.781C CV1@-256C GPU@49.625C tj@49.781C SOC1@49.781C CV2@-256C
03-03-2026 22:21:39 RAM 1807/3425MB (lfb 39x1MB) SWAP 216/1713MB (cached 4MB) CPU [0%@1510,0%@1510,0%@1510,0%@1510,100%@1510,0%@1510] EMC_FREQ 0% GR3D_FREQ 85%@[0] CV0@-256C CPU@49.968C SOC2@49C SOC0@46.843C CV1@-256C GPU@49.718C tj@49.968C SOC1@49.625C CV2@-256C
03-03-2026 22:21:39 RAM 1807/3425MB (lfb 39x1MB) SWAP 216/1713MB (cached 4MB) CPU [0%@1510,0%@1510,0%@1510,0%@1510,100%@1510,0%@1510] EMC_FREQ 0% GR3D_FREQ 85%@[0] CV0@-256C CPU@49.5C SOC2@48.906C SOC0@46.781C CV1@-256C GPU@49.968C tj@49.968C SOC1@49.812C CV2@-256C
03-03-2026 22:21:39 RAM 1807/3425MB (lfb 39x1MB) SWAP 216/1713MB (cached 4MB) CPU [0%@1510,0%@1510,0%@1510,0%@1510,80%@1510,0%@1510] EMC_FREQ 0% GR3D_FREQ 85%@[0] CV0@-256C CPU@49.437C SOC2@49C SOC0@46.843C CV1@-256C GPU@49.343C tj@49.625C SOC1@49.625C CV2@-256C
03-03-2026 22:21:39 RAM 1809/3425MB (lfb 39x1MB) SWAP 216/1713MB (cached 4MB) CPU [16%@1510,16%@1510,0%@1510,66%@1510,100%@1510,0%@1510] EMC_FREQ 0% GR3D_FREQ 85%@[0] CV0@-256C CPU@49.656C SOC2@48.968C SOC0@46.812C CV1@-256C GPU@49.531C tj@49.875C SOC1@49.5C CV2@-256C
03-03-2026 22:21:39 RAM 1811/3425MB (lfb 39x1MB) SWAP 216/1713MB (cached 4MB) CPU [0%@1510,0%@1510,0%@1510,100%@1510,85%@1510,0%@1510] EMC_FREQ 0% GR3D_FREQ 85%@[0] CV0@-256C CPU@49.687C SOC2@49.062C SOC0@47.031C CV1@-256C GPU@50C tj@50C SOC1@49.625C CV2@-256C
03-03-2026 22:21:39 RAM 1813/3425MB (lfb 39x1MB) SWAP 216/1713MB (cached 4MB) CPU [0%@1510,0%@1510,0%@1510,75%@1510,100%@1510,0%@1510] EMC_FREQ 0% GR3D_FREQ 85%@[0] CV0@-256C CPU@49.593C SOC2@49.031C SOC0@46.875C CV1@-256C GPU@49.375C tj@49.625C SOC1@49.625C CV2@-256C
03-03-2026 22:21:39 RAM 1823/3425MB (lfb 3x2MB) SWAP 211/1713MB (cached 6MB) CPU [80%@1510,50%@1510,33%@1510,83%@1510,83%@1510,40%@1510] EMC_FREQ 0% GR3D_FREQ 85%@[0] CV0@-256C CPU@49.843C SOC2@49.062C SOC0@46.781C CV1@-256C GPU@49.468C tj@49.843C SOC1@49.75C CV2@-256C
03-03-2026 22:21:39 RAM 1827/3425MB (lfb 5x2MB) SWAP 210/1713MB (cached 6MB) CPU [20%@1510,40%@1510,0%@1510,100%@1510,100%@1510,20%@1510] EMC_FREQ 0% GR3D_FREQ 85%@[0] CV0@-256C CPU@49.875C SOC2@49.062C SOC0@46.906C CV1@-256C GPU@49.75C tj@49.875C SOC1@49.656C CV2@-256C
03-03-2026 22:21:39 RAM 1823/3425MB (lfb 5x2MB) SWAP 210/1713MB (cached 7MB) CPU [50%@1510,57%@1510,28%@1510,25%@1510,100%@1510,0%@1510] EMC_FREQ 0% GR3D_FREQ 85%@[0] CV0@-256C CPU@49.875C SOC2@49.093C SOC0@46.812C CV1@-256C GPU@49.593C tj@49.906C SOC1@49.625C CV2@-256C
03-03-2026 22:21:39 RAM 1824/3425MB (lfb 5x2MB) SWAP 210/1713MB (cached 7MB) CPU [16%@1510,0%@1510,0%@1510,100%@1510,83%@1510,0%@1510] EMC_FREQ 0% GR3D_FREQ 85%@[0] CV0@-256C CPU@49.781C SOC2@49.062C SOC0@46.968C CV1@-256C GPU@49.625C tj@49.781C SOC1@49.718C CV2@-256C
03-03-2026 22:21:39 RAM 1826/3425MB (lfb 5x2MB) SWAP 210/1713MB (cached 7MB) CPU [0%@1510,0%@1510,16%@1510,50%@1510,100%@1510,0%@1510] EMC_FREQ 0% GR3D_FREQ 85%@[0] CV0@-256C CPU@49.75C SOC2@49.156C SOC0@46.812C CV1@-256C GPU@49.687C tj@49.75C SOC1@49.593C CV2@-256C
03-03-2026 22:21:39 RAM 1830/3425MB (lfb 5x2MB) SWAP 210/1713MB (cached 7MB) CPU [16%@1510,0%@1510,0%@1510,60%@1510,80%@1510,0%@1510] EMC_FREQ 0% GR3D_FREQ 85%@[0] CV0@-256C CPU@49.718C SOC2@49.062C SOC0@46.812C CV1@-256C GPU@49.75C tj@49.843C SOC1@49.843C CV2@-256C
03-03-2026 22:21:39 RAM 1830/3425MB (lfb 5x2MB) SWAP 210/1713MB (cached 7MB) CPU [16%@1510,0%@1510,0%@1510,0%@1510,100%@1510,0%@1510] EMC_FREQ 0% GR3D_FREQ 86%@[0] CV0@-256C CPU@49.656C SOC2@49.093C SOC0@46.937C CV1@-256C GPU@49.531C tj@49.656C SOC1@49.656C CV2@-256C
03-03-2026 22:21:39 RAM 1830/3425MB (lfb 5x2MB) SWAP 210/1713MB (cached 7MB) CPU [0%@1510,0%@1510,0%@1510,0%@1510,83%@1510,0%@1510] EMC_FREQ 0% GR3D_FREQ 85%@[0] CV0@-256C CPU@49.75C SOC2@49.093C SOC0@46.875C CV1@-256C GPU@49.656C tj@50.062C SOC1@50.062C CV2@-256C
03-03-2026 22:21:39 RAM 1830/3425MB (lfb 5x2MB) SWAP 210/1713MB (cached 7MB) CPU [0%@1510,0%@1510,0%@1510,0%@1510,100%@1510,0%@1510] EMC_FREQ 0% GR3D_FREQ 85%@[0] CV0@-256C CPU@49.656C SOC2@49.156C SOC0@47.156C CV1@-256C GPU@49.75C tj@49.937C SOC1@49.937C CV2@-256C
03-03-2026 22:21:39 RAM 1830/3425MB (lfb 5x2MB) SWAP 210/1713MB (cached 7MB) CPU [0%@1510,0%@1510,0%@1510,0%@1510,100%@1510,0%@1510] EMC_FREQ 0% GR3D_FREQ 85%@[0] CV0@-256C CPU@49.781C SOC2@49.156C SOC0@47.125C CV1@-256C GPU@49.875C tj@49.906C SOC1@49.906C CV2@-256C
03-03-2026 22:21:39 RAM 1830/3425MB (lfb 5x2MB) SWAP 210/1713MB (cached 7MB) CPU [0%@1510,0%@1510,0%@1510,0%@1510,83%@1510,0%@1510] EMC_FREQ 0% GR3D_FREQ 86%@[0] CV0@-256C CPU@49.687C SOC2@49.031C SOC0@47.343C CV1@-256C GPU@50.093C tj@50.093C SOC1@50C CV2@-256C
03-03-2026 22:21:40 RAM 1830/3425MB (lfb 5x2MB) SWAP 210/1713MB (cached 7MB) CPU [0%@1510,0%@1510,0%@1510,0%@1510,100%@1510,0%@1510] EMC_FREQ 0% GR3D_FREQ 85%@[0] CV0@-256C CPU@49.843C SOC2@49.187C SOC0@47.093C CV1@-256C GPU@49.562C tj@49.968C SOC1@49.968C CV2@-256C
03-03-2026 22:21:40 RAM 1830/3425MB (lfb 5x2MB) SWAP 210/1713MB (cached 7MB) CPU [0%@1510,0%@1510,0%@1510,0%@1510,83%@1510,0%@1510] EMC_FREQ 0% GR3D_FREQ 85%@[0] CV0@-256C CPU@49.781C SOC2@49.062C SOC0@47.125C CV1@-256C GPU@49.656C tj@50.062C SOC1@50.062C CV2@-256C
03-03-2026 22:21:40 RAM 1831/3425MB (lfb 5x2MB) SWAP 210/1713MB (cached 7MB) CPU [0%@1510,16%@1510,0%@1510,25%@1510,100%@1510,0%@1510] EMC_FREQ 0% GR3D_FREQ 85%@[0] CV0@-256C CPU@49.968C SOC2@49.125C SOC0@47.062C CV1@-256C GPU@50.093C tj@50.093C SOC1@49.843C CV2@-256C
03-03-2026 22:21:40 RAM 1843/3425MB (lfb 5x2MB) SWAP 210/1713MB (cached 7MB) CPU [0%@1510,0%@1510,50%@1510,0%@1510,80%@1510,0%@1510] EMC_FREQ 0% GR3D_FREQ 88%@[0] CV0@-256C CPU@49.75C SOC2@49.125C SOC0@46.968C CV1@-256C GPU@49.531C tj@49.937C SOC1@49.937C CV2@-256C
03-03-2026 22:21:40 RAM 1856/3425MB (lfb 5x2MB) SWAP 210/1713MB (cached 7MB) CPU [0%@1510,0%@1510,50%@1510,0%@1510,60%@1510,0%@1510] EMC_FREQ 0% GR3D_FREQ 88%@[0] CV0@-256C CPU@50.156C SOC2@49.156C SOC0@47.062C CV1@-256C GPU@49.656C tj@50.156C SOC1@49.781C CV2@-256C
03-03-2026 22:21:40 RAM 1849/3425MB (lfb 5x2MB) SWAP 210/1713MB (cached 7MB) CPU [0%@1510,16%@1510,50%@1510,0%@1510,100%@1510,0%@1510] EMC_FREQ 0% GR3D_FREQ 85%@[0] CV0@-256C CPU@49.843C SOC2@49.062C SOC0@46.968C CV1@-256C GPU@49.687C tj@49.843C SOC1@49.687C CV2@-256C
03-03-2026 22:21:40 RAM 1838/3425MB (lfb 5x2MB) SWAP 210/1713MB (cached 7MB) CPU [0%@1510,0%@1510,20%@1510,0%@1510,83%@1510,0%@1510] EMC_FREQ 0% GR3D_FREQ 85%@[0] CV0@-256C CPU@49.625C SOC2@49.218C SOC0@47.125C CV1@-256C GPU@49.75C tj@49.843C SOC1@49.843C CV2@-256C
03-03-2026 22:21:40 RAM 1838/3425MB (lfb 5x2MB) SWAP 210/1713MB (cached 7MB) CPU [0%@1510,0%@1510,0%@1510,0%@1510,100%@1510,0%@1510] EMC_FREQ 0% GR3D_FREQ 86%@[0] CV0@-256C CPU@49.937C SOC2@49.125C SOC0@46.968C CV1@-256C GPU@49.718C tj@49.937C SOC1@49.75C CV2@-256C
03-03-2026 22:21:40 RAM 1838/3425MB (lfb 5x2MB) SWAP 210/1713MB (cached 7MB) CPU [0%@1510,0%@1510,16%@1510,20%@1510,100%@1510,0%@1510] EMC_FREQ 0% GR3D_FREQ 85%@[0] CV0@-256C CPU@49.593C SOC2@49.062C SOC0@46.906C CV1@-256C GPU@49.687C tj@49.875C SOC1@49.875C CV2@-256C
03-03-2026 22:21:40 RAM 1839/3425MB (lfb 5x2MB) SWAP 210/1713MB (cached 7MB) CPU [16%@1510,33%@1510,0%@1510,20%@1510,83%@1510,0%@1510] EMC_FREQ 0% GR3D_FREQ 85%@[0] CV0@-256C CPU@50.25C SOC2@49.062C SOC0@46.968C CV1@-256C GPU@49.843C tj@50.25C SOC1@49.781C CV2@-256C
03-03-2026 22:21:40 RAM 1838/3425MB (lfb 5x2MB) SWAP 210/1713MB (cached 7MB) CPU [0%@1510,0%@1510,0%@1510,0%@1510,100%@1510,0%@1510] EMC_FREQ 0% GR3D_FREQ 85%@[0] CV0@-256C CPU@49.937C SOC2@49.125C SOC0@46.937C CV1@-256C GPU@49.875C tj@50C SOC1@50C CV2@-256C
03-03-2026 22:21:40 RAM 1838/3425MB (lfb 5x2MB) SWAP 210/1713MB (cached 7MB) CPU [0%@1510,0%@1510,0%@1510,16%@1510,80%@1510,0%@1510] EMC_FREQ 0% GR3D_FREQ 85%@[0] CV0@-256C CPU@49.593C SOC2@49.156C SOC0@47.093C CV1@-256C GPU@50.062C tj@50.062C SOC1@49.812C CV2@-256C
03-03-2026 22:21:40 RAM 1838/3425MB (lfb 5x2MB) SWAP 210/1713MB (cached 7MB) CPU [0%@1510,16%@1510,0%@1510,0%@1510,100%@1510,0%@1510] EMC_FREQ 0% GR3D_FREQ 86%@[0] CV0@-256C CPU@50.031C SOC2@49.093C SOC0@47C CV1@-256C GPU@49.75C tj@50.031C SOC1@49.656C CV2@-256C
03-03-2026 22:21:40 RAM 1838/3425MB (lfb 5x2MB) SWAP 210/1713MB (cached 7MB) CPU [0%@1510,0%@1510,0%@1510,0%@1510,80%@1510,0%@1510] EMC_FREQ 0% GR3D_FREQ 86%@[0] CV0@-256C CPU@49.593C SOC2@49.093C SOC0@47.062C CV1@-256C GPU@49.875C tj@49.875C SOC1@49.812C CV2@-256C
03-03-2026 22:21:40 RAM 1838/3425MB (lfb 5x2MB) SWAP 210/1713MB (cached 7MB) CPU [0%@1510,0%@1510,0%@1510,0%@1510,100%@1510,0%@1510] EMC_FREQ 0% GR3D_FREQ 85%@[0] CV0@-256C CPU@49.562C SOC2@49.031C SOC0@46.906C CV1@-256C GPU@50.062C tj@50.062C SOC1@49.781C CV2@-256C
03-03-2026 22:21:40 RAM 1838/3425MB (lfb 5x2MB) SWAP 210/1713MB (cached 7MB) CPU [0%@1510,0%@1510,0%@1510,0%@1510,100%@1510,0%@1510] EMC_FREQ 0% GR3D_FREQ 85%@[0] CV0@-256C CPU@49.625C SOC2@48.937C SOC0@46.843C CV1@-256C GPU@49.562C tj@49.937C SOC1@49.937C CV2@-256C
03-03-2026 22:21:40 RAM 1838/3425MB (lfb 5x2MB) SWAP 210/1713MB (cached 7MB) CPU [16%@1510,0%@1510,0%@1510,16%@1510,83%@1510,0%@1510] EMC_FREQ 0% GR3D_FREQ 85%@[0] CV0@-256C CPU@49.531C SOC2@49.093C SOC0@46.968C CV1@-256C GPU@49.531C tj@49.781C SOC1@49.781C CV2@-256C
03-03-2026 22:21:40 RAM 1838/3425MB (lfb 5x2MB) SWAP 210/1713MB (cached 7MB) CPU [0%@1510,0%@1510,0%@1510,0%@1510,100%@1510,0%@1510] EMC_FREQ 0% GR3D_FREQ 85%@[0] CV0@-256C CPU@49.625C SOC2@49.031C SOC0@46.906C CV1@-256C GPU@49.687C tj@49.937C SOC1@49.937C CV2@-256C
03-03-2026 22:21:40 RAM 1838/3425MB (lfb 5x2MB) SWAP 210/1713MB (cached 7MB) CPU [0%@1510,0%@1510,0%@1510,0%@1510,83%@1510,0%@1510] EMC_FREQ 0% GR3D_FREQ 85%@[0] CV0@-256C CPU@49.593C SOC2@49.125C SOC0@47.062C CV1@-256C GPU@49.5C tj@49.781C SOC1@49.781C CV2@-256C
03-03-2026 22:21:41 RAM 1838/3425MB (lfb 5x2MB) SWAP 210/1713MB (cached 7MB) CPU [0%@1510,0%@1510,0%@1510,0%@1510,100%@1510,0%@1510] EMC_FREQ 0% GR3D_FREQ 86%@[0] CV0@-256C CPU@49.718C SOC2@49.093C SOC0@46.968C CV1@-256C GPU@49.562C tj@49.718C SOC1@49.687C CV2@-256C
03-03-2026 22:21:41 RAM 1838/3425MB (lfb 5x2MB) SWAP 210/1713MB (cached 7MB) CPU [0%@1510,14%@1510,0%@1510,0%@1510,83%@1510,0%@1510] EMC_FREQ 0% GR3D_FREQ 85%@[0] CV0@-256C CPU@49.625C SOC2@49.093C SOC0@47.093C CV1@-256C GPU@49.656C tj@49.843C SOC1@49.843C CV2@-256C
03-03-2026 22:21:41 RAM 1838/3425MB (lfb 5x2MB) SWAP 210/1713MB (cached 7MB) CPU [0%@1510,0%@1510,0%@1510,0%@1510,100%@1510,0%@1510] EMC_FREQ 0% GR3D_FREQ 85%@[0] CV0@-256C CPU@49.75C SOC2@49C SOC0@46.968C CV1@-256C GPU@49.75C tj@49.75C SOC1@49.687C CV2@-256C
03-03-2026 22:21:41 RAM 1838/3425MB (lfb 5x2MB) SWAP 210/1713MB (cached 7MB) CPU [0%@1510,0%@1510,0%@1510,0%@1510,100%@1510,0%@1510] EMC_FREQ 0% GR3D_FREQ 85%@[0] CV0@-256C CPU@49.625C SOC2@48.968C SOC0@46.843C CV1@-256C GPU@49.875C tj@49.875C SOC1@49.875C CV2@-256C
03-03-2026 22:21:41 RAM 1838/3425MB (lfb 5x2MB) SWAP 210/1713MB (cached 7MB) CPU [0%@1510,0%@1510,0%@1510,0%@1510,83%@1510,0%@1510] EMC_FREQ 0% GR3D_FREQ 86%@[0] CV0@-256C CPU@50C SOC2@49.093C SOC0@47.031C CV1@-256C GPU@49.718C tj@49.75C SOC1@49.75C CV2@-256C
03-03-2026 22:21:41 RAM 1838/3425MB (lfb 5x2MB) SWAP 210/1713MB (cached 7MB) CPU [0%@1510,16%@1510,0%@1510,0%@1510,100%@1510,0%@1510] EMC_FREQ 0% GR3D_FREQ 85%@[0] CV0@-256C CPU@49.687C SOC2@49.031C SOC0@46.906C CV1@-256C GPU@49.718C tj@49.968C SOC1@49.968C CV2@-256C
03-03-2026 22:21:41 RAM 1838/3425MB (lfb 5x2MB) SWAP 210/1713MB (cached 7MB) CPU [0%@1510,0%@1510,0%@1510,16%@1510,83%@1510,0%@1510] EMC_FREQ 0% GR3D_FREQ 85%@[0] CV0@-256C CPU@50C SOC2@49.125C SOC0@47C CV1@-256C GPU@49.812C tj@49.812C SOC1@49.812C CV2@-256C
03-03-2026 22:21:41 RAM 1838/3425MB (lfb 5x2MB) SWAP 210/1713MB (cached 7MB) CPU [0%@1510,0%@1510,0%@1510,0%@1510,100%@1510,0%@1510] EMC_FREQ 0% GR3D_FREQ 85%@[0] CV0@-256C CPU@49.812C SOC2@49.062C SOC0@46.968C CV1@-256C GPU@50.062C tj@50.062C SOC1@49.656C CV2@-256C
03-03-2026 22:21:41 RAM 1838/3425MB (lfb 5x2MB) SWAP 210/1713MB (cached 7MB) CPU [0%@1510,16%@1510,0%@1510,0%@1510,83%@1510,0%@1510] EMC_FREQ 0% GR3D_FREQ 85%@[0] CV0@-256C CPU@49.687C SOC2@48.937C SOC0@47.093C CV1@-256C GPU@49.5C tj@49.875C SOC1@49.875C CV2@-256C
03-03-2026 22:21:41 RAM 1840/3425MB (lfb 5x2MB) SWAP 210/1713MB (cached 7MB) CPU [57%@1510,20%@1510,16%@1510,0%@1510,20%@1510,85%@1510] EMC_FREQ 0% GR3D_FREQ 86%@[0] CV0@-256C CPU@50C SOC2@49.062C SOC0@46.937C CV1@-256C GPU@49.718C tj@50C SOC1@49.781C CV2@-256C
03-03-2026 22:21:41 RAM 1840/3425MB (lfb 5x2MB) SWAP 210/1713MB (cached 7MB) CPU [0%@1510,0%@1510,0%@1510,0%@1510,0%@1510,83%@1510] EMC_FREQ 0% GR3D_FREQ 85%@[0] CV0@-256C CPU@49.843C SOC2@49.062C SOC0@46.937C CV1@-256C GPU@50.031C tj@50.031C SOC1@49.968C CV2@-256C
03-03-2026 22:21:41 RAM 1840/3425MB (lfb 5x2MB) SWAP 210/1713MB (cached 7MB) CPU [0%@1510,0%@1510,0%@1510,0%@1510,0%@1510,100%@1510] EMC_FREQ 0% GR3D_FREQ 85%@[0] CV0@-256C CPU@50.062C SOC2@49.156C SOC0@47C CV1@-256C GPU@49.562C tj@50.062C SOC1@49.718C CV2@-256C
03-03-2026 22:21:41 RAM 1840/3425MB (lfb 5x2MB) SWAP 210/1713MB (cached 7MB) CPU [0%@1510,0%@1510,16%@1510,0%@1510,0%@1510,83%@1510] EMC_FREQ 0% GR3D_FREQ 85%@[0] CV0@-256C CPU@49.812C SOC2@48.968C SOC0@46.937C CV1@-256C GPU@49.593C tj@49.812C SOC1@49.656C CV2@-256C
03-03-2026 22:21:41 RAM 1840/3425MB (lfb 5x2MB) SWAP 210/1713MB (cached 7MB) CPU [0%@1510,0%@1510,0%@1510,16%@1510,0%@1510,100%@1510] EMC_FREQ 0% GR3D_FREQ 85%@[0] CV0@-256C CPU@49.531C SOC2@48.968C SOC0@47.125C CV1@-256C GPU@49.718C tj@49.843C SOC1@49.843C CV2@-256C
03-03-2026 22:21:41 RAM 1840/3425MB (lfb 5x2MB) SWAP 210/1713MB (cached 7MB) CPU [0%@1510,0%@1510,0%@1510,0%@1510,0%@1510,80%@1510] EMC_FREQ 0% GR3D_FREQ 85%@[0] CV0@-256C CPU@49.937C SOC2@49.031C SOC0@47C CV1@-256C GPU@49.781C tj@49.937C SOC1@49.75C CV2@-256C
03-03-2026 22:21:41 RAM 1840/3425MB (lfb 5x2MB) SWAP 210/1713MB (cached 7MB) CPU [0%@1510,0%@1510,0%@1510,0%@1510,0%@1510,100%@1510] EMC_FREQ 0% GR3D_FREQ 85%@[0] CV0@-256C CPU@49.593C SOC2@49.031C SOC0@46.875C CV1@-256C GPU@49.625C tj@49.781C SOC1@49.781C CV2@-256C
03-03-2026 22:21:41 RAM 1840/3425MB (lfb 5x2MB) SWAP 210/1713MB (cached 7MB) CPU [0%@1510,0%@1510,0%@1510,16%@1510,0%@1510,100%@1510] EMC_FREQ 0% GR3D_FREQ 85%@[0] CV0@-256C CPU@49.531C SOC2@49C SOC0@47C CV1@-256C GPU@49.593C tj@49.781C SOC1@49.781C CV2@-256C
03-03-2026 22:21:41 RAM 1840/3425MB (lfb 5x2MB) SWAP 210/1713MB (cached 7MB) CPU [0%@1510,0%@1510,0%@1510,0%@1510,0%@1510,80%@1510] EMC_FREQ 0% GR3D_FREQ 85%@[0] CV0@-256C CPU@49.531C SOC2@49.062C SOC0@46.937C CV1@-256C GPU@49.812C tj@49.937C SOC1@49.937C CV2@-256C
03-03-2026 22:21:41 RAM 1840/3425MB (lfb 5x2MB) SWAP 210/1713MB (cached 7MB) CPU [0%@1510,0%@1510,0%@1510,16%@1510,0%@1510,100%@1510] EMC_FREQ 0% GR3D_FREQ 86%@[0] CV0@-256C CPU@49.687C SOC2@49.156C SOC0@47C CV1@-256C GPU@49.812C tj@49.812C SOC1@49.781C CV2@-256C
03-03-2026 22:21:42 RAM 1840/3425MB (lfb 5x2MB) SWAP 210/1713MB (cached 7MB) CPU [16%@1510,0%@1510,0%@1510,0%@1510,0%@1510,83%@1510] EMC_FREQ 0% GR3D_FREQ 85%@[0] CV0@-256C CPU@49.625C SOC2@49.093C SOC0@46.875C CV1@-256C GPU@49.937C tj@49.937C SOC1@49.687C CV2@-256C
03-03-2026 22:21:42 RAM 1840/3425MB (lfb 5x2MB) SWAP 210/1713MB (cached 7MB) CPU [0%@1510,0%@1510,0%@1510,0%@1510,0%@1510,100%@1510] EMC_FREQ 0% GR3D_FREQ 86%@[0] CV0@-256C CPU@49.531C SOC2@49.031C SOC0@47.093C CV1@-256C GPU@49.5C tj@49.875C SOC1@49.875C CV2@-256C
03-03-2026 22:21:42 RAM 1840/3425MB (lfb 5x2MB) SWAP 210/1713MB (cached 7MB) CPU [0%@1510,0%@1510,0%@1510,0%@1510,0%@1510,83%@1510] EMC_FREQ 0% GR3D_FREQ 86%@[0] CV0@-256C CPU@49.687C SOC2@49.062C SOC0@46.875C CV1@-256C GPU@49.781C tj@49.781C SOC1@49.718C CV2@-256C
03-03-2026 22:21:42 RAM 1840/3425MB (lfb 5x2MB) SWAP 210/1713MB (cached 7MB) CPU [0%@1510,0%@1510,0%@1510,0%@1510,0%@1510,100%@1510] EMC_FREQ 0% GR3D_FREQ 85%@[0] CV0@-256C CPU@49.531C SOC2@49C SOC0@46.906C CV1@-256C GPU@49.906C tj@49.906C SOC1@49.875C CV2@-256C
03-03-2026 22:21:42 RAM 1840/3425MB (lfb 5x2MB) SWAP 210/1713MB (cached 7MB) CPU [0%@1510,0%@1510,0%@1510,0%@1510,0%@1510,100%@1510] EMC_FREQ 0% GR3D_FREQ 85%@[0] CV0@-256C CPU@49.531C SOC2@49.062C SOC0@47.031C CV1@-256C GPU@49.468C tj@49.781C SOC1@49.781C CV2@-256C
03-03-2026 22:21:42 RAM 1840/3425MB (lfb 5x2MB) SWAP 210/1713MB (cached 7MB) CPU [0%@1510,0%@1510,0%@1510,0%@1510,0%@1510,83%@1510] EMC_FREQ 0% GR3D_FREQ 85%@[0] CV0@-256C CPU@49.593C SOC2@48.937C SOC0@46.906C CV1@-256C GPU@49.593C tj@49.937C SOC1@49.937C CV2@-256C
03-03-2026 22:21:42 RAM 1840/3425MB (lfb 5x2MB) SWAP 210/1713MB (cached 7MB) CPU [0%@1510,0%@1510,0%@1510,0%@1510,0%@1510,100%@1510] EMC_FREQ 0% GR3D_FREQ 85%@[0] CV0@-256C CPU@49.531C SOC2@49.156C SOC0@47.062C CV1@-256C GPU@49.625C tj@49.781C SOC1@49.781C CV2@-256C
03-03-2026 22:21:42 RAM 1840/3425MB (lfb 5x2MB) SWAP 210/1713MB (cached 7MB) CPU [0%@1510,0%@1510,0%@1510,0%@1510,0%@1510,80%@1510] EMC_FREQ 0% GR3D_FREQ 86%@[0] CV0@-256C CPU@49.625C SOC2@49.031C SOC0@46.968C CV1@-256C GPU@49.75C tj@49.75C SOC1@49.687C CV2@-256C
03-03-2026 22:21:42 RAM 1840/3425MB (lfb 5x2MB) SWAP 210/1713MB (cached 7MB) CPU [16%@1510,0%@1510,0%@1510,16%@1510,0%@1510,100%@1510] EMC_FREQ 0% GR3D_FREQ 85%@[0] CV0@-256C CPU@49.593C SOC2@49.031C SOC0@47.156C CV1@-256C GPU@49.562C tj@49.781C SOC1@49.781C CV2@-256C
03-03-2026 22:21:42 RAM 1841/3425MB (lfb 5x2MB) SWAP 210/1713MB (cached 7MB) CPU [40%@1510,0%@1510,0%@1510,0%@1510,0%@1510,83%@1510] EMC_FREQ 0% GR3D_FREQ 85%@[0] CV0@-256C CPU@49.781C SOC2@49.125C SOC0@46.906C CV1@-256C GPU@49.625C tj@49.781C SOC1@49.781C CV2@-256C
03-03-2026 22:21:42 RAM 1840/3425MB (lfb 5x2MB) SWAP 210/1713MB (cached 7MB) CPU [20%@1510,0%@1510,16%@1510,0%@1510,20%@1510,100%@1510] EMC_FREQ 0% GR3D_FREQ 85%@[0] CV0@-256C CPU@49.75C SOC2@49.125C SOC0@46.875C CV1@-256C GPU@49.75C tj@49.906C SOC1@49.906C CV2@-256C
03-03-2026 22:21:42 RAM 1840/3425MB (lfb 5x2MB) SWAP 210/1713MB (cached 7MB) CPU [28%@1510,0%@1510,16%@1510,0%@1510,0%@1510,83%@1510] EMC_FREQ 0% GR3D_FREQ 86%@[0] CV0@-256C CPU@49.968C SOC2@49.093C SOC0@46.968C CV1@-256C GPU@49.875C tj@49.968C SOC1@49.718C CV2@-256C
03-03-2026 22:21:42 RAM 1840/3425MB (lfb 5x2MB) SWAP 210/1713MB (cached 7MB) CPU [0%@1510,0%@1510,0%@1510,0%@1510,0%@1510,100%@1510] EMC_FREQ 0% GR3D_FREQ 85%@[0] CV0@-256C CPU@49.75C SOC2@49.156C SOC0@46.906C CV1@-256C GPU@49.968C tj@50.062C SOC1@50.062C CV2@-256C
03-03-2026 22:21:42 RAM 1840/3425MB (lfb 5x2MB) SWAP 210/1713MB (cached 7MB) CPU [0%@1510,0%@1510,0%@1510,0%@1510,0%@1510,100%@1510] EMC_FREQ 0% GR3D_FREQ 85%@[0] CV0@-256C CPU@50.062C SOC2@49.156C SOC0@47.093C CV1@-256C GPU@49.75C tj@50.062C SOC1@49.687C CV2@-256C
03-03-2026 22:21:42 RAM 1840/3425MB (lfb 5x2MB) SWAP 210/1713MB (cached 7MB) CPU [0%@1510,16%@1510,0%@1510,0%@1510,0%@1510,83%@1510] EMC_FREQ 0% GR3D_FREQ 85%@[0] CV0@-256C CPU@49.843C SOC2@49.031C SOC0@46.875C CV1@-256C GPU@49.843C tj@49.843C SOC1@49.75C CV2@-256C
03-03-2026 22:21:42 RAM 1840/3425MB (lfb 5x2MB) SWAP 210/1713MB (cached 7MB) CPU [0%@1510,0%@1510,0%@1510,0%@1510,0%@1510,100%@1510] EMC_FREQ 0% GR3D_FREQ 85%@[0] CV0@-256C CPU@49.562C SOC2@49.031C SOC0@47.156C CV1@-256C GPU@50.031C tj@50.031C SOC1@49.875C CV2@-256C
03-03-2026 22:21:42 RAM 1840/3425MB (lfb 5x2MB) SWAP 210/1713MB (cached 7MB) CPU [0%@1510,0%@1510,0%@1510,0%@1510,0%@1510,83%@1510] EMC_FREQ 0% GR3D_FREQ 85%@[0] CV0@-256C CPU@49.906C SOC2@49.031C SOC0@47C CV1@-256C GPU@49.5C tj@49.906C SOC1@49.75C CV2@-256C
03-03-2026 22:21:42 RAM 1840/3425MB (lfb 5x2MB) SWAP 210/1713MB (cached 7MB) CPU [0%@1510,0%@1510,0%@1510,0%@1510,0%@1510,100%@1510] EMC_FREQ 0% GR3D_FREQ 86%@[0] CV0@-256C CPU@49.593C SOC2@48.968C SOC0@46.875C CV1@-256C GPU@49.562C tj@49.843C SOC1@49.937C CV2@-256C
03-03-2026 22:21:42 RAM 1840/3425MB (lfb 5x2MB) SWAP 210/1713MB (cached 7MB) CPU [0%@1510,0%@1510,0%@1510,0%@1510,0%@1510,83%@1510] EMC_FREQ 0% GR3D_FREQ 85%@[0] CV0@-256C CPU@49.531C SOC2@49C SOC0@47C CV1@-256C GPU@49.656C tj@49.718C SOC1@49.718C CV2@-256C
03-03-2026 22:21:43 RAM 1840/3425MB (lfb 5x2MB) SWAP 210/1713MB (cached 7MB) CPU [0%@1510,16%@1510,0%@1510,0%@1510,0%@1510,100%@1510] EMC_FREQ 0% GR3D_FREQ 85%@[0] CV0@-256C CPU@49.625C SOC2@49C SOC0@46.968C CV1@-256C GPU@49.75C tj@49.968C SOC1@49.968C CV2@-256C
03-03-2026 22:21:43 RAM 1840/3425MB (lfb 5x2MB) SWAP 210/1713MB (cached 7MB) CPU [0%@1510,0%@1510,0%@1510,0%@1510,0%@1510,80%@1510] EMC_FREQ 0% GR3D_FREQ 85%@[0] CV0@-256C CPU@49.625C SOC2@49.125C SOC0@47.062C CV1@-256C GPU@49.531C tj@49.843C SOC1@49.843C CV2@-256C
03-03-2026 22:21:43 RAM 1840/3425MB (lfb 5x2MB) SWAP 210/1713MB (cached 7MB) CPU [0%@1510,0%@1510,0%@1510,0%@1510,0%@1510,100%@1510] EMC_FREQ 0% GR3D_FREQ 85%@[0] CV0@-256C CPU@49.656C SOC2@49.031C SOC0@46.968C CV1@-256C GPU@49.687C tj@50.031C SOC1@49.75C CV2@-256C
03-03-2026 22:21:43 RAM 1840/3425MB (lfb 5x2MB) SWAP 210/1713MB (cached 7MB) CPU [0%@1510,0%@1510,0%@1510,0%@1510,0%@1510,100%@1510] EMC_FREQ 0% GR3D_FREQ 86%@[0] CV0@-256C CPU@49.656C SOC2@49C SOC0@47.156C CV1@-256C GPU@49.781C tj@49.781C SOC1@49.718C CV2@-256C
03-03-2026 22:21:43 RAM 1840/3425MB (lfb 5x2MB) SWAP 210/1713MB (cached 7MB) CPU [0%@1510,0%@1510,0%@1510,0%@1510,0%@1510,83%@1510] EMC_FREQ 0% GR3D_FREQ 85%@[0] CV0@-256C CPU@49.718C SOC2@49.062C SOC0@47.031C CV1@-256C GPU@49.843C tj@49.843C SOC1@49.75C CV2@-256C
03-03-2026 22:21:43 RAM 1840/3425MB (lfb 5x2MB) SWAP 210/1713MB (cached 7MB) CPU [0%@1510,0%@1510,0%@1510,0%@1510,0%@1510,100%@1510] EMC_FREQ 0% GR3D_FREQ 86%@[0] CV0@-256C CPU@49.531C SOC2@48.968C SOC0@47C CV1@-256C GPU@50C tj@50C SOC1@49.812C CV2@-256C
03-03-2026 22:21:43 RAM 1840/3425MB (lfb 5x2MB) SWAP 210/1713MB (cached 7MB) CPU [0%@1510,0%@1510,16%@1510,0%@1510,0%@1510,83%@1510] EMC_FREQ 0% GR3D_FREQ 86%@[0] CV0@-256C CPU@49.656C SOC2@49.062C SOC0@47.031C CV1@-256C GPU@49.562C tj@49.812C SOC1@49.812C CV2@-256C
03-03-2026 22:21:43 RAM 1840/3425MB (lfb 5x2MB) SWAP 210/1713MB (cached 7MB) CPU [0%@1510,0%@1510,0%@1510,0%@1510,0%@1510,100%@1510] EMC_FREQ 0% GR3D_FREQ 85%@[0] CV0@-256C CPU@49.625C SOC2@49.062C SOC0@46.937C CV1@-256C GPU@49.843C tj@49.843C SOC1@50.031C CV2@-256C
03-03-2026 22:21:43 RAM 1840/3425MB (lfb 5x2MB) SWAP 210/1713MB (cached 7MB) CPU [0%@1510,0%@1510,0%@1510,0%@1510,0%@1510,80%@1510] EMC_FREQ 0% GR3D_FREQ 86%@[0] CV0@-256C CPU@49.531C SOC2@49.093C SOC0@47.031C CV1@-256C GPU@49.906C tj@49.906C SOC1@49.718C CV2@-256C
03-03-2026 22:21:43 RAM 1839/3425MB (lfb 5x2MB) SWAP 210/1713MB (cached 7MB) CPU [33%@1510,0%@1510,16%@1510,0%@1510,0%@1510,100%@1510] EMC_FREQ 0% GR3D_FREQ 85%@[0] CV0@-256C CPU@49.718C SOC2@49.062C SOC0@46.906C CV1@-256C GPU@50.25C tj@50.25C SOC1@49.687C CV2@-256C
03-03-2026 22:21:43 RAM 1841/3425MB (lfb 5x2MB) SWAP 210/1713MB (cached 7MB) CPU [0%@1510,33%@1510,33%@1510,20%@1510,0%@1510,100%@1510] EMC_FREQ 0% GR3D_FREQ 85%@[0] CV0@-256C CPU@49.75C SOC2@49.093C SOC0@47.156C CV1@-256C GPU@49.656C tj@49.906C SOC1@49.906C CV2@-256C
03-03-2026 22:21:43 RAM 1841/3425MB (lfb 5x2MB) SWAP 210/1713MB (cached 7MB) CPU [0%@1510,0%@1510,0%@1510,0%@1510,0%@1510,80%@1510] EMC_FREQ 0% GR3D_FREQ 85%@[0] CV0@-256C CPU@49.75C SOC2@49.156C SOC0@47C CV1@-256C GPU@49.656C tj@49.75C SOC1@49.75C CV2@-256C
03-03-2026 22:21:43 RAM 1841/3425MB (lfb 5x2MB) SWAP 210/1713MB (cached 7MB) CPU [0%@1510,0%@1510,0%@1510,0%@1510,0%@1510,100%@1510] EMC_FREQ 0% GR3D_FREQ 85%@[0] CV0@-256C CPU@49.718C SOC2@49C SOC0@46.937C CV1@-256C GPU@49.75C tj@50.187C SOC1@49.968C CV2@-256C
03-03-2026 22:21:43 RAM 1841/3425MB (lfb 5x2MB) SWAP 210/1713MB (cached 7MB) CPU [0%@1510,0%@1510,0%@1510,0%@1510,0%@1510,80%@1510] EMC_FREQ 0% GR3D_FREQ 85%@[0] CV0@-256C CPU@49.906C SOC2@49.218C SOC0@47.031C CV1@-256C GPU@49.593C tj@49.906C SOC1@49.687C CV2@-256C
03-03-2026 22:21:43 RAM 1841/3425MB (lfb 5x2MB) SWAP 210/1713MB (cached 7MB) CPU [0%@1510,0%@1510,0%@1510,0%@1510,0%@1510,100%@1510] EMC_FREQ 0% GR3D_FREQ 85%@[0] CV0@-256C CPU@49.75C SOC2@49C SOC0@47.031C CV1@-256C GPU@49.718C tj@50C SOC1@50C CV2@-256C
03-03-2026 22:21:43 RAM 1841/3425MB (lfb 5x2MB) SWAP 210/1713MB (cached 7MB) CPU [0%@1510,0%@1510,0%@1510,0%@1510,0%@1510,83%@1510] EMC_FREQ 0% GR3D_FREQ 85%@[0] CV0@-256C CPU@50.031C SOC2@49.125C SOC0@47.062C CV1@-256C GPU@49.718C tj@50.031C SOC1@49.781C CV2@-256C
03-03-2026 22:21:43 RAM 1841/3425MB (lfb 5x2MB) SWAP 210/1713MB (cached 7MB) CPU [0%@1510,16%@1510,0%@1510,0%@1510,0%@1510,100%@1510] EMC_FREQ 0% GR3D_FREQ 86%@[0] CV0@-256C CPU@49.812C SOC2@49.062C SOC0@46.937C CV1@-256C GPU@49.906C tj@49.906C SOC1@49.687C CV2@-256C
03-03-2026 22:21:43 RAM 1841/3425MB (lfb 5x2MB) SWAP 210/1713MB (cached 7MB) CPU [16%@1510,0%@1510,0%@1510,0%@1510,0%@1510,100%@1510] EMC_FREQ 0% GR3D_FREQ 86%@[0] CV0@-256C CPU@49.562C SOC2@49.187C SOC0@47.156C CV1@-256C GPU@50C tj@50C SOC1@49.812C CV2@-256C
03-03-2026 22:21:43 RAM 1841/3425MB (lfb 5x2MB) SWAP 210/1713MB (cached 7MB) CPU [0%@1510,0%@1510,0%@1510,0%@1510,0%@1510,83%@1510] EMC_FREQ 0% GR3D_FREQ 85%@[0] CV0@-256C CPU@49.937C SOC2@49.093C SOC0@46.937C CV1@-256C GPU@49.5C tj@49.937C SOC1@49.812C CV2@-256C
03-03-2026 22:21:43 RAM 1841/3425MB (lfb 5x2MB) SWAP 210/1713MB (cached 7MB) CPU [0%@1510,0%@1510,0%@1510,0%@1510,0%@1510,100%@1510] EMC_FREQ 0% GR3D_FREQ 85%@[0] CV0@-256C CPU@49.531C SOC2@49.125C SOC0@46.968C CV1@-256C GPU@49.812C tj@49.843C SOC1@49.843C CV2@-256C
03-03-2026 22:21:44 RAM 1841/3425MB (lfb 5x2MB) SWAP 210/1713MB (cached 7MB) CPU [0%@1510,0%@1510,16%@1510,0%@1510,0%@1510,83%@1510] EMC_FREQ 0% GR3D_FREQ 85%@[0] CV0@-256C CPU@50.125C SOC2@49.125C SOC0@47.031C CV1@-256C GPU@50.062C tj@50.125C SOC1@49.812C CV2@-256C
03-03-2026 22:21:44 RAM 1841/3425MB (lfb 5x2MB) SWAP 210/1713MB (cached 7MB) CPU [0%@1510,0%@1510,0%@1510,0%@1510,0%@1510,100%@1510] EMC_FREQ 0% GR3D_FREQ 86%@[0] CV0@-256C CPU@49.687C SOC2@49.187C SOC0@46.875C CV1@-256C GPU@50.156C tj@50.156C SOC1@50.062C CV2@-256C
03-03-2026 22:21:44 RAM 1841/3425MB (lfb 5x2MB) SWAP 210/1713MB (cached 7MB) CPU [0%@1510,0%@1510,0%@1510,0%@1510,0%@1510,83%@1510] EMC_FREQ 0% GR3D_FREQ 85%@[0] CV0@-256C CPU@49.656C SOC2@49.218C SOC0@47.062C CV1@-256C GPU@49.625C tj@49.812C SOC1@49.812C CV2@-256C
03-03-2026 22:21:44 RAM 1841/3425MB (lfb 5x2MB) SWAP 210/1713MB (cached 7MB) CPU [0%@1510,0%@1510,0%@1510,0%@1510,0%@1510,100%@1510] EMC_FREQ 0% GR3D_FREQ 86%@[0] CV0@-256C CPU@49.718C SOC2@49.093C SOC0@46.937C CV1@-256C GPU@49.656C tj@49.75C SOC1@49.75C CV2@-256C
03-03-2026 22:21:44 RAM 1841/3425MB (lfb 5x2MB) SWAP 210/1713MB (cached 7MB) CPU [0%@1510,0%@1510,0%@1510,0%@1510,0%@1510,100%@1510] EMC_FREQ 0% GR3D_FREQ 85%@[0] CV0@-256C CPU@49.625C SOC2@49.187C SOC0@47.125C CV1@-256C GPU@49.75C tj@49.843C SOC1@49.843C CV2@-256C
03-03-2026 22:21:44 RAM 1841/3425MB (lfb 5x2MB) SWAP 210/1713MB (cached 7MB) CPU [0%@1510,0%@1510,0%@1510,0%@1510,0%@1510,83%@1510] EMC_FREQ 0% GR3D_FREQ 85%@[0] CV0@-256C CPU@49.718C SOC2@49.125C SOC0@47C CV1@-256C GPU@49.625C tj@49.75C SOC1@49.75C CV2@-256C
03-03-2026 22:21:44 RAM 1841/3425MB (lfb 5x2MB) SWAP 210/1713MB (cached 7MB) CPU [0%@1510,0%@1510,0%@1510,0%@1510,0%@1510,100%@1510] EMC_FREQ 0% GR3D_FREQ 85%@[0] CV0@-256C CPU@49.593C SOC2@48.968C SOC0@47.187C CV1@-256C GPU@49.687C tj@49.875C SOC1@49.875C CV2@-256C
03-03-2026 22:21:44 RAM 1841/3425MB (lfb 5x2MB) SWAP 210/1713MB (cached 7MB) CPU [0%@1510,0%@1510,0%@1510,0%@1510,0%@1510,83%@1510] EMC_FREQ 0% GR3D_FREQ 85%@[0] CV0@-256C CPU@49.781C SOC2@49.093C SOC0@46.968C CV1@-256C GPU@49.781C tj@49.875C SOC1@49.875C CV2@-256C
03-03-2026 22:21:44 RAM 1842/3425MB (lfb 5x2MB) SWAP 210/1713MB (cached 7MB) CPU [0%@1510,20%@1510,0%@1510,0%@1510,14%@1510,100%@1510] EMC_FREQ 0% GR3D_FREQ 85%@[0] CV0@-256C CPU@49.656C SOC2@49.062C SOC0@47C CV1@-256C GPU@49.875C tj@49.968C SOC1@49.968C CV2@-256C
