03-03-2026 09:36:28 RAM 2176/3425MB (lfb 2x2MB) SWAP 9/1713MB (cached 0MB) CPU [60%@1510,0%@1510,0%@1510,0%@1510,0%@1510,0%@1510] EMC_FREQ 0% GR3D_FREQ 87%@[0] CV0@-256C CPU@51.906C SOC2@51.125C SOC0@48.968C CV1@-256C GPU@51.687C tj@51.937C SOC1@51.937C CV2@-256C
03-03-2026 09:36:28 RAM 2176/3425MB (lfb 2x2MB) SWAP 9/1713MB (cached 0MB) CPU [50%@1510,0%@1510,0%@1510,0%@1510,0%@1510,0%@1510] EMC_FREQ 0% GR3D_FREQ 86%@[0] CV0@-256C CPU@51.562C SOC2@51C SOC0@48.875C CV1@-256C GPU@51.562C tj@51.812C SOC1@51.812C CV2@-256C
03-03-2026 09:36:28 RAM 2176/3425MB (lfb 2x2MB) SWAP 9/1713MB (cached 0MB) CPU [50%@1510,0%@1510,0%@1510,0%@1510,0%@1510,0%@1510] EMC_FREQ 0% GR3D_FREQ 86%@[0] CV0@-256C CPU@51.312C SOC2@51.187C SOC0@49.093C CV1@-256C GPU@51.593C tj@51.937C SOC1@51.937C CV2@-256C
03-03-2026 09:36:28 RAM 2176/3425MB (lfb 2x2MB) SWAP 9/1713MB (cached 0MB) CPU [60%@1510,0%@1510,0%@1510,0%@1510,0%@1510,0%@1510] EMC_FREQ 0% GR3D_FREQ 86%@[0] CV0@-256C CPU@51.75C SOC2@51.125C SOC0@48.968C CV1@-256C GPU@51.687C tj@51.875C SOC1@51.875C CV2@-256C
03-03-2026 09:36:28 RAM 2176/3425MB (lfb 2x2MB) SWAP 9/1713MB (cached 0MB) CPU [50%@1510,0%@1510,0%@1510,0%@1510,0%@1510,0%@1510] EMC_FREQ 0% GR3D_FREQ 86%@[0] CV0@-256C CPU@51.343C SOC2@51.031C SOC0@49.187C CV1@-256C GPU@51.687C tj@51.968C SOC1@51.968C CV2@-256C
03-03-2026 09:36:28 RAM 2176/3425MB (lfb 2x2MB) SWAP 9/1713MB (cached 0MB) CPU [50%@1510,0%@1510,0%@1510,0%@1510,0%@1510,0%@1510] EMC_FREQ 0% GR3D_FREQ 86%@[0] CV0@-256C CPU@51.375C SOC2@51.125C SOC0@49C CV1@-256C GPU@51.968C tj@51.968C SOC1@51.843C CV2@-256C
03-03-2026 09:36:28 RAM 2176/3425MB (lfb 2x2MB) SWAP 9/1713MB (cached 0MB) CPU [60%@1510,0%@1510,0%@1510,0%@1510,0%@1510,0%@1510] EMC_FREQ 0% GR3D_FREQ 86%@[0] CV0@-256C CPU@51.406C SOC2@51.093C SOC0@48.968C CV1@-256C GPU@52.125C tj@52.031C SOC1@52.031C CV2@-256C
03-03-2026 09:36:29 RAM 2176/3425MB (lfb 2x2MB) SWAP 9/1713MB (cached 0MB) CPU [50%@1510,0%@1510,0%@1510,0%@1510,0%@1510,0%@1510] EMC_FREQ 0% GR3D_FREQ 86%@[0] CV0@-256C CPU@51.343C SOC2@51.125C SOC0@49.031C CV1@-256C GPU@51.718C tj@51.906C SOC1@51.906C CV2@-256C
03-03-2026 09:36:29 RAM 2176/3425MB (lfb 2x2MB) SWAP 9/1713MB (cached 0MB) CPU [50%@1510,0%@1510,0%@1510,0%@1510,0%@1510,0%@1510] EMC_FREQ 0% GR3D_FREQ 86%@[0] CV0@-256C CPU@51.375C SOC2@51.125C SOC0@48.968C CV1@-256C GPU@51.906C tj@52.156C SOC1@51.812C CV2@-256C
03-03-2026 09:36:29 RAM 2176/3425MB (lfb 2x2MB) SWAP 9/1713MB (cached 0MB) CPU [60%@1510,0%@1510,0%@1510,0%@1510,0%@1510,0%@1510] EMC_FREQ 0% GR3D_FREQ 87%@[0] CV0@-256C CPU@51.343C SOC2@51.156C SOC0@49.156C CV1@-256C GPU@52.093C tj@52.093C SOC1@51.875C CV2@-256C
03-03-2026 09:36:29 RAM 2176/3425MB (lfb 2x2MB) SWAP 9/1713MB (cached 0MB) CPU [50%@1510,16%@1510,0%@1510,0%@1510,0%@1510,0%@1510] EMC_FREQ 0% GR3D_FREQ 86%@[0] CV0@-256C CPU@51.468C SOC2@51.125C SOC0@48.937C CV1@-256C GPU@51.625C tj@51.875C SOC1@51.875C CV2@-256C
03-03-2026 09:36:29 RAM 2176/3425MB (lfb 2x2MB) SWAP 9/1713MB (cached 0MB) CPU [50%@1510,0%@1510,0%@1510,0%@1510,0%@1510,0%@1510] EMC_FREQ 0% GR3D_FREQ 86%@[0] CV0@-256C CPU@51.343C SOC2@51.093C SOC0@49.156C CV1@-256C GPU@51.593C tj@52C SOC1@52C CV2@-256C
03-03-2026 09:36:29 RAM 2176/3425MB (lfb 2x2MB) SWAP 9/1713MB (cached 0MB) CPU [50%@1510,0%@1510,0%@1510,0%@1510,0%@1510,0%@1510] EMC_FREQ 0% GR3D_FREQ 86%@[0] CV0@-256C CPU@51.531C SOC2@51.156C SOC0@49C CV1@-256C GPU@51.718C tj@51.937C SOC1@51.937C CV2@-256C
03-03-2026 09:36:29 RAM 2176/3425MB (lfb 2x2MB) SWAP 9/1713MB (cached 0MB) CPU [50%@1510,0%@1510,0%@1510,0%@1510,0%@1510,0%@1510] EMC_FREQ 0% GR3D_FREQ 86%@[0] CV0@-256C CPU@51.437C SOC2@51.031C SOC0@48.906C CV1@-256C GPU@51.5C tj@51.968C SOC1@51.968C CV2@-256C
03-03-2026 09:36:29 RAM 2176/3425MB (lfb 2x2MB) SWAP 9/1713MB (cached 0MB) CPU [60%@1510,0%@1510,0%@1510,0%@1510,0%@1510,0%@1510] EMC_FREQ 0% GR3D_FREQ 86%@[0] CV0@-256C CPU@51.593C SOC2@51.156C SOC0@49C CV1@-256C GPU@51.656C tj@51.875C SOC1@51.875C CV2@-256C
03-03-2026 09:36:29 RAM 2176/3425MB (lfb 2x2MB) SWAP 9/1713MB (cached 0MB) CPU [57%@1510,0%@1510,0%@1510,0%@1510,0%@1510,0%@1510] EMC_FREQ 0% GR3D_FREQ 86%@[0] CV0@-256C CPU@51.468C SOC2@51.125C SOC0@48.968C CV1@-256C GPU@51.687C tj@52.156C SOC1@52.156C CV2@-256C
03-03-2026 09:36:29 RAM 2176/3425MB (lfb 2x2MB) SWAP 9/1713MB (cached 0MB) CPU [60%@1510,0%@1510,0%@1510,0%@1510,0%@1510,0%@1510] EMC_FREQ 0% GR3D_FREQ 86%@[0] CV0@-256C CPU@51.812C SOC2@51.218C SOC0@49.031C CV1@-256C GPU@51.781C tj@51.968C SOC1@51.968C CV2@-256C
03-03-2026 09:36:29 RAM 2176/3425MB (lfb 2x2MB) SWAP 9/1713MB (cached 0MB) CPU [40%@1510,0%@1510,0%@1510,0%@1510,0%@1510,0%@1510] EMC_FREQ 0% GR3D_FREQ 86%@[0] CV0@-256C CPU@51.562C SOC2@51.062C SOC0@49.062C CV1@-256C GPU@51.937C tj@51.937C SOC1@51.875C CV2@-256C
03-03-2026 09:36:29 RAM 2176/3425MB (lfb 2x2MB) SWAP 9/1713MB (cached 0MB) CPU [66%@1510,0%@1510,0%@1510,0%@1510,0%@1510,0%@1510] EMC_FREQ 0% GR3D_FREQ 87%@[0] CV0@-256C CPU@51.343C SOC2@51.031C SOC0@49.156C CV1@-256C GPU@52.093C tj@52.093C SOC1@52.062C CV2@-256C
03-03-2026 09:36:29 RAM 2176/3425MB (lfb 2x2MB) SWAP 9/1713MB (cached 0MB) CPU [50%@1510,0%@1510,0%@1510,0%@1510,0%@1510,0%@1510] EMC_FREQ 0% GR3D_FREQ 86%@[0] CV0@-256C CPU@51.718C SOC2@51.093C SOC0@49.062C CV1@-256C GPU@51.625C tj@51.843C SOC1@51.968C CV2@-256C
03-03-2026 09:36:29 RAM 2176/3425MB (lfb 2x2MB) SWAP 9/1713MB (cached 0MB) CPU [40%@1510,0%@1510,0%@1510,0%@1510,0%@1510,0%@1510] EMC_FREQ 0% GR3D_FREQ 86%@[0] CV0@-256C CPU@51.468C SOC2@51.062C SOC0@48.875C CV1@-256C GPU@51.875C tj@52.093C SOC1@52.093C CV2@-256C
03-03-2026 09:36:29 RAM 2176/3425MB (lfb 2x2MB) SWAP 9/1713MB (cached 0MB) CPU [66%@1510,0%@1510,0%@1510,0%@1510,0%@1510,0%@1510] EMC_FREQ 0% GR3D_FREQ 86%@[0] CV0@-256C CPU@51.843C SOC2@51.093C SOC0@49.031C CV1@-256C GPU@52.031C tj@52.031C SOC1@51.937C CV2@-256C
03-03-2026 09:36:29 RAM 2176/3425MB (lfb 2x2MB) SWAP 9/1713MB (cached 0MB) CPU [50%@1510,0%@1510,0%@1510,0%@1510,0%@1510,0%@1510] EMC_FREQ 0% GR3D_FREQ 87%@[0] CV0@-256C CPU@51.656C SOC2@51.062C SOC0@48.937C CV1@-256C GPU@51.562C tj@52.062C SOC1@52.062C CV2@-256C
03-03-2026 09:36:29 RAM 2176/3425MB (lfb 2x2MB) SWAP 9/1713MB (cached 0MB) CPU [50%@1510,0%@1510,0%@1510,0%@1510,0%@1510,0%@1510] EMC_FREQ 0% GR3D_FREQ 86%@[0] CV0@-256C CPU@51.312C SOC2@51.218C SOC0@49.062C CV1@-256C GPU@51.593C tj@51.875C SOC1@51.875C CV2@-256C
03-03-2026 09:36:29 RAM 2176/3425MB (lfb 2x2MB) SWAP 9/1713MB (cached 0MB) CPU [60%@1510,0%@1510,0%@1510,0%@1510,0%@1510,0%@1510] EMC_FREQ 0% GR3D_FREQ 87%@[0] CV0@-256C CPU@51.75C SOC2@51.125C SOC0@48.937C CV1@-256C GPU@51.687C tj@51.875C SOC1@51.875C CV2@-256C
03-03-2026 09:36:29 RAM 2176/3425MB (lfb 2x2MB) SWAP 9/1713MB (cached 0MB) CPU [60%@1510,0%@1510,0%@1510,0%@1510,0%@1510,0%@1510] EMC_FREQ 0% GR3D_FREQ 86%@[0] CV0@-256C CPU@51.312C SOC2@51.125C SOC0@49.218C CV1@-256C GPU@51.843C tj@51.968C SOC1@51.968C CV2@-256C
03-03-2026 09:36:29 RAM 2176/3425MB (lfb 2x2MB) SWAP 9/1713MB (cached 0MB) CPU [50%@1510,14%@1510,0%@1510,0%@1510,0%@1510,0%@1510] EMC_FREQ 0% GR3D_FREQ 86%@[0] CV0@-256C CPU@51.312C SOC2@51.125C SOC0@49.062C CV1@-256C GPU@51.656C tj@51.843C SOC1@51.843C CV2@-256C
03-03-2026 09:36:30 RAM 2176/3425MB (lfb 2x2MB) SWAP 9/1713MB (cached 0MB) CPU [60%@1510,0%@1510,0%@1510,0%@1510,0%@1510,0%@1510] EMC_FREQ 0% GR3D_FREQ 86%@[0] CV0@-256C CPU@51.375C SOC2@51.125C SOC0@48.937C CV1@-256C GPU@51.75C tj@52.093C SOC1@52.093C CV2@-256C
03-03-2026 09:36:30 RAM 2176/3425MB (lfb 2x2MB) SWAP 9/1713MB (cached 0MB) CPU [50%@1510,0%@1510,0%@1510,0%@1510,0%@1510,0%@1510] EMC_FREQ 0% GR3D_FREQ 86%@[0] CV0@-256C CPU@51.375C SOC2@51.093C SOC0@49.031C CV1@-256C GPU@51.812C tj@51.906C SOC1@51.906C CV2@-256C
03-03-2026 09:36:30 RAM 2176/3425MB (lfb 2x2MB) SWAP 9/1713MB (cached 0MB) CPU [50%@1510,0%@1510,0%@1510,0%@1510,0%@1510,0%@1510] EMC_FREQ 0% GR3D_FREQ 86%@[0] CV0@-256C CPU@51.437C SOC2@51.062C SOC0@48.906C CV1@-256C GPU@51.906C tj@52.093C SOC1@52.093C CV2@-256C
03-03-2026 09:36:30 RAM 2176/3425MB (lfb 2x2MB) SWAP 9/1713MB (cached 0MB) CPU [66%@1510,0%@1510,0%@1510,0%@1510,0%@1510,0%@1510] EMC_FREQ 0% GR3D_FREQ 86%@[0] CV0@-256C CPU@51.375C SOC2@51.218C SOC0@49.093C CV1@-256C GPU@52C tj@52C SOC1@51.937C CV2@-256C
03-03-2026 09:36:30 RAM 2176/3425MB (lfb 2x2MB) SWAP 9/1713MB (cached 0MB) CPU [50%@1510,0%@1510,0%@1510,0%@1510,0%@1510,0%@1510] EMC_FREQ 0% GR3D_FREQ 87%@[0] CV0@-256C CPU@51.468C SOC2@51.125C SOC0@48.937C CV1@-256C GPU@51.5C tj@51.968C SOC1@51.968C CV2@-256C
03-03-2026 09:36:30 RAM 2176/3425MB (lfb 2x2MB) SWAP 9/1713MB (cached 0MB) CPU [50%@1510,0%@1510,0%@1510,0%@1510,0%@1510,0%@1510] EMC_FREQ 0% GR3D_FREQ 86%@[0] CV0@-256C CPU@51.468C SOC2@51.031C SOC0@49.187C CV1@-256C GPU@51.906C tj@52.031C SOC1@52.031C CV2@-256C
03-03-2026 09:36:30 RAM 2176/3425MB (lfb 2x2MB) SWAP 9/1713MB (cached 0MB) CPU [50%@1510,0%@1510,0%@1510,0%@1510,0%@1510,0%@1510] EMC_FREQ 0% GR3D_FREQ 86%@[0] CV0@-256C CPU@51.562C SOC2@51.156C SOC0@49.031C CV1@-256C GPU@52.125C tj@52.125C SOC1@51.781C CV2@-256C
03-03-2026 09:36:30 RAM 2176/3425MB (lfb 2x2MB) SWAP 9/1713MB (cached 0MB) CPU [60%@1510,0%@1510,0%@1510,0%@1510,0%@1510,0%@1510] EMC_FREQ 0% GR3D_FREQ 86%@[0] CV0@-256C CPU@51.531C SOC2@51.031C SOC0@48.906C CV1@-256C GPU@51.531C tj@52.093C SOC1@52.093C CV2@-256C
03-03-2026 09:36:30 RAM 2176/3425MB (lfb 2x2MB) SWAP 9/1713MB (cached 0MB) CPU [60%@1510,0%@1510,0%@1510,0%@1510,0%@1510,0%@1510] EMC_FREQ 0% GR3D_FREQ 86%@[0] CV0@-256C CPU@51.625C SOC2@51.156C SOC0@49.062C CV1@-256C GPU@51.593C tj@51.812C SOC1@51.812C CV2@-256C
03-03-2026 09:36:30 RAM 2176/3425MB (lfb 2x2MB) SWAP 9/1713MB (cached 0MB) CPU [50%@1510,0%@1510,0%@1510,0%@1510,0%@1510,0%@1510] EMC_FREQ 0% GR3D_FREQ 87%@[0] CV0@-256C CPU@51.562C SOC2@51.062C SOC0@48.968C CV1@-256C GPU@51.656C tj@52.156C SOC1@52.156C CV2@-256C
03-03-2026 09:36:30 RAM 2176/3425MB (lfb 2x2MB) SWAP 9/1713MB (cached 0MB) CPU [50%@1510,0%@1510,0%@1510,0%@1510,0%@1510,0%@1510] EMC_FREQ 0% GR3D_FREQ 86%@[0] CV0@-256C CPU@51.781C SOC2@51.156C SOC0@49.156C CV1@-256C GPU@51.75C tj@51.875C SOC1@51.875C CV2@-256C
03-03-2026 09:36:30 RAM 2176/3425MB (lfb 2x2MB) SWAP 9/1713MB (cached 0MB) CPU [50%@1510,16%@1510,0%@1510,0%@1510,0%@1510,0%@1510] EMC_FREQ 0% GR3D_FREQ 86%@[0] CV0@-256C CPU@51.656C SOC2@51.093C SOC0@48.968C CV1@-256C GPU@51.593C tj@51.875C SOC1@51.875C CV2@-256C
03-03-2026 09:36:30 RAM 2176/3425MB (lfb 2x2MB) SWAP 9/1713MB (cached 0MB) CPU [0%@1510,0%@1510,0%@1510,0%@1510,50%@1510,0%@1510] EMC_FREQ 0% GR3D_FREQ 86%@[0] CV0@-256C CPU@51.406C SOC2@51.031C SOC0@49.156C CV1@-256C GPU@51.718C tj@52.062C SOC1@52.062C CV2@-256C
03-03-2026 09:36:30 RAM 2176/3425MB (lfb 2x2MB) SWAP 9/1713MB (cached 0MB) CPU [0%@1510,0%@1510,0%@1510,0%@1510,60%@1510,0%@1510] EMC_FREQ 0% GR3D_FREQ 86%@[0] CV0@-256C CPU@51.75C SOC2@50.968C SOC0@48.968C CV1@-256C GPU@51.812C tj@51.875C SOC1@51.875C CV2@-256C
03-03-2026 09:36:30 RAM 2176/3425MB (lfb 2x2MB) SWAP 9/1713MB (cached 0MB) CPU [0%@1510,0%@1510,0%@1510,0%@1510,40%@1510,0%@1510] EMC_FREQ 0% GR3D_FREQ 86%@[0] CV0@-256C CPU@51.406C SOC2@51.093C SOC0@48.968C CV1@-256C GPU@51.875C tj@52.125C SOC1@52.125C CV2@-256C
03-03-2026 09:36:30 RAM 2176/3425MB (lfb 2x2MB) SWAP 9/1713MB (cached 0MB) CPU [0%@1510,0%@1510,0%@1510,0%@1510,60%@1510,0%@1510] EMC_FREQ 0% GR3D_FREQ 86%@[0] CV0@-256C CPU@51.937C SOC2@51.093C SOC0@49.031C CV1@-256C GPU@52.093C tj@52.093C SOC1@51.968C CV2@-256C
03-03-2026 09:36:30 RAM 2176/3425MB (lfb 2x2MB) SWAP 9/1713MB (cached 0MB) CPU [0%@1510,0%@1510,0%@1510,0%@1510,50%@1510,0%@1510] EMC_FREQ 0% GR3D_FREQ 86%@[0] CV0@-256C CPU@51.375C SOC2@51C SOC0@48.968C CV1@-256C GPU@51.687C tj@52.125C SOC1@52.125C CV2@-256C
03-03-2026 09:36:30 RAM 2176/3425MB (lfb 2x2MB) SWAP 9/1713MB (cached 0MB) CPU [0%@1510,0%@1510,0%@1510,0%@1510,50%@1510,0%@1510] EMC_FREQ 0% GR3D_FREQ 86%@[0] CV0@-256C CPU@51.343C SOC2@51.156C SOC0@49.062C CV1@-256C GPU@51.562C tj@51.906C SOC1@51.906C CV2@-256C
03-03-2026 09:36:30 RAM 2176/3425MB (lfb 2x2MB) SWAP 9/1713MB (cached 0MB) CPU [0%@1510,0%@1510,0%@1510,0%@1510,60%@1510,0%@1510] EMC_FREQ 0% GR3D_FREQ 87%@[0] CV0@-256C CPU@51.468C SOC2@51C SOC0@48.968C CV1@-256C GPU@52C tj@52C SOC1@51.812C CV2@-256C
03-03-2026 09:36:31 RAM 2176/3425MB (lfb 2x2MB) SWAP 9/1713MB (cached 0MB) CPU [0%@1510,0%@1510,0%@1510,0%@1510,50%@1510,0%@1510] EMC_FREQ 0% GR3D_FREQ 86%@[0] CV0@-256C CPU@51.406C SOC2@51.093C SOC0@49.125C CV1@-256C GPU@51.687C tj@52C SOC1@52C CV2@-256C
03-03-2026 09:36:31 RAM 2176/3425MB (lfb 2x2MB) SWAP 9/1713MB (cached 0MB) CPU [0%@1510,0%@1510,0%@1510,0%@1510,50%@1510,0%@1510] EMC_FREQ 0% GR3D_FREQ 86%@[0] CV0@-256C CPU@51.531C SOC2@51.031C SOC0@48.968C CV1@-256C GPU@51.656C tj@51.937C SOC1@51.937C CV2@-256C
03-03-2026 09:36:31 RAM 2176/3425MB (lfb 2x2MB) SWAP 9/1713MB (cached 0MB) CPU [0%@1510,0%@1510,0%@1510,0%@1510,50%@1510,0%@1510] EMC_FREQ 0% GR3D_FREQ 86%@[0] CV0@-256C CPU@51.468C SOC2@51.031C SOC0@49.156C CV1@-256C GPU@51.656C tj@52.031C SOC1@52.031C CV2@-256C
03-03-2026 09:36:31 RAM 2176/3425MB (lfb 2x2MB) SWAP 9/1713MB (cached 0MB) CPU [0%@1510,0%@1510,0%@1510,0%@1510,50%@1510,0%@1510] EMC_FREQ 0% GR3D_FREQ 86%@[0] CV0@-256C CPU@51.5C SOC2@51.125C SOC0@48.968C CV1@-256C GPU@51.75C tj@51.906C SOC1@51.906C CV2@-256C
03-03-2026 09:36:31 RAM 2176/3425MB (lfb 2x2MB) SWAP 9/1713MB (cached 0MB) CPU [0%@1510,0%@1510,0%@1510,0%@1510,50%@1510,0%@1510] EMC_FREQ 0% GR3D_FREQ 86%@[0] CV0@-256C CPU@51.468C SOC2@50.968C SOC0@48.937C CV1@-256C GPU@51.812C tj@52.031C SOC1@52.031C CV2@-256C
03-03-2026 09:36:31 RAM 2176/3425MB (lfb 2x2MB) SWAP 9/1713MB (cached 0MB) CPU [0%@1510,0%@1510,0%@1510,0%@1510,60%@1510,0%@1510] EMC_FREQ 0% GR3D_FREQ 86%@[0] CV0@-256C CPU@51.687C SOC2@51.156C SOC0@49C CV1@-256C GPU@52.093C tj@52.093C SOC1@51.968C CV2@-256C
03-03-2026 09:36:31 RAM 2176/3425MB (lfb 2x2MB) SWAP 9/1713MB (cached 0MB) CPU [0%@1510,0%@1510,0%@1510,0%@1510,40%@1510,0%@1510] EMC_FREQ 0% GR3D_FREQ 86%@[0] CV0@-256C CPU@51.5C SOC2@51C SOC0@49C CV1@-256C GPU@51.468C tj@52.062C SOC1@52.062C CV2@-256C
03-03-2026 09:36:31 RAM 2176/3425MB (lfb 2x2MB) SWAP 9/1713MB (cached 0MB) CPU [0%@1510,0%@1510,0%@1510,0%@1510,60%@1510,0%@1510] EMC_FREQ 0% GR3D_FREQ 87%@[0] CV0@-256C CPU@51.781C SOC2@51.093C SOC0@49.093C CV1@-256C GPU@51.812C tj@51.875C SOC1@51.875C CV2@-256C
03-03-2026 09:36:31 RAM 2176/3425MB (lfb 2x2MB) SWAP 9/1713MB (cached 0MB) CPU [0%@1510,0%@1510,0%@1510,0%@1510,60%@1510,0%@1510] EMC_FREQ 0% GR3D_FREQ 86%@[0] CV0@-256C CPU@51.625C SOC2@50.937C SOC0@49C CV1@-256C GPU@52.031C tj@52.218C SOC1@52.218C CV2@-256C
03-03-2026 09:36:31 RAM 2176/3425MB (lfb 2x2MB) SWAP 9/1713MB (cached 0MB) CPU [0%@1510,0%@1510,0%@1510,0%@1510,40%@1510,0%@1510] EMC_FREQ 0% GR3D_FREQ 87%@[0] CV0@-256C CPU@51.437C SOC2@51.125C SOC0@49.156C CV1@-256C GPU@51.531C tj@51.937C SOC1@51.937C CV2@-256C
03-03-2026 09:36:31 RAM 2176/3425MB (lfb 2x2MB) SWAP 9/1713MB (cached 0MB) CPU [0%@1510,16%@1510,0%@1510,0%@1510,60%@1510,0%@1510] EMC_FREQ 0% GR3D_FREQ 86%@[0] CV0@-256C CPU@51.687C SOC2@51.093C SOC0@49C CV1@-256C GPU@51.593C tj@51.781C SOC1@51.875C CV2@-256C
03-03-2026 09:36:31 RAM 2176/3425MB (lfb 2x2MB) SWAP 9/1713MB (cached 0MB) CPU [0%@1510,0%@1510,0%@1510,0%@1510,40%@1510,0%@1510] EMC_FREQ 0% GR3D_FREQ 87%@[0] CV0@-256C CPU@51.593C SOC2@50.937C SOC0@48.937C CV1@-256C GPU@51.75C tj@52.062C SOC1@52.062C CV2@-256C
03-03-2026 09:36:31 RAM 2176/3425MB (lfb 2x2MB) SWAP 9/1713MB (cached 0MB) CPU [0%@1510,0%@1510,0%@1510,0%@1510,60%@1510,0%@1510] EMC_FREQ 0% GR3D_FREQ 86%@[0] CV0@-256C CPU@51.875C SOC2@51.125C SOC0@49.062C CV1@-256C GPU@51.687C tj@51.875C SOC1@51.875C CV2@-256C
03-03-2026 09:36:31 RAM 2176/3425MB (lfb 2x2MB) SWAP 9/1713MB (cached 0MB) CPU [0%@1510,0%@1510,0%@1510,0%@1510,40%@1510,0%@1510] EMC_FREQ 0% GR3D_FREQ 86%@[0] CV0@-256C CPU@51.562C SOC2@50.937C SOC0@48.968C CV1@-256C GPU@51.843C tj@52.062C SOC1@52.062C CV2@-256C
03-03-2026 09:36:31 RAM 2176/3425MB (lfb 2x2MB) SWAP 9/1713MB (cached 0MB) CPU [0%@1510,0%@1510,0%@1510,0%@1510,50%@1510,0%@1510] EMC_FREQ 0% GR3D_FREQ 86%@[0] CV0@-256C CPU@51.375C SOC2@51.125C SOC0@49.125C CV1@-256C GPU@51.593C tj@51.875C SOC1@51.875C CV2@-256C
03-03-2026 09:36:31 RAM 2176/3425MB (lfb 2x2MB) SWAP 9/1713MB (cached 0MB) CPU [0%@1510,0%@1510,0%@1510,0%@1510,57%@1510,0%@1510] EMC_FREQ 0% GR3D_FREQ 86%@[0] CV0@-256C CPU@51.781C SOC2@51C SOC0@48.937C CV1@-256C GPU@51.75C tj@52.156C SOC1@52.156C CV2@-256C
03-03-2026 09:36:31 RAM 2176/3425MB (lfb 2x2MB) SWAP 9/1713MB (cached 0MB) CPU [0%@1510,0%@1510,0%@1510,0%@1510,50%@1510,0%@1510] EMC_FREQ 0% GR3D_FREQ 86%@[0] CV0@-256C CPU@51.468C SOC2@51.125C SOC0@49.125C CV1@-256C GPU@51.906C tj@52C SOC1@52C CV2@-256C
03-03-2026 09:36:31 RAM 2176/3425MB (lfb 2x2MB) SWAP 9/1713MB (cached 0MB) CPU [0%@1510,0%@1510,0%@1510,0%@1510,40%@1510,0%@1510] EMC_FREQ 0% GR3D_FREQ 86%@[0] CV0@-256C CPU@51.875C SOC2@51C SOC0@48.968C CV1@-256C GPU@52.093C tj@52.093C SOC1@51.843C CV2@-256C
03-03-2026 09:36:31 RAM 2176/3425MB (lfb 2x2MB) SWAP 9/1713MB (cached 0MB) CPU [0%@1510,0%@1510,0%@1510,0%@1510,71%@1510,0%@1510] EMC_FREQ 0% GR3D_FREQ 86%@[0] CV0@-256C CPU@51.468C SOC2@51C SOC0@49.187C CV1@-256C GPU@51.562C tj@52C SOC1@52C CV2@-256C
03-03-2026 09:36:32 RAM 2176/3425MB (lfb 2x2MB) SWAP 9/1713MB (cached 0MB) CPU [0%@1510,0%@1510,0%@1510,0%@1510,50%@1510,0%@1510] EMC_FREQ 0% GR3D_FREQ 86%@[0] CV0@-256C CPU@51.406C SOC2@51.093C SOC0@49C CV1@-256C GPU@51.687C tj@51.812C SOC1@51.812C CV2@-256C
03-03-2026 09:36:32 RAM 2176/3425MB (lfb 2x2MB) SWAP 9/1713MB (cached 0MB) CPU [0%@1510,0%@1510,0%@1510,0%@1510,40%@1510,0%@1510] EMC_FREQ 0% GR3D_FREQ 87%@[0] CV0@-256C CPU@51.468C SOC2@51C SOC0@49.031C CV1@-256C GPU@51.687C tj@52.062C SOC1@52.062C CV2@-256C
03-03-2026 09:36:32 RAM 2176/3425MB (lfb 2x2MB) SWAP 9/1713MB (cached 0MB) CPU [0%@1510,0%@1510,0%@1510,0%@1510,60%@1510,0%@1510] EMC_FREQ 0% GR3D_FREQ 86%@[0] CV0@-256C CPU@51.468C SOC2@51.062C SOC0@49.093C CV1@-256C GPU@51.531C tj@51.937C SOC1@51.937C CV2@-256C
03-03-2026 09:36:32 RAM 2176/3425MB (lfb 2x2MB) SWAP 9/1713MB (cached 0MB) CPU [0%@1510,0%@1510,0%@1510,0%@1510,50%@1510,0%@1510] EMC_FREQ 0% GR3D_FREQ 86%@[0] CV0@-256C CPU@51.5C SOC2@50.906C SOC0@48.968C CV1@-256C GPU@51.625C tj@52.125C SOC1@52.125C CV2@-256C
03-03-2026 09:36:32 RAM 2176/3425MB (lfb 2x2MB) SWAP 9/1713MB (cached 0MB) CPU [0%@1510,0%@1510,0%@1510,0%@1510,50%@1510,0%@1510] EMC_FREQ 0% GR3D_FREQ 86%@[0] CV0@-256C CPU@51.437C SOC2@51.093C SOC0@49C CV1@-256C GPU@51.593C tj@51.937C SOC1@51.937C CV2@-256C
03-03-2026 09:36:32 RAM 2176/3425MB (lfb 2x2MB) SWAP 9/1713MB (cached 0MB) CPU [0%@1510,0%@1510,0%@1510,0%@1510,50%@1510,0%@1510] EMC_FREQ 0% GR3D_FREQ 86%@[0] CV0@-256C CPU@51.593C SOC2@51.062C SOC0@48.937C CV1@-256C GPU@51.875C tj@51.875C SOC1@51.812C CV2@-256C
03-03-2026 09:36:32 RAM 2176/3425MB (lfb 2x2MB) SWAP 9/1713MB (cached 0MB) CPU [0%@1510,0%@1510,0%@1510,0%@1510,60%@1510,0%@1510] EMC_FREQ 0% GR3D_FREQ 86%@[0] CV0@-256C CPU@51.468C SOC2@51.031C SOC0@49.218C CV1@-256C GPU@51.906C tj@51.968C SOC1@51.968C CV2@-256C
03-03-2026 09:36:32 RAM 2176/3425MB (lfb 2x2MB) SWAP 9/1713MB (cached 0MB) CPU [0%@1510,0%@1510,0%@1510,0%@1510,50%@1510,0%@1510] EMC_FREQ 0% GR3D_FREQ 86%@[0] CV0@-256C CPU@51.687C SOC2@51.062C SOC0@49C CV1@-256C GPU@52.031C tj@52.031C SOC1@51.781C CV2@-256C
03-03-2026 09:36:32 RAM 2176/3425MB (lfb 2x2MB) SWAP 9/1713MB (cached 0MB) CPU [0%@1510,0%@1510,0%@1510,0%@1510,60%@1510,0%@1510] EMC_FREQ 0% GR3D_FREQ 86%@[0] CV0@-256C CPU@51.468C SOC2@51C SOC0@49.093C CV1@-256C GPU@51.562C tj@52.031C SOC1@52.031C CV2@-256C
03-03-2026 09:36:32 RAM 2176/3425MB (lfb 2x2MB) SWAP 9/1713MB (cached 0MB) CPU [16%@1510,0%@1510,0%@1510,0%@1510,50%@1510,0%@1510] EMC_FREQ 0% GR3D_FREQ 86%@[0] CV0@-256C CPU@51.75C SOC2@51.093C SOC0@49.125C CV1@-256C GPU@51.625C tj@51.906C SOC1@51.906C CV2@-256C
03-03-2026 09:36:32 RAM 2176/3425MB (lfb 2x2MB) SWAP 9/1713MB (cached 0MB) CPU [0%@1510,0%@1510,0%@1510,0%@1510,60%@1510,0%@1510] EMC_FREQ 0% GR3D_FREQ 86%@[0] CV0@-256C CPU@51.593C SOC2@50.968C SOC0@48.968C CV1@-256C GPU@52C tj@52.062C SOC1@52.062C CV2@-256C
03-03-2026 09:36:32 RAM 2176/3425MB (lfb 2x2MB) SWAP 9/1713MB (cached 0MB) CPU [0%@1510,0%@1510,0%@1510,0%@1510,50%@1510,0%@1510] EMC_FREQ 0% GR3D_FREQ 86%@[0] CV0@-256C CPU@51.968C SOC2@51.062C SOC0@49.031C CV1@-256C GPU@51.593C tj@51.968C SOC1@51.968C CV2@-256C
03-03-2026 09:36:32 RAM 2176/3425MB (lfb 2x2MB) SWAP 9/1713MB (cached 0MB) CPU [0%@1510,0%@1510,0%@1510,0%@1510,60%@1510,0%@1510] EMC_FREQ 0% GR3D_FREQ 86%@[0] CV0@-256C CPU@51.593C SOC2@51.062C SOC0@48.968C CV1@-256C GPU@51.625C tj@52.093C SOC1@52.093C CV2@-256C
03-03-2026 09:36:32 RAM 2176/3425MB (lfb 2x2MB) SWAP 9/1713MB (cached 0MB) CPU [0%@1510,0%@1510,0%@1510,0%@1510,60%@1510,0%@1510] EMC_FREQ 0% GR3D_FREQ 86%@[0] CV0@-256C CPU@51.468C SOC2@51.125C SOC0@49.125C CV1@-256C GPU@51.656C tj@51.937C SOC1@51.937C CV2@-256C
03-03-2026 09:36:32 RAM 2176/3425MB (lfb 2x2MB) SWAP 9/1713MB (cached 0MB) CPU [0%@1510,0%@1510,0%@1510,0%@1510,57%@1510,0%@1510] EMC_FREQ 0% GR3D_FREQ 87%@[0] CV0@-256C CPU@51.781C SOC2@51.031C SOC0@49C CV1@-256C GPU@51.718C tj@51.937C SOC1@51.937C CV2@-256C
03-03-2026 09:36:32 RAM 2176/3425MB (lfb 2x2MB) SWAP 9/1713MB (cached 0MB) CPU [0%@1510,0%@1510,0%@1510,0%@1510,50%@1510,0%@1510] EMC_FREQ 0% GR3D_FREQ 86%@[0] CV0@-256C CPU@51.468C SOC2@51C SOC0@49.156C CV1@-256C GPU@51.843C tj@52C SOC1@52C CV2@-256C
03-03-2026 09:36:32 RAM 2176/3425MB (lfb 2x2MB) SWAP 9/1713MB (cached 0MB) CPU [0%@1510,0%@1510,0%@1510,0%@1510,50%@1510,0%@1510] EMC_FREQ 0% GR3D_FREQ 87%@[0] CV0@-256C CPU@51.406C SOC2@50.968C SOC0@49C CV1@-256C GPU@52.062C tj@52.062C SOC1@51.843C CV2@-256C
03-03-2026 09:36:32 RAM 2176/3425MB (lfb 2x2MB) SWAP 9/1713MB (cached 0MB) CPU [0%@1510,0%@1510,0%@1510,0%@1510,60%@1510,0%@1510] EMC_FREQ 0% GR3D_FREQ 86%@[0] CV0@-256C CPU@51.468C SOC2@51.093C SOC0@48.906C CV1@-256C GPU@51.75C tj@52.031C SOC1@52.031C CV2@-256C
03-03-2026 09:36:32 RAM 2176/3425MB (lfb 2x2MB) SWAP 9/1713MB (cached 0MB) CPU [0%@1510,0%@1510,0%@1510,0%@1510,40%@1510,0%@1510] EMC_FREQ 0% GR3D_FREQ 86%@[0] CV0@-256C CPU@51.406C SOC2@51.062C SOC0@49.093C CV1@-256C GPU@51.937C tj@51.968C SOC1@51.968C CV2@-256C
03-03-2026 09:36:32 RAM 2176/3425MB (lfb 2x2MB) SWAP 9/1713MB (cached 0MB) CPU [0%@1510,0%@1510,0%@1510,0%@1510,60%@1510,0%@1510] EMC_FREQ 0% GR3D_FREQ 86%@[0] CV0@-256C CPU@51.468C SOC2@51C SOC0@48.968C CV1@-256C GPU@52.093C tj@52.156C SOC1@52.156C CV2@-256C
03-03-2026 09:36:33 RAM 2176/3425MB (lfb 2x2MB) SWAP 9/1713MB (cached 0MB) CPU [0%@1510,0%@1510,0%@1510,0%@1510,40%@1510,0%@1510] EMC_FREQ 0% GR3D_FREQ 86%@[0] CV0@-256C CPU@51.468C SOC2@51.093C SOC0@49.062C CV1@-256C GPU@51.531C tj@52.031C SOC1@52.031C CV2@-256C
03-03-2026 09:36:33 RAM 2176/3425MB (lfb 2x2MB) SWAP 9/1713MB (cached 0MB) CPU [0%@1510,16%@1510,0%@1510,0%@1510,60%@1510,0%@1510] EMC_FREQ 0% GR3D_FREQ 86%@[0] CV0@-256C CPU@51.5C SOC2@50.968C SOC0@49C CV1@-256C GPU@51.656C tj@51.968C SOC1@51.968C CV2@-256C
03-03-2026 09:36:33 RAM 2176/3425MB (lfb 2x2MB) SWAP 9/1713MB (cached 0MB) CPU [0%@1510,0%@1510,0%@1510,0%@1510,60%@1510,0%@1510] EMC_FREQ 0% GR3D_FREQ 86%@[0] CV0@-256C CPU@51.437C SOC2@51.093C SOC0@49.156C CV1@-256C GPU@51.687C tj@51.968C SOC1@51.968C CV2@-256C
03-03-2026 09:36:33 RAM 2176/3425MB (lfb 2x2MB) SWAP 9/1713MB (cached 0MB) CPU [0%@1510,0%@1510,0%@1510,0%@1510,40%@1510,0%@1510] EMC_FREQ 0% GR3D_FREQ 86%@[0] CV0@-256C CPU@51.687C SOC2@51.062C SOC0@48.968C CV1@-256C GPU@51.781C tj@51.875C SOC1@51.875C CV2@-256C
03-03-2026 09:36:33 RAM 2176/3425MB (lfb 2x2MB) SWAP 9/1713MB (cached 0MB) CPU [0%@1510,0%@1510,0%@1510,0%@1510,60%@1510,0%@1510] EMC_FREQ 0% GR3D_FREQ 86%@[0] CV0@-256C CPU@51.531C SOC2@51.062C SOC0@48.906C CV1@-256C GPU@51.656C tj@52.031C SOC1@52.031C CV2@-256C
03-03-2026 09:36:33 RAM 2176/3425MB (lfb 2x2MB) SWAP 9/1713MB (cached 0MB) CPU [0%@1510,0%@1510,0%@1510,0%@1510,50%@1510,0%@1510] EMC_FREQ 0% GR3D_FREQ 86%@[0] CV0@-256C CPU@51.75C SOC2@51.093C SOC0@49.125C CV1@-256C GPU@51.718C tj@51.843C SOC1@51.843C CV2@-256C
03-03-2026 09:36:33 RAM 2176/3425MB (lfb 2x2MB) SWAP 9/1713MB (cached 0MB) CPU [0%@1510,0%@1510,0%@1510,0%@1510,33%@1510,0%@1510] EMC_FREQ 0% GR3D_FREQ 86%@[0] CV0@-256C CPU@51.625C SOC2@51.031C SOC0@48.968C CV1@-256C GPU@51.781C tj@52.156C SOC1@52.156C CV2@-256C
03-03-2026 09:36:33 RAM 2176/3425MB (lfb 2x2MB) SWAP 9/1713MB (cached 0MB) CPU [16%@1510,0%@1510,0%@1510,0%@1510,50%@1510,0%@1510] EMC_FREQ 0% GR3D_FREQ 86%@[0] CV0@-256C CPU@51.937C SOC2@51.125C SOC0@49.062C CV1@-256C GPU@51.937C tj@51.937C SOC1@51.937C CV2@-256C
03-03-2026 09:36:33 RAM 2176/3425MB (lfb 2x2MB) SWAP 9/1713MB (cached 0MB) CPU [0%@1510,0%@1510,0%@1510,0%@1510,60%@1510,0%@1510] EMC_FREQ 0% GR3D_FREQ 86%@[0] CV0@-256C CPU@51.625C SOC2@50.968C SOC0@48.968C CV1@-256C GPU@52C tj@52C SOC1@51.875C CV2@-256C
03-03-2026 09:36:33 RAM 2176/3425MB (lfb 2x2MB) SWAP 9/1713MB (cached 0MB) CPU [0%@1510,0%@1510,0%@1510,0%@1510,40%@1510,0%@1510] EMC_FREQ 0% GR3D_FREQ 87%@[0] CV0@-256C CPU@51.437C SOC2@51.062C SOC0@49.156C CV1@-256C GPU@51.656C tj@51.906C SOC1@51.906C CV2@-256C
03-03-2026 09:36:33 RAM 2176/3425MB (lfb 2x2MB) SWAP 9/1713MB (cached 0MB) CPU [0%@1510,0%@1510,0%@1510,0%@1510,60%@1510,0%@1510] EMC_FREQ 0% GR3D_FREQ 86%@[0] CV0@-256C CPU@51.75C SOC2@51.093C SOC0@49.031C CV1@-256C GPU@51.625C tj@51.875C SOC1@51.875C CV2@-256C
03-03-2026 09:36:33 RAM 2176/3425MB (lfb 2x2MB) SWAP 9/1713MB (cached 0MB) CPU [0%@1510,0%@1510,0%@1510,0%@1510,40%@1510,0%@1510] EMC_FREQ 0% GR3D_FREQ 86%@[0] CV0@-256C CPU@51.406C SOC2@50.968C SOC0@49.156C CV1@-256C GPU@51.718C tj@52C SOC1@52C CV2@-256C
03-03-2026 09:36:33 RAM 2176/3425MB (lfb 2x2MB) SWAP 9/1713MB (cached 0MB) CPU [0%@1510,0%@1510,0%@1510,0%@1510,66%@1510,0%@1510] EMC_FREQ 0% GR3D_FREQ 86%@[0] CV0@-256C CPU@51.937C SOC2@51.093C SOC0@49.062C CV1@-256C GPU@51.562C tj@51.968C SOC1@51.968C CV2@-256C
03-03-2026 09:36:33 RAM 2176/3425MB (lfb 2x2MB) SWAP 9/1713MB (cached 0MB) CPU [0%@1510,0%@1510,0%@1510,0%@1510,60%@1510,0%@1510] EMC_FREQ 0% GR3D_FREQ 86%@[0] CV0@-256C CPU@51.468C SOC2@50.968C SOC0@48.937C CV1@-256C GPU@51.625C tj@52.062C SOC1@52.062C CV2@-256C
03-03-2026 09:36:33 RAM 2176/3425MB (lfb 2x2MB) SWAP 9/1713MB (cached 0MB) CPU [0%@1510,0%@1510,0%@1510,0%@1510,40%@1510,0%@1510] EMC_FREQ 0% GR3D_FREQ 86%@[0] CV0@-256C CPU@51.437C SOC2@51.156C SOC0@48.968C CV1@-256C GPU@51.718C tj@51.906C SOC1@51.906C CV2@-256C
03-03-2026 09:36:33 RAM 2176/3425MB (lfb 2x2MB) SWAP 9/1713MB (cached 0MB) CPU [0%@1510,0%@1510,0%@1510,0%@1510,60%@1510,0%@1510] EMC_FREQ 0% GR3D_FREQ 87%@[0] CV0@-256C CPU@51.437C SOC2@51.125C SOC0@49.062C CV1@-256C GPU@51.812C tj@52.093C SOC1@52.093C CV2@-256C
03-03-2026 09:36:33 RAM 2176/3425MB (lfb 2x2MB) SWAP 9/1713MB (cached 0MB) CPU [0%@1510,0%@1510,0%@1510,0%@1510,50%@1510,0%@1510] EMC_FREQ 0% GR3D_FREQ 86%@[0] CV0@-256C CPU@51.468C SOC2@51.031C SOC0@49.156C CV1@-256C GPU@51.968C tj@51.968C SOC1@51.937C CV2@-256C
03-03-2026 09:36:33 RAM 2176/3425MB (lfb 2x2MB) SWAP 9/1713MB (cached 0MB) CPU [0%@1510,0%@1510,0%@1510,0%@1510,50%@1510,0%@1510] EMC_FREQ 0% GR3D_FREQ 87%@[0] CV0@-256C CPU@51.5C SOC2@51.031C SOC0@48.968C CV1@-256C GPU@52.125C tj@52.187C SOC1@52.187C CV2@-256C
03-03-2026 09:36:33 RAM 2176/3425MB (lfb 2x2MB) SWAP 9/1713MB (cached 0MB) CPU [0%@1510,16%@1510,0%@1510,0%@1510,50%@1510,0%@1510] EMC_FREQ 0% GR3D_FREQ 86%@[0] CV0@-256C CPU@51.468C SOC2@51.093C SOC0@49.187C CV1@-256C GPU@51.593C tj@51.968C SOC1@51.968C CV2@-256C
03-03-2026 09:36:34 RAM 2176/3425MB (lfb 2x2MB) SWAP 9/1713MB (cached 0MB) CPU [0%@1510,0%@1510,0%@1510,0%@1510,60%@1510,0%@1510] EMC_FREQ 0% GR3D_FREQ 87%@[0] CV0@-256C CPU@51.625C SOC2@50.968C SOC0@49C CV1@-256C GPU@51.937C tj@51.937C SOC1@51.843C CV2@-256C
03-03-2026 09:36:34 RAM 2176/3425MB (lfb 2x2MB) SWAP 9/1713MB (cached 0MB) CPU [0%@1510,0%@1510,0%@1510,0%@1510,50%@1510,0%@1510] EMC_FREQ 0% GR3D_FREQ 86%@[0] CV0@-256C CPU@51.468C SOC2@50.968C SOC0@49.25C CV1@-256C GPU@52.093C tj@52.093C SOC1@52.062C CV2@-256C
03-03-2026 09:36:34 RAM 2176/3425MB (lfb 2x2MB) SWAP 9/1713MB (cached 0MB) CPU [0%@1510,16%@1510,0%@1510,0%@1510,60%@1510,0%@1510] EMC_FREQ 0% GR3D_FREQ 87%@[0] CV0@-256C CPU@51.656C SOC2@51.093C SOC0@49.093C CV1@-256C GPU@51.593C tj@51.781C SOC1@51.781C CV2@-256C
03-03-2026 09:36:34 RAM 2176/3425MB (lfb 2x2MB) SWAP 9/1713MB (cached 0MB) CPU [0%@1510,0%@1510,0%@1510,0%@1510,50%@1510,0%@1510] EMC_FREQ 0% GR3D_FREQ 86%@[0] CV0@-256C CPU@51.593C SOC2@50.906C SOC0@48.937C CV1@-256C GPU@51.656C tj@52.125C SOC1@52.125C CV2@-256C
03-03-2026 09:36:34 RAM 2176/3425MB (lfb 2x2MB) SWAP 9/1713MB (cached 0MB) CPU [0%@1510,0%@1510,0%@1510,0%@1510,50%@1510,0%@1510] EMC_FREQ 0% GR3D_FREQ 86%@[0] CV0@-256C CPU@51.812C SOC2@51.062C SOC0@49.156C CV1@-256C GPU@51.687C tj@51.968C SOC1@51.968C CV2@-256C
03-03-2026 09:36:34 RAM 2176/3425MB (lfb 2x2MB) SWAP 9/1713MB (cached 0MB) CPU [0%@1510,0%@1510,0%@1510,0%@1510,60%@1510,0%@1510] EMC_FREQ 0% GR3D_FREQ 86%@[0] CV0@-256C CPU@51.656C SOC2@51.062C SOC0@49.093C CV1@-256C GPU@51.75C tj@52.187C SOC1@52.187C CV2@-256C
03-03-2026 09:36:34 RAM 2176/3425MB (lfb 2x2MB) SWAP 9/1713MB (cached 0MB) CPU [0%@1510,0%@1510,0%@1510,0%@1510,40%@1510,0%@1510] EMC_FREQ 0% GR3D_FREQ 86%@[0] CV0@-256C CPU@51.437C SOC2@51.156C SOC0@49.125C CV1@-256C GPU@51.937C tj@52.031C SOC1@52.031C CV2@-256C
03-03-2026 09:36:34 RAM 2176/3425MB (lfb 2x2MB) SWAP 9/1713MB (cached 0MB) CPU [0%@1510,0%@1510,0%@1510,0%@1510,60%@1510,0%@1510] EMC_FREQ 0% GR3D_FREQ 86%@[0] CV0@-256C CPU@51.843C SOC2@51.062C SOC0@49.031C CV1@-256C GPU@51.687C tj@51.906C SOC1@51.906C CV2@-256C
03-03-2026 09:36:34 RAM 2176/3425MB (lfb 2x2MB) SWAP 9/1713MB (cached 0MB) CPU [0%@1510,0%@1510,0%@1510,0%@1510,40%@1510,0%@1510] EMC_FREQ 0% GR3D_FREQ 86%@[0] CV0@-256C CPU@51.406C SOC2@50.906C SOC0@49.25C CV1@-256C GPU@51.781C tj@52C SOC1@52C CV2@-256C
03-03-2026 09:36:34 RAM 2176/3425MB (lfb 2x2MB) SWAP 9/1713MB (cached 0MB) CPU [0%@1510,0%@1510,0%@1510,0%@1510,60%@1510,0%@1510] EMC_FREQ 0% GR3D_FREQ 87%@[0] CV0@-256C CPU@51.812C SOC2@51.031C SOC0@49.031C CV1@-256C GPU@51.937C tj@51.937C SOC1@51.906C CV2@-256C
