/usr/src/tensorrt/bin/trtexec --onnx=/home/user/Edge-ML/models/v5/GRU/bs96/GRU.onnx --saveEngine=/home/user/Edge-ML/models/v5/GRU/bs96/GRU_fp32.engine --exportLayerInfo=/home/user/Edge-ML/models/v5/GRU/bs96/logs/quantisation_fp32_layers.json --memPoolSize=workspace:4096MiB --tacticSources=+CUBLAS,+CUBLAS_LT,+CUDNN --noDataTransfers

&&&& RUNNING TensorRT.trtexec [TensorRT v8502] # /usr/src/tensorrt/bin/trtexec --onnx=/home/user/Edge-ML/models/v5/GRU/bs96/GRU.onnx --saveEngine=/home/user/Edge-ML/models/v5/GRU/bs96/GRU_fp32.engine --exportLayerInfo=/home/user/Edge-ML/models/v5/GRU/bs96/logs/quantisation_fp32_layers.json --memPoolSize=workspace:4096MiB --tacticSources=+CUBLAS,+CUBLAS_LT,+CUDNN --noDataTransfers
[03/03/2026-11:00:18] [I] === Model Options ===
[03/03/2026-11:00:18] [I] Format: ONNX
[03/03/2026-11:00:18] [I] Model: /home/user/Edge-ML/models/v5/GRU/bs96/GRU.onnx
[03/03/2026-11:00:18] [I] Output:
[03/03/2026-11:00:18] [I] === Build Options ===
[03/03/2026-11:00:18] [I] Max batch: explicit batch
[03/03/2026-11:00:18] [I] Memory Pools: workspace: 4096 MiB, dlaSRAM: default, dlaLocalDRAM: default, dlaGlobalDRAM: default
[03/03/2026-11:00:18] [I] minTiming: 1
[03/03/2026-11:00:18] [I] avgTiming: 8
[03/03/2026-11:00:18] [I] Precision: FP32
[03/03/2026-11:00:18] [I] LayerPrecisions: 
[03/03/2026-11:00:18] [I] Calibration: 
[03/03/2026-11:00:18] [I] Refit: Disabled
[03/03/2026-11:00:18] [I] Sparsity: Disabled
[03/03/2026-11:00:18] [I] Safe mode: Disabled
[03/03/2026-11:00:18] [I] DirectIO mode: Disabled
[03/03/2026-11:00:18] [I] Restricted mode: Disabled
[03/03/2026-11:00:18] [I] Build only: Disabled
[03/03/2026-11:00:18] [I] Save engine: /home/user/Edge-ML/models/v5/GRU/bs96/GRU_fp32.engine
[03/03/2026-11:00:18] [I] Load engine: 
[03/03/2026-11:00:18] [I] Profiling verbosity: 0
[03/03/2026-11:00:18] [I] Tactic sources: cublas [ON], cublasLt [ON], cudnn [ON], 
[03/03/2026-11:00:18] [I] timingCacheMode: local
[03/03/2026-11:00:18] [I] timingCacheFile: 
[03/03/2026-11:00:18] [I] Heuristic: Disabled
[03/03/2026-11:00:18] [I] Preview Features: Use default preview flags.
[03/03/2026-11:00:18] [I] Input(s)s format: fp32:CHW
[03/03/2026-11:00:18] [I] Output(s)s format: fp32:CHW
[03/03/2026-11:00:18] [I] Input build shapes: model
[03/03/2026-11:00:18] [I] Input calibration shapes: model
[03/03/2026-11:00:18] [I] === System Options ===
[03/03/2026-11:00:18] [I] Device: 0
[03/03/2026-11:00:18] [I] DLACore: 
[03/03/2026-11:00:18] [I] Plugins:
[03/03/2026-11:00:18] [I] === Inference Options ===
[03/03/2026-11:00:18] [I] Batch: Explicit
[03/03/2026-11:00:18] [I] Input inference shapes: model
[03/03/2026-11:00:18] [I] Iterations: 10
[03/03/2026-11:00:18] [I] Duration: 3s (+ 200ms warm up)
[03/03/2026-11:00:18] [I] Sleep time: 0ms
[03/03/2026-11:00:18] [I] Idle time: 0ms
[03/03/2026-11:00:18] [I] Streams: 1
[03/03/2026-11:00:18] [I] ExposeDMA: Disabled
[03/03/2026-11:00:18] [I] Data transfers: Disabled
[03/03/2026-11:00:18] [I] Spin-wait: Disabled
[03/03/2026-11:00:18] [I] Multithreading: Disabled
[03/03/2026-11:00:18] [I] CUDA Graph: Disabled
[03/03/2026-11:00:18] [I] Separate profiling: Disabled
[03/03/2026-11:00:18] [I] Time Deserialize: Disabled
[03/03/2026-11:00:18] [I] Time Refit: Disabled
[03/03/2026-11:00:18] [I] NVTX verbosity: 0
[03/03/2026-11:00:18] [I] Persistent Cache Ratio: 0
[03/03/2026-11:00:18] [I] Inputs:
[03/03/2026-11:00:18] [I] === Reporting Options ===
[03/03/2026-11:00:18] [I] Verbose: Disabled
[03/03/2026-11:00:18] [I] Averages: 10 inferences
[03/03/2026-11:00:18] [I] Percentiles: 90,95,99
[03/03/2026-11:00:18] [I] Dump refittable layers:Disabled
[03/03/2026-11:00:18] [I] Dump output: Disabled
[03/03/2026-11:00:18] [I] Profile: Disabled
[03/03/2026-11:00:18] [I] Export timing to JSON file: 
[03/03/2026-11:00:18] [I] Export output to JSON file: 
[03/03/2026-11:00:18] [I] Export profile to JSON file: 
[03/03/2026-11:00:18] [I] 
[03/03/2026-11:00:18] [I] === Device Information ===
[03/03/2026-11:00:18] [I] Selected Device: Orin
[03/03/2026-11:00:18] [I] Compute Capability: 8.7
[03/03/2026-11:00:18] [I] SMs: 4
[03/03/2026-11:00:18] [I] Compute Clock Rate: 0.624 GHz
[03/03/2026-11:00:18] [I] Device Global Memory: 3425 MiB
[03/03/2026-11:00:18] [I] Shared Memory per SM: 164 KiB
[03/03/2026-11:00:18] [I] Memory Bus Width: 128 bits (ECC disabled)
[03/03/2026-11:00:18] [I] Memory Clock Rate: 0.624 GHz
[03/03/2026-11:00:18] [I] 
[03/03/2026-11:00:18] [I] TensorRT version: 8.5.2
[03/03/2026-11:00:18] [I] [TRT] [MemUsageChange] Init CUDA: CPU +220, GPU +0, now: CPU 249, GPU 1545 (MiB)
[03/03/2026-11:00:20] [I] [TRT] [MemUsageChange] Init builder kernel library: CPU +302, GPU +170, now: CPU 574, GPU 1735 (MiB)
[03/03/2026-11:00:20] [I] Start parsing network model
[03/03/2026-11:00:20] [I] [TRT] ----------------------------------------------------------------
[03/03/2026-11:00:20] [I] [TRT] Input filename:   /home/user/Edge-ML/models/v5/GRU/bs96/GRU.onnx
[03/03/2026-11:00:20] [I] [TRT] ONNX IR version:  0.0.7
[03/03/2026-11:00:20] [I] [TRT] Opset version:    12
[03/03/2026-11:00:20] [I] [TRT] Producer name:    pytorch
[03/03/2026-11:00:20] [I] [TRT] Producer version: 2.5.1
[03/03/2026-11:00:20] [I] [TRT] Domain:           
[03/03/2026-11:00:20] [I] [TRT] Model version:    0
[03/03/2026-11:00:20] [I] [TRT] Doc string:       
[03/03/2026-11:00:20] [I] [TRT] ----------------------------------------------------------------
[03/03/2026-11:00:20] [W] [TRT] onnx2trt_utils.cpp:375: Your ONNX model has been generated with INT64 weights, while TensorRT does not natively support INT64. Attempting to cast down to INT32.
[03/03/2026-11:00:21] [I] Finish parsing network model
[03/03/2026-11:00:21] [I] [TRT] ---------- Layers Running on DLA ----------
[03/03/2026-11:00:21] [I] [TRT] ---------- Layers Running on GPU ----------
[03/03/2026-11:00:21] [I] [TRT] [GpuLayer] MYELIN: {ForeignNode[(Unnamed Layer* 41) [Constant].../Squeeze]}
[03/03/2026-11:00:22] [I] [TRT] [MemUsageChange] Init cuBLAS/cuBLASLt: CPU +535, GPU +836, now: CPU 1109, GPU 2572 (MiB)
[03/03/2026-11:00:22] [I] [TRT] [MemUsageChange] Init cuDNN: CPU +82, GPU +119, now: CPU 1191, GPU 2691 (MiB)
[03/03/2026-11:00:22] [I] [TRT] Local timing cache in use. Profiling results in this builder pass will not be stored.
[03/03/2026-11:00:26] [I] [TRT] Total Activation Memory: 4294967296
[03/03/2026-11:00:26] [I] [TRT] Detected 1 inputs and 1 output network tensors.
[03/03/2026-11:00:26] [I] [TRT] Total Host Persistent Memory: 32
[03/03/2026-11:00:26] [I] [TRT] Total Device Persistent Memory: 0
[03/03/2026-11:00:26] [I] [TRT] Total Scratch Memory: 23888896
[03/03/2026-11:00:26] [I] [TRT] [MemUsageStats] Peak memory usage of TRT CPU/GPU memory allocators: CPU 0 MiB, GPU 26 MiB
[03/03/2026-11:00:26] [I] [TRT] [BlockAssignment] Started assigning block shifts. This will take 1 steps to complete.
[03/03/2026-11:00:26] [I] [TRT] [BlockAssignment] Algorithm ShiftNTopDown took 0.016673ms to assign 1 blocks to 1 nodes requiring 23888896 bytes.
[03/03/2026-11:00:26] [I] [TRT] Total Activation Memory: 23888896
[03/03/2026-11:00:26] [I] [TRT] [MemUsageChange] TensorRT-managed allocation in building engine: CPU +0, GPU +4, now: CPU 0, GPU 4 (MiB)
[03/03/2026-11:00:26] [I] Engine built in 8.6626 sec.
[03/03/2026-11:00:26] [I] [TRT] Loaded engine size: 0 MiB
[03/03/2026-11:00:27] [I] [TRT] [MemUsageChange] TensorRT-managed allocation in engine deserialization: CPU +0, GPU +0, now: CPU 0, GPU 0 (MiB)
[03/03/2026-11:00:27] [I] Engine deserialized in 0.00476551 sec.
[03/03/2026-11:00:27] [I] [TRT] [MemUsageChange] TensorRT-managed allocation in IExecutionContext creation: CPU +0, GPU +22, now: CPU 0, GPU 22 (MiB)
[03/03/2026-11:00:27] [I] Setting persistentCacheLimit to 0 bytes.
[03/03/2026-11:00:27] [I] Using random values for input input
[03/03/2026-11:00:27] [I] Created input binding for input with dimensions 96x120
[03/03/2026-11:00:27] [I] Using random values for output capacity
[03/03/2026-11:00:27] [I] Created output binding for capacity with dimensions 96
[03/03/2026-11:00:27] [I] [TRT] The profiling verbosity was set to ProfilingVerbosity::kLAYER_NAMES_ONLY when the engine was built, so only the layer names will be returned. Rebuild the engine with ProfilingVerbosity::kDETAILED to get more verbose layer information.
[03/03/2026-11:00:27] [I] Starting inference
[03/03/2026-11:00:30] [I] Warmup completed 20 queries over 200 ms
[03/03/2026-11:00:30] [I] Timing trace has 306 queries over 3.02729 s
[03/03/2026-11:00:30] [I] 
[03/03/2026-11:00:30] [I] === Trace details ===
[03/03/2026-11:00:30] [I] Trace averages of 10 runs:
[03/03/2026-11:00:30] [I] Average on 10 runs - GPU latency: 9.88331 ms - Host latency: 9.88331 ms (enqueue 9.90376 ms)
[03/03/2026-11:00:30] [I] Average on 10 runs - GPU latency: 9.89264 ms - Host latency: 9.89264 ms (enqueue 9.96796 ms)
[03/03/2026-11:00:30] [I] Average on 10 runs - GPU latency: 9.90832 ms - Host latency: 9.90832 ms (enqueue 9.89963 ms)
[03/03/2026-11:00:30] [I] Average on 10 runs - GPU latency: 9.85583 ms - Host latency: 9.85583 ms (enqueue 9.84877 ms)
[03/03/2026-11:00:30] [I] Average on 10 runs - GPU latency: 9.88653 ms - Host latency: 9.88653 ms (enqueue 9.934 ms)
[03/03/2026-11:00:30] [I] Average on 10 runs - GPU latency: 9.86146 ms - Host latency: 9.86146 ms (enqueue 9.8534 ms)
[03/03/2026-11:00:30] [I] Average on 10 runs - GPU latency: 9.87665 ms - Host latency: 9.87665 ms (enqueue 9.9253 ms)
[03/03/2026-11:00:30] [I] Average on 10 runs - GPU latency: 9.87574 ms - Host latency: 9.87574 ms (enqueue 9.92294 ms)
[03/03/2026-11:00:30] [I] Average on 10 runs - GPU latency: 9.84936 ms - Host latency: 9.84936 ms (enqueue 9.8423 ms)
[03/03/2026-11:00:30] [I] Average on 10 runs - GPU latency: 9.85917 ms - Host latency: 9.85917 ms (enqueue 9.8521 ms)
[03/03/2026-11:00:30] [I] Average on 10 runs - GPU latency: 9.85446 ms - Host latency: 9.85446 ms (enqueue 9.8472 ms)
[03/03/2026-11:00:30] [I] Average on 10 runs - GPU latency: 9.86052 ms - Host latency: 9.86052 ms (enqueue 9.85341 ms)
[03/03/2026-11:00:30] [I] Average on 10 runs - GPU latency: 9.85571 ms - Host latency: 9.85571 ms (enqueue 9.84857 ms)
[03/03/2026-11:00:30] [I] Average on 10 runs - GPU latency: 9.87822 ms - Host latency: 9.87822 ms (enqueue 9.89851 ms)
[03/03/2026-11:00:30] [I] Average on 10 runs - GPU latency: 9.86304 ms - Host latency: 9.86304 ms (enqueue 9.88495 ms)
[03/03/2026-11:00:30] [I] Average on 10 runs - GPU latency: 9.85985 ms - Host latency: 9.85985 ms (enqueue 9.85254 ms)
[03/03/2026-11:00:30] [I] Average on 10 runs - GPU latency: 9.86466 ms - Host latency: 9.86466 ms (enqueue 9.85674 ms)
[03/03/2026-11:00:30] [I] Average on 10 runs - GPU latency: 9.86443 ms - Host latency: 9.86443 ms (enqueue 9.88585 ms)
[03/03/2026-11:00:30] [I] Average on 10 runs - GPU latency: 9.85941 ms - Host latency: 9.85941 ms (enqueue 9.87977 ms)
[03/03/2026-11:00:30] [I] Average on 10 runs - GPU latency: 9.86094 ms - Host latency: 9.86094 ms (enqueue 9.85327 ms)
[03/03/2026-11:00:30] [I] Average on 10 runs - GPU latency: 9.85605 ms - Host latency: 9.85605 ms (enqueue 9.84873 ms)
[03/03/2026-11:00:30] [I] Average on 10 runs - GPU latency: 9.8574 ms - Host latency: 9.8574 ms (enqueue 9.85017 ms)
[03/03/2026-11:00:30] [I] Average on 10 runs - GPU latency: 9.84966 ms - Host latency: 9.84966 ms (enqueue 9.84258 ms)
[03/03/2026-11:00:30] [I] Average on 10 runs - GPU latency: 9.85747 ms - Host latency: 9.85747 ms (enqueue 9.87788 ms)
[03/03/2026-11:00:30] [I] Average on 10 runs - GPU latency: 9.85481 ms - Host latency: 9.85481 ms (enqueue 9.84729 ms)
[03/03/2026-11:00:30] [I] Average on 10 runs - GPU latency: 9.85198 ms - Host latency: 9.85198 ms (enqueue 9.84502 ms)
[03/03/2026-11:00:30] [I] Average on 10 runs - GPU latency: 9.85361 ms - Host latency: 9.85361 ms (enqueue 9.84639 ms)
[03/03/2026-11:00:30] [I] Average on 10 runs - GPU latency: 9.87249 ms - Host latency: 9.87249 ms (enqueue 9.89412 ms)
[03/03/2026-11:00:30] [I] Average on 10 runs - GPU latency: 9.86226 ms - Host latency: 9.86226 ms (enqueue 9.85481 ms)
[03/03/2026-11:00:30] [I] Average on 10 runs - GPU latency: 9.86321 ms - Host latency: 9.86321 ms (enqueue 9.85522 ms)
[03/03/2026-11:00:30] [I] 
[03/03/2026-11:00:30] [I] === Performance summary ===
[03/03/2026-11:00:30] [I] Throughput: 101.08 qps
[03/03/2026-11:00:30] [I] Latency: min = 9.81372 ms, max = 10.2172 ms, mean = 9.86477 ms, median = 9.86111 ms, percentile(90%) = 9.8894 ms, percentile(95%) = 9.92694 ms, percentile(99%) = 9.96326 ms
[03/03/2026-11:00:30] [I] Enqueue Time: min = 9.80688 ms, max = 10.2551 ms, mean = 9.87194 ms, median = 9.85406 ms, percentile(90%) = 9.88184 ms, percentile(95%) = 10.1819 ms, percentile(99%) = 10.2349 ms
[03/03/2026-11:00:30] [I] H2D Latency: min = 0 ms, max = 0 ms, mean = 0 ms, median = 0 ms, percentile(90%) = 0 ms, percentile(95%) = 0 ms, percentile(99%) = 0 ms
[03/03/2026-11:00:30] [I] GPU Compute Time: min = 9.81372 ms, max = 10.2172 ms, mean = 9.86477 ms, median = 9.86111 ms, percentile(90%) = 9.8894 ms, percentile(95%) = 9.92694 ms, percentile(99%) = 9.96326 ms
[03/03/2026-11:00:30] [I] D2H Latency: min = 0 ms, max = 0 ms, mean = 0 ms, median = 0 ms, percentile(90%) = 0 ms, percentile(95%) = 0 ms, percentile(99%) = 0 ms
[03/03/2026-11:00:30] [I] Total Host Walltime: 3.02729 s
[03/03/2026-11:00:30] [I] Total GPU Compute Time: 3.01862 s
[03/03/2026-11:00:30] [W] * Throughput may be bound by Enqueue Time rather than GPU Compute and the GPU may be under-utilized.
[03/03/2026-11:00:30] [W]   If not already in use, --useCudaGraph (utilize CUDA graphs where possible) may increase the throughput.
[03/03/2026-11:00:30] [I] Explanations of the performance metrics are printed in the verbose logs.
[03/03/2026-11:00:30] [I] 
&&&& PASSED TensorRT.trtexec [TensorRT v8502] # /usr/src/tensorrt/bin/trtexec --onnx=/home/user/Edge-ML/models/v5/GRU/bs96/GRU.onnx --saveEngine=/home/user/Edge-ML/models/v5/GRU/bs96/GRU_fp32.engine --exportLayerInfo=/home/user/Edge-ML/models/v5/GRU/bs96/logs/quantisation_fp32_layers.json --memPoolSize=workspace:4096MiB --tacticSources=+CUBLAS,+CUBLAS_LT,+CUDNN --noDataTransfers
