/usr/src/tensorrt/bin/trtexec --onnx=/home/user/Edge-ML/models/v5/CNN-LSTM/bs1/CNN-LSTM.onnx --saveEngine=/home/user/Edge-ML/models/v5/CNN-LSTM/bs1/CNN-LSTM_fp16.engine --fp16 --exportLayerInfo=/home/user/Edge-ML/models/v5/CNN-LSTM/bs1/logs/quantisation_fp16_layers.json --memPoolSize=workspace:4096MiB --tacticSources=+CUBLAS,+CUBLAS_LT,+CUDNN --noDataTransfers

&&&& RUNNING TensorRT.trtexec [TensorRT v8502] # /usr/src/tensorrt/bin/trtexec --onnx=/home/user/Edge-ML/models/v5/CNN-LSTM/bs1/CNN-LSTM.onnx --saveEngine=/home/user/Edge-ML/models/v5/CNN-LSTM/bs1/CNN-LSTM_fp16.engine --fp16 --exportLayerInfo=/home/user/Edge-ML/models/v5/CNN-LSTM/bs1/logs/quantisation_fp16_layers.json --memPoolSize=workspace:4096MiB --tacticSources=+CUBLAS,+CUBLAS_LT,+CUDNN --noDataTransfers
[03/03/2026-10:54:00] [I] === Model Options ===
[03/03/2026-10:54:00] [I] Format: ONNX
[03/03/2026-10:54:00] [I] Model: /home/user/Edge-ML/models/v5/CNN-LSTM/bs1/CNN-LSTM.onnx
[03/03/2026-10:54:00] [I] Output:
[03/03/2026-10:54:00] [I] === Build Options ===
[03/03/2026-10:54:00] [I] Max batch: explicit batch
[03/03/2026-10:54:00] [I] Memory Pools: workspace: 4096 MiB, dlaSRAM: default, dlaLocalDRAM: default, dlaGlobalDRAM: default
[03/03/2026-10:54:00] [I] minTiming: 1
[03/03/2026-10:54:00] [I] avgTiming: 8
[03/03/2026-10:54:00] [I] Precision: FP32+FP16
[03/03/2026-10:54:00] [I] LayerPrecisions: 
[03/03/2026-10:54:00] [I] Calibration: 
[03/03/2026-10:54:00] [I] Refit: Disabled
[03/03/2026-10:54:00] [I] Sparsity: Disabled
[03/03/2026-10:54:00] [I] Safe mode: Disabled
[03/03/2026-10:54:00] [I] DirectIO mode: Disabled
[03/03/2026-10:54:00] [I] Restricted mode: Disabled
[03/03/2026-10:54:00] [I] Build only: Disabled
[03/03/2026-10:54:00] [I] Save engine: /home/user/Edge-ML/models/v5/CNN-LSTM/bs1/CNN-LSTM_fp16.engine
[03/03/2026-10:54:00] [I] Load engine: 
[03/03/2026-10:54:00] [I] Profiling verbosity: 0
[03/03/2026-10:54:00] [I] Tactic sources: cublas [ON], cublasLt [ON], cudnn [ON], 
[03/03/2026-10:54:00] [I] timingCacheMode: local
[03/03/2026-10:54:00] [I] timingCacheFile: 
[03/03/2026-10:54:00] [I] Heuristic: Disabled
[03/03/2026-10:54:00] [I] Preview Features: Use default preview flags.
[03/03/2026-10:54:00] [I] Input(s)s format: fp32:CHW
[03/03/2026-10:54:00] [I] Output(s)s format: fp32:CHW
[03/03/2026-10:54:00] [I] Input build shapes: model
[03/03/2026-10:54:00] [I] Input calibration shapes: model
[03/03/2026-10:54:00] [I] === System Options ===
[03/03/2026-10:54:00] [I] Device: 0
[03/03/2026-10:54:00] [I] DLACore: 
[03/03/2026-10:54:00] [I] Plugins:
[03/03/2026-10:54:00] [I] === Inference Options ===
[03/03/2026-10:54:00] [I] Batch: Explicit
[03/03/2026-10:54:00] [I] Input inference shapes: model
[03/03/2026-10:54:00] [I] Iterations: 10
[03/03/2026-10:54:00] [I] Duration: 3s (+ 200ms warm up)
[03/03/2026-10:54:00] [I] Sleep time: 0ms
[03/03/2026-10:54:00] [I] Idle time: 0ms
[03/03/2026-10:54:00] [I] Streams: 1
[03/03/2026-10:54:00] [I] ExposeDMA: Disabled
[03/03/2026-10:54:00] [I] Data transfers: Disabled
[03/03/2026-10:54:00] [I] Spin-wait: Disabled
[03/03/2026-10:54:00] [I] Multithreading: Disabled
[03/03/2026-10:54:00] [I] CUDA Graph: Disabled
[03/03/2026-10:54:00] [I] Separate profiling: Disabled
[03/03/2026-10:54:00] [I] Time Deserialize: Disabled
[03/03/2026-10:54:00] [I] Time Refit: Disabled
[03/03/2026-10:54:00] [I] NVTX verbosity: 0
[03/03/2026-10:54:00] [I] Persistent Cache Ratio: 0
[03/03/2026-10:54:00] [I] Inputs:
[03/03/2026-10:54:00] [I] === Reporting Options ===
[03/03/2026-10:54:00] [I] Verbose: Disabled
[03/03/2026-10:54:00] [I] Averages: 10 inferences
[03/03/2026-10:54:00] [I] Percentiles: 90,95,99
[03/03/2026-10:54:00] [I] Dump refittable layers:Disabled
[03/03/2026-10:54:00] [I] Dump output: Disabled
[03/03/2026-10:54:00] [I] Profile: Disabled
[03/03/2026-10:54:00] [I] Export timing to JSON file: 
[03/03/2026-10:54:00] [I] Export output to JSON file: 
[03/03/2026-10:54:00] [I] Export profile to JSON file: 
[03/03/2026-10:54:00] [I] 
[03/03/2026-10:54:00] [I] === Device Information ===
[03/03/2026-10:54:00] [I] Selected Device: Orin
[03/03/2026-10:54:00] [I] Compute Capability: 8.7
[03/03/2026-10:54:00] [I] SMs: 4
[03/03/2026-10:54:00] [I] Compute Clock Rate: 0.624 GHz
[03/03/2026-10:54:00] [I] Device Global Memory: 3425 MiB
[03/03/2026-10:54:00] [I] Shared Memory per SM: 164 KiB
[03/03/2026-10:54:00] [I] Memory Bus Width: 128 bits (ECC disabled)
[03/03/2026-10:54:00] [I] Memory Clock Rate: 0.624 GHz
[03/03/2026-10:54:00] [I] 
[03/03/2026-10:54:00] [I] TensorRT version: 8.5.2
[03/03/2026-10:54:00] [I] [TRT] [MemUsageChange] Init CUDA: CPU +220, GPU +0, now: CPU 249, GPU 1514 (MiB)
[03/03/2026-10:54:03] [I] [TRT] [MemUsageChange] Init builder kernel library: CPU +302, GPU +230, now: CPU 574, GPU 1766 (MiB)
[03/03/2026-10:54:03] [I] Start parsing network model
[03/03/2026-10:54:03] [I] [TRT] ----------------------------------------------------------------
[03/03/2026-10:54:03] [I] [TRT] Input filename:   /home/user/Edge-ML/models/v5/CNN-LSTM/bs1/CNN-LSTM.onnx
[03/03/2026-10:54:03] [I] [TRT] ONNX IR version:  0.0.7
[03/03/2026-10:54:03] [I] [TRT] Opset version:    12
[03/03/2026-10:54:03] [I] [TRT] Producer name:    pytorch
[03/03/2026-10:54:03] [I] [TRT] Producer version: 2.5.1
[03/03/2026-10:54:03] [I] [TRT] Domain:           
[03/03/2026-10:54:03] [I] [TRT] Model version:    0
[03/03/2026-10:54:03] [I] [TRT] Doc string:       
[03/03/2026-10:54:03] [I] [TRT] ----------------------------------------------------------------
[03/03/2026-10:54:03] [W] [TRT] onnx2trt_utils.cpp:375: Your ONNX model has been generated with INT64 weights, while TensorRT does not natively support INT64. Attempting to cast down to INT32.
[03/03/2026-10:54:03] [I] Finish parsing network model
[03/03/2026-10:54:03] [I] [TRT] ---------- Layers Running on DLA ----------
[03/03/2026-10:54:03] [I] [TRT] ---------- Layers Running on GPU ----------
[03/03/2026-10:54:03] [I] [TRT] [GpuLayer] SHUFFLE: /Unsqueeze + (Unnamed Layer* 1) [Shuffle]
[03/03/2026-10:54:03] [I] [TRT] [GpuLayer] SHUFFLE: shuffle_between_(Unnamed Layer* 1) [Shuffle]_output_and_/cnn/cnn.0/Conv + /cnn/cnn.2/Relu
[03/03/2026-10:54:03] [I] [TRT] [GpuLayer] CONVOLUTION: /cnn/cnn.0/Conv + /cnn/cnn.2/Relu
[03/03/2026-10:54:03] [I] [TRT] [GpuLayer] SHUFFLE: shuffle_after_/cnn/cnn.2/Relu_out_tensor
[03/03/2026-10:54:03] [I] [TRT] [GpuLayer] SHUFFLE: shuffle_between_/cnn/cnn.2/Relu_out_tensor_and_/cnn/cnn.4/Conv + /cnn/cnn.6/Relu
[03/03/2026-10:54:03] [I] [TRT] [GpuLayer] CONVOLUTION: /cnn/cnn.4/Conv + /cnn/cnn.6/Relu
[03/03/2026-10:54:03] [I] [TRT] [GpuLayer] SHUFFLE: shuffle_after_/cnn/cnn.6/Relu_out_tensor
[03/03/2026-10:54:03] [I] [TRT] [GpuLayer] SHUFFLE: shuffle_between_/cnn/cnn.6/Relu_out_tensor_and_/cnn/cnn.8/Conv
[03/03/2026-10:54:03] [I] [TRT] [GpuLayer] CONVOLUTION: /cnn/cnn.8/Conv
[03/03/2026-10:54:03] [I] [TRT] [GpuLayer] SHUFFLE: shuffle_after_(Unnamed Layer* 10) [Convolution]_output
[03/03/2026-10:54:03] [I] [TRT] [GpuLayer] MYELIN: {ForeignNode[onnx::LSTM_252.../Squeeze]}
[03/03/2026-10:54:04] [I] [TRT] [MemUsageChange] Init cuBLAS/cuBLASLt: CPU +534, GPU +834, now: CPU 1109, GPU 2602 (MiB)
[03/03/2026-10:54:04] [I] [TRT] [MemUsageChange] Init cuDNN: CPU +82, GPU +121, now: CPU 1191, GPU 2723 (MiB)
[03/03/2026-10:54:04] [I] [TRT] Local timing cache in use. Profiling results in this builder pass will not be stored.
[03/03/2026-10:54:29] [I] [TRT] Total Activation Memory: 4295030784
[03/03/2026-10:54:29] [I] [TRT] Detected 1 inputs and 1 output network tensors.
[03/03/2026-10:54:29] [I] [TRT] Total Host Persistent Memory: 9568
[03/03/2026-10:54:29] [I] [TRT] Total Device Persistent Memory: 0
[03/03/2026-10:54:29] [I] [TRT] Total Scratch Memory: 349184
[03/03/2026-10:54:29] [I] [TRT] [MemUsageStats] Peak memory usage of TRT CPU/GPU memory allocators: CPU 0 MiB, GPU 268 MiB
[03/03/2026-10:54:29] [I] [TRT] [BlockAssignment] Started assigning block shifts. This will take 13 steps to complete.
[03/03/2026-10:54:29] [I] [TRT] [BlockAssignment] Algorithm ShiftNTopDown took 0.207909ms to assign 3 blocks to 13 nodes requiring 380416 bytes.
[03/03/2026-10:54:29] [I] [TRT] Total Activation Memory: 380416
[03/03/2026-10:54:29] [W] [TRT] TensorRT encountered issues when converting weights between types and that could affect accuracy.
[03/03/2026-10:54:29] [W] [TRT] If this is not the desired behavior, please modify the weights or retrain with regularization to adjust the magnitude of the weights.
[03/03/2026-10:54:29] [W] [TRT] Check verbose logs for the list of affected weights.
[03/03/2026-10:54:29] [W] [TRT] - 6 weights are affected by this issue: Detected subnormal FP16 values.
[03/03/2026-10:54:29] [I] [TRT] [MemUsageChange] TensorRT-managed allocation in building engine: CPU +0, GPU +4, now: CPU 0, GPU 4 (MiB)
[03/03/2026-10:54:29] [I] Engine built in 29.309 sec.
[03/03/2026-10:54:30] [I] [TRT] Loaded engine size: 0 MiB
[03/03/2026-10:54:30] [I] [TRT] [MemUsageChange] TensorRT-managed allocation in engine deserialization: CPU +0, GPU +0, now: CPU 0, GPU 0 (MiB)
[03/03/2026-10:54:30] [I] Engine deserialized in 0.00738967 sec.
[03/03/2026-10:54:30] [I] [TRT] [MemUsageChange] TensorRT-managed allocation in IExecutionContext creation: CPU +0, GPU +0, now: CPU 0, GPU 0 (MiB)
[03/03/2026-10:54:30] [I] Setting persistentCacheLimit to 0 bytes.
[03/03/2026-10:54:30] [I] Using random values for input input
[03/03/2026-10:54:30] [I] Created input binding for input with dimensions 1x120
[03/03/2026-10:54:30] [I] Using random values for output capacity
[03/03/2026-10:54:30] [I] Created output binding for capacity with dimensions 
[03/03/2026-10:54:30] [I] [TRT] The profiling verbosity was set to ProfilingVerbosity::kLAYER_NAMES_ONLY when the engine was built, so only the layer names will be returned. Rebuild the engine with ProfilingVerbosity::kDETAILED to get more verbose layer information.
[03/03/2026-10:54:30] [I] Starting inference
[03/03/2026-10:54:33] [I] Warmup completed 44 queries over 200 ms
[03/03/2026-10:54:33] [I] Timing trace has 664 queries over 3.00994 s
[03/03/2026-10:54:33] [I] 
[03/03/2026-10:54:33] [I] === Trace details ===
[03/03/2026-10:54:33] [I] Trace averages of 10 runs:
[03/03/2026-10:54:33] [I] Average on 10 runs - GPU latency: 4.52215 ms - Host latency: 4.52215 ms (enqueue 4.51424 ms)
[03/03/2026-10:54:33] [I] Average on 10 runs - GPU latency: 4.5259 ms - Host latency: 4.5259 ms (enqueue 4.5459 ms)
[03/03/2026-10:54:33] [I] Average on 10 runs - GPU latency: 4.52615 ms - Host latency: 4.52615 ms (enqueue 4.51765 ms)
[03/03/2026-10:54:33] [I] Average on 10 runs - GPU latency: 4.51636 ms - Host latency: 4.51636 ms (enqueue 4.50779 ms)
[03/03/2026-10:54:33] [I] Average on 10 runs - GPU latency: 4.50937 ms - Host latency: 4.50937 ms (enqueue 4.50218 ms)
[03/03/2026-10:54:33] [I] Average on 10 runs - GPU latency: 4.50402 ms - Host latency: 4.50402 ms (enqueue 4.49647 ms)
[03/03/2026-10:54:33] [I] Average on 10 runs - GPU latency: 4.51699 ms - Host latency: 4.51699 ms (enqueue 4.53855 ms)
[03/03/2026-10:54:33] [I] Average on 10 runs - GPU latency: 4.50928 ms - Host latency: 4.50928 ms (enqueue 4.50143 ms)
[03/03/2026-10:54:33] [I] Average on 10 runs - GPU latency: 4.51729 ms - Host latency: 4.51729 ms (enqueue 4.50877 ms)
[03/03/2026-10:54:33] [I] Average on 10 runs - GPU latency: 4.51 ms - Host latency: 4.51 ms (enqueue 4.50131 ms)
[03/03/2026-10:54:33] [I] Average on 10 runs - GPU latency: 4.51265 ms - Host latency: 4.51265 ms (enqueue 4.53261 ms)
[03/03/2026-10:54:33] [I] Average on 10 runs - GPU latency: 4.51311 ms - Host latency: 4.51311 ms (enqueue 4.5051 ms)
[03/03/2026-10:54:33] [I] Average on 10 runs - GPU latency: 4.50466 ms - Host latency: 4.50466 ms (enqueue 4.49642 ms)
[03/03/2026-10:54:33] [I] Average on 10 runs - GPU latency: 4.5137 ms - Host latency: 4.5137 ms (enqueue 4.50609 ms)
[03/03/2026-10:54:33] [I] Average on 10 runs - GPU latency: 4.50272 ms - Host latency: 4.50272 ms (enqueue 4.4941 ms)
[03/03/2026-10:54:33] [I] Average on 10 runs - GPU latency: 4.51559 ms - Host latency: 4.51559 ms (enqueue 4.53397 ms)
[03/03/2026-10:54:33] [I] Average on 10 runs - GPU latency: 4.51367 ms - Host latency: 4.51367 ms (enqueue 4.50491 ms)
[03/03/2026-10:54:33] [I] Average on 10 runs - GPU latency: 4.50559 ms - Host latency: 4.50559 ms (enqueue 4.49742 ms)
[03/03/2026-10:54:33] [I] Average on 10 runs - GPU latency: 4.51699 ms - Host latency: 4.51699 ms (enqueue 4.53611 ms)
[03/03/2026-10:54:33] [I] Average on 10 runs - GPU latency: 4.51066 ms - Host latency: 4.51066 ms (enqueue 4.50201 ms)
[03/03/2026-10:54:33] [I] Average on 10 runs - GPU latency: 4.5093 ms - Host latency: 4.5093 ms (enqueue 4.50078 ms)
[03/03/2026-10:54:33] [I] Average on 10 runs - GPU latency: 4.50924 ms - Host latency: 4.50924 ms (enqueue 4.50188 ms)
[03/03/2026-10:54:33] [I] Average on 10 runs - GPU latency: 4.54774 ms - Host latency: 4.54774 ms (enqueue 4.53844 ms)
[03/03/2026-10:54:33] [I] Average on 10 runs - GPU latency: 4.50857 ms - Host latency: 4.50857 ms (enqueue 4.50066 ms)
[03/03/2026-10:54:33] [I] Average on 10 runs - GPU latency: 4.50845 ms - Host latency: 4.50845 ms (enqueue 4.50011 ms)
[03/03/2026-10:54:33] [I] Average on 10 runs - GPU latency: 4.58036 ms - Host latency: 4.58036 ms (enqueue 4.56846 ms)
[03/03/2026-10:54:33] [I] Average on 10 runs - GPU latency: 4.51755 ms - Host latency: 4.51755 ms (enqueue 4.50916 ms)
[03/03/2026-10:54:33] [I] Average on 10 runs - GPU latency: 4.50765 ms - Host latency: 4.50765 ms (enqueue 4.49989 ms)
[03/03/2026-10:54:33] [I] Average on 10 runs - GPU latency: 4.51381 ms - Host latency: 4.51381 ms (enqueue 4.53363 ms)
[03/03/2026-10:54:33] [I] Average on 10 runs - GPU latency: 4.51243 ms - Host latency: 4.51243 ms (enqueue 4.50447 ms)
[03/03/2026-10:54:33] [I] Average on 10 runs - GPU latency: 4.51112 ms - Host latency: 4.51112 ms (enqueue 4.5025 ms)
[03/03/2026-10:54:33] [I] Average on 10 runs - GPU latency: 4.51173 ms - Host latency: 4.51173 ms (enqueue 4.50343 ms)
[03/03/2026-10:54:33] [I] Average on 10 runs - GPU latency: 4.50941 ms - Host latency: 4.50941 ms (enqueue 4.5009 ms)
[03/03/2026-10:54:33] [I] Average on 10 runs - GPU latency: 4.51261 ms - Host latency: 4.51261 ms (enqueue 4.50453 ms)
[03/03/2026-10:54:33] [I] Average on 10 runs - GPU latency: 4.51255 ms - Host latency: 4.51255 ms (enqueue 4.50417 ms)
[03/03/2026-10:54:33] [I] Average on 10 runs - GPU latency: 4.51208 ms - Host latency: 4.51208 ms (enqueue 4.50378 ms)
[03/03/2026-10:54:33] [I] Average on 10 runs - GPU latency: 4.51111 ms - Host latency: 4.51111 ms (enqueue 4.50331 ms)
[03/03/2026-10:54:33] [I] Average on 10 runs - GPU latency: 4.51334 ms - Host latency: 4.51334 ms (enqueue 4.50496 ms)
[03/03/2026-10:54:33] [I] Average on 10 runs - GPU latency: 4.5144 ms - Host latency: 4.5144 ms (enqueue 4.50604 ms)
[03/03/2026-10:54:33] [I] Average on 10 runs - GPU latency: 4.5142 ms - Host latency: 4.5142 ms (enqueue 4.50635 ms)
[03/03/2026-10:54:33] [I] Average on 10 runs - GPU latency: 4.51309 ms - Host latency: 4.51309 ms (enqueue 4.50444 ms)
[03/03/2026-10:54:33] [I] Average on 10 runs - GPU latency: 4.50854 ms - Host latency: 4.50854 ms (enqueue 4.50015 ms)
[03/03/2026-10:54:33] [I] Average on 10 runs - GPU latency: 4.5085 ms - Host latency: 4.5085 ms (enqueue 4.5001 ms)
[03/03/2026-10:54:33] [I] Average on 10 runs - GPU latency: 4.54368 ms - Host latency: 4.54368 ms (enqueue 4.53362 ms)
[03/03/2026-10:54:33] [I] Average on 10 runs - GPU latency: 4.51348 ms - Host latency: 4.51348 ms (enqueue 4.50527 ms)
[03/03/2026-10:54:33] [I] Average on 10 runs - GPU latency: 4.5167 ms - Host latency: 4.5167 ms (enqueue 4.50894 ms)
[03/03/2026-10:54:33] [I] Average on 10 runs - GPU latency: 4.5054 ms - Host latency: 4.5054 ms (enqueue 4.49722 ms)
[03/03/2026-10:54:33] [I] Average on 10 runs - GPU latency: 4.51169 ms - Host latency: 4.51169 ms (enqueue 4.50334 ms)
[03/03/2026-10:54:33] [I] Average on 10 runs - GPU latency: 4.50776 ms - Host latency: 4.50776 ms (enqueue 4.50002 ms)
[03/03/2026-10:54:33] [I] Average on 10 runs - GPU latency: 4.54019 ms - Host latency: 4.54019 ms (enqueue 4.56096 ms)
[03/03/2026-10:54:33] [I] Average on 10 runs - GPU latency: 4.50649 ms - Host latency: 4.50649 ms (enqueue 4.49856 ms)
[03/03/2026-10:54:33] [I] Average on 10 runs - GPU latency: 4.51301 ms - Host latency: 4.51301 ms (enqueue 4.50513 ms)
[03/03/2026-10:54:33] [I] Average on 10 runs - GPU latency: 4.51567 ms - Host latency: 4.51567 ms (enqueue 4.50747 ms)
[03/03/2026-10:54:33] [I] Average on 10 runs - GPU latency: 4.51162 ms - Host latency: 4.51162 ms (enqueue 4.5032 ms)
[03/03/2026-10:54:33] [I] Average on 10 runs - GPU latency: 4.50784 ms - Host latency: 4.50784 ms (enqueue 4.5 ms)
[03/03/2026-10:54:33] [I] Average on 10 runs - GPU latency: 4.51775 ms - Host latency: 4.51775 ms (enqueue 4.50945 ms)
[03/03/2026-10:54:33] [I] Average on 10 runs - GPU latency: 4.51267 ms - Host latency: 4.51267 ms (enqueue 4.50437 ms)
[03/03/2026-10:54:33] [I] Average on 10 runs - GPU latency: 4.51135 ms - Host latency: 4.51135 ms (enqueue 4.50369 ms)
[03/03/2026-10:54:33] [I] Average on 10 runs - GPU latency: 4.51956 ms - Host latency: 4.51956 ms (enqueue 4.54026 ms)
[03/03/2026-10:54:33] [I] Average on 10 runs - GPU latency: 4.51084 ms - Host latency: 4.51084 ms (enqueue 4.50364 ms)
[03/03/2026-10:54:33] [I] Average on 10 runs - GPU latency: 4.51309 ms - Host latency: 4.51309 ms (enqueue 4.50461 ms)
[03/03/2026-10:54:33] [I] Average on 10 runs - GPU latency: 4.51426 ms - Host latency: 4.51426 ms (enqueue 4.50608 ms)
[03/03/2026-10:54:33] [I] Average on 10 runs - GPU latency: 4.51211 ms - Host latency: 4.51211 ms (enqueue 4.50408 ms)
[03/03/2026-10:54:33] [I] Average on 10 runs - GPU latency: 4.51079 ms - Host latency: 4.51079 ms (enqueue 4.50273 ms)
[03/03/2026-10:54:33] [I] Average on 10 runs - GPU latency: 4.51089 ms - Host latency: 4.51089 ms (enqueue 4.50325 ms)
[03/03/2026-10:54:33] [I] Average on 10 runs - GPU latency: 4.51606 ms - Host latency: 4.51606 ms (enqueue 4.50791 ms)
[03/03/2026-10:54:33] [I] 
[03/03/2026-10:54:33] [I] === Performance summary ===
[03/03/2026-10:54:33] [I] Throughput: 220.603 qps
[03/03/2026-10:54:33] [I] Latency: min = 4.479 ms, max = 5.15442 ms, mean = 4.51485 ms, median = 4.51123 ms, percentile(90%) = 4.53174 ms, percentile(95%) = 4.53857 ms, percentile(99%) = 4.55713 ms
[03/03/2026-10:54:33] [I] Enqueue Time: min = 4.47046 ms, max = 5.01831 ms, mean = 4.51001 ms, median = 4.50342 ms, percentile(90%) = 4.52466 ms, percentile(95%) = 4.53503 ms, percentile(99%) = 4.77588 ms
[03/03/2026-10:54:33] [I] H2D Latency: min = 0 ms, max = 0 ms, mean = 0 ms, median = 0 ms, percentile(90%) = 0 ms, percentile(95%) = 0 ms, percentile(99%) = 0 ms
[03/03/2026-10:54:33] [I] GPU Compute Time: min = 4.479 ms, max = 5.15442 ms, mean = 4.51485 ms, median = 4.51123 ms, percentile(90%) = 4.53174 ms, percentile(95%) = 4.53857 ms, percentile(99%) = 4.55713 ms
[03/03/2026-10:54:33] [I] D2H Latency: min = 0 ms, max = 0 ms, mean = 0 ms, median = 0 ms, percentile(90%) = 0 ms, percentile(95%) = 0 ms, percentile(99%) = 0 ms
[03/03/2026-10:54:33] [I] Total Host Walltime: 3.00994 s
[03/03/2026-10:54:33] [I] Total GPU Compute Time: 2.99786 s
[03/03/2026-10:54:33] [W] * Throughput may be bound by Enqueue Time rather than GPU Compute and the GPU may be under-utilized.
[03/03/2026-10:54:33] [W]   If not already in use, --useCudaGraph (utilize CUDA graphs where possible) may increase the throughput.
[03/03/2026-10:54:33] [I] Explanations of the performance metrics are printed in the verbose logs.
[03/03/2026-10:54:33] [I] 
&&&& PASSED TensorRT.trtexec [TensorRT v8502] # /usr/src/tensorrt/bin/trtexec --onnx=/home/user/Edge-ML/models/v5/CNN-LSTM/bs1/CNN-LSTM.onnx --saveEngine=/home/user/Edge-ML/models/v5/CNN-LSTM/bs1/CNN-LSTM_fp16.engine --fp16 --exportLayerInfo=/home/user/Edge-ML/models/v5/CNN-LSTM/bs1/logs/quantisation_fp16_layers.json --memPoolSize=workspace:4096MiB --tacticSources=+CUBLAS,+CUBLAS_LT,+CUDNN --noDataTransfers
