/usr/src/tensorrt/bin/trtexec --onnx=/home/user/Edge-ML/models/v5/CNN-LSTM/bs1/CNN-LSTM.onnx --saveEngine=/home/user/Edge-ML/models/v5/CNN-LSTM/bs1/CNN-LSTM_fp32.engine --exportLayerInfo=/home/user/Edge-ML/models/v5/CNN-LSTM/bs1/logs/quantisation_fp32_layers.json --memPoolSize=workspace:4096MiB --tacticSources=+CUBLAS,+CUBLAS_LT,+CUDNN --noDataTransfers

&&&& RUNNING TensorRT.trtexec [TensorRT v8502] # /usr/src/tensorrt/bin/trtexec --onnx=/home/user/Edge-ML/models/v5/CNN-LSTM/bs1/CNN-LSTM.onnx --saveEngine=/home/user/Edge-ML/models/v5/CNN-LSTM/bs1/CNN-LSTM_fp32.engine --exportLayerInfo=/home/user/Edge-ML/models/v5/CNN-LSTM/bs1/logs/quantisation_fp32_layers.json --memPoolSize=workspace:4096MiB --tacticSources=+CUBLAS,+CUBLAS_LT,+CUDNN --noDataTransfers
[03/03/2026-10:53:40] [I] === Model Options ===
[03/03/2026-10:53:40] [I] Format: ONNX
[03/03/2026-10:53:40] [I] Model: /home/user/Edge-ML/models/v5/CNN-LSTM/bs1/CNN-LSTM.onnx
[03/03/2026-10:53:40] [I] Output:
[03/03/2026-10:53:40] [I] === Build Options ===
[03/03/2026-10:53:40] [I] Max batch: explicit batch
[03/03/2026-10:53:40] [I] Memory Pools: workspace: 4096 MiB, dlaSRAM: default, dlaLocalDRAM: default, dlaGlobalDRAM: default
[03/03/2026-10:53:40] [I] minTiming: 1
[03/03/2026-10:53:40] [I] avgTiming: 8
[03/03/2026-10:53:40] [I] Precision: FP32
[03/03/2026-10:53:40] [I] LayerPrecisions: 
[03/03/2026-10:53:40] [I] Calibration: 
[03/03/2026-10:53:40] [I] Refit: Disabled
[03/03/2026-10:53:40] [I] Sparsity: Disabled
[03/03/2026-10:53:40] [I] Safe mode: Disabled
[03/03/2026-10:53:40] [I] DirectIO mode: Disabled
[03/03/2026-10:53:40] [I] Restricted mode: Disabled
[03/03/2026-10:53:40] [I] Build only: Disabled
[03/03/2026-10:53:40] [I] Save engine: /home/user/Edge-ML/models/v5/CNN-LSTM/bs1/CNN-LSTM_fp32.engine
[03/03/2026-10:53:40] [I] Load engine: 
[03/03/2026-10:53:40] [I] Profiling verbosity: 0
[03/03/2026-10:53:40] [I] Tactic sources: cublas [ON], cublasLt [ON], cudnn [ON], 
[03/03/2026-10:53:40] [I] timingCacheMode: local
[03/03/2026-10:53:40] [I] timingCacheFile: 
[03/03/2026-10:53:40] [I] Heuristic: Disabled
[03/03/2026-10:53:40] [I] Preview Features: Use default preview flags.
[03/03/2026-10:53:40] [I] Input(s)s format: fp32:CHW
[03/03/2026-10:53:40] [I] Output(s)s format: fp32:CHW
[03/03/2026-10:53:40] [I] Input build shapes: model
[03/03/2026-10:53:40] [I] Input calibration shapes: model
[03/03/2026-10:53:40] [I] === System Options ===
[03/03/2026-10:53:40] [I] Device: 0
[03/03/2026-10:53:40] [I] DLACore: 
[03/03/2026-10:53:40] [I] Plugins:
[03/03/2026-10:53:40] [I] === Inference Options ===
[03/03/2026-10:53:40] [I] Batch: Explicit
[03/03/2026-10:53:40] [I] Input inference shapes: model
[03/03/2026-10:53:40] [I] Iterations: 10
[03/03/2026-10:53:40] [I] Duration: 3s (+ 200ms warm up)
[03/03/2026-10:53:40] [I] Sleep time: 0ms
[03/03/2026-10:53:40] [I] Idle time: 0ms
[03/03/2026-10:53:40] [I] Streams: 1
[03/03/2026-10:53:40] [I] ExposeDMA: Disabled
[03/03/2026-10:53:40] [I] Data transfers: Disabled
[03/03/2026-10:53:40] [I] Spin-wait: Disabled
[03/03/2026-10:53:40] [I] Multithreading: Disabled
[03/03/2026-10:53:40] [I] CUDA Graph: Disabled
[03/03/2026-10:53:40] [I] Separate profiling: Disabled
[03/03/2026-10:53:40] [I] Time Deserialize: Disabled
[03/03/2026-10:53:40] [I] Time Refit: Disabled
[03/03/2026-10:53:40] [I] NVTX verbosity: 0
[03/03/2026-10:53:40] [I] Persistent Cache Ratio: 0
[03/03/2026-10:53:40] [I] Inputs:
[03/03/2026-10:53:40] [I] === Reporting Options ===
[03/03/2026-10:53:40] [I] Verbose: Disabled
[03/03/2026-10:53:40] [I] Averages: 10 inferences
[03/03/2026-10:53:40] [I] Percentiles: 90,95,99
[03/03/2026-10:53:40] [I] Dump refittable layers:Disabled
[03/03/2026-10:53:40] [I] Dump output: Disabled
[03/03/2026-10:53:40] [I] Profile: Disabled
[03/03/2026-10:53:40] [I] Export timing to JSON file: 
[03/03/2026-10:53:40] [I] Export output to JSON file: 
[03/03/2026-10:53:40] [I] Export profile to JSON file: 
[03/03/2026-10:53:40] [I] 
[03/03/2026-10:53:40] [I] === Device Information ===
[03/03/2026-10:53:40] [I] Selected Device: Orin
[03/03/2026-10:53:40] [I] Compute Capability: 8.7
[03/03/2026-10:53:40] [I] SMs: 4
[03/03/2026-10:53:40] [I] Compute Clock Rate: 0.624 GHz
[03/03/2026-10:53:40] [I] Device Global Memory: 3425 MiB
[03/03/2026-10:53:40] [I] Shared Memory per SM: 164 KiB
[03/03/2026-10:53:40] [I] Memory Bus Width: 128 bits (ECC disabled)
[03/03/2026-10:53:40] [I] Memory Clock Rate: 0.624 GHz
[03/03/2026-10:53:40] [I] 
[03/03/2026-10:53:40] [I] TensorRT version: 8.5.2
[03/03/2026-10:53:40] [I] [TRT] [MemUsageChange] Init CUDA: CPU +220, GPU +0, now: CPU 249, GPU 1544 (MiB)
[03/03/2026-10:53:42] [I] [TRT] [MemUsageChange] Init builder kernel library: CPU +302, GPU +243, now: CPU 574, GPU 1808 (MiB)
[03/03/2026-10:53:42] [I] Start parsing network model
[03/03/2026-10:53:42] [I] [TRT] ----------------------------------------------------------------
[03/03/2026-10:53:42] [I] [TRT] Input filename:   /home/user/Edge-ML/models/v5/CNN-LSTM/bs1/CNN-LSTM.onnx
[03/03/2026-10:53:42] [I] [TRT] ONNX IR version:  0.0.7
[03/03/2026-10:53:42] [I] [TRT] Opset version:    12
[03/03/2026-10:53:42] [I] [TRT] Producer name:    pytorch
[03/03/2026-10:53:42] [I] [TRT] Producer version: 2.5.1
[03/03/2026-10:53:42] [I] [TRT] Domain:           
[03/03/2026-10:53:42] [I] [TRT] Model version:    0
[03/03/2026-10:53:42] [I] [TRT] Doc string:       
[03/03/2026-10:53:42] [I] [TRT] ----------------------------------------------------------------
[03/03/2026-10:53:42] [W] [TRT] onnx2trt_utils.cpp:375: Your ONNX model has been generated with INT64 weights, while TensorRT does not natively support INT64. Attempting to cast down to INT32.
[03/03/2026-10:53:42] [I] Finish parsing network model
[03/03/2026-10:53:43] [I] [TRT] ---------- Layers Running on DLA ----------
[03/03/2026-10:53:43] [I] [TRT] ---------- Layers Running on GPU ----------
[03/03/2026-10:53:43] [I] [TRT] [GpuLayer] SHUFFLE: /Unsqueeze + (Unnamed Layer* 1) [Shuffle]
[03/03/2026-10:53:43] [I] [TRT] [GpuLayer] SHUFFLE: shuffle_between_(Unnamed Layer* 1) [Shuffle]_output_and_/cnn/cnn.0/Conv + /cnn/cnn.2/Relu
[03/03/2026-10:53:43] [I] [TRT] [GpuLayer] CONVOLUTION: /cnn/cnn.0/Conv + /cnn/cnn.2/Relu
[03/03/2026-10:53:43] [I] [TRT] [GpuLayer] SHUFFLE: shuffle_after_/cnn/cnn.2/Relu_out_tensor
[03/03/2026-10:53:43] [I] [TRT] [GpuLayer] SHUFFLE: shuffle_between_/cnn/cnn.2/Relu_out_tensor_and_/cnn/cnn.4/Conv + /cnn/cnn.6/Relu
[03/03/2026-10:53:43] [I] [TRT] [GpuLayer] CONVOLUTION: /cnn/cnn.4/Conv + /cnn/cnn.6/Relu
[03/03/2026-10:53:43] [I] [TRT] [GpuLayer] SHUFFLE: shuffle_after_/cnn/cnn.6/Relu_out_tensor
[03/03/2026-10:53:43] [I] [TRT] [GpuLayer] SHUFFLE: shuffle_between_/cnn/cnn.6/Relu_out_tensor_and_/cnn/cnn.8/Conv
[03/03/2026-10:53:43] [I] [TRT] [GpuLayer] CONVOLUTION: /cnn/cnn.8/Conv
[03/03/2026-10:53:43] [I] [TRT] [GpuLayer] SHUFFLE: shuffle_after_(Unnamed Layer* 10) [Convolution]_output
[03/03/2026-10:53:43] [I] [TRT] [GpuLayer] MYELIN: {ForeignNode[onnx::LSTM_252.../Squeeze]}
[03/03/2026-10:53:44] [I] [TRT] [MemUsageChange] Init cuBLAS/cuBLASLt: CPU +534, GPU +844, now: CPU 1109, GPU 2652 (MiB)
[03/03/2026-10:53:45] [I] [TRT] [MemUsageChange] Init cuDNN: CPU +82, GPU +125, now: CPU 1191, GPU 2777 (MiB)
[03/03/2026-10:53:45] [I] [TRT] Local timing cache in use. Profiling results in this builder pass will not be stored.
[03/03/2026-10:53:54] [I] [TRT] Total Activation Memory: 4295056896
[03/03/2026-10:53:54] [I] [TRT] Detected 1 inputs and 1 output network tensors.
[03/03/2026-10:53:54] [I] [TRT] Total Host Persistent Memory: 9568
[03/03/2026-10:53:54] [I] [TRT] Total Device Persistent Memory: 0
[03/03/2026-10:53:54] [I] [TRT] Total Scratch Memory: 349184
[03/03/2026-10:53:54] [I] [TRT] [MemUsageStats] Peak memory usage of TRT CPU/GPU memory allocators: CPU 0 MiB, GPU 268 MiB
[03/03/2026-10:53:54] [I] [TRT] [BlockAssignment] Started assigning block shifts. This will take 15 steps to complete.
[03/03/2026-10:53:54] [I] [TRT] [BlockAssignment] Algorithm ShiftNTopDown took 0.281991ms to assign 4 blocks to 15 nodes requiring 380928 bytes.
[03/03/2026-10:53:54] [I] [TRT] Total Activation Memory: 380928
[03/03/2026-10:53:54] [I] [TRT] [MemUsageChange] TensorRT-managed allocation in building engine: CPU +0, GPU +4, now: CPU 0, GPU 4 (MiB)
[03/03/2026-10:53:54] [I] Engine built in 14.9371 sec.
[03/03/2026-10:53:55] [I] [TRT] Loaded engine size: 0 MiB
[03/03/2026-10:53:55] [I] [TRT] [MemUsageChange] TensorRT-managed allocation in engine deserialization: CPU +0, GPU +0, now: CPU 0, GPU 0 (MiB)
[03/03/2026-10:53:55] [I] Engine deserialized in 0.00943475 sec.
[03/03/2026-10:53:55] [I] [TRT] [MemUsageChange] TensorRT-managed allocation in IExecutionContext creation: CPU +0, GPU +0, now: CPU 0, GPU 0 (MiB)
[03/03/2026-10:53:55] [I] Setting persistentCacheLimit to 0 bytes.
[03/03/2026-10:53:55] [I] Using random values for input input
[03/03/2026-10:53:55] [I] Created input binding for input with dimensions 1x120
[03/03/2026-10:53:55] [I] Using random values for output capacity
[03/03/2026-10:53:55] [I] Created output binding for capacity with dimensions 
[03/03/2026-10:53:55] [I] [TRT] The profiling verbosity was set to ProfilingVerbosity::kLAYER_NAMES_ONLY when the engine was built, so only the layer names will be returned. Rebuild the engine with ProfilingVerbosity::kDETAILED to get more verbose layer information.
[03/03/2026-10:53:55] [I] Starting inference
[03/03/2026-10:53:58] [I] Warmup completed 44 queries over 200 ms
[03/03/2026-10:53:58] [I] Timing trace has 667 queries over 3.0108 s
[03/03/2026-10:53:58] [I] 
[03/03/2026-10:53:58] [I] === Trace details ===
[03/03/2026-10:53:58] [I] Trace averages of 10 runs:
[03/03/2026-10:53:58] [I] Average on 10 runs - GPU latency: 4.50328 ms - Host latency: 4.50328 ms (enqueue 4.49573 ms)
[03/03/2026-10:53:58] [I] Average on 10 runs - GPU latency: 4.49693 ms - Host latency: 4.49693 ms (enqueue 4.48921 ms)
[03/03/2026-10:53:58] [I] Average on 10 runs - GPU latency: 4.49929 ms - Host latency: 4.49929 ms (enqueue 4.49185 ms)
[03/03/2026-10:53:58] [I] Average on 10 runs - GPU latency: 4.50139 ms - Host latency: 4.50139 ms (enqueue 4.49385 ms)
[03/03/2026-10:53:58] [I] Average on 10 runs - GPU latency: 4.49371 ms - Host latency: 4.49371 ms (enqueue 4.48607 ms)
[03/03/2026-10:53:58] [I] Average on 10 runs - GPU latency: 4.50236 ms - Host latency: 4.50236 ms (enqueue 4.49506 ms)
[03/03/2026-10:53:58] [I] Average on 10 runs - GPU latency: 4.49912 ms - Host latency: 4.49912 ms (enqueue 4.49175 ms)
[03/03/2026-10:53:58] [I] Average on 10 runs - GPU latency: 4.49619 ms - Host latency: 4.49619 ms (enqueue 4.48882 ms)
[03/03/2026-10:53:58] [I] Average on 10 runs - GPU latency: 4.49661 ms - Host latency: 4.49661 ms (enqueue 4.48878 ms)
[03/03/2026-10:53:58] [I] Average on 10 runs - GPU latency: 4.49193 ms - Host latency: 4.49193 ms (enqueue 4.48475 ms)
[03/03/2026-10:53:58] [I] Average on 10 runs - GPU latency: 4.49144 ms - Host latency: 4.49144 ms (enqueue 4.48317 ms)
[03/03/2026-10:53:58] [I] Average on 10 runs - GPU latency: 4.50565 ms - Host latency: 4.50565 ms (enqueue 4.49727 ms)
[03/03/2026-10:53:58] [I] Average on 10 runs - GPU latency: 4.49865 ms - Host latency: 4.49865 ms (enqueue 4.4912 ms)
[03/03/2026-10:53:58] [I] Average on 10 runs - GPU latency: 4.49757 ms - Host latency: 4.49757 ms (enqueue 4.49055 ms)
[03/03/2026-10:53:58] [I] Average on 10 runs - GPU latency: 4.498 ms - Host latency: 4.498 ms (enqueue 4.48984 ms)
[03/03/2026-10:53:58] [I] Average on 10 runs - GPU latency: 4.4902 ms - Host latency: 4.4902 ms (enqueue 4.48309 ms)
[03/03/2026-10:53:58] [I] Average on 10 runs - GPU latency: 4.49777 ms - Host latency: 4.49777 ms (enqueue 4.49053 ms)
[03/03/2026-10:53:58] [I] Average on 10 runs - GPU latency: 4.49749 ms - Host latency: 4.49749 ms (enqueue 4.49038 ms)
[03/03/2026-10:53:58] [I] Average on 10 runs - GPU latency: 4.49556 ms - Host latency: 4.49556 ms (enqueue 4.48818 ms)
[03/03/2026-10:53:58] [I] Average on 10 runs - GPU latency: 4.49698 ms - Host latency: 4.49698 ms (enqueue 4.48999 ms)
[03/03/2026-10:53:58] [I] Average on 10 runs - GPU latency: 4.50442 ms - Host latency: 4.50442 ms (enqueue 4.49698 ms)
[03/03/2026-10:53:58] [I] Average on 10 runs - GPU latency: 4.49778 ms - Host latency: 4.49778 ms (enqueue 4.49023 ms)
[03/03/2026-10:53:58] [I] Average on 10 runs - GPU latency: 4.50133 ms - Host latency: 4.50133 ms (enqueue 4.4941 ms)
[03/03/2026-10:53:58] [I] Average on 10 runs - GPU latency: 4.50291 ms - Host latency: 4.50291 ms (enqueue 4.49509 ms)
[03/03/2026-10:53:58] [I] Average on 10 runs - GPU latency: 4.50469 ms - Host latency: 4.50469 ms (enqueue 4.49738 ms)
[03/03/2026-10:53:58] [I] Average on 10 runs - GPU latency: 4.49438 ms - Host latency: 4.49438 ms (enqueue 4.48717 ms)
[03/03/2026-10:53:58] [I] Average on 10 runs - GPU latency: 4.50016 ms - Host latency: 4.50016 ms (enqueue 4.49302 ms)
[03/03/2026-10:53:58] [I] Average on 10 runs - GPU latency: 4.50026 ms - Host latency: 4.50026 ms (enqueue 4.49336 ms)
[03/03/2026-10:53:58] [I] Average on 10 runs - GPU latency: 4.49556 ms - Host latency: 4.49556 ms (enqueue 4.48799 ms)
[03/03/2026-10:53:58] [I] Average on 10 runs - GPU latency: 4.50171 ms - Host latency: 4.50171 ms (enqueue 4.49402 ms)
[03/03/2026-10:53:58] [I] Average on 10 runs - GPU latency: 4.49366 ms - Host latency: 4.49366 ms (enqueue 4.48599 ms)
[03/03/2026-10:53:58] [I] Average on 10 runs - GPU latency: 4.49642 ms - Host latency: 4.49642 ms (enqueue 4.48827 ms)
[03/03/2026-10:53:58] [I] Average on 10 runs - GPU latency: 4.5007 ms - Host latency: 4.5007 ms (enqueue 4.49297 ms)
[03/03/2026-10:53:58] [I] Average on 10 runs - GPU latency: 4.50056 ms - Host latency: 4.50056 ms (enqueue 4.49202 ms)
[03/03/2026-10:53:58] [I] Average on 10 runs - GPU latency: 4.50295 ms - Host latency: 4.50295 ms (enqueue 4.49523 ms)
[03/03/2026-10:53:58] [I] Average on 10 runs - GPU latency: 4.49957 ms - Host latency: 4.49957 ms (enqueue 4.49199 ms)
[03/03/2026-10:53:58] [I] Average on 10 runs - GPU latency: 4.50121 ms - Host latency: 4.50121 ms (enqueue 4.49312 ms)
[03/03/2026-10:53:58] [I] Average on 10 runs - GPU latency: 4.50321 ms - Host latency: 4.50321 ms (enqueue 4.49553 ms)
[03/03/2026-10:53:58] [I] Average on 10 runs - GPU latency: 4.49314 ms - Host latency: 4.49314 ms (enqueue 4.48591 ms)
[03/03/2026-10:53:58] [I] Average on 10 runs - GPU latency: 4.49813 ms - Host latency: 4.49813 ms (enqueue 4.49071 ms)
[03/03/2026-10:53:58] [I] Average on 10 runs - GPU latency: 4.50016 ms - Host latency: 4.50016 ms (enqueue 4.52075 ms)
[03/03/2026-10:53:58] [I] Average on 10 runs - GPU latency: 4.50085 ms - Host latency: 4.50085 ms (enqueue 4.49314 ms)
[03/03/2026-10:53:58] [I] Average on 10 runs - GPU latency: 4.5011 ms - Host latency: 4.5011 ms (enqueue 4.49365 ms)
[03/03/2026-10:53:58] [I] Average on 10 runs - GPU latency: 4.49951 ms - Host latency: 4.49951 ms (enqueue 4.49224 ms)
[03/03/2026-10:53:58] [I] Average on 10 runs - GPU latency: 4.50103 ms - Host latency: 4.50103 ms (enqueue 4.49309 ms)
[03/03/2026-10:53:58] [I] Average on 10 runs - GPU latency: 4.49355 ms - Host latency: 4.49355 ms (enqueue 4.48655 ms)
[03/03/2026-10:53:58] [I] Average on 10 runs - GPU latency: 4.49309 ms - Host latency: 4.49309 ms (enqueue 4.48613 ms)
[03/03/2026-10:53:58] [I] Average on 10 runs - GPU latency: 4.529 ms - Host latency: 4.529 ms (enqueue 4.52085 ms)
[03/03/2026-10:53:58] [I] Average on 10 runs - GPU latency: 4.49819 ms - Host latency: 4.49819 ms (enqueue 4.49143 ms)
[03/03/2026-10:53:58] [I] Average on 10 runs - GPU latency: 4.49778 ms - Host latency: 4.49778 ms (enqueue 4.49065 ms)
[03/03/2026-10:53:58] [I] Average on 10 runs - GPU latency: 4.49609 ms - Host latency: 4.49609 ms (enqueue 4.48901 ms)
[03/03/2026-10:53:58] [I] Average on 10 runs - GPU latency: 4.50078 ms - Host latency: 4.50078 ms (enqueue 4.49321 ms)
[03/03/2026-10:53:58] [I] Average on 10 runs - GPU latency: 4.49678 ms - Host latency: 4.49678 ms (enqueue 4.48972 ms)
[03/03/2026-10:53:58] [I] Average on 10 runs - GPU latency: 4.49404 ms - Host latency: 4.49404 ms (enqueue 4.48704 ms)
[03/03/2026-10:53:58] [I] Average on 10 runs - GPU latency: 4.50415 ms - Host latency: 4.50415 ms (enqueue 4.49644 ms)
[03/03/2026-10:53:58] [I] Average on 10 runs - GPU latency: 4.50078 ms - Host latency: 4.50078 ms (enqueue 4.49312 ms)
[03/03/2026-10:53:58] [I] Average on 10 runs - GPU latency: 4.50234 ms - Host latency: 4.50234 ms (enqueue 4.495 ms)
[03/03/2026-10:53:58] [I] Average on 10 runs - GPU latency: 4.49128 ms - Host latency: 4.49128 ms (enqueue 4.48394 ms)
[03/03/2026-10:53:58] [I] Average on 10 runs - GPU latency: 4.50464 ms - Host latency: 4.50464 ms (enqueue 4.49695 ms)
[03/03/2026-10:53:58] [I] Average on 10 runs - GPU latency: 4.50144 ms - Host latency: 4.50144 ms (enqueue 4.49421 ms)
[03/03/2026-10:53:58] [I] Average on 10 runs - GPU latency: 4.49605 ms - Host latency: 4.49605 ms (enqueue 4.48916 ms)
[03/03/2026-10:53:58] [I] Average on 10 runs - GPU latency: 4.50508 ms - Host latency: 4.50508 ms (enqueue 4.49775 ms)
[03/03/2026-10:53:58] [I] Average on 10 runs - GPU latency: 4.49399 ms - Host latency: 4.49399 ms (enqueue 4.48645 ms)
[03/03/2026-10:53:58] [I] Average on 10 runs - GPU latency: 4.49333 ms - Host latency: 4.49333 ms (enqueue 4.48623 ms)
[03/03/2026-10:53:58] [I] Average on 10 runs - GPU latency: 4.50242 ms - Host latency: 4.50242 ms (enqueue 4.49402 ms)
[03/03/2026-10:53:58] [I] Average on 10 runs - GPU latency: 4.49729 ms - Host latency: 4.49729 ms (enqueue 4.48965 ms)
[03/03/2026-10:53:58] [I] 
[03/03/2026-10:53:58] [I] === Performance summary ===
[03/03/2026-10:53:58] [I] Throughput: 221.536 qps
[03/03/2026-10:53:58] [I] Latency: min = 4.46655 ms, max = 4.82349 ms, mean = 4.49895 ms, median = 4.4986 ms, percentile(90%) = 4.51343 ms, percentile(95%) = 4.51776 ms, percentile(99%) = 4.52515 ms
[03/03/2026-10:53:58] [I] Enqueue Time: min = 4.45972 ms, max = 4.76562 ms, mean = 4.49189 ms, median = 4.49118 ms, percentile(90%) = 4.50586 ms, percentile(95%) = 4.50995 ms, percentile(99%) = 4.52084 ms
[03/03/2026-10:53:58] [I] H2D Latency: min = 0 ms, max = 0 ms, mean = 0 ms, median = 0 ms, percentile(90%) = 0 ms, percentile(95%) = 0 ms, percentile(99%) = 0 ms
[03/03/2026-10:53:58] [I] GPU Compute Time: min = 4.46655 ms, max = 4.82349 ms, mean = 4.49895 ms, median = 4.4986 ms, percentile(90%) = 4.51343 ms, percentile(95%) = 4.51776 ms, percentile(99%) = 4.52515 ms
[03/03/2026-10:53:58] [I] D2H Latency: min = 0 ms, max = 0 ms, mean = 0 ms, median = 0 ms, percentile(90%) = 0 ms, percentile(95%) = 0 ms, percentile(99%) = 0 ms
[03/03/2026-10:53:58] [I] Total Host Walltime: 3.0108 s
[03/03/2026-10:53:58] [I] Total GPU Compute Time: 3.0008 s
[03/03/2026-10:53:58] [W] * Throughput may be bound by Enqueue Time rather than GPU Compute and the GPU may be under-utilized.
[03/03/2026-10:53:58] [W]   If not already in use, --useCudaGraph (utilize CUDA graphs where possible) may increase the throughput.
[03/03/2026-10:53:58] [I] Explanations of the performance metrics are printed in the verbose logs.
[03/03/2026-10:53:58] [I] 
&&&& PASSED TensorRT.trtexec [TensorRT v8502] # /usr/src/tensorrt/bin/trtexec --onnx=/home/user/Edge-ML/models/v5/CNN-LSTM/bs1/CNN-LSTM.onnx --saveEngine=/home/user/Edge-ML/models/v5/CNN-LSTM/bs1/CNN-LSTM_fp32.engine --exportLayerInfo=/home/user/Edge-ML/models/v5/CNN-LSTM/bs1/logs/quantisation_fp32_layers.json --memPoolSize=workspace:4096MiB --tacticSources=+CUBLAS,+CUBLAS_LT,+CUDNN --noDataTransfers
