/usr/src/tensorrt/bin/trtexec --onnx=/home/user/Edge-ML/models/v5/CNN-GRU/bs1/CNN-GRU.onnx --saveEngine=/home/user/Edge-ML/models/v5/CNN-GRU/bs1/CNN-GRU_fp32.engine --exportLayerInfo=/home/user/Edge-ML/models/v5/CNN-GRU/bs1/logs/quantisation_fp32_layers.json --memPoolSize=workspace:4096MiB --tacticSources=+CUBLAS,+CUBLAS_LT,+CUDNN --noDataTransfers

&&&& RUNNING TensorRT.trtexec [TensorRT v8502] # /usr/src/tensorrt/bin/trtexec --onnx=/home/user/Edge-ML/models/v5/CNN-GRU/bs1/CNN-GRU.onnx --saveEngine=/home/user/Edge-ML/models/v5/CNN-GRU/bs1/CNN-GRU_fp32.engine --exportLayerInfo=/home/user/Edge-ML/models/v5/CNN-GRU/bs1/logs/quantisation_fp32_layers.json --memPoolSize=workspace:4096MiB --tacticSources=+CUBLAS,+CUBLAS_LT,+CUDNN --noDataTransfers
[03/03/2026-10:48:30] [I] === Model Options ===
[03/03/2026-10:48:30] [I] Format: ONNX
[03/03/2026-10:48:30] [I] Model: /home/user/Edge-ML/models/v5/CNN-GRU/bs1/CNN-GRU.onnx
[03/03/2026-10:48:30] [I] Output:
[03/03/2026-10:48:30] [I] === Build Options ===
[03/03/2026-10:48:30] [I] Max batch: explicit batch
[03/03/2026-10:48:30] [I] Memory Pools: workspace: 4096 MiB, dlaSRAM: default, dlaLocalDRAM: default, dlaGlobalDRAM: default
[03/03/2026-10:48:30] [I] minTiming: 1
[03/03/2026-10:48:30] [I] avgTiming: 8
[03/03/2026-10:48:30] [I] Precision: FP32
[03/03/2026-10:48:30] [I] LayerPrecisions: 
[03/03/2026-10:48:30] [I] Calibration: 
[03/03/2026-10:48:30] [I] Refit: Disabled
[03/03/2026-10:48:30] [I] Sparsity: Disabled
[03/03/2026-10:48:30] [I] Safe mode: Disabled
[03/03/2026-10:48:30] [I] DirectIO mode: Disabled
[03/03/2026-10:48:30] [I] Restricted mode: Disabled
[03/03/2026-10:48:30] [I] Build only: Disabled
[03/03/2026-10:48:30] [I] Save engine: /home/user/Edge-ML/models/v5/CNN-GRU/bs1/CNN-GRU_fp32.engine
[03/03/2026-10:48:30] [I] Load engine: 
[03/03/2026-10:48:30] [I] Profiling verbosity: 0
[03/03/2026-10:48:30] [I] Tactic sources: cublas [ON], cublasLt [ON], cudnn [ON], 
[03/03/2026-10:48:30] [I] timingCacheMode: local
[03/03/2026-10:48:30] [I] timingCacheFile: 
[03/03/2026-10:48:30] [I] Heuristic: Disabled
[03/03/2026-10:48:30] [I] Preview Features: Use default preview flags.
[03/03/2026-10:48:30] [I] Input(s)s format: fp32:CHW
[03/03/2026-10:48:30] [I] Output(s)s format: fp32:CHW
[03/03/2026-10:48:30] [I] Input build shapes: model
[03/03/2026-10:48:30] [I] Input calibration shapes: model
[03/03/2026-10:48:30] [I] === System Options ===
[03/03/2026-10:48:30] [I] Device: 0
[03/03/2026-10:48:30] [I] DLACore: 
[03/03/2026-10:48:30] [I] Plugins:
[03/03/2026-10:48:30] [I] === Inference Options ===
[03/03/2026-10:48:30] [I] Batch: Explicit
[03/03/2026-10:48:30] [I] Input inference shapes: model
[03/03/2026-10:48:30] [I] Iterations: 10
[03/03/2026-10:48:30] [I] Duration: 3s (+ 200ms warm up)
[03/03/2026-10:48:30] [I] Sleep time: 0ms
[03/03/2026-10:48:30] [I] Idle time: 0ms
[03/03/2026-10:48:30] [I] Streams: 1
[03/03/2026-10:48:30] [I] ExposeDMA: Disabled
[03/03/2026-10:48:30] [I] Data transfers: Disabled
[03/03/2026-10:48:30] [I] Spin-wait: Disabled
[03/03/2026-10:48:30] [I] Multithreading: Disabled
[03/03/2026-10:48:30] [I] CUDA Graph: Disabled
[03/03/2026-10:48:30] [I] Separate profiling: Disabled
[03/03/2026-10:48:30] [I] Time Deserialize: Disabled
[03/03/2026-10:48:30] [I] Time Refit: Disabled
[03/03/2026-10:48:30] [I] NVTX verbosity: 0
[03/03/2026-10:48:30] [I] Persistent Cache Ratio: 0
[03/03/2026-10:48:30] [I] Inputs:
[03/03/2026-10:48:30] [I] === Reporting Options ===
[03/03/2026-10:48:30] [I] Verbose: Disabled
[03/03/2026-10:48:30] [I] Averages: 10 inferences
[03/03/2026-10:48:30] [I] Percentiles: 90,95,99
[03/03/2026-10:48:30] [I] Dump refittable layers:Disabled
[03/03/2026-10:48:30] [I] Dump output: Disabled
[03/03/2026-10:48:30] [I] Profile: Disabled
[03/03/2026-10:48:30] [I] Export timing to JSON file: 
[03/03/2026-10:48:30] [I] Export output to JSON file: 
[03/03/2026-10:48:30] [I] Export profile to JSON file: 
[03/03/2026-10:48:30] [I] 
[03/03/2026-10:48:30] [I] === Device Information ===
[03/03/2026-10:48:30] [I] Selected Device: Orin
[03/03/2026-10:48:30] [I] Compute Capability: 8.7
[03/03/2026-10:48:30] [I] SMs: 4
[03/03/2026-10:48:30] [I] Compute Clock Rate: 0.624 GHz
[03/03/2026-10:48:30] [I] Device Global Memory: 3425 MiB
[03/03/2026-10:48:30] [I] Shared Memory per SM: 164 KiB
[03/03/2026-10:48:30] [I] Memory Bus Width: 128 bits (ECC disabled)
[03/03/2026-10:48:30] [I] Memory Clock Rate: 0.624 GHz
[03/03/2026-10:48:30] [I] 
[03/03/2026-10:48:30] [I] TensorRT version: 8.5.2
[03/03/2026-10:48:31] [I] [TRT] [MemUsageChange] Init CUDA: CPU +220, GPU +0, now: CPU 249, GPU 1608 (MiB)
[03/03/2026-10:48:33] [I] [TRT] [MemUsageChange] Init builder kernel library: CPU +302, GPU +273, now: CPU 574, GPU 1902 (MiB)
[03/03/2026-10:48:33] [I] Start parsing network model
[03/03/2026-10:48:33] [I] [TRT] ----------------------------------------------------------------
[03/03/2026-10:48:33] [I] [TRT] Input filename:   /home/user/Edge-ML/models/v5/CNN-GRU/bs1/CNN-GRU.onnx
[03/03/2026-10:48:33] [I] [TRT] ONNX IR version:  0.0.7
[03/03/2026-10:48:33] [I] [TRT] Opset version:    12
[03/03/2026-10:48:33] [I] [TRT] Producer name:    pytorch
[03/03/2026-10:48:33] [I] [TRT] Producer version: 2.5.1
[03/03/2026-10:48:33] [I] [TRT] Domain:           
[03/03/2026-10:48:33] [I] [TRT] Model version:    0
[03/03/2026-10:48:33] [I] [TRT] Doc string:       
[03/03/2026-10:48:33] [I] [TRT] ----------------------------------------------------------------
[03/03/2026-10:48:33] [W] [TRT] onnx2trt_utils.cpp:375: Your ONNX model has been generated with INT64 weights, while TensorRT does not natively support INT64. Attempting to cast down to INT32.
[03/03/2026-10:48:33] [I] Finish parsing network model
[03/03/2026-10:48:33] [I] [TRT] ---------- Layers Running on DLA ----------
[03/03/2026-10:48:33] [I] [TRT] ---------- Layers Running on GPU ----------
[03/03/2026-10:48:33] [I] [TRT] [GpuLayer] SHUFFLE: /Unsqueeze + (Unnamed Layer* 1) [Shuffle]
[03/03/2026-10:48:33] [I] [TRT] [GpuLayer] SHUFFLE: shuffle_between_(Unnamed Layer* 1) [Shuffle]_output_and_/cnn/cnn.0/Conv + /cnn/cnn.2/Relu
[03/03/2026-10:48:33] [I] [TRT] [GpuLayer] CONVOLUTION: /cnn/cnn.0/Conv + /cnn/cnn.2/Relu
[03/03/2026-10:48:33] [I] [TRT] [GpuLayer] SHUFFLE: shuffle_after_/cnn/cnn.2/Relu_out_tensor
[03/03/2026-10:48:33] [I] [TRT] [GpuLayer] SHUFFLE: shuffle_between_/cnn/cnn.2/Relu_out_tensor_and_/cnn/cnn.4/Conv + /cnn/cnn.6/Relu
[03/03/2026-10:48:33] [I] [TRT] [GpuLayer] CONVOLUTION: /cnn/cnn.4/Conv + /cnn/cnn.6/Relu
[03/03/2026-10:48:33] [I] [TRT] [GpuLayer] SHUFFLE: shuffle_after_/cnn/cnn.6/Relu_out_tensor
[03/03/2026-10:48:33] [I] [TRT] [GpuLayer] SHUFFLE: shuffle_between_/cnn/cnn.6/Relu_out_tensor_and_/cnn/cnn.8/Conv
[03/03/2026-10:48:33] [I] [TRT] [GpuLayer] CONVOLUTION: /cnn/cnn.8/Conv
[03/03/2026-10:48:33] [I] [TRT] [GpuLayer] SHUFFLE: shuffle_after_(Unnamed Layer* 10) [Convolution]_output
[03/03/2026-10:48:33] [I] [TRT] [GpuLayer] MYELIN: {ForeignNode[(Unnamed Layer* 53) [Constant].../Squeeze]}
[03/03/2026-10:48:35] [I] [TRT] [MemUsageChange] Init cuBLAS/cuBLASLt: CPU +534, GPU +814, now: CPU 1109, GPU 2716 (MiB)
[03/03/2026-10:48:35] [I] [TRT] [MemUsageChange] Init cuDNN: CPU +82, GPU -6, now: CPU 1191, GPU 2710 (MiB)
[03/03/2026-10:48:35] [I] [TRT] Local timing cache in use. Profiling results in this builder pass will not be stored.
[03/03/2026-10:48:45] [I] [TRT] Total Activation Memory: 4295056896
[03/03/2026-10:48:45] [I] [TRT] Detected 1 inputs and 1 output network tensors.
[03/03/2026-10:48:45] [I] [TRT] Total Host Persistent Memory: 9568
[03/03/2026-10:48:45] [I] [TRT] Total Device Persistent Memory: 0
[03/03/2026-10:48:45] [I] [TRT] Total Scratch Memory: 495104
[03/03/2026-10:48:45] [I] [TRT] [MemUsageStats] Peak memory usage of TRT CPU/GPU memory allocators: CPU 0 MiB, GPU 268 MiB
[03/03/2026-10:48:45] [I] [TRT] [BlockAssignment] Started assigning block shifts. This will take 15 steps to complete.
[03/03/2026-10:48:45] [I] [TRT] [BlockAssignment] Algorithm ShiftNTopDown took 0.275975ms to assign 4 blocks to 15 nodes requiring 526848 bytes.
[03/03/2026-10:48:45] [I] [TRT] Total Activation Memory: 526848
[03/03/2026-10:48:45] [I] [TRT] [MemUsageChange] TensorRT-managed allocation in building engine: CPU +0, GPU +4, now: CPU 0, GPU 4 (MiB)
[03/03/2026-10:48:45] [I] Engine built in 15.5296 sec.
[03/03/2026-10:48:46] [I] [TRT] Loaded engine size: 0 MiB
[03/03/2026-10:48:46] [I] [TRT] [MemUsageChange] TensorRT-managed allocation in engine deserialization: CPU +0, GPU +0, now: CPU 0, GPU 0 (MiB)
[03/03/2026-10:48:46] [I] Engine deserialized in 0.00926756 sec.
[03/03/2026-10:48:46] [I] [TRT] [MemUsageChange] TensorRT-managed allocation in IExecutionContext creation: CPU +0, GPU +0, now: CPU 0, GPU 0 (MiB)
[03/03/2026-10:48:46] [I] Setting persistentCacheLimit to 0 bytes.
[03/03/2026-10:48:46] [I] Using random values for input input
[03/03/2026-10:48:46] [I] Created input binding for input with dimensions 1x120
[03/03/2026-10:48:46] [I] Using random values for output capacity
[03/03/2026-10:48:46] [I] Created output binding for capacity with dimensions 
[03/03/2026-10:48:46] [I] [TRT] The profiling verbosity was set to ProfilingVerbosity::kLAYER_NAMES_ONLY when the engine was built, so only the layer names will be returned. Rebuild the engine with ProfilingVerbosity::kDETAILED to get more verbose layer information.
[03/03/2026-10:48:46] [I] Starting inference
[03/03/2026-10:48:49] [I] Warmup completed 42 queries over 200 ms
[03/03/2026-10:48:49] [I] Timing trace has 636 queries over 3.00943 s
[03/03/2026-10:48:49] [I] 
[03/03/2026-10:48:49] [I] === Trace details ===
[03/03/2026-10:48:49] [I] Trace averages of 10 runs:
[03/03/2026-10:48:49] [I] Average on 10 runs - GPU latency: 4.72175 ms - Host latency: 4.72175 ms (enqueue 4.71411 ms)
[03/03/2026-10:48:49] [I] Average on 10 runs - GPU latency: 4.72391 ms - Host latency: 4.72391 ms (enqueue 4.71618 ms)
[03/03/2026-10:48:49] [I] Average on 10 runs - GPU latency: 4.72394 ms - Host latency: 4.72394 ms (enqueue 4.71656 ms)
[03/03/2026-10:48:49] [I] Average on 10 runs - GPU latency: 4.72278 ms - Host latency: 4.72278 ms (enqueue 4.71482 ms)
[03/03/2026-10:48:49] [I] Average on 10 runs - GPU latency: 4.71557 ms - Host latency: 4.71557 ms (enqueue 4.70829 ms)
[03/03/2026-10:48:49] [I] Average on 10 runs - GPU latency: 4.71355 ms - Host latency: 4.71355 ms (enqueue 4.70593 ms)
[03/03/2026-10:48:49] [I] Average on 10 runs - GPU latency: 4.71495 ms - Host latency: 4.71495 ms (enqueue 4.70764 ms)
[03/03/2026-10:48:49] [I] Average on 10 runs - GPU latency: 4.71386 ms - Host latency: 4.71386 ms (enqueue 4.70619 ms)
[03/03/2026-10:48:49] [I] Average on 10 runs - GPU latency: 4.71522 ms - Host latency: 4.71522 ms (enqueue 4.70775 ms)
[03/03/2026-10:48:49] [I] Average on 10 runs - GPU latency: 4.7095 ms - Host latency: 4.7095 ms (enqueue 4.70175 ms)
[03/03/2026-10:48:49] [I] Average on 10 runs - GPU latency: 4.71103 ms - Host latency: 4.71103 ms (enqueue 4.70382 ms)
[03/03/2026-10:48:49] [I] Average on 10 runs - GPU latency: 4.72172 ms - Host latency: 4.72172 ms (enqueue 4.71246 ms)
[03/03/2026-10:48:49] [I] Average on 10 runs - GPU latency: 4.71657 ms - Host latency: 4.71657 ms (enqueue 4.70904 ms)
[03/03/2026-10:48:49] [I] Average on 10 runs - GPU latency: 4.71358 ms - Host latency: 4.71358 ms (enqueue 4.70631 ms)
[03/03/2026-10:48:49] [I] Average on 10 runs - GPU latency: 4.71152 ms - Host latency: 4.71152 ms (enqueue 4.70453 ms)
[03/03/2026-10:48:49] [I] Average on 10 runs - GPU latency: 4.7198 ms - Host latency: 4.7198 ms (enqueue 4.71204 ms)
[03/03/2026-10:48:49] [I] Average on 10 runs - GPU latency: 4.71589 ms - Host latency: 4.71589 ms (enqueue 4.70844 ms)
[03/03/2026-10:48:49] [I] Average on 10 runs - GPU latency: 4.71443 ms - Host latency: 4.71443 ms (enqueue 4.70718 ms)
[03/03/2026-10:48:49] [I] Average on 10 runs - GPU latency: 4.71067 ms - Host latency: 4.71067 ms (enqueue 4.70303 ms)
[03/03/2026-10:48:49] [I] Average on 10 runs - GPU latency: 4.71772 ms - Host latency: 4.71772 ms (enqueue 4.70933 ms)
[03/03/2026-10:48:49] [I] Average on 10 runs - GPU latency: 4.71553 ms - Host latency: 4.71553 ms (enqueue 4.70757 ms)
[03/03/2026-10:48:49] [I] Average on 10 runs - GPU latency: 4.71858 ms - Host latency: 4.71858 ms (enqueue 4.71105 ms)
[03/03/2026-10:48:49] [I] Average on 10 runs - GPU latency: 4.71636 ms - Host latency: 4.71636 ms (enqueue 4.70887 ms)
[03/03/2026-10:48:49] [I] Average on 10 runs - GPU latency: 4.71468 ms - Host latency: 4.71468 ms (enqueue 4.7074 ms)
[03/03/2026-10:48:49] [I] Average on 10 runs - GPU latency: 4.71185 ms - Host latency: 4.71185 ms (enqueue 4.70479 ms)
[03/03/2026-10:48:49] [I] Average on 10 runs - GPU latency: 4.71812 ms - Host latency: 4.71812 ms (enqueue 4.71031 ms)
[03/03/2026-10:48:49] [I] Average on 10 runs - GPU latency: 4.71808 ms - Host latency: 4.71808 ms (enqueue 4.71033 ms)
[03/03/2026-10:48:49] [I] Average on 10 runs - GPU latency: 4.75197 ms - Host latency: 4.75197 ms (enqueue 4.74221 ms)
[03/03/2026-10:48:49] [I] Average on 10 runs - GPU latency: 4.71652 ms - Host latency: 4.71652 ms (enqueue 4.70863 ms)
[03/03/2026-10:48:49] [I] Average on 10 runs - GPU latency: 4.71217 ms - Host latency: 4.71217 ms (enqueue 4.70474 ms)
[03/03/2026-10:48:49] [I] Average on 10 runs - GPU latency: 4.71093 ms - Host latency: 4.71093 ms (enqueue 4.70354 ms)
[03/03/2026-10:48:49] [I] Average on 10 runs - GPU latency: 4.75101 ms - Host latency: 4.75101 ms (enqueue 4.74075 ms)
[03/03/2026-10:48:49] [I] Average on 10 runs - GPU latency: 4.71998 ms - Host latency: 4.71998 ms (enqueue 4.71188 ms)
[03/03/2026-10:48:49] [I] Average on 10 runs - GPU latency: 4.71626 ms - Host latency: 4.71626 ms (enqueue 4.70842 ms)
[03/03/2026-10:48:49] [I] Average on 10 runs - GPU latency: 4.71663 ms - Host latency: 4.71663 ms (enqueue 4.70884 ms)
[03/03/2026-10:48:49] [I] Average on 10 runs - GPU latency: 4.71602 ms - Host latency: 4.71602 ms (enqueue 4.70825 ms)
[03/03/2026-10:48:49] [I] Average on 10 runs - GPU latency: 4.71185 ms - Host latency: 4.71185 ms (enqueue 4.70486 ms)
[03/03/2026-10:48:49] [I] Average on 10 runs - GPU latency: 4.71561 ms - Host latency: 4.71561 ms (enqueue 4.7083 ms)
[03/03/2026-10:48:49] [I] Average on 10 runs - GPU latency: 4.71149 ms - Host latency: 4.71149 ms (enqueue 4.70358 ms)
[03/03/2026-10:48:49] [I] Average on 10 runs - GPU latency: 4.71381 ms - Host latency: 4.71381 ms (enqueue 4.70607 ms)
[03/03/2026-10:48:49] [I] Average on 10 runs - GPU latency: 4.71611 ms - Host latency: 4.71611 ms (enqueue 4.70867 ms)
[03/03/2026-10:48:49] [I] Average on 10 runs - GPU latency: 4.71375 ms - Host latency: 4.71375 ms (enqueue 4.70645 ms)
[03/03/2026-10:48:49] [I] Average on 10 runs - GPU latency: 4.71492 ms - Host latency: 4.71492 ms (enqueue 4.70759 ms)
[03/03/2026-10:48:49] [I] Average on 10 runs - GPU latency: 4.71834 ms - Host latency: 4.71834 ms (enqueue 4.71094 ms)
[03/03/2026-10:48:49] [I] Average on 10 runs - GPU latency: 4.72122 ms - Host latency: 4.72122 ms (enqueue 4.7125 ms)
[03/03/2026-10:48:49] [I] Average on 10 runs - GPU latency: 4.74927 ms - Host latency: 4.74927 ms (enqueue 4.71362 ms)
[03/03/2026-10:48:49] [I] Average on 10 runs - GPU latency: 4.71509 ms - Host latency: 4.71509 ms (enqueue 4.73469 ms)
[03/03/2026-10:48:49] [I] Average on 10 runs - GPU latency: 4.71523 ms - Host latency: 4.71523 ms (enqueue 4.70808 ms)
[03/03/2026-10:48:49] [I] Average on 10 runs - GPU latency: 4.71045 ms - Host latency: 4.71045 ms (enqueue 4.70371 ms)
[03/03/2026-10:48:49] [I] Average on 10 runs - GPU latency: 4.71162 ms - Host latency: 4.71162 ms (enqueue 4.70393 ms)
[03/03/2026-10:48:49] [I] Average on 10 runs - GPU latency: 4.71755 ms - Host latency: 4.71755 ms (enqueue 4.70994 ms)
[03/03/2026-10:48:49] [I] Average on 10 runs - GPU latency: 4.71599 ms - Host latency: 4.71599 ms (enqueue 4.70881 ms)
[03/03/2026-10:48:49] [I] Average on 10 runs - GPU latency: 4.71631 ms - Host latency: 4.71631 ms (enqueue 4.70847 ms)
[03/03/2026-10:48:49] [I] Average on 10 runs - GPU latency: 4.71445 ms - Host latency: 4.71445 ms (enqueue 4.7072 ms)
[03/03/2026-10:48:49] [I] Average on 10 runs - GPU latency: 4.71274 ms - Host latency: 4.71274 ms (enqueue 4.70525 ms)
[03/03/2026-10:48:49] [I] Average on 10 runs - GPU latency: 4.71218 ms - Host latency: 4.71218 ms (enqueue 4.70457 ms)
[03/03/2026-10:48:49] [I] Average on 10 runs - GPU latency: 4.71606 ms - Host latency: 4.71606 ms (enqueue 4.70754 ms)
[03/03/2026-10:48:49] [I] Average on 10 runs - GPU latency: 4.71492 ms - Host latency: 4.71492 ms (enqueue 4.70688 ms)
[03/03/2026-10:48:49] [I] Average on 10 runs - GPU latency: 4.72354 ms - Host latency: 4.72354 ms (enqueue 4.71565 ms)
[03/03/2026-10:48:49] [I] Average on 10 runs - GPU latency: 4.71477 ms - Host latency: 4.71477 ms (enqueue 4.70598 ms)
[03/03/2026-10:48:49] [I] Average on 10 runs - GPU latency: 4.71628 ms - Host latency: 4.71628 ms (enqueue 4.70879 ms)
[03/03/2026-10:48:49] [I] Average on 10 runs - GPU latency: 4.71865 ms - Host latency: 4.71865 ms (enqueue 4.71104 ms)
[03/03/2026-10:48:49] [I] Average on 10 runs - GPU latency: 4.71294 ms - Host latency: 4.71294 ms (enqueue 4.70537 ms)
[03/03/2026-10:48:49] [I] 
[03/03/2026-10:48:49] [I] === Performance summary ===
[03/03/2026-10:48:49] [I] Throughput: 211.336 qps
[03/03/2026-10:48:49] [I] Latency: min = 4.69104 ms, max = 5.04932 ms, mean = 4.71783 ms, median = 4.71582 ms, percentile(90%) = 4.72775 ms, percentile(95%) = 4.73242 ms, percentile(99%) = 4.74121 ms
[03/03/2026-10:48:49] [I] Enqueue Time: min = 4.68378 ms, max = 4.99829 ms, mean = 4.71009 ms, median = 4.70807 ms, percentile(90%) = 4.71948 ms, percentile(95%) = 4.7251 ms, percentile(99%) = 4.74402 ms
[03/03/2026-10:48:49] [I] H2D Latency: min = 0 ms, max = 0 ms, mean = 0 ms, median = 0 ms, percentile(90%) = 0 ms, percentile(95%) = 0 ms, percentile(99%) = 0 ms
[03/03/2026-10:48:49] [I] GPU Compute Time: min = 4.69104 ms, max = 5.04932 ms, mean = 4.71783 ms, median = 4.71582 ms, percentile(90%) = 4.72775 ms, percentile(95%) = 4.73242 ms, percentile(99%) = 4.74121 ms
[03/03/2026-10:48:49] [I] D2H Latency: min = 0 ms, max = 0 ms, mean = 0 ms, median = 0 ms, percentile(90%) = 0 ms, percentile(95%) = 0 ms, percentile(99%) = 0 ms
[03/03/2026-10:48:49] [I] Total Host Walltime: 3.00943 s
[03/03/2026-10:48:49] [I] Total GPU Compute Time: 3.00054 s
[03/03/2026-10:48:49] [W] * Throughput may be bound by Enqueue Time rather than GPU Compute and the GPU may be under-utilized.
[03/03/2026-10:48:49] [W]   If not already in use, --useCudaGraph (utilize CUDA graphs where possible) may increase the throughput.
[03/03/2026-10:48:49] [I] Explanations of the performance metrics are printed in the verbose logs.
[03/03/2026-10:48:49] [I] 
&&&& PASSED TensorRT.trtexec [TensorRT v8502] # /usr/src/tensorrt/bin/trtexec --onnx=/home/user/Edge-ML/models/v5/CNN-GRU/bs1/CNN-GRU.onnx --saveEngine=/home/user/Edge-ML/models/v5/CNN-GRU/bs1/CNN-GRU_fp32.engine --exportLayerInfo=/home/user/Edge-ML/models/v5/CNN-GRU/bs1/logs/quantisation_fp32_layers.json --memPoolSize=workspace:4096MiB --tacticSources=+CUBLAS,+CUBLAS_LT,+CUDNN --noDataTransfers
