03-03-2026 09:36:07 RAM 2176/3425MB (lfb 2x2MB) SWAP 9/1713MB (cached 0MB) CPU [16%@1510,0%@1510,0%@1510,40%@1510,0%@1510,0%@1510] EMC_FREQ 0% GR3D_FREQ 86%@[0] CV0@-256C CPU@51.187C SOC2@50.781C SOC0@48.75C CV1@-256C GPU@51.375C tj@51.843C SOC1@51.843C CV2@-256C
03-03-2026 09:36:07 RAM 2176/3425MB (lfb 2x2MB) SWAP 9/1713MB (cached 0MB) CPU [0%@1510,0%@1510,0%@1510,60%@1510,0%@1510,0%@1510] EMC_FREQ 0% GR3D_FREQ 86%@[0] CV0@-256C CPU@51.062C SOC2@50.781C SOC0@48.75C CV1@-256C GPU@51.656C tj@51.656C SOC1@51.656C CV2@-256C
03-03-2026 09:36:07 RAM 2176/3425MB (lfb 2x2MB) SWAP 9/1713MB (cached 0MB) CPU [0%@1510,0%@1510,0%@1510,40%@1510,0%@1510,0%@1510] EMC_FREQ 0% GR3D_FREQ 86%@[0] CV0@-256C CPU@51.156C SOC2@50.812C SOC0@48.75C CV1@-256C GPU@51.812C tj@51.875C SOC1@51.875C CV2@-256C
03-03-2026 09:36:07 RAM 2176/3425MB (lfb 2x2MB) SWAP 9/1713MB (cached 0MB) CPU [0%@1510,0%@1510,0%@1510,66%@1510,0%@1510,0%@1510] EMC_FREQ 0% GR3D_FREQ 86%@[0] CV0@-256C CPU@51.093C SOC2@50.906C SOC0@48.937C CV1@-256C GPU@51.375C tj@51.687C SOC1@51.687C CV2@-256C
03-03-2026 09:36:07 RAM 2176/3425MB (lfb 2x2MB) SWAP 9/1713MB (cached 0MB) CPU [0%@1510,0%@1510,0%@1510,40%@1510,0%@1510,0%@1510] EMC_FREQ 0% GR3D_FREQ 87%@[0] CV0@-256C CPU@51.593C SOC2@50.843C SOC0@48.75C CV1@-256C GPU@51.468C tj@51.593C SOC1@51.593C CV2@-256C
03-03-2026 09:36:07 RAM 2176/3425MB (lfb 2x2MB) SWAP 9/1713MB (cached 0MB) CPU [0%@1510,0%@1510,0%@1510,60%@1510,0%@1510,0%@1510] EMC_FREQ 0% GR3D_FREQ 87%@[0] CV0@-256C CPU@51.156C SOC2@50.812C SOC0@48.906C CV1@-256C GPU@51.562C tj@51.718C SOC1@51.718C CV2@-256C
03-03-2026 09:36:07 RAM 2176/3425MB (lfb 2x2MB) SWAP 9/1713MB (cached 0MB) CPU [0%@1510,0%@1510,0%@1510,50%@1510,0%@1510,0%@1510] EMC_FREQ 0% GR3D_FREQ 87%@[0] CV0@-256C CPU@51.125C SOC2@50.843C SOC0@48.781C CV1@-256C GPU@51.562C tj@51.656C SOC1@51.656C CV2@-256C
03-03-2026 09:36:08 RAM 2176/3425MB (lfb 2x2MB) SWAP 9/1713MB (cached 0MB) CPU [0%@1510,0%@1510,0%@1510,50%@1510,0%@1510,0%@1510] EMC_FREQ 0% GR3D_FREQ 86%@[0] CV0@-256C CPU@51.156C SOC2@50.812C SOC0@48.75C CV1@-256C GPU@51.437C tj@51.812C SOC1@51.812C CV2@-256C
03-03-2026 09:36:08 RAM 2176/3425MB (lfb 2x2MB) SWAP 9/1713MB (cached 0MB) CPU [0%@1510,16%@1510,0%@1510,50%@1510,0%@1510,0%@1510] EMC_FREQ 0% GR3D_FREQ 86%@[0] CV0@-256C CPU@51.093C SOC2@50.906C SOC0@48.812C CV1@-256C GPU@51.437C tj@51.687C SOC1@51.687C CV2@-256C
03-03-2026 09:36:08 RAM 2176/3425MB (lfb 2x2MB) SWAP 9/1713MB (cached 0MB) CPU [0%@1510,0%@1510,0%@1510,60%@1510,0%@1510,0%@1510] EMC_FREQ 0% GR3D_FREQ 86%@[0] CV0@-256C CPU@51.312C SOC2@50.812C SOC0@48.718C CV1@-256C GPU@51.593C tj@51.906C SOC1@51.906C CV2@-256C
03-03-2026 09:36:08 RAM 2176/3425MB (lfb 2x2MB) SWAP 9/1713MB (cached 0MB) CPU [0%@1510,0%@1510,0%@1510,40%@1510,0%@1510,0%@1510] EMC_FREQ 0% GR3D_FREQ 87%@[0] CV0@-256C CPU@51.218C SOC2@50.875C SOC0@48.875C CV1@-256C GPU@51.625C tj@51.656C SOC1@51.656C CV2@-256C
03-03-2026 09:36:08 RAM 2176/3425MB (lfb 2x2MB) SWAP 9/1713MB (cached 0MB) CPU [0%@1510,0%@1510,0%@1510,60%@1510,0%@1510,0%@1510] EMC_FREQ 0% GR3D_FREQ 87%@[0] CV0@-256C CPU@51.25C SOC2@50.843C SOC0@48.718C CV1@-256C GPU@51.781C tj@51.781C SOC1@51.656C CV2@-256C
03-03-2026 09:36:08 RAM 2176/3425MB (lfb 2x2MB) SWAP 9/1713MB (cached 0MB) CPU [0%@1510,0%@1510,0%@1510,60%@1510,0%@1510,0%@1510] EMC_FREQ 0% GR3D_FREQ 86%@[0] CV0@-256C CPU@51.218C SOC2@50.875C SOC0@49C CV1@-256C GPU@51.343C tj@51.718C SOC1@51.718C CV2@-256C
03-03-2026 09:36:08 RAM 2176/3425MB (lfb 2x2MB) SWAP 9/1713MB (cached 0MB) CPU [0%@1510,0%@1510,0%@1510,50%@1510,0%@1510,0%@1510] EMC_FREQ 0% GR3D_FREQ 87%@[0] CV0@-256C CPU@51.343C SOC2@50.843C SOC0@48.781C CV1@-256C GPU@51.656C tj@51.656C SOC1@51.593C CV2@-256C
03-03-2026 09:36:08 RAM 2176/3425MB (lfb 2x2MB) SWAP 9/1713MB (cached 0MB) CPU [0%@1510,0%@1510,0%@1510,60%@1510,0%@1510,0%@1510] EMC_FREQ 0% GR3D_FREQ 86%@[0] CV0@-256C CPU@51.281C SOC2@50.843C SOC0@48.75C CV1@-256C GPU@51.843C tj@51.843C SOC1@51.843C CV2@-256C
03-03-2026 09:36:08 RAM 2176/3425MB (lfb 2x2MB) SWAP 9/1713MB (cached 0MB) CPU [0%@1510,0%@1510,0%@1510,40%@1510,0%@1510,0%@1510] EMC_FREQ 0% GR3D_FREQ 86%@[0] CV0@-256C CPU@51.406C SOC2@50.875C SOC0@48.875C CV1@-256C GPU@51.406C tj@51.656C SOC1@51.656C CV2@-256C
03-03-2026 09:36:08 RAM 2176/3425MB (lfb 2x2MB) SWAP 9/1713MB (cached 0MB) CPU [0%@1510,0%@1510,0%@1510,60%@1510,0%@1510,0%@1510] EMC_FREQ 0% GR3D_FREQ 87%@[0] CV0@-256C CPU@51.375C SOC2@50.875C SOC0@48.718C CV1@-256C GPU@51.406C tj@51.843C SOC1@51.843C CV2@-256C
03-03-2026 09:36:08 RAM 2176/3425MB (lfb 2x2MB) SWAP 9/1713MB (cached 0MB) CPU [0%@1510,0%@1510,0%@1510,50%@1510,0%@1510,0%@1510] EMC_FREQ 0% GR3D_FREQ 86%@[0] CV0@-256C CPU@51.625C SOC2@50.843C SOC0@48.843C CV1@-256C GPU@51.437C tj@51.687C SOC1@51.687C CV2@-256C
03-03-2026 09:36:08 RAM 2176/3425MB (lfb 2x2MB) SWAP 9/1713MB (cached 0MB) CPU [0%@1510,0%@1510,0%@1510,50%@1510,0%@1510,0%@1510] EMC_FREQ 0% GR3D_FREQ 86%@[0] CV0@-256C CPU@51.468C SOC2@50.812C SOC0@48.718C CV1@-256C GPU@51.656C tj@51.656C SOC1@51.656C CV2@-256C
03-03-2026 09:36:08 RAM 2176/3425MB (lfb 2x2MB) SWAP 9/1713MB (cached 0MB) CPU [0%@1510,0%@1510,0%@1510,50%@1510,0%@1510,0%@1510] EMC_FREQ 0% GR3D_FREQ 86%@[0] CV0@-256C CPU@51.187C SOC2@50.906C SOC0@48.906C CV1@-256C GPU@51.656C tj@51.687C SOC1@51.687C CV2@-256C
03-03-2026 09:36:08 RAM 2176/3425MB (lfb 2x2MB) SWAP 9/1713MB (cached 0MB) CPU [0%@1510,0%@1510,0%@1510,60%@1510,0%@1510,0%@1510] EMC_FREQ 0% GR3D_FREQ 86%@[0] CV0@-256C CPU@51.531C SOC2@50.812C SOC0@48.781C CV1@-256C GPU@51.406C tj@51.656C SOC1@51.656C CV2@-256C
03-03-2026 09:36:08 RAM 2176/3425MB (lfb 2x2MB) SWAP 9/1713MB (cached 0MB) CPU [0%@1510,0%@1510,0%@1510,40%@1510,0%@1510,0%@1510] EMC_FREQ 0% GR3D_FREQ 87%@[0] CV0@-256C CPU@51.156C SOC2@50.718C SOC0@48.906C CV1@-256C GPU@51.562C tj@51.718C SOC1@51.718C CV2@-256C
03-03-2026 09:36:08 RAM 2176/3425MB (lfb 2x2MB) SWAP 9/1713MB (cached 0MB) CPU [0%@1510,16%@1510,0%@1510,66%@1510,0%@1510,0%@1510] EMC_FREQ 0% GR3D_FREQ 87%@[0] CV0@-256C CPU@51C SOC2@50.875C SOC0@48.843C CV1@-256C GPU@51.687C tj@51.718C SOC1@51.718C CV2@-256C
03-03-2026 09:36:08 RAM 2176/3425MB (lfb 2x2MB) SWAP 9/1713MB (cached 0MB) CPU [0%@1510,0%@1510,0%@1510,40%@1510,0%@1510,0%@1510] EMC_FREQ 0% GR3D_FREQ 86%@[0] CV0@-256C CPU@51.187C SOC2@50.812C SOC0@48.718C CV1@-256C GPU@51.875C tj@51.875C SOC1@51.812C CV2@-256C
03-03-2026 09:36:08 RAM 2176/3425MB (lfb 2x2MB) SWAP 9/1713MB (cached 0MB) CPU [0%@1510,0%@1510,0%@1510,60%@1510,0%@1510,0%@1510] EMC_FREQ 0% GR3D_FREQ 87%@[0] CV0@-256C CPU@51.187C SOC2@50.875C SOC0@48.812C CV1@-256C GPU@51.343C tj@51.656C SOC1@51.656C CV2@-256C
03-03-2026 09:36:08 RAM 2176/3425MB (lfb 2x2MB) SWAP 9/1713MB (cached 0MB) CPU [0%@1510,0%@1510,0%@1510,60%@1510,0%@1510,0%@1510] EMC_FREQ 0% GR3D_FREQ 87%@[0] CV0@-256C CPU@51.218C SOC2@50.843C SOC0@48.781C CV1@-256C GPU@51.437C tj@51.875C SOC1@51.531C CV2@-256C
03-03-2026 09:36:09 RAM 2176/3425MB (lfb 2x2MB) SWAP 9/1713MB (cached 0MB) CPU [0%@1510,0%@1510,0%@1510,40%@1510,0%@1510,0%@1510] EMC_FREQ 0% GR3D_FREQ 86%@[0] CV0@-256C CPU@51.187C SOC2@50.906C SOC0@48.937C CV1@-256C GPU@51.437C tj@51.75C SOC1@51.718C CV2@-256C
03-03-2026 09:36:09 RAM 2176/3425MB (lfb 2x2MB) SWAP 9/1713MB (cached 0MB) CPU [0%@1510,0%@1510,0%@1510,60%@1510,0%@1510,0%@1510] EMC_FREQ 0% GR3D_FREQ 86%@[0] CV0@-256C CPU@51.375C SOC2@50.812C SOC0@48.781C CV1@-256C GPU@51.375C tj@51.656C SOC1@51.656C CV2@-256C
03-03-2026 09:36:09 RAM 2176/3425MB (lfb 2x2MB) SWAP 9/1713MB (cached 0MB) CPU [0%@1510,16%@1510,0%@1510,50%@1510,0%@1510,0%@1510] EMC_FREQ 0% GR3D_FREQ 87%@[0] CV0@-256C CPU@51.25C SOC2@50.718C SOC0@48.937C CV1@-256C GPU@51.5C tj@51.718C SOC1@51.718C CV2@-256C
03-03-2026 09:36:09 RAM 2176/3425MB (lfb 2x2MB) SWAP 9/1713MB (cached 0MB) CPU [0%@1510,0%@1510,0%@1510,60%@1510,0%@1510,0%@1510] EMC_FREQ 0% GR3D_FREQ 87%@[0] CV0@-256C CPU@51.437C SOC2@50.781C SOC0@48.843C CV1@-256C GPU@51.5C tj@51.656C SOC1@51.656C CV2@-256C
03-03-2026 09:36:09 RAM 2176/3425MB (lfb 2x2MB) SWAP 9/1713MB (cached 0MB) CPU [0%@1510,0%@1510,0%@1510,50%@1510,0%@1510,0%@1510] EMC_FREQ 0% GR3D_FREQ 86%@[0] CV0@-256C CPU@51.25C SOC2@50.75C SOC0@48.687C CV1@-256C GPU@51.593C tj@51.843C SOC1@51.843C CV2@-256C
03-03-2026 09:36:09 RAM 2176/3425MB (lfb 2x2MB) SWAP 9/1713MB (cached 0MB) CPU [0%@1510,0%@1510,0%@1510,50%@1510,0%@1510,0%@1510] EMC_FREQ 0% GR3D_FREQ 86%@[0] CV0@-256C CPU@51.406C SOC2@50.843C SOC0@48.843C CV1@-256C GPU@51.687C tj@51.718C SOC1@51.718C CV2@-256C
03-03-2026 09:36:09 RAM 2176/3425MB (lfb 2x2MB) SWAP 9/1713MB (cached 0MB) CPU [0%@1510,0%@1510,0%@1510,50%@1510,0%@1510,0%@1510] EMC_FREQ 0% GR3D_FREQ 87%@[0] CV0@-256C CPU@51.281C SOC2@50.781C SOC0@48.75C CV1@-256C GPU@51.875C tj@51.906C SOC1@51.906C CV2@-256C
03-03-2026 09:36:09 RAM 2176/3425MB (lfb 2x2MB) SWAP 9/1713MB (cached 0MB) CPU [0%@1510,14%@1510,0%@1510,60%@1510,0%@1510,0%@1510] EMC_FREQ 0% GR3D_FREQ 87%@[0] CV0@-256C CPU@51.625C SOC2@51C SOC0@48.906C CV1@-256C GPU@51.468C tj@51.718C SOC1@51.718C CV2@-256C
03-03-2026 09:36:09 RAM 2176/3425MB (lfb 2x2MB) SWAP 9/1713MB (cached 0MB) CPU [0%@1510,0%@1510,0%@1510,40%@1510,0%@1510,0%@1510] EMC_FREQ 0% GR3D_FREQ 86%@[0] CV0@-256C CPU@51.468C SOC2@50.843C SOC0@48.843C CV1@-256C GPU@51.656C tj@51.656C SOC1@51.656C CV2@-256C
03-03-2026 09:36:09 RAM 2176/3425MB (lfb 2x2MB) SWAP 9/1713MB (cached 0MB) CPU [0%@1510,0%@1510,0%@1510,60%@1510,0%@1510,0%@1510] EMC_FREQ 0% GR3D_FREQ 86%@[0] CV0@-256C CPU@51.031C SOC2@50.812C SOC0@49C CV1@-256C GPU@51.843C tj@51.843C SOC1@51.812C CV2@-256C
03-03-2026 09:36:09 RAM 2176/3425MB (lfb 2x2MB) SWAP 9/1713MB (cached 0MB) CPU [16%@1510,0%@1510,0%@1510,50%@1510,0%@1510,0%@1510] EMC_FREQ 0% GR3D_FREQ 86%@[0] CV0@-256C CPU@51.468C SOC2@50.875C SOC0@48.906C CV1@-256C GPU@51.406C tj@51.687C SOC1@51.718C CV2@-256C
03-03-2026 09:36:09 RAM 2176/3425MB (lfb 2x2MB) SWAP 9/1713MB (cached 0MB) CPU [0%@1510,0%@1510,0%@1510,50%@1510,0%@1510,0%@1510] EMC_FREQ 0% GR3D_FREQ 86%@[0] CV0@-256C CPU@51.312C SOC2@50.75C SOC0@48.75C CV1@-256C GPU@51.375C tj@51.875C SOC1@51.875C CV2@-256C
03-03-2026 09:36:09 RAM 2176/3425MB (lfb 2x2MB) SWAP 9/1713MB (cached 0MB) CPU [0%@1510,0%@1510,0%@1510,66%@1510,0%@1510,0%@1510] EMC_FREQ 0% GR3D_FREQ 87%@[0] CV0@-256C CPU@51.625C SOC2@50.843C SOC0@48.843C CV1@-256C GPU@51.468C tj@51.718C SOC1@51.718C CV2@-256C
03-03-2026 09:36:09 RAM 2176/3425MB (lfb 2x2MB) SWAP 9/1713MB (cached 0MB) CPU [0%@1510,0%@1510,0%@1510,40%@1510,0%@1510,0%@1510] EMC_FREQ 0% GR3D_FREQ 87%@[0] CV0@-256C CPU@51.343C SOC2@50.718C SOC0@48.75C CV1@-256C GPU@51.593C tj@51.843C SOC1@51.843C CV2@-256C
03-03-2026 09:36:09 RAM 2176/3425MB (lfb 2x2MB) SWAP 9/1713MB (cached 0MB) CPU [0%@1510,0%@1510,0%@1510,60%@1510,0%@1510,0%@1510] EMC_FREQ 0% GR3D_FREQ 87%@[0] CV0@-256C CPU@51.125C SOC2@50.875C SOC0@48.906C CV1@-256C GPU@51.437C tj@51.718C SOC1@51.718C CV2@-256C
03-03-2026 09:36:09 RAM 2176/3425MB (lfb 2x2MB) SWAP 9/1713MB (cached 0MB) CPU [0%@1510,0%@1510,0%@1510,50%@1510,0%@1510,0%@1510] EMC_FREQ 0% GR3D_FREQ 87%@[0] CV0@-256C CPU@51.5C SOC2@50.781C SOC0@48.781C CV1@-256C GPU@51.468C tj@51.656C SOC1@51.656C CV2@-256C
03-03-2026 09:36:09 RAM 2176/3425MB (lfb 2x2MB) SWAP 9/1713MB (cached 0MB) CPU [0%@1510,0%@1510,0%@1510,33%@1510,0%@1510,0%@1510] EMC_FREQ 0% GR3D_FREQ 86%@[0] CV0@-256C CPU@51.093C SOC2@50.75C SOC0@49C CV1@-256C GPU@51.5C tj@51.75C SOC1@51.75C CV2@-256C
03-03-2026 09:36:09 RAM 2176/3425MB (lfb 2x2MB) SWAP 9/1713MB (cached 0MB) CPU [0%@1510,0%@1510,0%@1510,57%@1510,0%@1510,0%@1510] EMC_FREQ 0% GR3D_FREQ 87%@[0] CV0@-256C CPU@51.687C SOC2@50.968C SOC0@48.812C CV1@-256C GPU@51.656C tj@51.687C SOC1@51.656C CV2@-256C
03-03-2026 09:36:09 RAM 2176/3425MB (lfb 2x2MB) SWAP 9/1713MB (cached 0MB) CPU [0%@1510,0%@1510,0%@1510,50%@1510,0%@1510,0%@1510] EMC_FREQ 0% GR3D_FREQ 86%@[0] CV0@-256C CPU@51.218C SOC2@50.781C SOC0@49.062C CV1@-256C GPU@51.906C tj@51.906C SOC1@51.781C CV2@-256C
03-03-2026 09:36:09 RAM 2176/3425MB (lfb 2x2MB) SWAP 9/1713MB (cached 0MB) CPU [0%@1510,0%@1510,0%@1510,40%@1510,0%@1510,0%@1510] EMC_FREQ 0% GR3D_FREQ 86%@[0] CV0@-256C CPU@51.093C SOC2@50.875C SOC0@48.843C CV1@-256C GPU@51.343C tj@51.656C SOC1@51.656C CV2@-256C
03-03-2026 09:36:10 RAM 2176/3425MB (lfb 2x2MB) SWAP 9/1713MB (cached 0MB) CPU [0%@1510,0%@1510,0%@1510,66%@1510,0%@1510,0%@1510] EMC_FREQ 0% GR3D_FREQ 87%@[0] CV0@-256C CPU@51.312C SOC2@50.781C SOC0@48.75C CV1@-256C GPU@51.718C tj@51.937C SOC1@51.937C CV2@-256C
03-03-2026 09:36:10 RAM 2176/3425MB (lfb 2x2MB) SWAP 9/1713MB (cached 0MB) CPU [0%@1510,0%@1510,0%@1510,40%@1510,0%@1510,0%@1510] EMC_FREQ 0% GR3D_FREQ 86%@[0] CV0@-256C CPU@51.093C SOC2@50.937C SOC0@48.968C CV1@-256C GPU@51.875C tj@51.875C SOC1@51.687C CV2@-256C
03-03-2026 09:36:10 RAM 2176/3425MB (lfb 2x2MB) SWAP 9/1713MB (cached 0MB) CPU [0%@1510,0%@1510,0%@1510,60%@1510,0%@1510,0%@1510] EMC_FREQ 0% GR3D_FREQ 87%@[0] CV0@-256C CPU@51.312C SOC2@50.875C SOC0@48.812C CV1@-256C GPU@51.406C tj@52.031C SOC1@52.031C CV2@-256C
03-03-2026 09:36:10 RAM 2176/3425MB (lfb 2x2MB) SWAP 9/1713MB (cached 0MB) CPU [0%@1510,0%@1510,0%@1510,60%@1510,0%@1510,0%@1510] EMC_FREQ 0% GR3D_FREQ 86%@[0] CV0@-256C CPU@51.25C SOC2@50.906C SOC0@48.968C CV1@-256C GPU@51.406C tj@51.843C SOC1@51.843C CV2@-256C
03-03-2026 09:36:10 RAM 2176/3425MB (lfb 2x2MB) SWAP 9/1713MB (cached 0MB) CPU [0%@1510,0%@1510,0%@1510,40%@1510,0%@1510,0%@1510] EMC_FREQ 0% GR3D_FREQ 86%@[0] CV0@-256C CPU@51.437C SOC2@50.781C SOC0@48.843C CV1@-256C GPU@51.406C tj@51.687C SOC1@51.687C CV2@-256C
03-03-2026 09:36:10 RAM 2176/3425MB (lfb 2x2MB) SWAP 9/1713MB (cached 0MB) CPU [0%@1510,0%@1510,0%@1510,66%@1510,0%@1510,0%@1510] EMC_FREQ 0% GR3D_FREQ 86%@[0] CV0@-256C CPU@51.312C SOC2@50.812C SOC0@49.093C CV1@-256C GPU@51.656C tj@51.781C SOC1@51.781C CV2@-256C
03-03-2026 09:36:10 RAM 2176/3425MB (lfb 2x2MB) SWAP 9/1713MB (cached 0MB) CPU [0%@1510,0%@1510,0%@1510,40%@1510,0%@1510,0%@1510] EMC_FREQ 0% GR3D_FREQ 87%@[0] CV0@-256C CPU@51.312C SOC2@50.781C SOC0@48.75C CV1@-256C GPU@51.656C tj@51.656C SOC1@51.656C CV2@-256C
03-03-2026 09:36:10 RAM 2176/3425MB (lfb 2x2MB) SWAP 9/1713MB (cached 0MB) CPU [0%@1510,25%@1510,0%@1510,66%@1510,0%@1510,16%@1510] EMC_FREQ 0% GR3D_FREQ 86%@[0] CV0@-256C CPU@51.406C SOC2@50.781C SOC0@48.75C CV1@-256C GPU@51.406C tj@51.937C SOC1@51.937C CV2@-256C
03-03-2026 09:36:10 RAM 2176/3425MB (lfb 2x2MB) SWAP 9/1713MB (cached 0MB) CPU [0%@1510,0%@1510,0%@1510,50%@1510,0%@1510,0%@1510] EMC_FREQ 0% GR3D_FREQ 87%@[0] CV0@-256C CPU@51.656C SOC2@50.875C SOC0@48.843C CV1@-256C GPU@51.593C tj@51.687C SOC1@51.687C CV2@-256C
03-03-2026 09:36:10 RAM 2176/3425MB (lfb 2x2MB) SWAP 9/1713MB (cached 0MB) CPU [0%@1510,0%@1510,0%@1510,50%@1510,0%@1510,0%@1510] EMC_FREQ 0% GR3D_FREQ 87%@[0] CV0@-256C CPU@51.406C SOC2@50.843C SOC0@48.781C CV1@-256C GPU@51.687C tj@51.937C SOC1@51.937C CV2@-256C
03-03-2026 09:36:10 RAM 2176/3425MB (lfb 2x2MB) SWAP 9/1713MB (cached 0MB) CPU [0%@1510,0%@1510,0%@1510,50%@1510,0%@1510,0%@1510] EMC_FREQ 0% GR3D_FREQ 86%@[0] CV0@-256C CPU@51.062C SOC2@50.875C SOC0@48.968C CV1@-256C GPU@51.75C tj@51.812C SOC1@51.812C CV2@-256C
03-03-2026 09:36:10 RAM 2176/3425MB (lfb 2x2MB) SWAP 9/1713MB (cached 0MB) CPU [16%@1510,0%@1510,16%@1510,60%@1510,0%@1510,0%@1510] EMC_FREQ 0% GR3D_FREQ 86%@[0] CV0@-256C CPU@51.468C SOC2@50.781C SOC0@48.781C CV1@-256C GPU@51.343C tj@51.656C SOC1@51.656C CV2@-256C
03-03-2026 09:36:10 RAM 2176/3425MB (lfb 2x2MB) SWAP 9/1713MB (cached 0MB) CPU [0%@1510,0%@1510,0%@1510,40%@1510,0%@1510,0%@1510] EMC_FREQ 0% GR3D_FREQ 87%@[0] CV0@-256C CPU@51.187C SOC2@50.781C SOC0@49C CV1@-256C GPU@51.468C tj@51.75C SOC1@51.75C CV2@-256C
03-03-2026 09:36:10 RAM 2176/3425MB (lfb 2x2MB) SWAP 9/1713MB (cached 0MB) CPU [0%@1510,0%@1510,0%@1510,60%@1510,0%@1510,0%@1510] EMC_FREQ 0% GR3D_FREQ 87%@[0] CV0@-256C CPU@51.5C SOC2@50.843C SOC0@48.812C CV1@-256C GPU@51.781C tj@51.781C SOC1@51.656C CV2@-256C
03-03-2026 09:36:10 RAM 2176/3425MB (lfb 2x2MB) SWAP 9/1713MB (cached 0MB) CPU [0%@1510,0%@1510,0%@1510,50%@1510,0%@1510,0%@1510] EMC_FREQ 0% GR3D_FREQ 87%@[0] CV0@-256C CPU@51.187C SOC2@50.781C SOC0@48.718C CV1@-256C GPU@51.406C tj@51.843C SOC1@51.843C CV2@-256C
03-03-2026 09:36:10 RAM 2176/3425MB (lfb 2x2MB) SWAP 9/1713MB (cached 0MB) CPU [0%@1510,0%@1510,0%@1510,50%@1510,0%@1510,0%@1510] EMC_FREQ 0% GR3D_FREQ 86%@[0] CV0@-256C CPU@51.156C SOC2@50.937C SOC0@48.875C CV1@-256C GPU@51.437C tj@51.656C SOC1@51.656C CV2@-256C
03-03-2026 09:36:10 RAM 2176/3425MB (lfb 2x2MB) SWAP 9/1713MB (cached 0MB) CPU [0%@1510,0%@1510,0%@1510,50%@1510,0%@1510,0%@1510] EMC_FREQ 0% GR3D_FREQ 86%@[0] CV0@-256C CPU@51.218C SOC2@50.781C SOC0@48.843C CV1@-256C GPU@51.5C tj@51.968C SOC1@51.968C CV2@-256C
03-03-2026 09:36:10 RAM 2176/3425MB (lfb 2x2MB) SWAP 9/1713MB (cached 0MB) CPU [0%@1510,0%@1510,0%@1510,50%@1510,0%@1510,0%@1510] EMC_FREQ 0% GR3D_FREQ 86%@[0] CV0@-256C CPU@51.156C SOC2@50.906C SOC0@48.906C CV1@-256C GPU@51.562C tj@51.687C SOC1@51.687C CV2@-256C
03-03-2026 09:36:10 RAM 2176/3425MB (lfb 2x2MB) SWAP 9/1713MB (cached 0MB) CPU [0%@1510,0%@1510,0%@1510,66%@1510,0%@1510,0%@1510] EMC_FREQ 0% GR3D_FREQ 87%@[0] CV0@-256C CPU@51.218C SOC2@50.812C SOC0@48.812C CV1@-256C GPU@51.687C tj@51.687C SOC1@51.687C CV2@-256C
03-03-2026 09:36:11 RAM 2176/3425MB (lfb 2x2MB) SWAP 9/1713MB (cached 0MB) CPU [0%@1510,0%@1510,0%@1510,40%@1510,0%@1510,0%@1510] EMC_FREQ 0% GR3D_FREQ 87%@[0] CV0@-256C CPU@51.218C SOC2@50.812C SOC0@48.937C CV1@-256C GPU@51.531C tj@51.781C SOC1@51.875C CV2@-256C
03-03-2026 09:36:11 RAM 2176/3425MB (lfb 2x2MB) SWAP 9/1713MB (cached 0MB) CPU [0%@1510,0%@1510,0%@1510,60%@1510,0%@1510,0%@1510] EMC_FREQ 0% GR3D_FREQ 87%@[0] CV0@-256C CPU@51.218C SOC2@50.843C SOC0@48.75C CV1@-256C GPU@51.593C tj@51.656C SOC1@51.656C CV2@-256C
03-03-2026 09:36:11 RAM 2176/3425MB (lfb 2x2MB) SWAP 9/1713MB (cached 0MB) CPU [0%@1510,0%@1510,0%@1510,50%@1510,0%@1510,0%@1510] EMC_FREQ 0% GR3D_FREQ 86%@[0] CV0@-256C CPU@51.156C SOC2@50.781C SOC0@48.781C CV1@-256C GPU@51.718C tj@51.937C SOC1@51.937C CV2@-256C
03-03-2026 09:36:11 RAM 2176/3425MB (lfb 2x2MB) SWAP 9/1713MB (cached 0MB) CPU [0%@1510,0%@1510,0%@1510,60%@1510,0%@1510,0%@1510] EMC_FREQ 0% GR3D_FREQ 86%@[0] CV0@-256C CPU@51.187C SOC2@50.906C SOC0@48.812C CV1@-256C GPU@51.843C tj@51.843C SOC1@51.687C CV2@-256C
03-03-2026 09:36:11 RAM 2176/3425MB (lfb 2x2MB) SWAP 9/1713MB (cached 0MB) CPU [0%@1510,0%@1510,0%@1510,50%@1510,0%@1510,0%@1510] EMC_FREQ 0% GR3D_FREQ 87%@[0] CV0@-256C CPU@51.25C SOC2@50.937C SOC0@48.75C CV1@-256C GPU@51.468C tj@51.968C SOC1@51.968C CV2@-256C
03-03-2026 09:36:11 RAM 2176/3425MB (lfb 2x2MB) SWAP 9/1713MB (cached 0MB) CPU [0%@1510,0%@1510,0%@1510,50%@1510,0%@1510,0%@1510] EMC_FREQ 0% GR3D_FREQ 87%@[0] CV0@-256C CPU@51.187C SOC2@50.937C SOC0@48.968C CV1@-256C GPU@51.468C tj@51.718C SOC1@51.718C CV2@-256C
03-03-2026 09:36:11 RAM 2176/3425MB (lfb 2x2MB) SWAP 9/1713MB (cached 0MB) CPU [0%@1510,0%@1510,0%@1510,50%@1510,0%@1510,0%@1510] EMC_FREQ 0% GR3D_FREQ 87%@[0] CV0@-256C CPU@51.406C SOC2@50.875C SOC0@48.75C CV1@-256C GPU@51.531C tj@51.656C SOC1@51.656C CV2@-256C
03-03-2026 09:36:11 RAM 2176/3425MB (lfb 2x2MB) SWAP 9/1713MB (cached 0MB) CPU [0%@1510,0%@1510,0%@1510,60%@1510,0%@1510,0%@1510] EMC_FREQ 0% GR3D_FREQ 87%@[0] CV0@-256C CPU@51.25C SOC2@50.812C SOC0@48.968C CV1@-256C GPU@51.375C tj@51.75C SOC1@51.75C CV2@-256C
03-03-2026 09:36:11 RAM 2176/3425MB (lfb 2x2MB) SWAP 9/1713MB (cached 0MB) CPU [0%@1510,0%@1510,0%@1510,40%@1510,0%@1510,0%@1510] EMC_FREQ 0% GR3D_FREQ 86%@[0] CV0@-256C CPU@51.531C SOC2@50.875C SOC0@48.843C CV1@-256C GPU@51.437C tj@51.75C SOC1@51.75C CV2@-256C
03-03-2026 09:36:11 RAM 2176/3425MB (lfb 2x2MB) SWAP 9/1713MB (cached 0MB) CPU [0%@1510,0%@1510,0%@1510,60%@1510,0%@1510,0%@1510] EMC_FREQ 0% GR3D_FREQ 86%@[0] CV0@-256C CPU@51.312C SOC2@50.781C SOC0@48.812C CV1@-256C GPU@51.406C tj@51.843C SOC1@51.843C CV2@-256C
03-03-2026 09:36:11 RAM 2176/3425MB (lfb 2x2MB) SWAP 9/1713MB (cached 0MB) CPU [0%@1510,0%@1510,16%@1510,50%@1510,0%@1510,0%@1510] EMC_FREQ 0% GR3D_FREQ 86%@[0] CV0@-256C CPU@51.531C SOC2@50.812C SOC0@48.906C CV1@-256C GPU@51.562C tj@51.718C SOC1@51.718C CV2@-256C
03-03-2026 09:36:11 RAM 2176/3425MB (lfb 2x2MB) SWAP 9/1713MB (cached 0MB) CPU [0%@1510,0%@1510,16%@1510,50%@1510,0%@1510,0%@1510] EMC_FREQ 0% GR3D_FREQ 87%@[0] CV0@-256C CPU@51.406C SOC2@50.843C SOC0@48.781C CV1@-256C GPU@51.687C tj@51.968C SOC1@51.968C CV2@-256C
03-03-2026 09:36:11 RAM 2176/3425MB (lfb 2x2MB) SWAP 9/1713MB (cached 0MB) CPU [0%@1510,0%@1510,0%@1510,66%@1510,0%@1510,0%@1510] EMC_FREQ 0% GR3D_FREQ 87%@[0] CV0@-256C CPU@51.187C SOC2@50.906C SOC0@48.906C CV1@-256C GPU@51.843C tj@51.843C SOC1@51.687C CV2@-256C
03-03-2026 09:36:11 RAM 2176/3425MB (lfb 2x2MB) SWAP 9/1713MB (cached 0MB) CPU [0%@1510,0%@1510,0%@1510,40%@1510,0%@1510,0%@1510] EMC_FREQ 0% GR3D_FREQ 87%@[0] CV0@-256C CPU@51.437C SOC2@50.812C SOC0@48.812C CV1@-256C GPU@51.343C tj@51.656C SOC1@51.656C CV2@-256C
03-03-2026 09:36:11 RAM 2176/3425MB (lfb 2x2MB) SWAP 9/1713MB (cached 0MB) CPU [0%@1510,0%@1510,0%@1510,60%@1510,0%@1510,0%@1510] EMC_FREQ 0% GR3D_FREQ 87%@[0] CV0@-256C CPU@51.125C SOC2@50.843C SOC0@49.062C CV1@-256C GPU@51.656C tj@51.75C SOC1@51.75C CV2@-256C
03-03-2026 09:36:11 RAM 2176/3425MB (lfb 2x2MB) SWAP 9/1713MB (cached 0MB) CPU [0%@1510,0%@1510,0%@1510,50%@1510,0%@1510,0%@1510] EMC_FREQ 0% GR3D_FREQ 87%@[0] CV0@-256C CPU@51.593C SOC2@50.812C SOC0@48.812C CV1@-256C GPU@51.875C tj@51.875C SOC1@51.656C CV2@-256C
03-03-2026 09:36:11 RAM 2176/3425MB (lfb 2x2MB) SWAP 9/1713MB (cached 0MB) CPU [0%@1510,0%@1510,0%@1510,50%@1510,0%@1510,0%@1510] EMC_FREQ 0% GR3D_FREQ 87%@[0] CV0@-256C CPU@51.218C SOC2@50.875C SOC0@49C CV1@-256C GPU@51.312C tj@51.718C SOC1@51.718C CV2@-256C
03-03-2026 09:36:11 RAM 2176/3425MB (lfb 2x2MB) SWAP 9/1713MB (cached 0MB) CPU [0%@1510,0%@1510,0%@1510,50%@1510,0%@1510,0%@1510] EMC_FREQ 0% GR3D_FREQ 86%@[0] CV0@-256C CPU@51.125C SOC2@50.906C SOC0@48.812C CV1@-256C GPU@51.375C tj@51.687C SOC1@51.687C CV2@-256C
03-03-2026 09:36:11 RAM 2176/3425MB (lfb 2x2MB) SWAP 9/1713MB (cached 0MB) CPU [0%@1510,0%@1510,0%@1510,60%@1510,0%@1510,0%@1510] EMC_FREQ 0% GR3D_FREQ 87%@[0] CV0@-256C CPU@51.25C SOC2@50.843C SOC0@48.812C CV1@-256C GPU@51.531C tj@51.875C SOC1@51.875C CV2@-256C
03-03-2026 09:36:12 RAM 2176/3425MB (lfb 2x2MB) SWAP 9/1713MB (cached 0MB) CPU [0%@1510,0%@1510,0%@1510,40%@1510,0%@1510,0%@1510] EMC_FREQ 0% GR3D_FREQ 86%@[0] CV0@-256C CPU@51.156C SOC2@50.843C SOC0@48.937C CV1@-256C GPU@51.687C tj@51.718C SOC1@51.718C CV2@-256C
03-03-2026 09:36:12 RAM 2176/3425MB (lfb 2x2MB) SWAP 9/1713MB (cached 0MB) CPU [0%@1510,0%@1510,0%@1510,60%@1510,0%@1510,0%@1510] EMC_FREQ 0% GR3D_FREQ 86%@[0] CV0@-256C CPU@51.312C SOC2@50.843C SOC0@48.812C CV1@-256C GPU@51.468C tj@51.968C SOC1@51.968C CV2@-256C
03-03-2026 09:36:12 RAM 2176/3425MB (lfb 2x2MB) SWAP 9/1713MB (cached 0MB) CPU [0%@1510,0%@1510,0%@1510,50%@1510,0%@1510,0%@1510] EMC_FREQ 0% GR3D_FREQ 87%@[0] CV0@-256C CPU@51.25C SOC2@50.937C SOC0@48.968C CV1@-256C GPU@51.437C tj@51.687C SOC1@51.687C CV2@-256C
03-03-2026 09:36:12 RAM 2176/3425MB (lfb 2x2MB) SWAP 9/1713MB (cached 0MB) CPU [0%@1510,0%@1510,0%@1510,50%@1510,0%@1510,0%@1510] EMC_FREQ 0% GR3D_FREQ 86%@[0] CV0@-256C CPU@51.312C SOC2@50.812C SOC0@48.843C CV1@-256C GPU@51.531C tj@51.656C SOC1@51.687C CV2@-256C
03-03-2026 09:36:12 RAM 2176/3425MB (lfb 2x2MB) SWAP 9/1713MB (cached 0MB) CPU [0%@1510,50%@1510,0%@1510,33%@1510,0%@1510,0%@1510] EMC_FREQ 0% GR3D_FREQ 86%@[0] CV0@-256C CPU@51.375C SOC2@50.812C SOC0@48.906C CV1@-256C GPU@51.75C tj@51.75C SOC1@51.718C CV2@-256C
03-03-2026 09:36:12 RAM 2176/3425MB (lfb 2x2MB) SWAP 9/1713MB (cached 0MB) CPU [0%@1510,50%@1510,0%@1510,0%@1510,0%@1510,0%@1510] EMC_FREQ 0% GR3D_FREQ 87%@[0] CV0@-256C CPU@51.468C SOC2@50.906C SOC0@48.875C CV1@-256C GPU@51.812C tj@51.812C SOC1@51.718C CV2@-256C
03-03-2026 09:36:12 RAM 2176/3425MB (lfb 2x2MB) SWAP 9/1713MB (cached 0MB) CPU [0%@1510,57%@1510,0%@1510,0%@1510,0%@1510,0%@1510] EMC_FREQ 0% GR3D_FREQ 86%@[0] CV0@-256C CPU@51.468C SOC2@50.875C SOC0@48.75C CV1@-256C GPU@51.312C tj@51.843C SOC1@51.843C CV2@-256C
03-03-2026 09:36:12 RAM 2176/3425MB (lfb 2x2MB) SWAP 9/1713MB (cached 0MB) CPU [16%@1510,0%@1510,0%@1510,50%@1510,0%@1510,0%@1510] EMC_FREQ 0% GR3D_FREQ 86%@[0] CV0@-256C CPU@51.5C SOC2@50.968C SOC0@48.937C CV1@-256C GPU@51.437C tj@51.843C SOC1@51.843C CV2@-256C
03-03-2026 09:36:12 RAM 2176/3425MB (lfb 2x2MB) SWAP 9/1713MB (cached 0MB) CPU [0%@1510,0%@1510,0%@1510,40%@1510,0%@1510,0%@1510] EMC_FREQ 0% GR3D_FREQ 87%@[0] CV0@-256C CPU@51.375C SOC2@50.843C SOC0@48.812C CV1@-256C GPU@51.75C tj@51.937C SOC1@51.937C CV2@-256C
03-03-2026 09:36:12 RAM 2176/3425MB (lfb 2x2MB) SWAP 9/1713MB (cached 0MB) CPU [0%@1510,0%@1510,0%@1510,60%@1510,0%@1510,0%@1510] EMC_FREQ 0% GR3D_FREQ 87%@[0] CV0@-256C CPU@51.625C SOC2@50.937C SOC0@48.968C CV1@-256C GPU@51.406C tj@51.781C SOC1@51.781C CV2@-256C
03-03-2026 09:36:12 RAM 2176/3425MB (lfb 2x2MB) SWAP 9/1713MB (cached 0MB) CPU [0%@1510,0%@1510,0%@1510,50%@1510,0%@1510,0%@1510] EMC_FREQ 0% GR3D_FREQ 87%@[0] CV0@-256C CPU@51.406C SOC2@50.875C SOC0@48.843C CV1@-256C GPU@51.406C tj@51.718C SOC1@51.687C CV2@-256C
03-03-2026 09:36:12 RAM 2176/3425MB (lfb 2x2MB) SWAP 9/1713MB (cached 0MB) CPU [0%@1510,0%@1510,0%@1510,50%@1510,0%@1510,0%@1510] EMC_FREQ 0% GR3D_FREQ 86%@[0] CV0@-256C CPU@51.343C SOC2@50.781C SOC0@48.937C CV1@-256C GPU@51.531C tj@51.843C SOC1@51.843C CV2@-256C
03-03-2026 09:36:12 RAM 2176/3425MB (lfb 2x2MB) SWAP 9/1713MB (cached 0MB) CPU [0%@1510,0%@1510,0%@1510,50%@1510,0%@1510,0%@1510] EMC_FREQ 0% GR3D_FREQ 86%@[0] CV0@-256C CPU@51.562C SOC2@50.906C SOC0@48.875C CV1@-256C GPU@51.75C tj@51.75C SOC1@51.687C CV2@-256C
03-03-2026 09:36:12 RAM 2176/3425MB (lfb 2x2MB) SWAP 9/1713MB (cached 0MB) CPU [0%@1510,0%@1510,0%@1510,60%@1510,0%@1510,0%@1510] EMC_FREQ 0% GR3D_FREQ 86%@[0] CV0@-256C CPU@51.343C SOC2@50.906C SOC0@48.781C CV1@-256C GPU@51.687C tj@51.875C SOC1@51.875C CV2@-256C
03-03-2026 09:36:12 RAM 2176/3425MB (lfb 2x2MB) SWAP 9/1713MB (cached 0MB) CPU [0%@1510,0%@1510,0%@1510,50%@1510,0%@1510,0%@1510] EMC_FREQ 0% GR3D_FREQ 87%@[0] CV0@-256C CPU@51.156C SOC2@50.812C SOC0@48.906C CV1@-256C GPU@51.468C tj@51.687C SOC1@51.687C CV2@-256C
03-03-2026 09:36:12 RAM 2176/3425MB (lfb 2x2MB) SWAP 9/1713MB (cached 0MB) CPU [0%@1510,0%@1510,0%@1510,60%@1510,0%@1510,0%@1510] EMC_FREQ 0% GR3D_FREQ 86%@[0] CV0@-256C CPU@51.375C SOC2@50.781C SOC0@48.875C CV1@-256C GPU@51.593C tj@51.937C SOC1@51.937C CV2@-256C
03-03-2026 09:36:12 RAM 2176/3425MB (lfb 2x2MB) SWAP 9/1713MB (cached 0MB) CPU [0%@1510,0%@1510,0%@1510,40%@1510,0%@1510,0%@1510] EMC_FREQ 0% GR3D_FREQ 86%@[0] CV0@-256C CPU@51.156C SOC2@51C SOC0@49.031C CV1@-256C GPU@51.656C tj@51.75C SOC1@51.75C CV2@-256C
03-03-2026 09:36:12 RAM 2176/3425MB (lfb 2x2MB) SWAP 9/1713MB (cached 0MB) CPU [0%@1510,0%@1510,0%@1510,60%@1510,0%@1510,0%@1510] EMC_FREQ 0% GR3D_FREQ 86%@[0] CV0@-256C CPU@51.562C SOC2@50.875C SOC0@48.812C CV1@-256C GPU@51.906C tj@51.906C SOC1@51.656C CV2@-256C
03-03-2026 09:36:12 RAM 2176/3425MB (lfb 2x2MB) SWAP 9/1713MB (cached 0MB) CPU [0%@1510,0%@1510,0%@1510,50%@1510,0%@1510,0%@1510] EMC_FREQ 0% GR3D_FREQ 87%@[0] CV0@-256C CPU@51.312C SOC2@50.875C SOC0@49.031C CV1@-256C GPU@51.406C tj@51.781C SOC1@51.781C CV2@-256C
03-03-2026 09:36:13 RAM 2176/3425MB (lfb 2x2MB) SWAP 9/1713MB (cached 0MB) CPU [16%@1510,0%@1510,0%@1510,66%@1510,0%@1510,0%@1510] EMC_FREQ 0% GR3D_FREQ 87%@[0] CV0@-256C CPU@51.156C SOC2@50.812C SOC0@48.843C CV1@-256C GPU@51.5C tj@51.75C SOC1@51.75C CV2@-256C
03-03-2026 09:36:13 RAM 2176/3425MB (lfb 2x2MB) SWAP 9/1713MB (cached 0MB) CPU [0%@1510,0%@1510,16%@1510,50%@1510,0%@1510,0%@1510] EMC_FREQ 0% GR3D_FREQ 86%@[0] CV0@-256C CPU@51.156C SOC2@50.875C SOC0@48.718C CV1@-256C GPU@51.5C tj@51.937C SOC1@51.937C CV2@-256C
03-03-2026 09:36:13 RAM 2176/3425MB (lfb 2x2MB) SWAP 9/1713MB (cached 0MB) CPU [0%@1510,0%@1510,0%@1510,40%@1510,0%@1510,0%@1510] EMC_FREQ 0% GR3D_FREQ 86%@[0] CV0@-256C CPU@51.25C SOC2@50.875C SOC0@48.937C CV1@-256C GPU@52C tj@52C SOC1@51.687C CV2@-256C
03-03-2026 09:36:13 RAM 2176/3425MB (lfb 2x2MB) SWAP 9/1713MB (cached 0MB) CPU [0%@1510,0%@1510,0%@1510,66%@1510,0%@1510,0%@1510] EMC_FREQ 0% GR3D_FREQ 86%@[0] CV0@-256C CPU@51.25C SOC2@50.843C SOC0@48.75C CV1@-256C GPU@51.437C tj@51.968C SOC1@51.968C CV2@-256C
03-03-2026 09:36:13 RAM 2176/3425MB (lfb 2x2MB) SWAP 9/1713MB (cached 0MB) CPU [0%@1510,0%@1510,0%@1510,40%@1510,0%@1510,0%@1510] EMC_FREQ 0% GR3D_FREQ 86%@[0] CV0@-256C CPU@51.281C SOC2@50.906C SOC0@48.968C CV1@-256C GPU@51.5C tj@51.718C SOC1@51.718C CV2@-256C
03-03-2026 09:36:13 RAM 2176/3425MB (lfb 2x2MB) SWAP 9/1713MB (cached 0MB) CPU [0%@1510,0%@1510,0%@1510,60%@1510,0%@1510,0%@1510] EMC_FREQ 0% GR3D_FREQ 86%@[0] CV0@-256C CPU@51.312C SOC2@50.718C SOC0@48.875C CV1@-256C GPU@51.531C tj@51.687C SOC1@51.687C CV2@-256C
03-03-2026 09:36:13 RAM 2176/3425MB (lfb 2x2MB) SWAP 9/1713MB (cached 0MB) CPU [0%@1510,0%@1510,0%@1510,50%@1510,0%@1510,0%@1510] EMC_FREQ 0% GR3D_FREQ 87%@[0] CV0@-256C CPU@51.25C SOC2@50.75C SOC0@49.062C CV1@-256C GPU@51.656C tj@51.906C SOC1@51.906C CV2@-256C
03-03-2026 09:36:13 RAM 2176/3425MB (lfb 2x2MB) SWAP 9/1713MB (cached 0MB) CPU [0%@1510,0%@1510,0%@1510,50%@1510,0%@1510,0%@1510] EMC_FREQ 0% GR3D_FREQ 86%@[0] CV0@-256C CPU@51.406C SOC2@50.843C SOC0@48.843C CV1@-256C GPU@51.843C tj@51.843C SOC1@51.718C CV2@-256C
03-03-2026 09:36:13 RAM 2176/3425MB (lfb 2x2MB) SWAP 9/1713MB (cached 0MB) CPU [0%@1510,0%@1510,0%@1510,50%@1510,0%@1510,0%@1510] EMC_FREQ 0% GR3D_FREQ 87%@[0] CV0@-256C CPU@51.343C SOC2@50.812C SOC0@48.781C CV1@-256C GPU@51.625C tj@51.812C SOC1@51.812C CV2@-256C
