03-03-2026 15:25:10 RAM 1790/3425MB (lfb 71x1MB) SWAP 220/1713MB (cached 1MB) CPU [0%@1510,0%@1510,0%@1510,100%@1510,0%@1510,0%@1510] EMC_FREQ 0% GR3D_FREQ 85%@[0] CV0@-256C CPU@50.75C SOC2@49.968C SOC0@47.718C CV1@-256C GPU@50.5C tj@50.75C SOC1@50.687C CV2@-256C
03-03-2026 15:25:10 RAM 1790/3425MB (lfb 71x1MB) SWAP 220/1713MB (cached 1MB) CPU [0%@1510,0%@1510,0%@1510,83%@1510,0%@1510,0%@1510] EMC_FREQ 0% GR3D_FREQ 86%@[0] CV0@-256C CPU@50.468C SOC2@49.781C SOC0@47.687C CV1@-256C GPU@50.531C tj@50.875C SOC1@50.875C CV2@-256C
03-03-2026 15:25:10 RAM 1790/3425MB (lfb 71x1MB) SWAP 220/1713MB (cached 1MB) CPU [0%@1510,0%@1510,0%@1510,100%@1510,0%@1510,0%@1510] EMC_FREQ 0% GR3D_FREQ 85%@[0] CV0@-256C CPU@50.312C SOC2@49.937C SOC0@47.843C CV1@-256C GPU@50.593C tj@50.656C SOC1@50.656C CV2@-256C
03-03-2026 15:25:10 RAM 1790/3425MB (lfb 71x1MB) SWAP 220/1713MB (cached 1MB) CPU [0%@1510,0%@1510,0%@1510,80%@1510,0%@1510,0%@1510] EMC_FREQ 0% GR3D_FREQ 85%@[0] CV0@-256C CPU@50.593C SOC2@49.937C SOC0@47.656C CV1@-256C GPU@50.906C tj@50.937C SOC1@50.937C CV2@-256C
03-03-2026 15:25:10 RAM 1790/3425MB (lfb 71x1MB) SWAP 220/1713MB (cached 1MB) CPU [0%@1510,0%@1510,0%@1510,100%@1510,0%@1510,0%@1510] EMC_FREQ 0% GR3D_FREQ 85%@[0] CV0@-256C CPU@50.281C SOC2@49.906C SOC0@47.906C CV1@-256C GPU@50.375C tj@50.718C SOC1@50.718C CV2@-256C
03-03-2026 15:25:10 RAM 1790/3425MB (lfb 71x1MB) SWAP 220/1713MB (cached 1MB) CPU [0%@1510,0%@1510,0%@1510,100%@1510,0%@1510,0%@1510] EMC_FREQ 0% GR3D_FREQ 85%@[0] CV0@-256C CPU@50.843C SOC2@49.875C SOC0@47.812C CV1@-256C GPU@50.687C tj@50.843C SOC1@50.562C CV2@-256C
03-03-2026 15:25:10 RAM 1790/3425MB (lfb 71x1MB) SWAP 220/1713MB (cached 1MB) CPU [0%@1510,0%@1510,0%@1510,100%@1510,0%@1510,0%@1510] EMC_FREQ 0% GR3D_FREQ 85%@[0] CV0@-256C CPU@50.375C SOC2@49.812C SOC0@47.937C CV1@-256C GPU@50.781C tj@50.781C SOC1@50.781C CV2@-256C
03-03-2026 15:25:11 RAM 1790/3425MB (lfb 71x1MB) SWAP 220/1713MB (cached 1MB) CPU [0%@1510,0%@1510,0%@1510,85%@1510,0%@1510,0%@1510] EMC_FREQ 0% GR3D_FREQ 86%@[0] CV0@-256C CPU@50.312C SOC2@49.968C SOC0@47.843C CV1@-256C GPU@50.406C tj@50.625C SOC1@50.625C CV2@-256C
03-03-2026 15:25:11 RAM 1790/3425MB (lfb 71x1MB) SWAP 220/1713MB (cached 1MB) CPU [0%@1510,0%@1510,0%@1510,100%@1510,0%@1510,0%@1510] EMC_FREQ 0% GR3D_FREQ 86%@[0] CV0@-256C CPU@50.312C SOC2@49.875C SOC0@47.75C CV1@-256C GPU@50.468C tj@50.937C SOC1@50.937C CV2@-256C
03-03-2026 15:25:11 RAM 1790/3425MB (lfb 71x1MB) SWAP 220/1713MB (cached 1MB) CPU [0%@1510,0%@1510,0%@1510,100%@1510,0%@1510,0%@1510] EMC_FREQ 0% GR3D_FREQ 86%@[0] CV0@-256C CPU@50.375C SOC2@49.812C SOC0@47.906C CV1@-256C GPU@50.5C tj@50.687C SOC1@50.687C CV2@-256C
03-03-2026 15:25:11 RAM 1790/3425MB (lfb 71x1MB) SWAP 220/1713MB (cached 1MB) CPU [16%@1510,16%@1510,0%@1510,80%@1510,0%@1510,0%@1510] EMC_FREQ 0% GR3D_FREQ 86%@[0] CV0@-256C CPU@50.343C SOC2@49.875C SOC0@47.718C CV1@-256C GPU@50.531C tj@50.968C SOC1@50.968C CV2@-256C
03-03-2026 15:25:11 RAM 1790/3425MB (lfb 71x1MB) SWAP 220/1713MB (cached 1MB) CPU [0%@1510,0%@1510,0%@1510,100%@1510,0%@1510,0%@1510] EMC_FREQ 0% GR3D_FREQ 86%@[0] CV0@-256C CPU@50.343C SOC2@49.937C SOC0@48C CV1@-256C GPU@50.718C tj@50.718C SOC1@50.812C CV2@-256C
03-03-2026 15:25:11 RAM 1790/3425MB (lfb 71x1MB) SWAP 220/1713MB (cached 1MB) CPU [0%@1510,0%@1510,0%@1510,100%@1510,0%@1510,0%@1510] EMC_FREQ 0% GR3D_FREQ 86%@[0] CV0@-256C CPU@50.5C SOC2@49.843C SOC0@47.812C CV1@-256C GPU@50.468C tj@50.562C SOC1@50.562C CV2@-256C
03-03-2026 15:25:11 RAM 1790/3425MB (lfb 71x1MB) SWAP 220/1713MB (cached 1MB) CPU [0%@1510,0%@1510,0%@1510,100%@1510,0%@1510,0%@1510] EMC_FREQ 0% GR3D_FREQ 85%@[0] CV0@-256C CPU@50.406C SOC2@49.812C SOC0@47.875C CV1@-256C GPU@50.625C tj@50.812C SOC1@50.812C CV2@-256C
03-03-2026 15:25:11 RAM 1790/3425MB (lfb 71x1MB) SWAP 220/1713MB (cached 1MB) CPU [0%@1510,0%@1510,0%@1510,83%@1510,0%@1510,0%@1510] EMC_FREQ 0% GR3D_FREQ 86%@[0] CV0@-256C CPU@50.531C SOC2@49.875C SOC0@47.781C CV1@-256C GPU@50.656C tj@50.656C SOC1@50.625C CV2@-256C
03-03-2026 15:25:11 RAM 1790/3425MB (lfb 71x1MB) SWAP 220/1713MB (cached 1MB) CPU [0%@1510,16%@1510,0%@1510,100%@1510,0%@1510,0%@1510] EMC_FREQ 0% GR3D_FREQ 86%@[0] CV0@-256C CPU@50.406C SOC2@49.812C SOC0@47.781C CV1@-256C GPU@50.812C tj@50.875C SOC1@50.875C CV2@-256C
03-03-2026 15:25:11 RAM 1790/3425MB (lfb 71x1MB) SWAP 220/1713MB (cached 1MB) CPU [0%@1510,0%@1510,0%@1510,100%@1510,0%@1510,0%@1510] EMC_FREQ 0% GR3D_FREQ 86%@[0] CV0@-256C CPU@50.656C SOC2@49.906C SOC0@47.843C CV1@-256C GPU@50.375C tj@50.718C SOC1@50.718C CV2@-256C
03-03-2026 15:25:11 RAM 1790/3425MB (lfb 71x1MB) SWAP 220/1713MB (cached 1MB) CPU [0%@1510,0%@1510,16%@1510,83%@1510,0%@1510,0%@1510] EMC_FREQ 0% GR3D_FREQ 85%@[0] CV0@-256C CPU@50.437C SOC2@49.906C SOC0@47.75C CV1@-256C GPU@50.406C tj@51C SOC1@51C CV2@-256C
03-03-2026 15:25:11 RAM 1790/3425MB (lfb 71x1MB) SWAP 220/1713MB (cached 1MB) CPU [0%@1510,0%@1510,0%@1510,100%@1510,0%@1510,0%@1510] EMC_FREQ 0% GR3D_FREQ 86%@[0] CV0@-256C CPU@50.25C SOC2@50.062C SOC0@47.906C CV1@-256C GPU@50.468C tj@50.875C SOC1@50.687C CV2@-256C
03-03-2026 15:25:11 RAM 1790/3425MB (lfb 71x1MB) SWAP 220/1713MB (cached 1MB) CPU [0%@1510,0%@1510,0%@1510,100%@1510,0%@1510,0%@1510] EMC_FREQ 0% GR3D_FREQ 85%@[0] CV0@-256C CPU@50.562C SOC2@49.937C SOC0@47.812C CV1@-256C GPU@51.031C tj@51.031C SOC1@50.625C CV2@-256C
03-03-2026 15:25:11 RAM 1790/3425MB (lfb 71x1MB) SWAP 220/1713MB (cached 1MB) CPU [16%@1510,0%@1510,0%@1510,80%@1510,0%@1510,0%@1510] EMC_FREQ 0% GR3D_FREQ 86%@[0] CV0@-256C CPU@50.187C SOC2@49.843C SOC0@48C CV1@-256C GPU@50.343C tj@50.812C SOC1@50.812C CV2@-256C
03-03-2026 15:25:11 RAM 1790/3425MB (lfb 71x1MB) SWAP 220/1713MB (cached 1MB) CPU [0%@1510,0%@1510,0%@1510,100%@1510,0%@1510,0%@1510] EMC_FREQ 0% GR3D_FREQ 86%@[0] CV0@-256C CPU@50.687C SOC2@49.968C SOC0@47.812C CV1@-256C GPU@50.531C tj@50.75C SOC1@50.75C CV2@-256C
03-03-2026 15:25:11 RAM 1790/3425MB (lfb 71x1MB) SWAP 220/1713MB (cached 1MB) CPU [0%@1510,0%@1510,0%@1510,100%@1510,0%@1510,0%@1510] EMC_FREQ 0% GR3D_FREQ 85%@[0] CV0@-256C CPU@50.375C SOC2@49.843C SOC0@47.781C CV1@-256C GPU@50.562C tj@50.781C SOC1@50.781C CV2@-256C
03-03-2026 15:25:11 RAM 1790/3425MB (lfb 71x1MB) SWAP 220/1713MB (cached 1MB) CPU [0%@1510,0%@1510,0%@1510,100%@1510,0%@1510,0%@1510] EMC_FREQ 0% GR3D_FREQ 86%@[0] CV0@-256C CPU@50.281C SOC2@49.937C SOC0@47.843C CV1@-256C GPU@50.718C tj@50.718C SOC1@50.687C CV2@-256C
03-03-2026 15:25:11 RAM 1790/3425MB (lfb 71x1MB) SWAP 220/1713MB (cached 1MB) CPU [0%@1510,0%@1510,0%@1510,83%@1510,0%@1510,0%@1510] EMC_FREQ 0% GR3D_FREQ 86%@[0] CV0@-256C CPU@50.468C SOC2@49.875C SOC0@47.75C CV1@-256C GPU@50.812C tj@50.843C SOC1@50.906C CV2@-256C
03-03-2026 15:25:11 RAM 1790/3425MB (lfb 71x1MB) SWAP 220/1713MB (cached 1MB) CPU [0%@1510,0%@1510,0%@1510,100%@1510,0%@1510,0%@1510] EMC_FREQ 0% GR3D_FREQ 85%@[0] CV0@-256C CPU@50.281C SOC2@49.937C SOC0@47.937C CV1@-256C GPU@50.468C tj@50.75C SOC1@50.75C CV2@-256C
03-03-2026 15:25:12 RAM 1790/3425MB (lfb 71x1MB) SWAP 220/1713MB (cached 1MB) CPU [0%@1510,0%@1510,0%@1510,100%@1510,0%@1510,0%@1510] EMC_FREQ 0% GR3D_FREQ 85%@[0] CV0@-256C CPU@50.406C SOC2@49.937C SOC0@47.781C CV1@-256C GPU@50.593C tj@50.625C SOC1@50.625C CV2@-256C
03-03-2026 15:25:12 RAM 1790/3425MB (lfb 71x1MB) SWAP 220/1713MB (cached 1MB) CPU [0%@1510,0%@1510,0%@1510,83%@1510,0%@1510,0%@1510] EMC_FREQ 0% GR3D_FREQ 86%@[0] CV0@-256C CPU@50.437C SOC2@49.906C SOC0@47.937C CV1@-256C GPU@50.875C tj@50.875C SOC1@50.718C CV2@-256C
03-03-2026 15:25:12 RAM 1790/3425MB (lfb 71x1MB) SWAP 220/1713MB (cached 1MB) CPU [0%@1510,0%@1510,0%@1510,100%@1510,0%@1510,0%@1510] EMC_FREQ 0% GR3D_FREQ 86%@[0] CV0@-256C CPU@50.5C SOC2@49.968C SOC0@47.812C CV1@-256C GPU@51.031C tj@51.031C SOC1@50.687C CV2@-256C
03-03-2026 15:25:12 RAM 1790/3425MB (lfb 71x1MB) SWAP 220/1713MB (cached 1MB) CPU [0%@1510,0%@1510,0%@1510,100%@1510,0%@1510,0%@1510] EMC_FREQ 0% GR3D_FREQ 86%@[0] CV0@-256C CPU@50.375C SOC2@49.875C SOC0@48C CV1@-256C GPU@50.406C tj@50.812C SOC1@50.812C CV2@-256C
03-03-2026 15:25:12 RAM 1790/3425MB (lfb 71x1MB) SWAP 220/1713MB (cached 1MB) CPU [0%@1510,0%@1510,0%@1510,83%@1510,0%@1510,0%@1510] EMC_FREQ 0% GR3D_FREQ 86%@[0] CV0@-256C CPU@50.5C SOC2@50.031C SOC0@47.875C CV1@-256C GPU@50.437C tj@50.687C SOC1@50.687C CV2@-256C
03-03-2026 15:25:12 RAM 1790/3425MB (lfb 71x1MB) SWAP 220/1713MB (cached 1MB) CPU [0%@1510,0%@1510,0%@1510,100%@1510,0%@1510,0%@1510] EMC_FREQ 0% GR3D_FREQ 86%@[0] CV0@-256C CPU@50.468C SOC2@49.968C SOC0@47.781C CV1@-256C GPU@50.593C tj@50.875C SOC1@50.875C CV2@-256C
03-03-2026 15:25:12 RAM 1790/3425MB (lfb 71x1MB) SWAP 220/1713MB (cached 1MB) CPU [0%@1510,0%@1510,0%@1510,100%@1510,0%@1510,0%@1510] EMC_FREQ 0% GR3D_FREQ 86%@[0] CV0@-256C CPU@50.625C SOC2@50.031C SOC0@47.968C CV1@-256C GPU@50.406C tj@50.75C SOC1@50.75C CV2@-256C
03-03-2026 15:25:12 RAM 1790/3425MB (lfb 71x1MB) SWAP 220/1713MB (cached 1MB) CPU [0%@1510,0%@1510,0%@1510,100%@1510,0%@1510,0%@1510] EMC_FREQ 0% GR3D_FREQ 86%@[0] CV0@-256C CPU@50.5C SOC2@49.875C SOC0@47.843C CV1@-256C GPU@50.531C tj@50.968C SOC1@50.968C CV2@-256C
03-03-2026 15:25:12 RAM 1790/3425MB (lfb 71x1MB) SWAP 220/1713MB (cached 1MB) CPU [14%@1510,0%@1510,0%@1510,80%@1510,0%@1510,0%@1510] EMC_FREQ 0% GR3D_FREQ 86%@[0] CV0@-256C CPU@50.843C SOC2@50.031C SOC0@48C CV1@-256C GPU@50.656C tj@50.718C SOC1@50.718C CV2@-256C
03-03-2026 15:25:12 RAM 1790/3425MB (lfb 71x1MB) SWAP 220/1713MB (cached 1MB) CPU [0%@1510,0%@1510,0%@1510,100%@1510,0%@1510,0%@1510] EMC_FREQ 0% GR3D_FREQ 86%@[0] CV0@-256C CPU@50.562C SOC2@49.937C SOC0@47.843C CV1@-256C GPU@50.656C tj@50.656C SOC1@50.656C CV2@-256C
03-03-2026 15:25:12 RAM 1790/3425MB (lfb 71x1MB) SWAP 220/1713MB (cached 1MB) CPU [0%@1510,0%@1510,0%@1510,100%@1510,0%@1510,0%@1510] EMC_FREQ 0% GR3D_FREQ 86%@[0] CV0@-256C CPU@50.281C SOC2@50C SOC0@48.062C CV1@-256C GPU@50.843C tj@50.906C SOC1@50.906C CV2@-256C
03-03-2026 15:25:12 RAM 1790/3425MB (lfb 71x1MB) SWAP 220/1713MB (cached 1MB) CPU [0%@1510,16%@1510,0%@1510,80%@1510,0%@1510,0%@1510] EMC_FREQ 0% GR3D_FREQ 86%@[0] CV0@-256C CPU@50.687C SOC2@49.875C SOC0@47.875C CV1@-256C GPU@51.093C tj@51.093C SOC1@50.687C CV2@-256C
03-03-2026 15:25:12 RAM 1790/3425MB (lfb 71x1MB) SWAP 220/1713MB (cached 1MB) CPU [0%@1510,0%@1510,0%@1510,100%@1510,0%@1510,0%@1510] EMC_FREQ 0% GR3D_FREQ 86%@[0] CV0@-256C CPU@50.5C SOC2@49.937C SOC0@47.718C CV1@-256C GPU@50.468C tj@50.906C SOC1@50.906C CV2@-256C
03-03-2026 15:25:12 RAM 1790/3425MB (lfb 71x1MB) SWAP 220/1713MB (cached 1MB) CPU [0%@1510,0%@1510,0%@1510,100%@1510,0%@1510,0%@1510] EMC_FREQ 0% GR3D_FREQ 86%@[0] CV0@-256C CPU@50.875C SOC2@50C SOC0@47.906C CV1@-256C GPU@50.843C tj@50.875C SOC1@50.75C CV2@-256C
03-03-2026 15:25:12 RAM 1790/3425MB (lfb 71x1MB) SWAP 220/1713MB (cached 1MB) CPU [0%@1510,0%@1510,0%@1510,83%@1510,0%@1510,0%@1510] EMC_FREQ 0% GR3D_FREQ 86%@[0] CV0@-256C CPU@50.656C SOC2@49.937C SOC0@47.718C CV1@-256C GPU@51.031C tj@51.062C SOC1@51.062C CV2@-256C
03-03-2026 15:25:12 RAM 1790/3425MB (lfb 71x1MB) SWAP 220/1713MB (cached 1MB) CPU [0%@1510,0%@1510,0%@1510,100%@1510,0%@1510,0%@1510] EMC_FREQ 0% GR3D_FREQ 85%@[0] CV0@-256C CPU@50.312C SOC2@49.968C SOC0@48C CV1@-256C GPU@50.437C tj@50.75C SOC1@50.75C CV2@-256C
03-03-2026 15:25:12 RAM 1790/3425MB (lfb 71x1MB) SWAP 220/1713MB (cached 1MB) CPU [0%@1510,0%@1510,0%@1510,100%@1510,0%@1510,0%@1510] EMC_FREQ 0% GR3D_FREQ 86%@[0] CV0@-256C CPU@50.812C SOC2@49.968C SOC0@47.812C CV1@-256C GPU@50.5C tj@50.812C SOC1@50.687C CV2@-256C
03-03-2026 15:25:12 RAM 1790/3425MB (lfb 71x1MB) SWAP 220/1713MB (cached 1MB) CPU [0%@1510,0%@1510,0%@1510,100%@1510,0%@1510,0%@1510] EMC_FREQ 0% GR3D_FREQ 85%@[0] CV0@-256C CPU@50.375C SOC2@50.093C SOC0@48C CV1@-256C GPU@50.625C tj@50.843C SOC1@50.843C CV2@-256C
03-03-2026 15:25:12 RAM 1790/3425MB (lfb 71x1MB) SWAP 220/1713MB (cached 1MB) CPU [0%@1510,0%@1510,0%@1510,83%@1510,0%@1510,0%@1510] EMC_FREQ 0% GR3D_FREQ 86%@[0] CV0@-256C CPU@50.375C SOC2@49.875C SOC0@47.812C CV1@-256C GPU@50.687C tj@50.687C SOC1@50.687C CV2@-256C
03-03-2026 15:25:13 RAM 1790/3425MB (lfb 71x1MB) SWAP 220/1713MB (cached 1MB) CPU [0%@1510,0%@1510,0%@1510,100%@1510,0%@1510,0%@1510] EMC_FREQ 0% GR3D_FREQ 86%@[0] CV0@-256C CPU@50.437C SOC2@49.937C SOC0@47.812C CV1@-256C GPU@50.906C tj@50.937C SOC1@50.937C CV2@-256C
03-03-2026 15:25:13 RAM 1790/3425MB (lfb 71x1MB) SWAP 220/1713MB (cached 1MB) CPU [0%@1510,0%@1510,0%@1510,100%@1510,0%@1510,0%@1510] EMC_FREQ 0% GR3D_FREQ 85%@[0] CV0@-256C CPU@50.437C SOC2@49.968C SOC0@47.843C CV1@-256C GPU@50.656C tj@50.687C SOC1@50.687C CV2@-256C
03-03-2026 15:25:13 RAM 1790/3425MB (lfb 71x1MB) SWAP 220/1713MB (cached 1MB) CPU [0%@1510,0%@1510,0%@1510,83%@1510,0%@1510,0%@1510] EMC_FREQ 0% GR3D_FREQ 85%@[0] CV0@-256C CPU@50.437C SOC2@49.937C SOC0@47.812C CV1@-256C GPU@50.656C tj@51C SOC1@51C CV2@-256C
03-03-2026 15:25:13 RAM 1790/3425MB (lfb 71x1MB) SWAP 220/1713MB (cached 1MB) CPU [0%@1510,0%@1510,0%@1510,100%@1510,0%@1510,0%@1510] EMC_FREQ 0% GR3D_FREQ 85%@[0] CV0@-256C CPU@50.406C SOC2@49.937C SOC0@47.937C CV1@-256C GPU@50.843C tj@50.843C SOC1@50.812C CV2@-256C
03-03-2026 15:25:13 RAM 1790/3425MB (lfb 71x1MB) SWAP 220/1713MB (cached 1MB) CPU [0%@1510,0%@1510,0%@1510,100%@1510,0%@1510,0%@1510] EMC_FREQ 0% GR3D_FREQ 86%@[0] CV0@-256C CPU@50.468C SOC2@49.906C SOC0@47.781C CV1@-256C GPU@51.062C tj@51.062C SOC1@50.687C CV2@-256C
03-03-2026 15:25:13 RAM 1790/3425MB (lfb 71x1MB) SWAP 220/1713MB (cached 1MB) CPU [0%@1510,0%@1510,0%@1510,83%@1510,0%@1510,0%@1510] EMC_FREQ 0% GR3D_FREQ 86%@[0] CV0@-256C CPU@50.468C SOC2@50.031C SOC0@47.968C CV1@-256C GPU@50.468C tj@50.75C SOC1@50.75C CV2@-256C
03-03-2026 15:25:13 RAM 1790/3425MB (lfb 71x1MB) SWAP 220/1713MB (cached 1MB) CPU [0%@1510,0%@1510,0%@1510,100%@1510,0%@1510,0%@1510] EMC_FREQ 0% GR3D_FREQ 86%@[0] CV0@-256C CPU@50.562C SOC2@49.968C SOC0@47.812C CV1@-256C GPU@50.531C tj@50.718C SOC1@50.718C CV2@-256C
03-03-2026 15:25:13 RAM 1790/3425MB (lfb 71x1MB) SWAP 220/1713MB (cached 1MB) CPU [0%@1510,0%@1510,0%@1510,100%@1510,0%@1510,0%@1510] EMC_FREQ 0% GR3D_FREQ 86%@[0] CV0@-256C CPU@50.437C SOC2@49.843C SOC0@47.75C CV1@-256C GPU@50.593C tj@50.875C SOC1@50.906C CV2@-256C
03-03-2026 15:25:13 RAM 1790/3425MB (lfb 71x1MB) SWAP 220/1713MB (cached 1MB) CPU [0%@1510,0%@1510,0%@1510,100%@1510,0%@1510,0%@1510] EMC_FREQ 0% GR3D_FREQ 86%@[0] CV0@-256C CPU@50.718C SOC2@50.031C SOC0@47.875C CV1@-256C GPU@50.5C tj@50.718C SOC1@50.718C CV2@-256C
03-03-2026 15:25:13 RAM 1790/3425MB (lfb 71x1MB) SWAP 220/1713MB (cached 1MB) CPU [0%@1510,0%@1510,0%@1510,83%@1510,0%@1510,0%@1510] EMC_FREQ 0% GR3D_FREQ 85%@[0] CV0@-256C CPU@50.531C SOC2@49.875C SOC0@47.781C CV1@-256C GPU@50.5C tj@51.031C SOC1@51.031C CV2@-256C
03-03-2026 15:25:13 RAM 1790/3425MB (lfb 71x1MB) SWAP 220/1713MB (cached 1MB) CPU [0%@1510,0%@1510,0%@1510,100%@1510,0%@1510,0%@1510] EMC_FREQ 0% GR3D_FREQ 85%@[0] CV0@-256C CPU@50.781C SOC2@50C SOC0@48.031C CV1@-256C GPU@50.593C tj@50.781C SOC1@50.718C CV2@-256C
03-03-2026 15:25:13 RAM 1790/3425MB (lfb 71x1MB) SWAP 220/1713MB (cached 1MB) CPU [0%@1510,0%@1510,0%@1510,100%@1510,0%@1510,0%@1510] EMC_FREQ 0% GR3D_FREQ 86%@[0] CV0@-256C CPU@50.593C SOC2@49.937C SOC0@47.906C CV1@-256C GPU@50.75C tj@50.75C SOC1@50.687C CV2@-256C
03-03-2026 15:25:13 RAM 1790/3425MB (lfb 71x1MB) SWAP 220/1713MB (cached 1MB) CPU [0%@1510,0%@1510,0%@1510,83%@1510,0%@1510,0%@1510] EMC_FREQ 0% GR3D_FREQ 86%@[0] CV0@-256C CPU@50.281C SOC2@49.937C SOC0@48C CV1@-256C GPU@50.875C tj@50.875C SOC1@50.781C CV2@-256C
03-03-2026 15:25:13 RAM 1790/3425MB (lfb 71x1MB) SWAP 220/1713MB (cached 1MB) CPU [0%@1510,16%@1510,0%@1510,100%@1510,0%@1510,0%@1510] EMC_FREQ 0% GR3D_FREQ 86%@[0] CV0@-256C CPU@50.75C SOC2@49.875C SOC0@47.843C CV1@-256C GPU@51.093C tj@51.093C SOC1@50.718C CV2@-256C
03-03-2026 15:25:13 RAM 1790/3425MB (lfb 71x1MB) SWAP 220/1713MB (cached 1MB) CPU [0%@1510,0%@1510,0%@1510,100%@1510,0%@1510,0%@1510] EMC_FREQ 0% GR3D_FREQ 86%@[0] CV0@-256C CPU@50.375C SOC2@49.843C SOC0@48.062C CV1@-256C GPU@50.5C tj@50.781C SOC1@50.781C CV2@-256C
03-03-2026 15:25:13 RAM 1790/3425MB (lfb 71x1MB) SWAP 220/1713MB (cached 1MB) CPU [0%@1510,0%@1510,0%@1510,100%@1510,0%@1510,0%@1510] EMC_FREQ 0% GR3D_FREQ 86%@[0] CV0@-256C CPU@50.937C SOC2@49.968C SOC0@47.906C CV1@-256C GPU@50.875C tj@50.937C SOC1@50.718C CV2@-256C
03-03-2026 15:25:13 RAM 1790/3425MB (lfb 71x1MB) SWAP 220/1713MB (cached 1MB) CPU [0%@1510,0%@1510,0%@1510,83%@1510,0%@1510,0%@1510] EMC_FREQ 0% GR3D_FREQ 86%@[0] CV0@-256C CPU@50.343C SOC2@50C SOC0@47.781C CV1@-256C GPU@51.031C tj@51.031C SOC1@50.875C CV2@-256C
03-03-2026 15:25:13 RAM 1790/3425MB (lfb 71x1MB) SWAP 220/1713MB (cached 1MB) CPU [16%@1510,0%@1510,0%@1510,100%@1510,0%@1510,0%@1510] EMC_FREQ 0% GR3D_FREQ 86%@[0] CV0@-256C CPU@50.343C SOC2@49.968C SOC0@47.875C CV1@-256C GPU@50.343C tj@50.781C SOC1@50.781C CV2@-256C
03-03-2026 15:25:13 RAM 1790/3425MB (lfb 71x1MB) SWAP 220/1713MB (cached 1MB) CPU [0%@1510,0%@1510,0%@1510,100%@1510,0%@1510,0%@1510] EMC_FREQ 0% GR3D_FREQ 86%@[0] CV0@-256C CPU@50.468C SOC2@49.906C SOC0@47.812C CV1@-256C GPU@50.531C tj@50.968C SOC1@50.687C CV2@-256C
03-03-2026 15:25:14 RAM 1790/3425MB (lfb 71x1MB) SWAP 220/1713MB (cached 1MB) CPU [0%@1510,0%@1510,0%@1510,83%@1510,0%@1510,0%@1510] EMC_FREQ 0% GR3D_FREQ 86%@[0] CV0@-256C CPU@50.375C SOC2@50.093C SOC0@48C CV1@-256C GPU@50.687C tj@50.875C SOC1@50.875C CV2@-256C
03-03-2026 15:25:14 RAM 1790/3425MB (lfb 71x1MB) SWAP 220/1713MB (cached 1MB) CPU [0%@1510,0%@1510,0%@1510,100%@1510,0%@1510,0%@1510] EMC_FREQ 0% GR3D_FREQ 86%@[0] CV0@-256C CPU@50.5C SOC2@49.968C SOC0@47.843C CV1@-256C GPU@50.718C tj@50.718C SOC1@50.687C CV2@-256C
03-03-2026 15:25:14 RAM 1790/3425MB (lfb 71x1MB) SWAP 220/1713MB (cached 1MB) CPU [0%@1510,0%@1510,0%@1510,100%@1510,0%@1510,0%@1510] EMC_FREQ 0% GR3D_FREQ 86%@[0] CV0@-256C CPU@50.468C SOC2@49.906C SOC0@48.031C CV1@-256C GPU@50.531C tj@50.75C SOC1@50.75C CV2@-256C
03-03-2026 15:25:14 RAM 1790/3425MB (lfb 71x1MB) SWAP 220/1713MB (cached 1MB) CPU [0%@1510,0%@1510,0%@1510,83%@1510,0%@1510,0%@1510] EMC_FREQ 0% GR3D_FREQ 85%@[0] CV0@-256C CPU@50.531C SOC2@50C SOC0@47.812C CV1@-256C GPU@50.656C tj@50.687C SOC1@50.687C CV2@-256C
03-03-2026 15:25:14 RAM 1790/3425MB (lfb 71x1MB) SWAP 220/1713MB (cached 1MB) CPU [0%@1510,0%@1510,0%@1510,100%@1510,0%@1510,0%@1510] EMC_FREQ 0% GR3D_FREQ 86%@[0] CV0@-256C CPU@50.406C SOC2@49.906C SOC0@47.781C CV1@-256C GPU@50.718C tj@50.906C SOC1@50.906C CV2@-256C
03-03-2026 15:25:14 RAM 1790/3425MB (lfb 71x1MB) SWAP 220/1713MB (cached 1MB) CPU [0%@1510,0%@1510,0%@1510,100%@1510,0%@1510,0%@1510] EMC_FREQ 0% GR3D_FREQ 86%@[0] CV0@-256C CPU@50.593C SOC2@50.031C SOC0@47.906C CV1@-256C GPU@50.875C tj@50.875C SOC1@50.75C CV2@-256C
03-03-2026 15:25:14 RAM 1790/3425MB (lfb 71x1MB) SWAP 220/1713MB (cached 1MB) CPU [0%@1510,0%@1510,0%@1510,80%@1510,0%@1510,0%@1510] EMC_FREQ 0% GR3D_FREQ 86%@[0] CV0@-256C CPU@50.5C SOC2@49.937C SOC0@47.812C CV1@-256C GPU@51C tj@51C SOC1@50.968C CV2@-256C
03-03-2026 15:25:14 RAM 1790/3425MB (lfb 71x1MB) SWAP 220/1713MB (cached 1MB) CPU [0%@1510,0%@1510,0%@1510,100%@1510,0%@1510,0%@1510] EMC_FREQ 0% GR3D_FREQ 86%@[0] CV0@-256C CPU@50.812C SOC2@50C SOC0@47.968C CV1@-256C GPU@50.5C tj@50.843C SOC1@50.843C CV2@-256C
03-03-2026 15:25:14 RAM 1790/3425MB (lfb 71x1MB) SWAP 220/1713MB (cached 1MB) CPU [0%@1510,0%@1510,0%@1510,100%@1510,0%@1510,0%@1510] EMC_FREQ 0% GR3D_FREQ 85%@[0] CV0@-256C CPU@50.562C SOC2@49.906C SOC0@47.906C CV1@-256C GPU@50.625C tj@51C SOC1@51C CV2@-256C
03-03-2026 15:25:14 RAM 1790/3425MB (lfb 71x1MB) SWAP 220/1713MB (cached 1MB) CPU [0%@1510,0%@1510,0%@1510,100%@1510,0%@1510,0%@1510] EMC_FREQ 0% GR3D_FREQ 85%@[0] CV0@-256C CPU@50.343C SOC2@50.062C SOC0@48C CV1@-256C GPU@51.031C tj@51.031C SOC1@50.718C CV2@-256C
03-03-2026 15:25:14 RAM 1790/3425MB (lfb 71x1MB) SWAP 220/1713MB (cached 1MB) CPU [0%@1510,14%@1510,0%@1510,80%@1510,0%@1510,0%@1510] EMC_FREQ 0% GR3D_FREQ 86%@[0] CV0@-256C CPU@50.687C SOC2@49.937C SOC0@47.875C CV1@-256C GPU@50.531C tj@50.687C SOC1@50.687C CV2@-256C
03-03-2026 15:25:14 RAM 1790/3425MB (lfb 71x1MB) SWAP 220/1713MB (cached 1MB) CPU [0%@1510,0%@1510,0%@1510,100%@1510,0%@1510,0%@1510] EMC_FREQ 0% GR3D_FREQ 86%@[0] CV0@-256C CPU@50.5C SOC2@49.968C SOC0@47.968C CV1@-256C GPU@50.625C tj@50.875C SOC1@50.875C CV2@-256C
03-03-2026 15:25:14 RAM 1790/3425MB (lfb 71x1MB) SWAP 220/1713MB (cached 1MB) CPU [0%@1510,0%@1510,0%@1510,100%@1510,0%@1510,0%@1510] EMC_FREQ 0% GR3D_FREQ 86%@[0] CV0@-256C CPU@50.718C SOC2@50.031C SOC0@47.937C CV1@-256C GPU@50.625C tj@50.75C SOC1@50.75C CV2@-256C
03-03-2026 15:25:14 RAM 1790/3425MB (lfb 71x1MB) SWAP 220/1713MB (cached 1MB) CPU [0%@1510,0%@1510,0%@1510,83%@1510,0%@1510,0%@1510] EMC_FREQ 0% GR3D_FREQ 86%@[0] CV0@-256C CPU@50.625C SOC2@49.968C SOC0@47.843C CV1@-256C GPU@50.75C tj@50.906C SOC1@50.906C CV2@-256C
03-03-2026 15:25:14 RAM 1790/3425MB (lfb 71x1MB) SWAP 220/1713MB (cached 1MB) CPU [0%@1510,0%@1510,0%@1510,100%@1510,0%@1510,0%@1510] EMC_FREQ 0% GR3D_FREQ 86%@[0] CV0@-256C CPU@50.312C SOC2@49.968C SOC0@48C CV1@-256C GPU@50.843C tj@50.843C SOC1@50.781C CV2@-256C
03-03-2026 15:25:14 RAM 1790/3425MB (lfb 71x1MB) SWAP 220/1713MB (cached 1MB) CPU [0%@1510,0%@1510,0%@1510,100%@1510,0%@1510,0%@1510] EMC_FREQ 0% GR3D_FREQ 86%@[0] CV0@-256C CPU@50.687C SOC2@49.968C SOC0@47.843C CV1@-256C GPU@51.062C tj@51.031C SOC1@51.031C CV2@-256C
03-03-2026 15:25:14 RAM 1790/3425MB (lfb 71x1MB) SWAP 220/1713MB (cached 1MB) CPU [0%@1510,0%@1510,0%@1510,83%@1510,0%@1510,0%@1510] EMC_FREQ 0% GR3D_FREQ 86%@[0] CV0@-256C CPU@50.437C SOC2@50.062C SOC0@48.031C CV1@-256C GPU@50.718C tj@50.781C SOC1@50.781C CV2@-256C
03-03-2026 15:25:14 RAM 1790/3425MB (lfb 71x1MB) SWAP 220/1713MB (cached 1MB) CPU [0%@1510,0%@1510,0%@1510,100%@1510,0%@1510,0%@1510] EMC_FREQ 0% GR3D_FREQ 85%@[0] CV0@-256C CPU@50.875C SOC2@50.031C SOC0@47.875C CV1@-256C GPU@50.937C tj@50.937C SOC1@50.687C CV2@-256C
03-03-2026 15:25:14 RAM 1790/3425MB (lfb 71x1MB) SWAP 220/1713MB (cached 1MB) CPU [0%@1510,0%@1510,0%@1510,100%@1510,0%@1510,0%@1510] EMC_FREQ 0% GR3D_FREQ 86%@[0] CV0@-256C CPU@50.437C SOC2@50C SOC0@48.093C CV1@-256C GPU@51.093C tj@51.093C SOC1@50.843C CV2@-256C
03-03-2026 15:25:14 RAM 1790/3425MB (lfb 71x1MB) SWAP 220/1713MB (cached 1MB) CPU [0%@1510,0%@1510,0%@1510,100%@1510,0%@1510,0%@1510] EMC_FREQ 0% GR3D_FREQ 86%@[0] CV0@-256C CPU@50.406C SOC2@50.031C SOC0@47.968C CV1@-256C GPU@50.562C tj@50.687C SOC1@50.687C CV2@-256C
03-03-2026 15:25:15 RAM 1790/3425MB (lfb 71x1MB) SWAP 220/1713MB (cached 1MB) CPU [0%@1510,0%@1510,0%@1510,80%@1510,0%@1510,0%@1510] EMC_FREQ 0% GR3D_FREQ 86%@[0] CV0@-256C CPU@50.343C SOC2@49.968C SOC0@47.812C CV1@-256C GPU@50.625C tj@51C SOC1@51C CV2@-256C
03-03-2026 15:25:15 RAM 1790/3425MB (lfb 71x1MB) SWAP 220/1713MB (cached 1MB) CPU [0%@1510,0%@1510,0%@1510,100%@1510,0%@1510,0%@1510] EMC_FREQ 0% GR3D_FREQ 86%@[0] CV0@-256C CPU@50.343C SOC2@50.031C SOC0@47.968C CV1@-256C GPU@50.687C tj@50.781C SOC1@50.781C CV2@-256C
03-03-2026 15:25:15 RAM 1790/3425MB (lfb 71x1MB) SWAP 220/1713MB (cached 1MB) CPU [0%@1510,0%@1510,0%@1510,100%@1510,0%@1510,0%@1510] EMC_FREQ 0% GR3D_FREQ 86%@[0] CV0@-256C CPU@50.406C SOC2@49.968C SOC0@47.906C CV1@-256C GPU@50.5C tj@51.031C SOC1@51.031C CV2@-256C
03-03-2026 15:25:15 RAM 1790/3425MB (lfb 71x1MB) SWAP 220/1713MB (cached 1MB) CPU [0%@1510,0%@1510,0%@1510,83%@1510,0%@1510,0%@1510] EMC_FREQ 0% GR3D_FREQ 86%@[0] CV0@-256C CPU@50.437C SOC2@50C SOC0@48C CV1@-256C GPU@50.531C tj@50.781C SOC1@50.781C CV2@-256C
03-03-2026 15:25:15 RAM 1790/3425MB (lfb 71x1MB) SWAP 220/1713MB (cached 1MB) CPU [0%@1510,0%@1510,0%@1510,100%@1510,0%@1510,0%@1510] EMC_FREQ 0% GR3D_FREQ 86%@[0] CV0@-256C CPU@50.5C SOC2@49.968C SOC0@47.875C CV1@-256C GPU@50.625C tj@50.75C SOC1@50.75C CV2@-256C
03-03-2026 15:25:15 RAM 1790/3425MB (lfb 71x1MB) SWAP 220/1713MB (cached 1MB) CPU [0%@1510,0%@1510,0%@1510,100%@1510,0%@1510,0%@1510] EMC_FREQ 0% GR3D_FREQ 86%@[0] CV0@-256C CPU@50.406C SOC2@49.937C SOC0@48.062C CV1@-256C GPU@50.75C tj@50.843C SOC1@50.843C CV2@-256C
03-03-2026 15:25:15 RAM 1790/3425MB (lfb 71x1MB) SWAP 220/1713MB (cached 1MB) CPU [0%@1510,0%@1510,0%@1510,83%@1510,0%@1510,0%@1510] EMC_FREQ 0% GR3D_FREQ 86%@[0] CV0@-256C CPU@50.593C SOC2@49.968C SOC0@47.937C CV1@-256C GPU@50.843C tj@50.843C SOC1@50.781C CV2@-256C
03-03-2026 15:25:15 RAM 1790/3425MB (lfb 71x1MB) SWAP 220/1713MB (cached 1MB) CPU [0%@1510,0%@1510,0%@1510,100%@1510,0%@1510,0%@1510] EMC_FREQ 0% GR3D_FREQ 86%@[0] CV0@-256C CPU@50.531C SOC2@49.968C SOC0@47.781C CV1@-256C GPU@51.093C tj@51.093C SOC1@50.968C CV2@-256C
03-03-2026 15:25:15 RAM 1790/3425MB (lfb 71x1MB) SWAP 220/1713MB (cached 1MB) CPU [0%@1510,0%@1510,0%@1510,100%@1510,0%@1510,0%@1510] EMC_FREQ 0% GR3D_FREQ 86%@[0] CV0@-256C CPU@50.687C SOC2@50.031C SOC0@47.906C CV1@-256C GPU@50.531C tj@50.781C SOC1@50.781C CV2@-256C
03-03-2026 15:25:15 RAM 1790/3425MB (lfb 71x1MB) SWAP 220/1713MB (cached 1MB) CPU [0%@1510,0%@1510,0%@1510,100%@1510,0%@1510,0%@1510] EMC_FREQ 0% GR3D_FREQ 86%@[0] CV0@-256C CPU@50.531C SOC2@49.968C SOC0@47.937C CV1@-256C GPU@50.875C tj@51.125C SOC1@51.125C CV2@-256C
03-03-2026 15:25:15 RAM 1790/3425MB (lfb 71x1MB) SWAP 220/1713MB (cached 1MB) CPU [0%@1510,0%@1510,0%@1510,83%@1510,0%@1510,0%@1510] EMC_FREQ 0% GR3D_FREQ 86%@[0] CV0@-256C CPU@50.375C SOC2@50.156C SOC0@47.968C CV1@-256C GPU@51.125C tj@51.125C SOC1@50.781C CV2@-256C
03-03-2026 15:25:15 RAM 1790/3425MB (lfb 71x1MB) SWAP 220/1713MB (cached 1MB) CPU [0%@1510,16%@1510,0%@1510,100%@1510,0%@1510,0%@1510] EMC_FREQ 0% GR3D_FREQ 86%@[0] CV0@-256C CPU@50.75C SOC2@50C SOC0@47.906C CV1@-256C GPU@50.437C tj@50.75C SOC1@50.687C CV2@-256C
03-03-2026 15:25:15 RAM 1790/3425MB (lfb 71x1MB) SWAP 220/1713MB (cached 1MB) CPU [0%@1510,0%@1510,0%@1510,100%@1510,0%@1510,0%@1510] EMC_FREQ 0% GR3D_FREQ 86%@[0] CV0@-256C CPU@50.343C SOC2@50.156C SOC0@48.031C CV1@-256C GPU@50.562C tj@50.843C SOC1@50.843C CV2@-256C
03-03-2026 15:25:15 RAM 1790/3425MB (lfb 71x1MB) SWAP 220/1713MB (cached 1MB) CPU [0%@1510,0%@1510,0%@1510,83%@1510,0%@1510,0%@1510] EMC_FREQ 0% GR3D_FREQ 86%@[0] CV0@-256C CPU@50.875C SOC2@49.968C SOC0@47.875C CV1@-256C GPU@50.656C tj@50.875C SOC1@50.75C CV2@-256C
03-03-2026 15:25:15 RAM 1790/3425MB (lfb 71x1MB) SWAP 220/1713MB (cached 1MB) CPU [0%@1510,0%@1510,0%@1510,100%@1510,0%@1510,0%@1510] EMC_FREQ 0% GR3D_FREQ 86%@[0] CV0@-256C CPU@50.406C SOC2@49.906C SOC0@48.062C CV1@-256C GPU@50.781C tj@50.875C SOC1@50.875C CV2@-256C
03-03-2026 15:25:15 RAM 1790/3425MB (lfb 71x1MB) SWAP 220/1713MB (cached 1MB) CPU [0%@1510,0%@1510,0%@1510,100%@1510,0%@1510,0%@1510] EMC_FREQ 0% GR3D_FREQ 86%@[0] CV0@-256C CPU@50.375C SOC2@50.062C SOC0@47.968C CV1@-256C GPU@50.843C tj@50.843C SOC1@50.812C CV2@-256C
03-03-2026 15:25:15 RAM 1790/3425MB (lfb 71x1MB) SWAP 220/1713MB (cached 1MB) CPU [0%@1510,0%@1510,0%@1510,83%@1510,0%@1510,0%@1510] EMC_FREQ 0% GR3D_FREQ 86%@[0] CV0@-256C CPU@50.406C SOC2@49.937C SOC0@47.875C CV1@-256C GPU@50.687C tj@50.937C SOC1@50.937C CV2@-256C
03-03-2026 15:25:15 RAM 1790/3425MB (lfb 71x1MB) SWAP 220/1713MB (cached 1MB) CPU [0%@1510,0%@1510,0%@1510,100%@1510,0%@1510,0%@1510] EMC_FREQ 0% GR3D_FREQ 85%@[0] CV0@-256C CPU@50.375C SOC2@50.093C SOC0@47.968C CV1@-256C GPU@50.75C tj@50.75C SOC1@50.75C CV2@-256C
03-03-2026 15:25:15 RAM 1790/3425MB (lfb 71x1MB) SWAP 220/1713MB (cached 1MB) CPU [0%@1510,16%@1510,0%@1510,100%@1510,0%@1510,0%@1510] EMC_FREQ 0% GR3D_FREQ 86%@[0] CV0@-256C CPU@50.468C SOC2@50.062C SOC0@47.843C CV1@-256C GPU@50.937C tj@51.031C SOC1@50.718C CV2@-256C
03-03-2026 15:25:16 RAM 1790/3425MB (lfb 71x1MB) SWAP 220/1713MB (cached 1MB) CPU [0%@1510,0%@1510,0%@1510,100%@1510,0%@1510,0%@1510] EMC_FREQ 0% GR3D_FREQ 86%@[0] CV0@-256C CPU@50.406C SOC2@50.156C SOC0@48.125C CV1@-256C GPU@51.093C tj@51.093C SOC1@50.937C CV2@-256C
03-03-2026 15:25:16 RAM 1790/3425MB (lfb 71x1MB) SWAP 220/1713MB (cached 1MB) CPU [0%@1510,0%@1510,0%@1510,83%@1510,0%@1510,0%@1510] EMC_FREQ 0% GR3D_FREQ 85%@[0] CV0@-256C CPU@50.562C SOC2@50.031C SOC0@47.968C CV1@-256C GPU@50.562C tj@50.687C SOC1@50.687C CV2@-256C
03-03-2026 15:25:16 RAM 1790/3425MB (lfb 71x1MB) SWAP 220/1713MB (cached 1MB) CPU [0%@1510,0%@1510,0%@1510,100%@1510,0%@1510,0%@1510] EMC_FREQ 0% GR3D_FREQ 86%@[0] CV0@-256C CPU@50.406C SOC2@50C SOC0@48.031C CV1@-256C GPU@50.5C tj@50.906C SOC1@50.906C CV2@-256C
03-03-2026 15:25:16 RAM 1790/3425MB (lfb 71x1MB) SWAP 220/1713MB (cached 1MB) CPU [0%@1510,0%@1510,0%@1510,100%@1510,0%@1510,0%@1510] EMC_FREQ 0% GR3D_FREQ 86%@[0] CV0@-256C CPU@50.593C SOC2@49.968C SOC0@47.968C CV1@-256C GPU@50.718C tj@50.812C SOC1@50.812C CV2@-256C
03-03-2026 15:25:16 RAM 1790/3425MB (lfb 71x1MB) SWAP 220/1713MB (cached 1MB) CPU [0%@1510,0%@1510,0%@1510,83%@1510,0%@1510,0%@1510] EMC_FREQ 0% GR3D_FREQ 86%@[0] CV0@-256C CPU@50.5C SOC2@50C SOC0@47.906C CV1@-256C GPU@50.531C tj@50.906C SOC1@50.906C CV2@-256C
03-03-2026 15:25:16 RAM 1790/3425MB (lfb 71x1MB) SWAP 220/1713MB (cached 1MB) CPU [0%@1510,0%@1510,0%@1510,100%@1510,0%@1510,0%@1510] EMC_FREQ 0% GR3D_FREQ 86%@[0] CV0@-256C CPU@50.75C SOC2@50.093C SOC0@47.968C CV1@-256C GPU@50.593C tj@50.812C SOC1@50.812C CV2@-256C
03-03-2026 15:25:16 RAM 1790/3425MB (lfb 71x1MB) SWAP 220/1713MB (cached 1MB) CPU [0%@1510,0%@1510,0%@1510,100%@1510,0%@1510,0%@1510] EMC_FREQ 0% GR3D_FREQ 86%@[0] CV0@-256C CPU@50.593C SOC2@49.937C SOC0@47.843C CV1@-256C GPU@50.656C tj@50.968C SOC1@50.968C CV2@-256C
