/usr/src/tensorrt/bin/trtexec --onnx=/home/user/Edge-ML/models/v4/CNN-LSTM/bs1/CNN-LSTM.onnx --saveEngine=/home/user/Edge-ML/models/v4/CNN-LSTM/bs1/CNN-LSTM_int8.engine --int8 --fp16 --exportLayerInfo=/home/user/Edge-ML/models/v4/CNN-LSTM/bs1/logs/quantisation_int8_layers.json --memPoolSize=workspace:4096MiB --tacticSources=+CUBLAS,+CUBLAS_LT,+CUDNN --noDataTransfers --calib=/home/user/Edge-ML/models/v4/CNN-LSTM/bs1/CNN-LSTM.cache

&&&& RUNNING TensorRT.trtexec [TensorRT v8502] # /usr/src/tensorrt/bin/trtexec --onnx=/home/user/Edge-ML/models/v4/CNN-LSTM/bs1/CNN-LSTM.onnx --saveEngine=/home/user/Edge-ML/models/v4/CNN-LSTM/bs1/CNN-LSTM_int8.engine --int8 --fp16 --exportLayerInfo=/home/user/Edge-ML/models/v4/CNN-LSTM/bs1/logs/quantisation_int8_layers.json --memPoolSize=workspace:4096MiB --tacticSources=+CUBLAS,+CUBLAS_LT,+CUDNN --noDataTransfers --calib=/home/user/Edge-ML/models/v4/CNN-LSTM/bs1/CNN-LSTM.cache
[02/27/2026-11:03:21] [I] === Model Options ===
[02/27/2026-11:03:21] [I] Format: ONNX
[02/27/2026-11:03:21] [I] Model: /home/user/Edge-ML/models/v4/CNN-LSTM/bs1/CNN-LSTM.onnx
[02/27/2026-11:03:21] [I] Output:
[02/27/2026-11:03:21] [I] === Build Options ===
[02/27/2026-11:03:21] [I] Max batch: explicit batch
[02/27/2026-11:03:21] [I] Memory Pools: workspace: 4096 MiB, dlaSRAM: default, dlaLocalDRAM: default, dlaGlobalDRAM: default
[02/27/2026-11:03:21] [I] minTiming: 1
[02/27/2026-11:03:21] [I] avgTiming: 8
[02/27/2026-11:03:21] [I] Precision: FP32+FP16+INT8
[02/27/2026-11:03:21] [I] LayerPrecisions: 
[02/27/2026-11:03:21] [I] Calibration: /home/user/Edge-ML/models/v4/CNN-LSTM/bs1/CNN-LSTM.cache
[02/27/2026-11:03:21] [I] Refit: Disabled
[02/27/2026-11:03:21] [I] Sparsity: Disabled
[02/27/2026-11:03:21] [I] Safe mode: Disabled
[02/27/2026-11:03:21] [I] DirectIO mode: Disabled
[02/27/2026-11:03:21] [I] Restricted mode: Disabled
[02/27/2026-11:03:21] [I] Build only: Disabled
[02/27/2026-11:03:21] [I] Save engine: /home/user/Edge-ML/models/v4/CNN-LSTM/bs1/CNN-LSTM_int8.engine
[02/27/2026-11:03:21] [I] Load engine: 
[02/27/2026-11:03:21] [I] Profiling verbosity: 0
[02/27/2026-11:03:21] [I] Tactic sources: cublas [ON], cublasLt [ON], cudnn [ON], 
[02/27/2026-11:03:21] [I] timingCacheMode: local
[02/27/2026-11:03:21] [I] timingCacheFile: 
[02/27/2026-11:03:21] [I] Heuristic: Disabled
[02/27/2026-11:03:21] [I] Preview Features: Use default preview flags.
[02/27/2026-11:03:21] [I] Input(s)s format: fp32:CHW
[02/27/2026-11:03:21] [I] Output(s)s format: fp32:CHW
[02/27/2026-11:03:21] [I] Input build shapes: model
[02/27/2026-11:03:21] [I] Input calibration shapes: model
[02/27/2026-11:03:21] [I] === System Options ===
[02/27/2026-11:03:21] [I] Device: 0
[02/27/2026-11:03:21] [I] DLACore: 
[02/27/2026-11:03:21] [I] Plugins:
[02/27/2026-11:03:21] [I] === Inference Options ===
[02/27/2026-11:03:21] [I] Batch: Explicit
[02/27/2026-11:03:21] [I] Input inference shapes: model
[02/27/2026-11:03:21] [I] Iterations: 10
[02/27/2026-11:03:21] [I] Duration: 3s (+ 200ms warm up)
[02/27/2026-11:03:21] [I] Sleep time: 0ms
[02/27/2026-11:03:21] [I] Idle time: 0ms
[02/27/2026-11:03:21] [I] Streams: 1
[02/27/2026-11:03:21] [I] ExposeDMA: Disabled
[02/27/2026-11:03:21] [I] Data transfers: Disabled
[02/27/2026-11:03:21] [I] Spin-wait: Disabled
[02/27/2026-11:03:21] [I] Multithreading: Disabled
[02/27/2026-11:03:21] [I] CUDA Graph: Disabled
[02/27/2026-11:03:21] [I] Separate profiling: Disabled
[02/27/2026-11:03:21] [I] Time Deserialize: Disabled
[02/27/2026-11:03:21] [I] Time Refit: Disabled
[02/27/2026-11:03:21] [I] NVTX verbosity: 0
[02/27/2026-11:03:21] [I] Persistent Cache Ratio: 0
[02/27/2026-11:03:21] [I] Inputs:
[02/27/2026-11:03:21] [I] === Reporting Options ===
[02/27/2026-11:03:21] [I] Verbose: Disabled
[02/27/2026-11:03:21] [I] Averages: 10 inferences
[02/27/2026-11:03:21] [I] Percentiles: 90,95,99
[02/27/2026-11:03:21] [I] Dump refittable layers:Disabled
[02/27/2026-11:03:21] [I] Dump output: Disabled
[02/27/2026-11:03:21] [I] Profile: Disabled
[02/27/2026-11:03:21] [I] Export timing to JSON file: 
[02/27/2026-11:03:21] [I] Export output to JSON file: 
[02/27/2026-11:03:21] [I] Export profile to JSON file: 
[02/27/2026-11:03:21] [I] 
[02/27/2026-11:03:21] [I] === Device Information ===
[02/27/2026-11:03:21] [I] Selected Device: Orin
[02/27/2026-11:03:21] [I] Compute Capability: 8.7
[02/27/2026-11:03:21] [I] SMs: 4
[02/27/2026-11:03:21] [I] Compute Clock Rate: 0.624 GHz
[02/27/2026-11:03:21] [I] Device Global Memory: 3425 MiB
[02/27/2026-11:03:21] [I] Shared Memory per SM: 164 KiB
[02/27/2026-11:03:21] [I] Memory Bus Width: 128 bits (ECC disabled)
[02/27/2026-11:03:21] [I] Memory Clock Rate: 0.624 GHz
[02/27/2026-11:03:21] [I] 
[02/27/2026-11:03:21] [I] TensorRT version: 8.5.2
[02/27/2026-11:03:22] [I] [TRT] [MemUsageChange] Init CUDA: CPU +220, GPU +0, now: CPU 249, GPU 1580 (MiB)
[02/27/2026-11:03:24] [I] [TRT] [MemUsageChange] Init builder kernel library: CPU +302, GPU +217, now: CPU 574, GPU 1819 (MiB)
[02/27/2026-11:03:24] [I] Start parsing network model
[02/27/2026-11:03:24] [I] [TRT] ----------------------------------------------------------------
[02/27/2026-11:03:24] [I] [TRT] Input filename:   /home/user/Edge-ML/models/v4/CNN-LSTM/bs1/CNN-LSTM.onnx
[02/27/2026-11:03:24] [I] [TRT] ONNX IR version:  0.0.7
[02/27/2026-11:03:24] [I] [TRT] Opset version:    12
[02/27/2026-11:03:24] [I] [TRT] Producer name:    pytorch
[02/27/2026-11:03:24] [I] [TRT] Producer version: 2.5.1
[02/27/2026-11:03:24] [I] [TRT] Domain:           
[02/27/2026-11:03:24] [I] [TRT] Model version:    0
[02/27/2026-11:03:24] [I] [TRT] Doc string:       
[02/27/2026-11:03:24] [I] [TRT] ----------------------------------------------------------------
[02/27/2026-11:03:24] [W] [TRT] onnx2trt_utils.cpp:375: Your ONNX model has been generated with INT64 weights, while TensorRT does not natively support INT64. Attempting to cast down to INT32.
[02/27/2026-11:03:24] [I] Finish parsing network model
[02/27/2026-11:03:24] [I] [TRT] Reading Calibration Cache for calibrator: EntropyCalibration2
[02/27/2026-11:03:24] [I] [TRT] Generated calibration scales using calibration cache. Make sure that calibration cache has latest scales.
[02/27/2026-11:03:24] [I] [TRT] To regenerate calibration cache, please delete the existing one. TensorRT will generate a new calibration cache.
[02/27/2026-11:03:24] [W] [TRT] Missing scale and zero-point for tensor (Unnamed Layer* 21) [Constant]_output, expect fall back to non-int8 implementation for any layer consuming or producing given tensor
[02/27/2026-11:03:24] [W] [TRT] Missing scale and zero-point for tensor /lstm/Expand_output_0, expect fall back to non-int8 implementation for any layer consuming or producing given tensor
[02/27/2026-11:03:24] [W] [TRT] Missing scale and zero-point for tensor (Unnamed Layer* 36) [Constant]_output, expect fall back to non-int8 implementation for any layer consuming or producing given tensor
[02/27/2026-11:03:24] [W] [TRT] Missing scale and zero-point for tensor /lstm/Expand_1_output_0, expect fall back to non-int8 implementation for any layer consuming or producing given tensor
[02/27/2026-11:03:24] [W] [TRT] Missing scale and zero-point for tensor (Unnamed Layer* 44) [Constant]_output, expect fall back to non-int8 implementation for any layer consuming or producing given tensor
[02/27/2026-11:03:24] [W] [TRT] Missing scale and zero-point for tensor (Unnamed Layer* 45) [Constant]_output, expect fall back to non-int8 implementation for any layer consuming or producing given tensor
[02/27/2026-11:03:24] [W] [TRT] Missing scale and zero-point for tensor (Unnamed Layer* 53) [Constant]_output, expect fall back to non-int8 implementation for any layer consuming or producing given tensor
[02/27/2026-11:03:24] [W] [TRT] Missing scale and zero-point for tensor (Unnamed Layer* 55) [Iterator]_output, expect fall back to non-int8 implementation for any layer consuming or producing given tensor
[02/27/2026-11:03:24] [W] [TRT] Missing scale and zero-point for tensor (Unnamed Layer* 56) [Shuffle]_output, expect fall back to non-int8 implementation for any layer consuming or producing given tensor
[02/27/2026-11:03:24] [W] [TRT] Missing scale and zero-point for tensor (Unnamed Layer* 57) [Recurrence]_output, expect fall back to non-int8 implementation for any layer consuming or producing given tensor
[02/27/2026-11:03:24] [W] [TRT] Missing scale and zero-point for tensor (Unnamed Layer* 58) [Recurrence]_output, expect fall back to non-int8 implementation for any layer consuming or producing given tensor
[02/27/2026-11:03:24] [W] [TRT] Missing scale and zero-point for tensor (Unnamed Layer* 59) [Matrix Multiply]_output, expect fall back to non-int8 implementation for any layer consuming or producing given tensor
[02/27/2026-11:03:24] [W] [TRT] Missing scale and zero-point for tensor (Unnamed Layer* 60) [Matrix Multiply]_output, expect fall back to non-int8 implementation for any layer consuming or producing given tensor
[02/27/2026-11:03:24] [W] [TRT] Missing scale and zero-point for tensor (Unnamed Layer* 61) [ElementWise]_output, expect fall back to non-int8 implementation for any layer consuming or producing given tensor
[02/27/2026-11:03:24] [W] [TRT] Missing scale and zero-point for tensor (Unnamed Layer* 62) [ElementWise]_output, expect fall back to non-int8 implementation for any layer consuming or producing given tensor
[02/27/2026-11:03:24] [W] [TRT] Missing scale and zero-point for tensor (Unnamed Layer* 63) [Slice]_output, expect fall back to non-int8 implementation for any layer consuming or producing given tensor
[02/27/2026-11:03:24] [W] [TRT] Missing scale and zero-point for tensor (Unnamed Layer* 65) [Activation]_output, expect fall back to non-int8 implementation for any layer consuming or producing given tensor
[02/27/2026-11:03:24] [W] [TRT] Missing scale and zero-point for tensor (Unnamed Layer* 66) [Slice]_output, expect fall back to non-int8 implementation for any layer consuming or producing given tensor
[02/27/2026-11:03:24] [W] [TRT] Missing scale and zero-point for tensor (Unnamed Layer* 68) [Activation]_output, expect fall back to non-int8 implementation for any layer consuming or producing given tensor
[02/27/2026-11:03:24] [W] [TRT] Missing scale and zero-point for tensor (Unnamed Layer* 69) [Slice]_output, expect fall back to non-int8 implementation for any layer consuming or producing given tensor
[02/27/2026-11:03:24] [W] [TRT] Missing scale and zero-point for tensor (Unnamed Layer* 71) [Activation]_output, expect fall back to non-int8 implementation for any layer consuming or producing given tensor
[02/27/2026-11:03:24] [W] [TRT] Missing scale and zero-point for tensor (Unnamed Layer* 72) [ElementWise]_output, expect fall back to non-int8 implementation for any layer consuming or producing given tensor
[02/27/2026-11:03:24] [W] [TRT] Missing scale and zero-point for tensor (Unnamed Layer* 73) [ElementWise]_output, expect fall back to non-int8 implementation for any layer consuming or producing given tensor
[02/27/2026-11:03:24] [W] [TRT] Missing scale and zero-point for tensor (Unnamed Layer* 74) [ElementWise]_output, expect fall back to non-int8 implementation for any layer consuming or producing given tensor
[02/27/2026-11:03:24] [W] [TRT] Missing scale and zero-point for tensor (Unnamed Layer* 77) [Slice]_output, expect fall back to non-int8 implementation for any layer consuming or producing given tensor
[02/27/2026-11:03:24] [W] [TRT] Missing scale and zero-point for tensor (Unnamed Layer* 79) [Activation]_output, expect fall back to non-int8 implementation for any layer consuming or producing given tensor
[02/27/2026-11:03:24] [W] [TRT] Missing scale and zero-point for tensor (Unnamed Layer* 80) [Activation]_output, expect fall back to non-int8 implementation for any layer consuming or producing given tensor
[02/27/2026-11:03:24] [W] [TRT] Missing scale and zero-point for tensor (Unnamed Layer* 81) [ElementWise]_output, expect fall back to non-int8 implementation for any layer consuming or producing given tensor
[02/27/2026-11:03:24] [W] [TRT] Missing scale and zero-point for tensor (Unnamed Layer* 94) [Constant]_output, expect fall back to non-int8 implementation for any layer consuming or producing given tensor
[02/27/2026-11:03:24] [W] [TRT] Missing scale and zero-point for tensor /lstm/Expand_2_output_0, expect fall back to non-int8 implementation for any layer consuming or producing given tensor
[02/27/2026-11:03:24] [W] [TRT] Missing scale and zero-point for tensor (Unnamed Layer* 109) [Constant]_output, expect fall back to non-int8 implementation for any layer consuming or producing given tensor
[02/27/2026-11:03:24] [W] [TRT] Missing scale and zero-point for tensor /lstm/Expand_3_output_0, expect fall back to non-int8 implementation for any layer consuming or producing given tensor
[02/27/2026-11:03:24] [W] [TRT] Missing scale and zero-point for tensor (Unnamed Layer* 117) [Constant]_output, expect fall back to non-int8 implementation for any layer consuming or producing given tensor
[02/27/2026-11:03:24] [W] [TRT] Missing scale and zero-point for tensor (Unnamed Layer* 118) [Constant]_output, expect fall back to non-int8 implementation for any layer consuming or producing given tensor
[02/27/2026-11:03:24] [W] [TRT] Missing scale and zero-point for tensor (Unnamed Layer* 126) [Constant]_output, expect fall back to non-int8 implementation for any layer consuming or producing given tensor
[02/27/2026-11:03:24] [W] [TRT] Missing scale and zero-point for tensor (Unnamed Layer* 128) [Iterator]_output, expect fall back to non-int8 implementation for any layer consuming or producing given tensor
[02/27/2026-11:03:24] [W] [TRT] Missing scale and zero-point for tensor (Unnamed Layer* 129) [Shuffle]_output, expect fall back to non-int8 implementation for any layer consuming or producing given tensor
[02/27/2026-11:03:24] [W] [TRT] Missing scale and zero-point for tensor (Unnamed Layer* 130) [Recurrence]_output, expect fall back to non-int8 implementation for any layer consuming or producing given tensor
[02/27/2026-11:03:24] [W] [TRT] Missing scale and zero-point for tensor (Unnamed Layer* 131) [Recurrence]_output, expect fall back to non-int8 implementation for any layer consuming or producing given tensor
[02/27/2026-11:03:24] [W] [TRT] Missing scale and zero-point for tensor (Unnamed Layer* 132) [Matrix Multiply]_output, expect fall back to non-int8 implementation for any layer consuming or producing given tensor
[02/27/2026-11:03:24] [W] [TRT] Missing scale and zero-point for tensor (Unnamed Layer* 133) [Matrix Multiply]_output, expect fall back to non-int8 implementation for any layer consuming or producing given tensor
[02/27/2026-11:03:24] [W] [TRT] Missing scale and zero-point for tensor (Unnamed Layer* 134) [ElementWise]_output, expect fall back to non-int8 implementation for any layer consuming or producing given tensor
[02/27/2026-11:03:24] [W] [TRT] Missing scale and zero-point for tensor (Unnamed Layer* 135) [ElementWise]_output, expect fall back to non-int8 implementation for any layer consuming or producing given tensor
[02/27/2026-11:03:24] [W] [TRT] Missing scale and zero-point for tensor (Unnamed Layer* 136) [Slice]_output, expect fall back to non-int8 implementation for any layer consuming or producing given tensor
[02/27/2026-11:03:24] [W] [TRT] Missing scale and zero-point for tensor (Unnamed Layer* 138) [Activation]_output, expect fall back to non-int8 implementation for any layer consuming or producing given tensor
[02/27/2026-11:03:24] [W] [TRT] Missing scale and zero-point for tensor (Unnamed Layer* 139) [Slice]_output, expect fall back to non-int8 implementation for any layer consuming or producing given tensor
[02/27/2026-11:03:24] [W] [TRT] Missing scale and zero-point for tensor (Unnamed Layer* 141) [Activation]_output, expect fall back to non-int8 implementation for any layer consuming or producing given tensor
[02/27/2026-11:03:24] [W] [TRT] Missing scale and zero-point for tensor (Unnamed Layer* 142) [Slice]_output, expect fall back to non-int8 implementation for any layer consuming or producing given tensor
[02/27/2026-11:03:24] [W] [TRT] Missing scale and zero-point for tensor (Unnamed Layer* 144) [Activation]_output, expect fall back to non-int8 implementation for any layer consuming or producing given tensor
[02/27/2026-11:03:24] [W] [TRT] Missing scale and zero-point for tensor (Unnamed Layer* 145) [ElementWise]_output, expect fall back to non-int8 implementation for any layer consuming or producing given tensor
[02/27/2026-11:03:24] [W] [TRT] Missing scale and zero-point for tensor (Unnamed Layer* 146) [ElementWise]_output, expect fall back to non-int8 implementation for any layer consuming or producing given tensor
[02/27/2026-11:03:24] [W] [TRT] Missing scale and zero-point for tensor (Unnamed Layer* 147) [ElementWise]_output, expect fall back to non-int8 implementation for any layer consuming or producing given tensor
[02/27/2026-11:03:24] [W] [TRT] Missing scale and zero-point for tensor (Unnamed Layer* 150) [Slice]_output, expect fall back to non-int8 implementation for any layer consuming or producing given tensor
[02/27/2026-11:03:24] [W] [TRT] Missing scale and zero-point for tensor (Unnamed Layer* 152) [Activation]_output, expect fall back to non-int8 implementation for any layer consuming or producing given tensor
[02/27/2026-11:03:24] [W] [TRT] Missing scale and zero-point for tensor (Unnamed Layer* 153) [Activation]_output, expect fall back to non-int8 implementation for any layer consuming or producing given tensor
[02/27/2026-11:03:24] [W] [TRT] Missing scale and zero-point for tensor (Unnamed Layer* 154) [ElementWise]_output, expect fall back to non-int8 implementation for any layer consuming or producing given tensor
[02/27/2026-11:03:24] [W] [TRT] Missing scale and zero-point for tensor (Unnamed Layer* 161) [Constant]_output, expect fall back to non-int8 implementation for any layer consuming or producing given tensor
[02/27/2026-11:03:24] [W] [TRT] Missing scale and zero-point for tensor capacity, expect fall back to non-int8 implementation for any layer consuming or producing given tensor
[02/27/2026-11:03:24] [I] [TRT] ---------- Layers Running on DLA ----------
[02/27/2026-11:03:24] [I] [TRT] ---------- Layers Running on GPU ----------
[02/27/2026-11:03:24] [I] [TRT] [GpuLayer] SHUFFLE: /Unsqueeze + (Unnamed Layer* 1) [Shuffle]
[02/27/2026-11:03:24] [I] [TRT] [GpuLayer] SHUFFLE: shuffle_between_(Unnamed Layer* 1) [Shuffle]_output_and_/cnn/cnn.0/Conv + /cnn/cnn.2/Relu
[02/27/2026-11:03:24] [I] [TRT] [GpuLayer] CONVOLUTION: /cnn/cnn.0/Conv + /cnn/cnn.2/Relu
[02/27/2026-11:03:24] [I] [TRT] [GpuLayer] SHUFFLE: shuffle_after_/cnn/cnn.2/Relu_out_tensor
[02/27/2026-11:03:24] [I] [TRT] [GpuLayer] SHUFFLE: shuffle_between_/cnn/cnn.2/Relu_out_tensor_and_/cnn/cnn.4/Conv + /cnn/cnn.6/Relu
[02/27/2026-11:03:24] [I] [TRT] [GpuLayer] CONVOLUTION: /cnn/cnn.4/Conv + /cnn/cnn.6/Relu
[02/27/2026-11:03:24] [I] [TRT] [GpuLayer] SHUFFLE: shuffle_after_/cnn/cnn.6/Relu_out_tensor
[02/27/2026-11:03:24] [I] [TRT] [GpuLayer] SHUFFLE: shuffle_between_/cnn/cnn.6/Relu_out_tensor_and_/cnn/cnn.8/Conv
[02/27/2026-11:03:24] [I] [TRT] [GpuLayer] CONVOLUTION: /cnn/cnn.8/Conv
[02/27/2026-11:03:24] [I] [TRT] [GpuLayer] SHUFFLE: shuffle_after_(Unnamed Layer* 10) [Convolution]_output
[02/27/2026-11:03:24] [I] [TRT] [GpuLayer] MYELIN: {ForeignNode[onnx::LSTM_252.../Squeeze]}
[02/27/2026-11:03:26] [I] [TRT] [MemUsageChange] Init cuBLAS/cuBLASLt: CPU +534, GPU +802, now: CPU 1109, GPU 2622 (MiB)
[02/27/2026-11:03:26] [I] [TRT] [MemUsageChange] Init cuDNN: CPU +82, GPU +88, now: CPU 1191, GPU 2710 (MiB)
[02/27/2026-11:03:26] [I] [TRT] Local timing cache in use. Profiling results in this builder pass will not be stored.
[02/27/2026-11:04:00] [I] [TRT] Total Activation Memory: 4295030784
[02/27/2026-11:04:00] [I] [TRT] Detected 1 inputs and 1 output network tensors.
[02/27/2026-11:04:00] [I] [TRT] Total Host Persistent Memory: 9568
[02/27/2026-11:04:00] [I] [TRT] Total Device Persistent Memory: 0
[02/27/2026-11:04:00] [I] [TRT] Total Scratch Memory: 349184
[02/27/2026-11:04:00] [I] [TRT] [MemUsageStats] Peak memory usage of TRT CPU/GPU memory allocators: CPU 0 MiB, GPU 268 MiB
[02/27/2026-11:04:00] [I] [TRT] [BlockAssignment] Started assigning block shifts. This will take 13 steps to complete.
[02/27/2026-11:04:00] [I] [TRT] [BlockAssignment] Algorithm ShiftNTopDown took 0.316ms to assign 3 blocks to 13 nodes requiring 380416 bytes.
[02/27/2026-11:04:00] [I] [TRT] Total Activation Memory: 380416
[02/27/2026-11:04:00] [W] [TRT] TensorRT encountered issues when converting weights between types and that could affect accuracy.
[02/27/2026-11:04:00] [W] [TRT] If this is not the desired behavior, please modify the weights or retrain with regularization to adjust the magnitude of the weights.
[02/27/2026-11:04:00] [W] [TRT] Check verbose logs for the list of affected weights.
[02/27/2026-11:04:00] [W] [TRT] - 7 weights are affected by this issue: Detected subnormal FP16 values.
[02/27/2026-11:04:00] [I] [TRT] [MemUsageChange] TensorRT-managed allocation in building engine: CPU +0, GPU +4, now: CPU 0, GPU 4 (MiB)
[02/27/2026-11:04:00] [I] Engine built in 39.0606 sec.
[02/27/2026-11:04:01] [I] [TRT] Loaded engine size: 0 MiB
[02/27/2026-11:04:01] [I] [TRT] [MemUsageChange] TensorRT-managed allocation in engine deserialization: CPU +0, GPU +0, now: CPU 0, GPU 0 (MiB)
[02/27/2026-11:04:01] [I] Engine deserialized in 0.00818992 sec.
[02/27/2026-11:04:01] [I] [TRT] [MemUsageChange] TensorRT-managed allocation in IExecutionContext creation: CPU +0, GPU +0, now: CPU 0, GPU 0 (MiB)
[02/27/2026-11:04:01] [I] Setting persistentCacheLimit to 0 bytes.
[02/27/2026-11:04:01] [I] Using random values for input input
[02/27/2026-11:04:01] [I] Created input binding for input with dimensions 1x120
[02/27/2026-11:04:01] [I] Using random values for output capacity
[02/27/2026-11:04:01] [I] Created output binding for capacity with dimensions 
[02/27/2026-11:04:01] [I] [TRT] The profiling verbosity was set to ProfilingVerbosity::kLAYER_NAMES_ONLY when the engine was built, so only the layer names will be returned. Rebuild the engine with ProfilingVerbosity::kDETAILED to get more verbose layer information.
[02/27/2026-11:04:01] [I] Starting inference
[02/27/2026-11:04:04] [I] Warmup completed 44 queries over 200 ms
[02/27/2026-11:04:04] [I] Timing trace has 665 queries over 3.00838 s
[02/27/2026-11:04:04] [I] 
[02/27/2026-11:04:04] [I] === Trace details ===
[02/27/2026-11:04:04] [I] Trace averages of 10 runs:
[02/27/2026-11:04:04] [I] Average on 10 runs - GPU latency: 4.50774 ms - Host latency: 4.50774 ms (enqueue 4.50052 ms)
[02/27/2026-11:04:04] [I] Average on 10 runs - GPU latency: 4.50435 ms - Host latency: 4.50435 ms (enqueue 4.49652 ms)
[02/27/2026-11:04:04] [I] Average on 10 runs - GPU latency: 4.51766 ms - Host latency: 4.51766 ms (enqueue 4.51015 ms)
[02/27/2026-11:04:04] [I] Average on 10 runs - GPU latency: 4.50982 ms - Host latency: 4.50982 ms (enqueue 4.50221 ms)
[02/27/2026-11:04:04] [I] Average on 10 runs - GPU latency: 4.50792 ms - Host latency: 4.50792 ms (enqueue 4.50065 ms)
[02/27/2026-11:04:04] [I] Average on 10 runs - GPU latency: 4.50848 ms - Host latency: 4.50848 ms (enqueue 4.50085 ms)
[02/27/2026-11:04:04] [I] Average on 10 runs - GPU latency: 4.50801 ms - Host latency: 4.50801 ms (enqueue 4.50046 ms)
[02/27/2026-11:04:04] [I] Average on 10 runs - GPU latency: 4.50812 ms - Host latency: 4.50812 ms (enqueue 4.50072 ms)
[02/27/2026-11:04:04] [I] Average on 10 runs - GPU latency: 4.50839 ms - Host latency: 4.50839 ms (enqueue 4.5011 ms)
[02/27/2026-11:04:04] [I] Average on 10 runs - GPU latency: 4.49923 ms - Host latency: 4.49923 ms (enqueue 4.49161 ms)
[02/27/2026-11:04:04] [I] Average on 10 runs - GPU latency: 4.49986 ms - Host latency: 4.49986 ms (enqueue 4.4928 ms)
[02/27/2026-11:04:04] [I] Average on 10 runs - GPU latency: 4.5084 ms - Host latency: 4.5084 ms (enqueue 4.50078 ms)
[02/27/2026-11:04:04] [I] Average on 10 runs - GPU latency: 4.53939 ms - Host latency: 4.53939 ms (enqueue 4.55805 ms)
[02/27/2026-11:04:04] [I] Average on 10 runs - GPU latency: 4.50284 ms - Host latency: 4.50284 ms (enqueue 4.49571 ms)
[02/27/2026-11:04:04] [I] Average on 10 runs - GPU latency: 4.50467 ms - Host latency: 4.50467 ms (enqueue 4.49757 ms)
[02/27/2026-11:04:04] [I] Average on 10 runs - GPU latency: 4.50766 ms - Host latency: 4.50766 ms (enqueue 4.52883 ms)
[02/27/2026-11:04:04] [I] Average on 10 runs - GPU latency: 4.50587 ms - Host latency: 4.50587 ms (enqueue 4.4985 ms)
[02/27/2026-11:04:04] [I] Average on 10 runs - GPU latency: 4.50732 ms - Host latency: 4.50732 ms (enqueue 4.50015 ms)
[02/27/2026-11:04:04] [I] Average on 10 runs - GPU latency: 4.50523 ms - Host latency: 4.50523 ms (enqueue 4.49795 ms)
[02/27/2026-11:04:04] [I] Average on 10 runs - GPU latency: 4.50504 ms - Host latency: 4.50504 ms (enqueue 4.4981 ms)
[02/27/2026-11:04:04] [I] Average on 10 runs - GPU latency: 4.50616 ms - Host latency: 4.50616 ms (enqueue 4.4989 ms)
[02/27/2026-11:04:04] [I] Average on 10 runs - GPU latency: 4.50936 ms - Host latency: 4.50936 ms (enqueue 4.50216 ms)
[02/27/2026-11:04:04] [I] Average on 10 runs - GPU latency: 4.50676 ms - Host latency: 4.50676 ms (enqueue 4.49889 ms)
[02/27/2026-11:04:04] [I] Average on 10 runs - GPU latency: 4.5043 ms - Host latency: 4.5043 ms (enqueue 4.49679 ms)
[02/27/2026-11:04:04] [I] Average on 10 runs - GPU latency: 4.50472 ms - Host latency: 4.50472 ms (enqueue 4.49703 ms)
[02/27/2026-11:04:04] [I] Average on 10 runs - GPU latency: 4.50746 ms - Host latency: 4.50746 ms (enqueue 4.50011 ms)
[02/27/2026-11:04:04] [I] Average on 10 runs - GPU latency: 4.50413 ms - Host latency: 4.50413 ms (enqueue 4.49684 ms)
[02/27/2026-11:04:04] [I] Average on 10 runs - GPU latency: 4.50525 ms - Host latency: 4.50525 ms (enqueue 4.49778 ms)
[02/27/2026-11:04:04] [I] Average on 10 runs - GPU latency: 4.50789 ms - Host latency: 4.50789 ms (enqueue 4.50063 ms)
[02/27/2026-11:04:04] [I] Average on 10 runs - GPU latency: 4.5111 ms - Host latency: 4.5111 ms (enqueue 4.50341 ms)
[02/27/2026-11:04:04] [I] Average on 10 runs - GPU latency: 4.5036 ms - Host latency: 4.5036 ms (enqueue 4.49583 ms)
[02/27/2026-11:04:04] [I] Average on 10 runs - GPU latency: 4.51005 ms - Host latency: 4.51005 ms (enqueue 4.50227 ms)
[02/27/2026-11:04:04] [I] Average on 10 runs - GPU latency: 4.50822 ms - Host latency: 4.50822 ms (enqueue 4.50104 ms)
[02/27/2026-11:04:04] [I] Average on 10 runs - GPU latency: 4.50194 ms - Host latency: 4.50194 ms (enqueue 4.49407 ms)
[02/27/2026-11:04:04] [I] Average on 10 runs - GPU latency: 4.50885 ms - Host latency: 4.50885 ms (enqueue 4.50133 ms)
[02/27/2026-11:04:04] [I] Average on 10 runs - GPU latency: 4.50881 ms - Host latency: 4.50881 ms (enqueue 4.50134 ms)
[02/27/2026-11:04:04] [I] Average on 10 runs - GPU latency: 4.5021 ms - Host latency: 4.5021 ms (enqueue 4.49465 ms)
[02/27/2026-11:04:04] [I] Average on 10 runs - GPU latency: 4.5084 ms - Host latency: 4.5084 ms (enqueue 4.50137 ms)
[02/27/2026-11:04:04] [I] Average on 10 runs - GPU latency: 4.5099 ms - Host latency: 4.5099 ms (enqueue 4.50164 ms)
[02/27/2026-11:04:04] [I] Average on 10 runs - GPU latency: 4.51075 ms - Host latency: 4.51075 ms (enqueue 4.50277 ms)
[02/27/2026-11:04:04] [I] Average on 10 runs - GPU latency: 4.50308 ms - Host latency: 4.50308 ms (enqueue 4.49567 ms)
[02/27/2026-11:04:04] [I] Average on 10 runs - GPU latency: 4.54092 ms - Host latency: 4.54092 ms (enqueue 4.53218 ms)
[02/27/2026-11:04:04] [I] Average on 10 runs - GPU latency: 4.50752 ms - Host latency: 4.50752 ms (enqueue 4.49998 ms)
[02/27/2026-11:04:04] [I] Average on 10 runs - GPU latency: 4.50603 ms - Host latency: 4.50603 ms (enqueue 4.49871 ms)
[02/27/2026-11:04:04] [I] Average on 10 runs - GPU latency: 4.50291 ms - Host latency: 4.50291 ms (enqueue 4.49563 ms)
[02/27/2026-11:04:04] [I] Average on 10 runs - GPU latency: 4.5126 ms - Host latency: 4.5126 ms (enqueue 4.50469 ms)
[02/27/2026-11:04:04] [I] Average on 10 runs - GPU latency: 4.50457 ms - Host latency: 4.50457 ms (enqueue 4.497 ms)
[02/27/2026-11:04:04] [I] Average on 10 runs - GPU latency: 4.50413 ms - Host latency: 4.50413 ms (enqueue 4.49626 ms)
[02/27/2026-11:04:04] [I] Average on 10 runs - GPU latency: 4.5125 ms - Host latency: 4.5125 ms (enqueue 4.50408 ms)
[02/27/2026-11:04:04] [I] Average on 10 runs - GPU latency: 4.50078 ms - Host latency: 4.50078 ms (enqueue 4.49304 ms)
[02/27/2026-11:04:04] [I] Average on 10 runs - GPU latency: 4.51091 ms - Host latency: 4.51091 ms (enqueue 4.50366 ms)
[02/27/2026-11:04:04] [I] Average on 10 runs - GPU latency: 4.50759 ms - Host latency: 4.50759 ms (enqueue 4.50034 ms)
[02/27/2026-11:04:04] [I] Average on 10 runs - GPU latency: 4.50977 ms - Host latency: 4.50977 ms (enqueue 4.50195 ms)
[02/27/2026-11:04:04] [I] Average on 10 runs - GPU latency: 4.51963 ms - Host latency: 4.51963 ms (enqueue 4.56604 ms)
[02/27/2026-11:04:04] [I] Average on 10 runs - GPU latency: 4.50515 ms - Host latency: 4.50515 ms (enqueue 4.49778 ms)
[02/27/2026-11:04:04] [I] Average on 10 runs - GPU latency: 4.50266 ms - Host latency: 4.50266 ms (enqueue 4.49568 ms)
[02/27/2026-11:04:04] [I] Average on 10 runs - GPU latency: 4.51021 ms - Host latency: 4.51021 ms (enqueue 4.50186 ms)
[02/27/2026-11:04:04] [I] Average on 10 runs - GPU latency: 4.50417 ms - Host latency: 4.50417 ms (enqueue 4.49697 ms)
[02/27/2026-11:04:04] [I] Average on 10 runs - GPU latency: 4.50325 ms - Host latency: 4.50325 ms (enqueue 4.49612 ms)
[02/27/2026-11:04:04] [I] Average on 10 runs - GPU latency: 4.50144 ms - Host latency: 4.50144 ms (enqueue 4.4939 ms)
[02/27/2026-11:04:04] [I] Average on 10 runs - GPU latency: 4.51235 ms - Host latency: 4.51235 ms (enqueue 4.50469 ms)
[02/27/2026-11:04:04] [I] Average on 10 runs - GPU latency: 4.50244 ms - Host latency: 4.50244 ms (enqueue 4.495 ms)
[02/27/2026-11:04:04] [I] Average on 10 runs - GPU latency: 4.50256 ms - Host latency: 4.50256 ms (enqueue 4.49568 ms)
[02/27/2026-11:04:04] [I] Average on 10 runs - GPU latency: 4.49719 ms - Host latency: 4.49719 ms (enqueue 4.49026 ms)
[02/27/2026-11:04:04] [I] Average on 10 runs - GPU latency: 4.50903 ms - Host latency: 4.50903 ms (enqueue 4.50193 ms)
[02/27/2026-11:04:04] [I] Average on 10 runs - GPU latency: 4.50635 ms - Host latency: 4.50635 ms (enqueue 4.49902 ms)
[02/27/2026-11:04:04] [I] 
[02/27/2026-11:04:04] [I] === Performance summary ===
[02/27/2026-11:04:04] [I] Throughput: 221.049 qps
[02/27/2026-11:04:04] [I] Latency: min = 4.46936 ms, max = 4.84619 ms, mean = 4.5076 ms, median = 4.50684 ms, percentile(90%) = 4.521 ms, percentile(95%) = 4.52563 ms, percentile(99%) = 4.53735 ms
[02/27/2026-11:04:04] [I] Enqueue Time: min = 4.46228 ms, max = 4.80841 ms, mean = 4.50175 ms, median = 4.49927 ms, percentile(90%) = 4.51416 ms, percentile(95%) = 4.51855 ms, percentile(99%) = 4.54858 ms
[02/27/2026-11:04:04] [I] H2D Latency: min = 0 ms, max = 0 ms, mean = 0 ms, median = 0 ms, percentile(90%) = 0 ms, percentile(95%) = 0 ms, percentile(99%) = 0 ms
[02/27/2026-11:04:04] [I] GPU Compute Time: min = 4.46936 ms, max = 4.84619 ms, mean = 4.5076 ms, median = 4.50684 ms, percentile(90%) = 4.521 ms, percentile(95%) = 4.52563 ms, percentile(99%) = 4.53735 ms
[02/27/2026-11:04:04] [I] D2H Latency: min = 0 ms, max = 0 ms, mean = 0 ms, median = 0 ms, percentile(90%) = 0 ms, percentile(95%) = 0 ms, percentile(99%) = 0 ms
[02/27/2026-11:04:04] [I] Total Host Walltime: 3.00838 s
[02/27/2026-11:04:04] [I] Total GPU Compute Time: 2.99755 s
[02/27/2026-11:04:04] [W] * Throughput may be bound by Enqueue Time rather than GPU Compute and the GPU may be under-utilized.
[02/27/2026-11:04:04] [W]   If not already in use, --useCudaGraph (utilize CUDA graphs where possible) may increase the throughput.
[02/27/2026-11:04:04] [I] Explanations of the performance metrics are printed in the verbose logs.
[02/27/2026-11:04:04] [I] 
&&&& PASSED TensorRT.trtexec [TensorRT v8502] # /usr/src/tensorrt/bin/trtexec --onnx=/home/user/Edge-ML/models/v4/CNN-LSTM/bs1/CNN-LSTM.onnx --saveEngine=/home/user/Edge-ML/models/v4/CNN-LSTM/bs1/CNN-LSTM_int8.engine --int8 --fp16 --exportLayerInfo=/home/user/Edge-ML/models/v4/CNN-LSTM/bs1/logs/quantisation_int8_layers.json --memPoolSize=workspace:4096MiB --tacticSources=+CUBLAS,+CUBLAS_LT,+CUDNN --noDataTransfers --calib=/home/user/Edge-ML/models/v4/CNN-LSTM/bs1/CNN-LSTM.cache
